PASS DxUi update advisory: same
PASS DxUi update advisory: green
PASS DxUi update advisory: pending
PASS DxUi update advisory: failed
PASS DxUi update advisory: absent
PASS DxUi update advisory: divergent
PASS DxUi update advisory: ahead
PASS DxUi update advisory: offline
PASS DxUi update advisory: wrong-run
PASS DxUi update advisory: malformed
PASS ARM64 AddressSanitizer runtime staging and missing-runtime rejection
╭────────────────────────────────────────────────────────────────────────╮
│                                                                        │
│                      ██████╗ ██╗  ██╗██╗   ██╗██╗                      │
│                      ██╔══██╗╚██╗██╔╝██║   ██║██║                      │
│                      ██║  ██║ ╚███╔╝ ██║   ██║██║                      │
│                      ██║  ██║ ██╔██╗ ██║   ██║██║                      │
│                      ██████╔╝██╔╝ ██╗╚██████╔╝██║                      │
│                      ╚═════╝ ╚═╝  ╚═╝ ╚═════╝ ╚═╝                      │
│                                                                        │
│      ✦  PIXELS PRIMED  •  CONTROLS READY  •  COMPILE MODE: GO!  ✦      │
│                   ⚡  RELEASE  /  X64  /  BUILD  ⚡                    │
│                                                                        │
╰────────────────────────────────────────────────────────────────────────╯

Locating Visual Studio and MSBuild...
Build configuration:
  Configuration: Release
  Platform:      x64
  Target:        Build
  Toolchain:     C:\Program Files\Microsoft Visual Studio\18\Insiders
  Output:        Z:\src\DxUi\.build\

Compiling DxUi...

  DxUi.vcxproj -> Z:\src\DxUi\.build\x64\Release\DxUi.lib
  DxUi.FoundationTests.vcxproj -> Z:\src\DxUi\.build\x64\Release\DxUi.FoundationTests.exe
  DxUi.EmbeddedControls.vcxproj -> Z:\src\DxUi\.build\x64\Release\DxUi.EmbeddedControls.exe
  DxUi.ControlTests.vcxproj -> Z:\src\DxUi\.build\x64\Release\DxUi.ControlTests.exe
  EmbeddedTests.cpp
  DxUi.EmbeddedTests.vcxproj -> Z:\src\DxUi\.build\x64\Release\DxUi.EmbeddedTests.exe

========================================
DxUi build passed in 00:04
Output: Z:\src\DxUi\.build\
Log: Z:\src\DxUi\.build\logs\build-x64-Release-fa2244ba2f7245c383a7bff13d103be4.log
========================================
Complex UI clean round 1: 2518.08 completed offscreen FPS; p95 0.5287 ms; private 26804224 bytes
Complex UI clean round 2: 2528.67 completed offscreen FPS; p95 0.4448 ms; private 27496448 bytes
Complex UI clean round 3: 2461.58 completed offscreen FPS; p95 0.4722 ms; private 27389952 bytes
Complex UI clean round 4: 2493 completed offscreen FPS; p95 0.438 ms; private 27439104 bytes
Complex UI clean round 5: 2491.33 completed offscreen FPS; p95 0.4636 ms; private 27467776 bytes
Complex UI dirty round 1: 528.389 completed offscreen FPS; p95 2.1913 ms; private 28008448 bytes
Complex UI dirty round 2: 567.309 completed offscreen FPS; p95 1.9305 ms; private 29163520 bytes
Complex UI dirty round 3: 558.35 completed offscreen FPS; p95 2.026 ms; private 29163520 bytes
Complex UI dirty round 4: 550.113 completed offscreen FPS; p95 2.0372 ms; private 29421568 bytes
Complex UI dirty round 5: 579.231 completed offscreen FPS; p95 1.8456 ms; private 29138944 bytes
Performance comparison: unpaired
Performance receipt: Z:\src\DxUi\.build\reports\Performance-x64-Release-4fb21f62f6ea477f951f38f02bbd14a6.json
Running Embedded (x64 Release)
PASS Embedded (0 capability skips recorded)
Running Control (x64 Release)
PASS Control (0 capability skips recorded)
Running Accessibility (x64 Release)
PASS Accessibility (0 capability skips recorded)
All 3 requested suites passed.
