Complex UI clean round 1: 1928.82 completed offscreen FPS; p95 0.853 ms; private 25780224 bytes
Complex UI clean round 2: 2260.64 completed offscreen FPS; p95 0.6506 ms; private 26525696 bytes
Complex UI clean round 3: 2200.5 completed offscreen FPS; p95 0.6323 ms; private 27250688 bytes
Complex UI clean round 4: 2124.8 completed offscreen FPS; p95 0.5142 ms; private 27172864 bytes
Complex UI clean round 5: 2384.44 completed offscreen FPS; p95 0.484 ms; private 27271168 bytes
Complex UI dirty round 1: 545.377 completed offscreen FPS; p95 2.0428 ms; private 29016064 bytes
Complex UI dirty round 2: 513.542 completed offscreen FPS; p95 2.3133 ms; private 28893184 bytes
Complex UI dirty round 3: 518.186 completed offscreen FPS; p95 2.3269 ms; private 28819456 bytes
Complex UI dirty round 4: 482.999 completed offscreen FPS; p95 2.5213 ms; private 28860416 bytes
Complex UI dirty round 5: 519.184 completed offscreen FPS; p95 2.1096 ms; private 28897280 bytes
Complex UI clean round 1: 2174.97 completed offscreen FPS; p95 0.713 ms; private 29007872 bytes
Complex UI clean round 2: 2155.56 completed offscreen FPS; p95 0.5742 ms; private 28942336 bytes
Complex UI clean round 3: 2401.78 completed offscreen FPS; p95 0.4898 ms; private 28954624 bytes
Complex UI clean round 4: 2361.92 completed offscreen FPS; p95 0.5785 ms; private 28909568 bytes
Complex UI clean round 5: 2195.1 completed offscreen FPS; p95 0.7077 ms; private 28876800 bytes
Complex UI dirty round 1: 519.909 completed offscreen FPS; p95 2.3828 ms; private 29290496 bytes
Complex UI dirty round 2: 543.828 completed offscreen FPS; p95 1.9594 ms; private 29429760 bytes
Complex UI dirty round 3: 496.402 completed offscreen FPS; p95 2.1919 ms; private 29978624 bytes
Complex UI dirty round 4: 521.373 completed offscreen FPS; p95 2.1695 ms; private 29429760 bytes
Complex UI dirty round 5: 542.019 completed offscreen FPS; p95 2.0857 ms; private 29392896 bytes
Complex UI clean round 1: 2473.07 completed offscreen FPS; p95 0.5293 ms; private 28917760 bytes
Complex UI clean round 2: 2559.59 completed offscreen FPS; p95 0.4281 ms; private 28815360 bytes
Complex UI clean round 3: 2318.53 completed offscreen FPS; p95 0.5411 ms; private 28782592 bytes
Complex UI clean round 4: 2088.53 completed offscreen FPS; p95 0.5598 ms; private 28782592 bytes
Complex UI clean round 5: 2493.89 completed offscreen FPS; p95 0.4392 ms; private 28815360 bytes
Complex UI dirty round 1: 522.627 completed offscreen FPS; p95 2.4869 ms; private 29315072 bytes
Complex UI dirty round 2: 531.005 completed offscreen FPS; p95 2.2088 ms; private 29888512 bytes
Complex UI dirty round 3: 544.417 completed offscreen FPS; p95 2.0611 ms; private 29904896 bytes
Complex UI dirty round 4: 527.006 completed offscreen FPS; p95 2.1643 ms; private 29908992 bytes
Complex UI dirty round 5: 512.667 completed offscreen FPS; p95 2.2918 ms; private 29401088 bytes
Complex UI clean round 1: 2253.86 completed offscreen FPS; p95 0.5574 ms; private 30347264 bytes
Complex UI clean round 2: 2343.54 completed offscreen FPS; p95 0.5254 ms; private 29597696 bytes
Complex UI clean round 3: 2355.16 completed offscreen FPS; p95 0.4909 ms; private 29540352 bytes
Complex UI clean round 4: 2472.46 completed offscreen FPS; p95 0.5859 ms; private 29507584 bytes
Complex UI clean round 5: 2482.08 completed offscreen FPS; p95 0.5005 ms; private 29491200 bytes
Complex UI dirty round 1: 518.929 completed offscreen FPS; p95 2.1641 ms; private 30781440 bytes
Complex UI dirty round 2: 490.781 completed offscreen FPS; p95 2.9838 ms; private 31207424 bytes
Complex UI dirty round 3: 505.35 completed offscreen FPS; p95 2.3119 ms; private 31178752 bytes
Complex UI dirty round 4: 493.745 completed offscreen FPS; p95 2.1917 ms; private 30994432 bytes
Complex UI dirty round 5: 530.383 completed offscreen FPS; p95 2.1101 ms; private 30818304 bytes
Complex UI clean round 1: 2434.97 completed offscreen FPS; p95 0.483 ms; private 31240192 bytes
Complex UI clean round 2: 2528.22 completed offscreen FPS; p95 0.4511 ms; private 30535680 bytes
Complex UI clean round 3: 2215.64 completed offscreen FPS; p95 0.5693 ms; private 30478336 bytes
Complex UI clean round 4: 2222.37 completed offscreen FPS; p95 0.5624 ms; private 30445568 bytes
Complex UI clean round 5: 2186.96 completed offscreen FPS; p95 0.5308 ms; private 30445568 bytes
Complex UI dirty round 1: 531.296 completed offscreen FPS; p95 2.166 ms; private 32747520 bytes
Complex UI dirty round 2: 504.908 completed offscreen FPS; p95 2.306 ms; private 32165888 bytes
Complex UI dirty round 3: 522.95 completed offscreen FPS; p95 2.1375 ms; private 32018432 bytes
Complex UI dirty round 4: 493.944 completed offscreen FPS; p95 2.4674 ms; private 32030720 bytes
Complex UI dirty round 5: 513.215 completed offscreen FPS; p95 2.3887 ms; private 31404032 bytes
Complex UI clean round 1: 2287.28 completed offscreen FPS; p95 0.5591 ms; private 31002624 bytes
Complex UI clean round 2: 2131.58 completed offscreen FPS; p95 0.6232 ms; private 31002624 bytes
Complex UI clean round 3: 2084.6 completed offscreen FPS; p95 0.6808 ms; private 31002624 bytes
Complex UI clean round 4: 1995.78 completed offscreen FPS; p95 0.7725 ms; private 31002624 bytes
Complex UI clean round 5: 2112.03 completed offscreen FPS; p95 0.5377 ms; private 30986240 bytes
Complex UI dirty round 1: 474.544 completed offscreen FPS; p95 2.643 ms; private 32133120 bytes
Complex UI dirty round 2: 392.175 completed offscreen FPS; p95 2.965 ms; private 32317440 bytes
Complex UI dirty round 3: 382.336 completed offscreen FPS; p95 3.1617 ms; private 32378880 bytes
Complex UI dirty round 4: 398.528 completed offscreen FPS; p95 2.9964 ms; private 31846400 bytes
Complex UI dirty round 5: 415.392 completed offscreen FPS; p95 2.7851 ms; private 31588352 bytes
Complex UI clean round 1: 2148.78 completed offscreen FPS; p95 0.6358 ms; private 31080448 bytes
Complex UI clean round 2: 2151.35 completed offscreen FPS; p95 0.5205 ms; private 31006720 bytes
Complex UI clean round 3: 2054.08 completed offscreen FPS; p95 0.5787 ms; private 31039488 bytes
Complex UI clean round 4: 1886.52 completed offscreen FPS; p95 0.626 ms; private 31137792 bytes
Complex UI clean round 5: 2090.85 completed offscreen FPS; p95 0.6568 ms; private 31006720 bytes
Complex UI dirty round 1: 397.86 completed offscreen FPS; p95 2.8828 ms; private 31911936 bytes
Complex UI dirty round 2: 381.693 completed offscreen FPS; p95 3.5358 ms; private 31944704 bytes
Complex UI dirty round 3: 411.415 completed offscreen FPS; p95 2.8077 ms; private 31948800 bytes
Complex UI dirty round 4: 399.306 completed offscreen FPS; p95 3.1921 ms; private 31531008 bytes
Complex UI dirty round 5: 399.844 completed offscreen FPS; p95 3.0219 ms; private 32202752 bytes
Complex UI clean round 1: 2029.73 completed offscreen FPS; p95 0.5721 ms; private 31461376 bytes
Complex UI clean round 2: 1826.8 completed offscreen FPS; p95 0.6348 ms; private 31469568 bytes
Complex UI clean round 3: 1967.08 completed offscreen FPS; p95 0.5668 ms; private 31375360 bytes
Complex UI clean round 4: 1941.35 completed offscreen FPS; p95 0.6292 ms; private 31375360 bytes
Complex UI clean round 5: 1790.65 completed offscreen FPS; p95 0.6523 ms; private 31375360 bytes
Complex UI dirty round 1: 418.857 completed offscreen FPS; p95 3.1257 ms; private 32043008 bytes
Complex UI dirty round 2: 439.74 completed offscreen FPS; p95 3.0825 ms; private 32047104 bytes
Complex UI dirty round 3: 419.332 completed offscreen FPS; p95 2.6716 ms; private 32063488 bytes
Complex UI dirty round 4: 418.301 completed offscreen FPS; p95 2.753 ms; private 32399360 bytes
Complex UI dirty round 5: 396.249 completed offscreen FPS; p95 2.9207 ms; private 32931840 bytes
Complex UI clean round 1: 2035.07 completed offscreen FPS; p95 0.5854 ms; private 31543296 bytes
Complex UI clean round 2: 2052.46 completed offscreen FPS; p95 0.5722 ms; private 31543296 bytes
Complex UI clean round 3: 2018.55 completed offscreen FPS; p95 0.5691 ms; private 31543296 bytes
Complex UI clean round 4: 2034.87 completed offscreen FPS; p95 0.5588 ms; private 31543296 bytes
Complex UI clean round 5: 1948.28 completed offscreen FPS; p95 0.6153 ms; private 31477760 bytes
Complex UI dirty round 1: 390.031 completed offscreen FPS; p95 3.0796 ms; private 32882688 bytes
Complex UI dirty round 2: 427.218 completed offscreen FPS; p95 2.8255 ms; private 32980992 bytes
Complex UI dirty round 3: 417.072 completed offscreen FPS; p95 2.7987 ms; private 32489472 bytes
Complex UI dirty round 4: 413.087 completed offscreen FPS; p95 2.7086 ms; private 32251904 bytes
Complex UI dirty round 5: 415.411 completed offscreen FPS; p95 2.8833 ms; private 32112640 bytes
Complex UI clean round 1: 2223.79 completed offscreen FPS; p95 0.5371 ms; private 31956992 bytes
Complex UI clean round 2: 2180.62 completed offscreen FPS; p95 0.5704 ms; private 31830016 bytes
Complex UI clean round 3: 2057.46 completed offscreen FPS; p95 0.5417 ms; private 31830016 bytes
Complex UI clean round 4: 1993.35 completed offscreen FPS; p95 0.6356 ms; private 31830016 bytes
Complex UI clean round 5: 2290.19 completed offscreen FPS; p95 0.5326 ms; private 31830016 bytes
Complex UI dirty round 1: 421.938 completed offscreen FPS; p95 2.6645 ms; private 33042432 bytes
Complex UI dirty round 2: 409.057 completed offscreen FPS; p95 2.8608 ms; private 33181696 bytes
Complex UI dirty round 3: 447.423 completed offscreen FPS; p95 2.794 ms; private 33058816 bytes
Complex UI dirty round 4: 430.641 completed offscreen FPS; p95 2.673 ms; private 32899072 bytes
Complex UI dirty round 5: 407.587 completed offscreen FPS; p95 2.9451 ms; private 32440320 bytes
Complex UI clean round 1: 2038.04 completed offscreen FPS; p95 0.6319 ms; private 31883264 bytes
Complex UI clean round 2: 2139.85 completed offscreen FPS; p95 0.5744 ms; private 31899648 bytes
Complex UI clean round 3: 1598.86 completed offscreen FPS; p95 1.3356 ms; private 31899648 bytes
Complex UI clean round 4: 1993.83 completed offscreen FPS; p95 0.7652 ms; private 31899648 bytes
Complex UI clean round 5: 1921.09 completed offscreen FPS; p95 0.661 ms; private 31899648 bytes
Complex UI dirty round 1: 397.635 completed offscreen FPS; p95 2.9401 ms; private 32415744 bytes
Complex UI dirty round 2: 409.292 completed offscreen FPS; p95 2.7729 ms; private 32464896 bytes
Complex UI dirty round 3: 436.859 completed offscreen FPS; p95 2.7574 ms; private 32464896 bytes
Complex UI dirty round 4: 429.239 completed offscreen FPS; p95 2.7278 ms; private 32473088 bytes
Complex UI dirty round 5: 413.203 completed offscreen FPS; p95 2.8842 ms; private 32456704 bytes
Complex UI clean round 1: 2010.95 completed offscreen FPS; p95 0.8534 ms; private 31617024 bytes
Complex UI clean round 2: 2141.69 completed offscreen FPS; p95 0.5401 ms; private 31617024 bytes
Complex UI clean round 3: 2005.16 completed offscreen FPS; p95 0.609 ms; private 31617024 bytes
Complex UI clean round 4: 2003.73 completed offscreen FPS; p95 0.5639 ms; private 31625216 bytes
Complex UI clean round 5: 2059.54 completed offscreen FPS; p95 0.5418 ms; private 31633408 bytes
Complex UI dirty round 1: 395.931 completed offscreen FPS; p95 2.9695 ms; private 33157120 bytes
Complex UI dirty round 2: 407.271 completed offscreen FPS; p95 2.8236 ms; private 32968704 bytes
Complex UI dirty round 3: 414.114 completed offscreen FPS; p95 2.7183 ms; private 33214464 bytes
Complex UI dirty round 4: 410.652 completed offscreen FPS; p95 2.7984 ms; private 33218560 bytes
Complex UI dirty round 5: 371.407 completed offscreen FPS; p95 3.3985 ms; private 33218560 bytes
Complex UI clean round 1: 2082.65 completed offscreen FPS; p95 0.6075 ms; private 32567296 bytes
Complex UI clean round 2: 2180.78 completed offscreen FPS; p95 0.5122 ms; private 32567296 bytes
Complex UI clean round 3: 2228 completed offscreen FPS; p95 0.5135 ms; private 32567296 bytes
Complex UI clean round 4: 1977.54 completed offscreen FPS; p95 0.5672 ms; private 32567296 bytes
Complex UI clean round 5: 1979.06 completed offscreen FPS; p95 0.5897 ms; private 32567296 bytes
Complex UI dirty round 1: 436.68 completed offscreen FPS; p95 2.7757 ms; private 31825920 bytes
Complex UI dirty round 2: 438.625 completed offscreen FPS; p95 2.7545 ms; private 31932416 bytes
Complex UI dirty round 3: 424.513 completed offscreen FPS; p95 2.714 ms; private 32231424 bytes
Complex UI dirty round 4: 452.209 completed offscreen FPS; p95 2.5574 ms; private 31911936 bytes
Complex UI dirty round 5: 414.166 completed offscreen FPS; p95 3.3148 ms; private 32772096 bytes
Complex UI clean round 1: 2182.61 completed offscreen FPS; p95 0.6244 ms; private 33271808 bytes
Complex UI clean round 2: 2100.1 completed offscreen FPS; p95 0.6997 ms; private 33271808 bytes
Complex UI clean round 3: 2019.72 completed offscreen FPS; p95 0.6221 ms; private 33271808 bytes
Complex UI clean round 4: 2064.22 completed offscreen FPS; p95 0.6336 ms; private 33271808 bytes
Complex UI clean round 5: 2162.41 completed offscreen FPS; p95 0.6053 ms; private 31735808 bytes
Complex UI dirty round 1: 418.71 completed offscreen FPS; p95 2.8055 ms; private 32227328 bytes
Complex UI dirty round 2: 430.261 completed offscreen FPS; p95 2.6605 ms; private 32243712 bytes
Complex UI dirty round 3: 418.099 completed offscreen FPS; p95 2.8116 ms; private 32223232 bytes
Complex UI dirty round 4: 424.905 completed offscreen FPS; p95 2.9408 ms; private 32239616 bytes
Complex UI dirty round 5: 428.577 completed offscreen FPS; p95 2.699 ms; private 32010240 bytes
Complex UI clean round 1: 1942.66 completed offscreen FPS; p95 0.5879 ms; private 31371264 bytes
Complex UI clean round 2: 2019.92 completed offscreen FPS; p95 0.5879 ms; private 31371264 bytes
Complex UI clean round 3: 2089.95 completed offscreen FPS; p95 0.5181 ms; private 31567872 bytes
Complex UI clean round 4: 2106.15 completed offscreen FPS; p95 0.5629 ms; private 31567872 bytes
Complex UI clean round 5: 2004.14 completed offscreen FPS; p95 0.5549 ms; private 31567872 bytes
Complex UI dirty round 1: 421.922 completed offscreen FPS; p95 2.8506 ms; private 32149504 bytes
Complex UI dirty round 2: 406.892 completed offscreen FPS; p95 2.8479 ms; private 32174080 bytes
Complex UI dirty round 3: 429.671 completed offscreen FPS; p95 2.8006 ms; private 32174080 bytes
Complex UI dirty round 4: 395.425 completed offscreen FPS; p95 3.1379 ms; private 32759808 bytes
Complex UI dirty round 5: 418.361 completed offscreen FPS; p95 2.7984 ms; private 32616448 bytes
Complex UI clean round 1: 2132.73 completed offscreen FPS; p95 0.554 ms; private 32608256 bytes
Complex UI clean round 2: 2033.31 completed offscreen FPS; p95 0.5525 ms; private 32608256 bytes
Complex UI clean round 3: 1976.53 completed offscreen FPS; p95 0.5807 ms; private 32608256 bytes
Complex UI clean round 4: 2080.14 completed offscreen FPS; p95 0.5794 ms; private 32608256 bytes
Complex UI clean round 5: 2022.21 completed offscreen FPS; p95 0.6442 ms; private 32608256 bytes
Complex UI dirty round 1: 404.385 completed offscreen FPS; p95 2.8782 ms; private 32608256 bytes
Complex UI dirty round 2: 398.075 completed offscreen FPS; p95 3.0045 ms; private 32608256 bytes
Complex UI dirty round 3: 376.634 completed offscreen FPS; p95 3.0675 ms; private 32886784 bytes
Complex UI dirty round 4: 394.98 completed offscreen FPS; p95 2.8467 ms; private 32886784 bytes
Complex UI dirty round 5: 385.659 completed offscreen FPS; p95 3.0273 ms; private 32350208 bytes
Complex UI clean round 1: 2034.68 completed offscreen FPS; p95 0.6386 ms; private 32604160 bytes
Complex UI clean round 2: 2098.97 completed offscreen FPS; p95 0.6186 ms; private 32604160 bytes
Complex UI clean round 3: 1857.97 completed offscreen FPS; p95 0.6426 ms; private 32604160 bytes
Complex UI clean round 4: 1982.69 completed offscreen FPS; p95 0.6456 ms; private 32604160 bytes
Complex UI clean round 5: 2101.08 completed offscreen FPS; p95 0.585 ms; private 32604160 bytes
Complex UI dirty round 1: 384.599 completed offscreen FPS; p95 2.9913 ms; private 31944704 bytes
Complex UI dirty round 2: 383.599 completed offscreen FPS; p95 2.9974 ms; private 32247808 bytes
Complex UI dirty round 3: 392.048 completed offscreen FPS; p95 2.8607 ms; private 32309248 bytes
Complex UI dirty round 4: 385.063 completed offscreen FPS; p95 3.2574 ms; private 32329728 bytes
Complex UI dirty round 5: 406.529 completed offscreen FPS; p95 2.9328 ms; private 32010240 bytes
Complex UI clean round 1: 1560.74 completed offscreen FPS; p95 0.8649 ms; private 32571392 bytes
Complex UI clean round 2: 1794.25 completed offscreen FPS; p95 0.6278 ms; private 32571392 bytes
Complex UI clean round 3: 1812.37 completed offscreen FPS; p95 0.8428 ms; private 32571392 bytes
Complex UI clean round 4: 1841.63 completed offscreen FPS; p95 0.7091 ms; private 32571392 bytes
Complex UI clean round 5: 1914.95 completed offscreen FPS; p95 0.6475 ms; private 32571392 bytes
Complex UI dirty round 1: 341.243 completed offscreen FPS; p95 4.7201 ms; private 32571392 bytes
Complex UI dirty round 2: 376.974 completed offscreen FPS; p95 3.0913 ms; private 32571392 bytes
Complex UI dirty round 3: 414.244 completed offscreen FPS; p95 2.8 ms; private 32571392 bytes
Complex UI dirty round 4: 423.539 completed offscreen FPS; p95 2.7806 ms; private 33153024 bytes
Complex UI dirty round 5: 333.445 completed offscreen FPS; p95 4.2265 ms; private 34095104 bytes
Complex UI clean round 1: 1826.74 completed offscreen FPS; p95 0.8637 ms; private 34107392 bytes
Complex UI clean round 2: 1633.57 completed offscreen FPS; p95 1.1699 ms; private 34107392 bytes
Complex UI clean round 3: 1995.96 completed offscreen FPS; p95 0.5992 ms; private 34107392 bytes
Complex UI clean round 4: 1984.63 completed offscreen FPS; p95 0.5836 ms; private 34107392 bytes
Complex UI clean round 5: 1987.44 completed offscreen FPS; p95 0.5784 ms; private 34107392 bytes
Complex UI dirty round 1: 386.008 completed offscreen FPS; p95 3.1764 ms; private 34107392 bytes
Complex UI dirty round 2: 385.07 completed offscreen FPS; p95 2.9985 ms; private 32202752 bytes
Complex UI dirty round 3: 410.304 completed offscreen FPS; p95 2.8014 ms; private 32542720 bytes
Complex UI dirty round 4: 400.29 completed offscreen FPS; p95 3.2207 ms; private 32559104 bytes
Complex UI dirty round 5: 380.127 completed offscreen FPS; p95 3.2435 ms; private 32567296 bytes
Complex UI clean round 1: 1879.05 completed offscreen FPS; p95 0.6543 ms; private 33153024 bytes
Complex UI clean round 2: 1886.28 completed offscreen FPS; p95 0.6701 ms; private 33153024 bytes
Complex UI clean round 3: 1853.24 completed offscreen FPS; p95 0.6187 ms; private 33153024 bytes
Complex UI clean round 4: 2155.76 completed offscreen FPS; p95 0.5564 ms; private 33153024 bytes
Complex UI clean round 5: 2019.36 completed offscreen FPS; p95 0.5914 ms; private 33153024 bytes
Complex UI dirty round 1: 369.624 completed offscreen FPS; p95 3.0641 ms; private 33153024 bytes
Complex UI dirty round 2: 381.283 completed offscreen FPS; p95 2.8936 ms; private 33153024 bytes
Complex UI dirty round 3: 385.883 completed offscreen FPS; p95 3.1021 ms; private 33153024 bytes
Complex UI dirty round 4: 359.572 completed offscreen FPS; p95 3.5671 ms; private 33153024 bytes
Complex UI dirty round 5: 360.273 completed offscreen FPS; p95 3.1983 ms; private 33153024 bytes
Complex UI clean round 1: 2049.74 completed offscreen FPS; p95 0.5965 ms; private 33124352 bytes
Complex UI clean round 2: 2004.61 completed offscreen FPS; p95 0.5678 ms; private 33136640 bytes
Complex UI clean round 3: 2062.59 completed offscreen FPS; p95 0.5868 ms; private 33136640 bytes
Complex UI clean round 4: 1922.73 completed offscreen FPS; p95 0.6653 ms; private 33136640 bytes
Complex UI clean round 5: 1940.76 completed offscreen FPS; p95 0.6148 ms; private 33136640 bytes
Complex UI dirty round 1: 418.934 completed offscreen FPS; p95 2.8415 ms; private 33136640 bytes
Complex UI dirty round 2: 419.873 completed offscreen FPS; p95 2.7598 ms; private 33136640 bytes
Complex UI dirty round 3: 448.312 completed offscreen FPS; p95 2.6235 ms; private 33136640 bytes
Complex UI dirty round 4: 397.16 completed offscreen FPS; p95 2.854 ms; private 33136640 bytes
Complex UI dirty round 5: 433.841 completed offscreen FPS; p95 2.7517 ms; private 33136640 bytes
Complex UI clean round 1: 2060.74 completed offscreen FPS; p95 0.6029 ms; private 34091008 bytes
Complex UI clean round 2: 1908.14 completed offscreen FPS; p95 0.6395 ms; private 34091008 bytes
Complex UI clean round 3: 1986.26 completed offscreen FPS; p95 0.6408 ms; private 34091008 bytes
Complex UI clean round 4: 1821.79 completed offscreen FPS; p95 0.9258 ms; private 34091008 bytes
Complex UI clean round 5: 2073.02 completed offscreen FPS; p95 0.5596 ms; private 34091008 bytes
Complex UI dirty round 1: 402.546 completed offscreen FPS; p95 3.0274 ms; private 34091008 bytes
Complex UI dirty round 2: 433.419 completed offscreen FPS; p95 2.8586 ms; private 34091008 bytes
Complex UI dirty round 3: 382.435 completed offscreen FPS; p95 3.3345 ms; private 34091008 bytes
Complex UI dirty round 4: 426.337 completed offscreen FPS; p95 2.8091 ms; private 34091008 bytes
Complex UI dirty round 5: 413.79 completed offscreen FPS; p95 2.7989 ms; private 34091008 bytes
Complex UI clean round 1: 2116.46 completed offscreen FPS; p95 0.5731 ms; private 34107392 bytes
Complex UI clean round 2: 2176.05 completed offscreen FPS; p95 0.5272 ms; private 34107392 bytes
Complex UI clean round 3: 1999.02 completed offscreen FPS; p95 0.5741 ms; private 34107392 bytes
Complex UI clean round 4: 2168.68 completed offscreen FPS; p95 0.5851 ms; private 34107392 bytes
Complex UI clean round 5: 2232.83 completed offscreen FPS; p95 0.5057 ms; private 34107392 bytes
Complex UI dirty round 1: 419.298 completed offscreen FPS; p95 2.755 ms; private 34107392 bytes
Complex UI dirty round 2: 440.988 completed offscreen FPS; p95 2.811 ms; private 34107392 bytes
Complex UI dirty round 3: 397.384 completed offscreen FPS; p95 2.9276 ms; private 34107392 bytes
Complex UI dirty round 4: 405.236 completed offscreen FPS; p95 2.9791 ms; private 34107392 bytes
Complex UI dirty round 5: 424.293 completed offscreen FPS; p95 3.1017 ms; private 34107392 bytes
Complex UI clean round 1: 2168.92 completed offscreen FPS; p95 0.5564 ms; private 34078720 bytes
Complex UI clean round 2: 2073.22 completed offscreen FPS; p95 0.7141 ms; private 34078720 bytes
Complex UI clean round 3: 2141.73 completed offscreen FPS; p95 0.521 ms; private 34078720 bytes
Complex UI clean round 4: 1858.3 completed offscreen FPS; p95 0.7347 ms; private 34078720 bytes
Complex UI clean round 5: 2167.66 completed offscreen FPS; p95 0.5401 ms; private 34078720 bytes
Complex UI dirty round 1: 398.291 completed offscreen FPS; p95 2.9028 ms; private 34078720 bytes
Complex UI dirty round 2: 382.017 completed offscreen FPS; p95 3.4334 ms; private 34078720 bytes
Complex UI dirty round 3: 399.612 completed offscreen FPS; p95 2.9688 ms; private 34078720 bytes
Complex UI dirty round 4: 400.817 completed offscreen FPS; p95 2.8564 ms; private 34078720 bytes
Complex UI dirty round 5: 397.8 completed offscreen FPS; p95 2.9178 ms; private 33042432 bytes
Complex UI clean round 1: 1953.69 completed offscreen FPS; p95 0.5921 ms; private 34107392 bytes
Complex UI clean round 2: 2052.46 completed offscreen FPS; p95 0.6204 ms; private 34107392 bytes
Complex UI clean round 3: 2216.31 completed offscreen FPS; p95 0.5215 ms; private 34107392 bytes
Complex UI clean round 4: 2134.44 completed offscreen FPS; p95 0.5359 ms; private 34107392 bytes
Complex UI clean round 5: 2205.67 completed offscreen FPS; p95 0.6101 ms; private 34107392 bytes
Complex UI dirty round 1: 382.718 completed offscreen FPS; p95 3.2279 ms; private 34107392 bytes
Complex UI dirty round 2: 426.91 completed offscreen FPS; p95 2.9846 ms; private 34107392 bytes
Complex UI dirty round 3: 410.131 completed offscreen FPS; p95 2.9317 ms; private 34107392 bytes
Complex UI dirty round 4: 399.067 completed offscreen FPS; p95 2.8876 ms; private 34107392 bytes
Complex UI dirty round 5: 381.979 completed offscreen FPS; p95 2.9366 ms; private 34107392 bytes
Complex UI clean round 1: 2022.96 completed offscreen FPS; p95 0.5765 ms; private 34107392 bytes
Complex UI clean round 2: 1965.45 completed offscreen FPS; p95 0.6091 ms; private 32567296 bytes
Complex UI clean round 3: 2013.89 completed offscreen FPS; p95 0.5949 ms; private 32567296 bytes
Complex UI clean round 4: 1759.22 completed offscreen FPS; p95 0.7112 ms; private 32567296 bytes
Complex UI clean round 5: 1611.86 completed offscreen FPS; p95 1.1922 ms; private 32600064 bytes
Complex UI dirty round 1: 398.526 completed offscreen FPS; p95 3.0235 ms; private 34017280 bytes
Complex UI dirty round 2: 398.31 completed offscreen FPS; p95 2.7437 ms; private 34025472 bytes
Complex UI dirty round 3: 384.234 completed offscreen FPS; p95 3.0391 ms; private 34033664 bytes
Complex UI dirty round 4: 378.44 completed offscreen FPS; p95 3.0901 ms; private 34033664 bytes
Complex UI dirty round 5: 378.287 completed offscreen FPS; p95 3.2451 ms; private 34033664 bytes
Complex UI clean round 1: 2000.13 completed offscreen FPS; p95 0.7011 ms; private 34086912 bytes
Complex UI clean round 2: 2086.62 completed offscreen FPS; p95 0.5351 ms; private 34086912 bytes
Complex UI clean round 3: 1977.97 completed offscreen FPS; p95 0.5805 ms; private 34086912 bytes
Complex UI clean round 4: 1908.93 completed offscreen FPS; p95 0.7205 ms; private 34086912 bytes
Complex UI clean round 5: 2110.39 completed offscreen FPS; p95 0.5536 ms; private 34086912 bytes
Complex UI dirty round 1: 402.716 completed offscreen FPS; p95 2.9304 ms; private 34099200 bytes
Complex UI dirty round 2: 416.179 completed offscreen FPS; p95 2.8142 ms; private 34099200 bytes
Complex UI dirty round 3: 407.308 completed offscreen FPS; p95 2.8805 ms; private 34099200 bytes
Complex UI dirty round 4: 428.793 completed offscreen FPS; p95 2.8314 ms; private 33062912 bytes
Complex UI dirty round 5: 402.017 completed offscreen FPS; p95 3.5 ms; private 33067008 bytes
Complex UI clean round 1: 2062.77 completed offscreen FPS; p95 0.6371 ms; private 34086912 bytes
Complex UI clean round 2: 2071.36 completed offscreen FPS; p95 0.6025 ms; private 34086912 bytes
Complex UI clean round 3: 2003.73 completed offscreen FPS; p95 0.6514 ms; private 34086912 bytes
Complex UI clean round 4: 1899.52 completed offscreen FPS; p95 0.6578 ms; private 34086912 bytes
Complex UI clean round 5: 1580.27 completed offscreen FPS; p95 0.835 ms; private 34086912 bytes
Complex UI dirty round 1: 370.841 completed offscreen FPS; p95 3.0876 ms; private 34086912 bytes
Complex UI dirty round 2: 413.963 completed offscreen FPS; p95 2.8351 ms; private 34086912 bytes
Complex UI dirty round 3: 413.012 completed offscreen FPS; p95 2.9698 ms; private 34086912 bytes
Complex UI dirty round 4: 432.214 completed offscreen FPS; p95 2.8677 ms; private 34086912 bytes
Complex UI dirty round 5: 373.246 completed offscreen FPS; p95 3.6537 ms; private 34086912 bytes
Complex UI clean round 1: 2063.57 completed offscreen FPS; p95 0.6264 ms; private 34107392 bytes
Complex UI clean round 2: 2159.98 completed offscreen FPS; p95 0.557 ms; private 34107392 bytes
Complex UI clean round 3: 2197.32 completed offscreen FPS; p95 0.5411 ms; private 34107392 bytes
Complex UI clean round 4: 2376 completed offscreen FPS; p95 0.457 ms; private 34107392 bytes
Complex UI clean round 5: 912.867 completed offscreen FPS; p95 4.885 ms; private 34107392 bytes
Complex UI dirty round 1: 437.656 completed offscreen FPS; p95 2.7718 ms; private 34107392 bytes
Complex UI dirty round 2: 297.299 completed offscreen FPS; p95 5.436 ms; private 34107392 bytes
Complex UI dirty round 3: 364.214 completed offscreen FPS; p95 3.6247 ms; private 34107392 bytes
Complex UI dirty round 4: 420.825 completed offscreen FPS; p95 2.8234 ms; private 34107392 bytes
Complex UI dirty round 5: 399.28 completed offscreen FPS; p95 2.9719 ms; private 34107392 bytes
Complex UI clean round 1: 1791.44 completed offscreen FPS; p95 0.8143 ms; private 34123776 bytes
Complex UI clean round 2: 2085.35 completed offscreen FPS; p95 0.5572 ms; private 34123776 bytes
Complex UI clean round 3: 2075.59 completed offscreen FPS; p95 0.5913 ms; private 34123776 bytes
Complex UI clean round 4: 2060.92 completed offscreen FPS; p95 0.584 ms; private 34123776 bytes
Complex UI clean round 5: 1990.4 completed offscreen FPS; p95 0.6221 ms; private 34123776 bytes
Complex UI dirty round 1: 430.616 completed offscreen FPS; p95 2.7098 ms; private 32948224 bytes
Complex UI dirty round 2: 436.006 completed offscreen FPS; p95 2.7165 ms; private 33050624 bytes
Complex UI dirty round 3: 387.707 completed offscreen FPS; p95 3.1341 ms; private 33062912 bytes
Complex UI dirty round 4: 449.362 completed offscreen FPS; p95 2.7159 ms; private 33071104 bytes
Complex UI dirty round 5: 439.308 completed offscreen FPS; p95 2.8711 ms; private 33071104 bytes
Complex UI clean round 1: 1820.25 completed offscreen FPS; p95 0.6605 ms; private 34123776 bytes
Complex UI clean round 2: 1837.27 completed offscreen FPS; p95 0.692 ms; private 34123776 bytes
Complex UI clean round 3: 1773.69 completed offscreen FPS; p95 0.7234 ms; private 34123776 bytes
Complex UI clean round 4: 1883.87 completed offscreen FPS; p95 0.7066 ms; private 34123776 bytes
Complex UI clean round 5: 1822.25 completed offscreen FPS; p95 0.6974 ms; private 34123776 bytes
Complex UI dirty round 1: 443.085 completed offscreen FPS; p95 2.6605 ms; private 34123776 bytes
Complex UI dirty round 2: 409.658 completed offscreen FPS; p95 2.9662 ms; private 34123776 bytes
Complex UI dirty round 3: 434.608 completed offscreen FPS; p95 2.6349 ms; private 34123776 bytes
Complex UI dirty round 4: 401.718 completed offscreen FPS; p95 2.9019 ms; private 34123776 bytes
Complex UI dirty round 5: 401.268 completed offscreen FPS; p95 2.9619 ms; private 34123776 bytes
Complex UI clean round 1: 1921.05 completed offscreen FPS; p95 0.7683 ms; private 34107392 bytes
Complex UI clean round 2: 1884.88 completed offscreen FPS; p95 0.7461 ms; private 34107392 bytes
Complex UI clean round 3: 1869.59 completed offscreen FPS; p95 0.6725 ms; private 34107392 bytes
Complex UI clean round 4: 1621.33 completed offscreen FPS; p95 0.7299 ms; private 34107392 bytes
Complex UI clean round 5: 1569.96 completed offscreen FPS; p95 0.8409 ms; private 34107392 bytes
Complex UI dirty round 1: 364.648 completed offscreen FPS; p95 3.2812 ms; private 34107392 bytes
Complex UI dirty round 2: 408.269 completed offscreen FPS; p95 2.7644 ms; private 34107392 bytes
Complex UI dirty round 3: 413.097 completed offscreen FPS; p95 2.7729 ms; private 34107392 bytes
Complex UI dirty round 4: 428.92 completed offscreen FPS; p95 2.8963 ms; private 34107392 bytes
Complex UI dirty round 5: 438 completed offscreen FPS; p95 2.7728 ms; private 34107392 bytes
Complex UI clean round 1: 2010.09 completed offscreen FPS; p95 0.6757 ms; private 33394688 bytes
Complex UI clean round 2: 2136.57 completed offscreen FPS; p95 0.6189 ms; private 33394688 bytes
Complex UI clean round 3: 2021 completed offscreen FPS; p95 0.6094 ms; private 33394688 bytes
Complex UI clean round 4: 2002.25 completed offscreen FPS; p95 0.6055 ms; private 33394688 bytes
Complex UI clean round 5: 1999.96 completed offscreen FPS; p95 0.6477 ms; private 33394688 bytes
Complex UI dirty round 1: 411.58 completed offscreen FPS; p95 3.1005 ms; private 33394688 bytes
Complex UI dirty round 2: 418.176 completed offscreen FPS; p95 2.7816 ms; private 33394688 bytes
Complex UI dirty round 3: 415.042 completed offscreen FPS; p95 2.7582 ms; private 33394688 bytes
Complex UI dirty round 4: 396.169 completed offscreen FPS; p95 2.9405 ms; private 33394688 bytes
Complex UI dirty round 5: 392.254 completed offscreen FPS; p95 2.9624 ms; private 33394688 bytes
Complex UI clean round 1: 2084.36 completed offscreen FPS; p95 0.5803 ms; private 33394688 bytes
Complex UI clean round 2: 1936.78 completed offscreen FPS; p95 0.5599 ms; private 33394688 bytes
Complex UI clean round 3: 1667.6 completed offscreen FPS; p95 1.0158 ms; private 33394688 bytes
Complex UI clean round 4: 2015.11 completed offscreen FPS; p95 0.5984 ms; private 33394688 bytes
Complex UI clean round 5: 2191.32 completed offscreen FPS; p95 0.5336 ms; private 33394688 bytes
Complex UI dirty round 1: 404.612 completed offscreen FPS; p95 2.9217 ms; private 33394688 bytes
Complex UI dirty round 2: 433.035 completed offscreen FPS; p95 2.7917 ms; private 33394688 bytes
Complex UI dirty round 3: 420.624 completed offscreen FPS; p95 2.7484 ms; private 33394688 bytes
Complex UI dirty round 4: 422.719 completed offscreen FPS; p95 2.7501 ms; private 33394688 bytes
Complex UI dirty round 5: 432.341 completed offscreen FPS; p95 2.8083 ms; private 33394688 bytes
Complex UI clean round 1: 2069.58 completed offscreen FPS; p95 0.6085 ms; private 33366016 bytes
Complex UI clean round 2: 2103.46 completed offscreen FPS; p95 0.5241 ms; private 33366016 bytes
Complex UI clean round 3: 2185.43 completed offscreen FPS; p95 0.5234 ms; private 33366016 bytes
Complex UI clean round 4: 2125.03 completed offscreen FPS; p95 0.5638 ms; private 33366016 bytes
Complex UI clean round 5: 2174.92 completed offscreen FPS; p95 0.5257 ms; private 33366016 bytes
Complex UI dirty round 1: 424.073 completed offscreen FPS; p95 2.7833 ms; private 33366016 bytes
Complex UI dirty round 2: 453.627 completed offscreen FPS; p95 2.5466 ms; private 33366016 bytes
Complex UI dirty round 3: 421.061 completed offscreen FPS; p95 2.8299 ms; private 33366016 bytes
Complex UI dirty round 4: 391.21 completed offscreen FPS; p95 3.065 ms; private 33771520 bytes
Complex UI dirty round 5: 459.323 completed offscreen FPS; p95 2.6399 ms; private 33288192 bytes
Complex UI clean round 1: 2137.17 completed offscreen FPS; p95 0.6048 ms; private 33751040 bytes
Complex UI clean round 2: 2091.15 completed offscreen FPS; p95 0.5719 ms; private 33751040 bytes
Complex UI clean round 3: 2108.64 completed offscreen FPS; p95 0.5616 ms; private 33751040 bytes
Complex UI clean round 4: 1922.69 completed offscreen FPS; p95 0.6266 ms; private 33751040 bytes
Complex UI clean round 5: 2050.9 completed offscreen FPS; p95 0.5376 ms; private 33751040 bytes
Complex UI dirty round 1: 395.132 completed offscreen FPS; p95 3.0818 ms; private 33751040 bytes
Complex UI dirty round 2: 399.602 completed offscreen FPS; p95 3.0323 ms; private 33751040 bytes
Complex UI dirty round 3: 427.162 completed offscreen FPS; p95 2.7914 ms; private 33751040 bytes
Complex UI dirty round 4: 456.824 completed offscreen FPS; p95 2.6009 ms; private 33751040 bytes
Complex UI dirty round 5: 441.435 completed offscreen FPS; p95 2.8867 ms; private 33751040 bytes
Complex UI clean round 1: 2117.48 completed offscreen FPS; p95 0.5776 ms; private 33787904 bytes
Complex UI clean round 2: 2064.35 completed offscreen FPS; p95 0.5744 ms; private 33787904 bytes
Complex UI clean round 3: 2010.99 completed offscreen FPS; p95 0.5904 ms; private 33787904 bytes
Complex UI clean round 4: 2061.28 completed offscreen FPS; p95 0.6481 ms; private 33787904 bytes
Complex UI clean round 5: 2156.46 completed offscreen FPS; p95 0.5219 ms; private 33787904 bytes
Complex UI dirty round 1: 425.266 completed offscreen FPS; p95 2.736 ms; private 32374784 bytes
Complex UI dirty round 2: 436.929 completed offscreen FPS; p95 2.6206 ms; private 32776192 bytes
Complex UI dirty round 3: 441.628 completed offscreen FPS; p95 2.6516 ms; private 32845824 bytes
Complex UI dirty round 4: 426.746 completed offscreen FPS; p95 2.7112 ms; private 32845824 bytes
Complex UI dirty round 5: 417.364 completed offscreen FPS; p95 3.1559 ms; private 32845824 bytes
Complex UI clean round 1: 2000.56 completed offscreen FPS; p95 0.6061 ms; private 33419264 bytes
Complex UI clean round 2: 2080.08 completed offscreen FPS; p95 0.5477 ms; private 33419264 bytes
Complex UI clean round 3: 2081.95 completed offscreen FPS; p95 0.6035 ms; private 33419264 bytes
Complex UI clean round 4: 2022.45 completed offscreen FPS; p95 0.6652 ms; private 33419264 bytes
Complex UI clean round 5: 2155.15 completed offscreen FPS; p95 0.5148 ms; private 33419264 bytes
Complex UI dirty round 1: 431.323 completed offscreen FPS; p95 2.7742 ms; private 33832960 bytes
Complex UI dirty round 2: 436.169 completed offscreen FPS; p95 2.7302 ms; private 30683136 bytes
Complex UI dirty round 3: 433.77 completed offscreen FPS; p95 2.6561 ms; private 30683136 bytes
Complex UI dirty round 4: 418.829 completed offscreen FPS; p95 2.8164 ms; private 30683136 bytes
Complex UI dirty round 5: 426.964 completed offscreen FPS; p95 2.7619 ms; private 29990912 bytes
Complex UI clean round 1: 2118.7 completed offscreen FPS; p95 0.597 ms; private 33697792 bytes
Complex UI clean round 2: 1918.34 completed offscreen FPS; p95 0.6538 ms; private 33697792 bytes
Complex UI clean round 3: 2098.67 completed offscreen FPS; p95 0.5714 ms; private 33697792 bytes
Complex UI clean round 4: 2026.2 completed offscreen FPS; p95 0.6002 ms; private 33697792 bytes
Complex UI clean round 5: 1978.56 completed offscreen FPS; p95 0.7514 ms; private 33697792 bytes
Complex UI dirty round 1: 428.416 completed offscreen FPS; p95 2.7171 ms; private 33697792 bytes
Complex UI dirty round 2: 434.148 completed offscreen FPS; p95 2.6507 ms; private 33697792 bytes
Complex UI dirty round 3: 422.817 completed offscreen FPS; p95 2.7294 ms; private 34377728 bytes
Complex UI dirty round 4: 406.246 completed offscreen FPS; p95 2.9245 ms; private 34377728 bytes
Complex UI dirty round 5: 411.276 completed offscreen FPS; p95 2.9174 ms; private 34377728 bytes
Complex UI clean round 1: 2061.14 completed offscreen FPS; p95 0.5667 ms; private 34377728 bytes
Complex UI clean round 2: 1832.84 completed offscreen FPS; p95 0.6515 ms; private 30687232 bytes
Complex UI clean round 3: 1983.99 completed offscreen FPS; p95 0.6009 ms; private 30687232 bytes
Complex UI clean round 4: 2152.24 completed offscreen FPS; p95 0.5074 ms; private 30687232 bytes
Complex UI clean round 5: 2083.55 completed offscreen FPS; p95 0.6199 ms; private 30687232 bytes
Complex UI dirty round 1: 390.917 completed offscreen FPS; p95 2.8705 ms; private 30687232 bytes
Complex UI dirty round 2: 388.291 completed offscreen FPS; p95 3.0408 ms; private 30687232 bytes
Complex UI dirty round 3: 343.028 completed offscreen FPS; p95 4.4643 ms; private 30687232 bytes
Complex UI dirty round 4: 381.998 completed offscreen FPS; p95 3.0519 ms; private 30687232 bytes
Complex UI dirty round 5: 397.027 completed offscreen FPS; p95 2.9208 ms; private 30687232 bytes
Complex UI clean round 1: 1845.03 completed offscreen FPS; p95 0.6612 ms; private 34377728 bytes
Complex UI clean round 2: 1967 completed offscreen FPS; p95 0.5868 ms; private 34377728 bytes
Complex UI clean round 3: 2031.43 completed offscreen FPS; p95 0.5938 ms; private 34377728 bytes
Complex UI clean round 4: 2087.32 completed offscreen FPS; p95 0.6159 ms; private 34377728 bytes
Complex UI clean round 5: 2028.72 completed offscreen FPS; p95 0.5669 ms; private 34377728 bytes
Complex UI dirty round 1: 377.784 completed offscreen FPS; p95 3.3064 ms; private 34377728 bytes
Complex UI dirty round 2: 407.451 completed offscreen FPS; p95 3.0346 ms; private 32800768 bytes
Complex UI dirty round 3: 418.64 completed offscreen FPS; p95 2.7757 ms; private 32899072 bytes
Complex UI dirty round 4: 406.316 completed offscreen FPS; p95 2.921 ms; private 33083392 bytes
Complex UI dirty round 5: 413.831 completed offscreen FPS; p95 2.8813 ms; private 33083392 bytes
Complex UI clean round 1: 2102.89 completed offscreen FPS; p95 0.6521 ms; private 33611776 bytes
Complex UI clean round 2: 2167.75 completed offscreen FPS; p95 0.5388 ms; private 33611776 bytes
Complex UI clean round 3: 2085.23 completed offscreen FPS; p95 0.5772 ms; private 33611776 bytes
Complex UI clean round 4: 1953.61 completed offscreen FPS; p95 0.6456 ms; private 33611776 bytes
Complex UI clean round 5: 2041.76 completed offscreen FPS; p95 0.6291 ms; private 33611776 bytes
Complex UI dirty round 1: 374.881 completed offscreen FPS; p95 3.6777 ms; private 34291712 bytes
Complex UI dirty round 2: 373.305 completed offscreen FPS; p95 3.2632 ms; private 34291712 bytes
Complex UI dirty round 3: 390.211 completed offscreen FPS; p95 3.1453 ms; private 30601216 bytes
Complex UI dirty round 4: 378.345 completed offscreen FPS; p95 2.9969 ms; private 30601216 bytes
Complex UI dirty round 5: 389.905 completed offscreen FPS; p95 2.9365 ms; private 29351936 bytes
Complex UI clean round 1: 2107.86 completed offscreen FPS; p95 0.6375 ms; private 32985088 bytes
Complex UI clean round 2: 2090.8 completed offscreen FPS; p95 0.6593 ms; private 32985088 bytes
Complex UI clean round 3: 2226.12 completed offscreen FPS; p95 0.4987 ms; private 32985088 bytes
Complex UI clean round 4: 1986.08 completed offscreen FPS; p95 0.7157 ms; private 32985088 bytes
Complex UI clean round 5: 1705.38 completed offscreen FPS; p95 1.2791 ms; private 32985088 bytes
Complex UI dirty round 1: 395.635 completed offscreen FPS; p95 3.0078 ms; private 34263040 bytes
Complex UI dirty round 2: 398.082 completed offscreen FPS; p95 3.0999 ms; private 34263040 bytes
Complex UI dirty round 3: 407.123 completed offscreen FPS; p95 2.9085 ms; private 34336768 bytes
Complex UI dirty round 4: 420.281 completed offscreen FPS; p95 2.7663 ms; private 34349056 bytes
Complex UI dirty round 5: 421.412 completed offscreen FPS; p95 2.8599 ms; private 34349056 bytes
Complex UI clean round 1: 1762.22 completed offscreen FPS; p95 0.8159 ms; private 34381824 bytes
Complex UI clean round 2: 1821.17 completed offscreen FPS; p95 0.8233 ms; private 34381824 bytes
Complex UI clean round 3: 2001.88 completed offscreen FPS; p95 0.5889 ms; private 34381824 bytes
Complex UI clean round 4: 1940.57 completed offscreen FPS; p95 0.6492 ms; private 34381824 bytes
Complex UI clean round 5: 2153.42 completed offscreen FPS; p95 0.5411 ms; private 34381824 bytes
Complex UI dirty round 1: 383.265 completed offscreen FPS; p95 3.2897 ms; private 34381824 bytes
Complex UI dirty round 2: 409.286 completed offscreen FPS; p95 2.7551 ms; private 34381824 bytes
Complex UI dirty round 3: 408.013 completed offscreen FPS; p95 2.9433 ms; private 34381824 bytes
Complex UI dirty round 4: 408.996 completed offscreen FPS; p95 2.8193 ms; private 34381824 bytes
Complex UI dirty round 5: 392.658 completed offscreen FPS; p95 3.0485 ms; private 34381824 bytes
Complex UI clean round 1: 2213.23 completed offscreen FPS; p95 0.5619 ms; private 33157120 bytes
Complex UI clean round 2: 2139.15 completed offscreen FPS; p95 0.5642 ms; private 33157120 bytes
Complex UI clean round 3: 2063.4 completed offscreen FPS; p95 0.5582 ms; private 33157120 bytes
Complex UI clean round 4: 1982.03 completed offscreen FPS; p95 0.6566 ms; private 33157120 bytes
Complex UI clean round 5: 2094.87 completed offscreen FPS; p95 0.5715 ms; private 33157120 bytes
Complex UI dirty round 1: 405.97 completed offscreen FPS; p95 2.8844 ms; private 33198080 bytes
Complex UI dirty round 2: 397.084 completed offscreen FPS; p95 2.9859 ms; private 34369536 bytes
Complex UI dirty round 3: 416.693 completed offscreen FPS; p95 2.7707 ms; private 34369536 bytes
Complex UI dirty round 4: 416.518 completed offscreen FPS; p95 2.8419 ms; private 34369536 bytes
Complex UI dirty round 5: 391.003 completed offscreen FPS; p95 3.0978 ms; private 33243136 bytes
Complex UI clean round 1: 2073.99 completed offscreen FPS; p95 0.6988 ms; private 33161216 bytes
Complex UI clean round 2: 2080.92 completed offscreen FPS; p95 0.5479 ms; private 33161216 bytes
Complex UI clean round 3: 2194.88 completed offscreen FPS; p95 0.5177 ms; private 33161216 bytes
Complex UI clean round 4: 1985.73 completed offscreen FPS; p95 0.6347 ms; private 33161216 bytes
Complex UI clean round 5: 1938.76 completed offscreen FPS; p95 0.7362 ms; private 33161216 bytes
Complex UI dirty round 1: 392.114 completed offscreen FPS; p95 3.0193 ms; private 33161216 bytes
Complex UI dirty round 2: 397.072 completed offscreen FPS; p95 3.0281 ms; private 33161216 bytes
Complex UI dirty round 3: 399.162 completed offscreen FPS; p95 2.9581 ms; private 33161216 bytes
Complex UI dirty round 4: 406.674 completed offscreen FPS; p95 3.0427 ms; private 33161216 bytes
Complex UI dirty round 5: 401.792 completed offscreen FPS; p95 2.8429 ms; private 33153024 bytes
Complex UI clean round 1: 1817.31 completed offscreen FPS; p95 0.7167 ms; private 33075200 bytes
Complex UI clean round 2: 2037.83 completed offscreen FPS; p95 0.5715 ms; private 29384704 bytes
Complex UI clean round 3: 2051.72 completed offscreen FPS; p95 0.8014 ms; private 29384704 bytes
Complex UI clean round 4: 2128.24 completed offscreen FPS; p95 0.6121 ms; private 29384704 bytes
Complex UI clean round 5: 2199.32 completed offscreen FPS; p95 0.6007 ms; private 29384704 bytes
Complex UI dirty round 1: 397.831 completed offscreen FPS; p95 2.9136 ms; private 30662656 bytes
Complex UI dirty round 2: 406.313 completed offscreen FPS; p95 3.0988 ms; private 30662656 bytes
Complex UI dirty round 3: 397.073 completed offscreen FPS; p95 3.0138 ms; private 30662656 bytes
Complex UI dirty round 4: 407.166 completed offscreen FPS; p95 2.9318 ms; private 30662656 bytes
Complex UI dirty round 5: 402.712 completed offscreen FPS; p95 2.8497 ms; private 30662656 bytes
Complex UI clean round 1: 2139.69 completed offscreen FPS; p95 0.5542 ms; private 34365440 bytes
Complex UI clean round 2: 2080.93 completed offscreen FPS; p95 0.5326 ms; private 34365440 bytes
Complex UI clean round 3: 2085.21 completed offscreen FPS; p95 0.5691 ms; private 34365440 bytes
Complex UI clean round 4: 1942.62 completed offscreen FPS; p95 0.6517 ms; private 34365440 bytes
Complex UI clean round 5: 2120.52 completed offscreen FPS; p95 0.5477 ms; private 34365440 bytes
Complex UI dirty round 1: 408.704 completed offscreen FPS; p95 2.8403 ms; private 34365440 bytes
Complex UI dirty round 2: 432.903 completed offscreen FPS; p95 2.7636 ms; private 34365440 bytes
Complex UI dirty round 3: 410.217 completed offscreen FPS; p95 2.9833 ms; private 34365440 bytes
Complex UI dirty round 4: 395.849 completed offscreen FPS; p95 2.9145 ms; private 34365440 bytes
Complex UI dirty round 5: 399.105 completed offscreen FPS; p95 3.2661 ms; private 34365440 bytes
Complex UI clean round 1: 2172.66 completed offscreen FPS; p95 0.5215 ms; private 34373632 bytes
Complex UI clean round 2: 2111.22 completed offscreen FPS; p95 0.5591 ms; private 34373632 bytes
Complex UI clean round 3: 2001.52 completed offscreen FPS; p95 0.646 ms; private 34373632 bytes
Complex UI clean round 4: 1959.89 completed offscreen FPS; p95 0.7197 ms; private 34373632 bytes
Complex UI clean round 5: 1957.39 completed offscreen FPS; p95 0.5745 ms; private 34373632 bytes
Complex UI dirty round 1: 373.517 completed offscreen FPS; p95 3.2707 ms; private 34373632 bytes
Complex UI dirty round 2: 369.712 completed offscreen FPS; p95 3.4001 ms; private 30683136 bytes
Complex UI dirty round 3: 382.175 completed offscreen FPS; p95 3.1639 ms; private 30683136 bytes
Complex UI dirty round 4: 374.063 completed offscreen FPS; p95 3.1081 ms; private 30683136 bytes
Complex UI dirty round 5: 382.374 completed offscreen FPS; p95 3.2326 ms; private 29212672 bytes
Complex UI clean round 1: 2056.27 completed offscreen FPS; p95 0.5626 ms; private 33378304 bytes
Complex UI clean round 2: 2116.44 completed offscreen FPS; p95 0.5336 ms; private 33378304 bytes
Complex UI clean round 3: 2035.36 completed offscreen FPS; p95 0.5348 ms; private 33378304 bytes
Complex UI clean round 4: 2149.52 completed offscreen FPS; p95 0.5145 ms; private 33378304 bytes
Complex UI clean round 5: 1953.01 completed offscreen FPS; p95 0.6552 ms; private 33378304 bytes
Complex UI dirty round 1: 384.271 completed offscreen FPS; p95 3.2485 ms; private 33378304 bytes
Complex UI dirty round 2: 406.037 completed offscreen FPS; p95 2.8011 ms; private 33386496 bytes
Complex UI dirty round 3: 398.873 completed offscreen FPS; p95 3.1 ms; private 34328576 bytes
Complex UI dirty round 4: 390.709 completed offscreen FPS; p95 2.9406 ms; private 34353152 bytes
Complex UI dirty round 5: 418.271 completed offscreen FPS; p95 2.7215 ms; private 34353152 bytes
Complex UI clean round 1: 2036.25 completed offscreen FPS; p95 0.622 ms; private 33087488 bytes
Complex UI clean round 2: 1642.37 completed offscreen FPS; p95 0.8039 ms; private 33087488 bytes
Complex UI clean round 3: 1918.94 completed offscreen FPS; p95 0.8308 ms; private 33087488 bytes
Complex UI clean round 4: 2096.85 completed offscreen FPS; p95 0.5884 ms; private 33087488 bytes
Complex UI clean round 5: 2214.23 completed offscreen FPS; p95 0.6128 ms; private 33087488 bytes
Complex UI dirty round 1: 396.115 completed offscreen FPS; p95 2.9961 ms; private 33386496 bytes
Complex UI dirty round 2: 382.459 completed offscreen FPS; p95 3.0247 ms; private 33386496 bytes
Complex UI dirty round 3: 401.83 completed offscreen FPS; p95 3.0399 ms; private 33386496 bytes
Complex UI dirty round 4: 384.713 completed offscreen FPS; p95 2.9899 ms; private 33386496 bytes
Complex UI dirty round 5: 409.083 completed offscreen FPS; p95 2.8016 ms; private 29696000 bytes
Complex UI clean round 1: 1989.79 completed offscreen FPS; p95 0.6223 ms; private 33402880 bytes
Complex UI clean round 2: 2019.14 completed offscreen FPS; p95 0.6194 ms; private 33402880 bytes
Complex UI clean round 3: 2069.15 completed offscreen FPS; p95 0.6132 ms; private 33402880 bytes
Complex UI clean round 4: 2160.55 completed offscreen FPS; p95 0.556 ms; private 33402880 bytes
Complex UI clean round 5: 1920.78 completed offscreen FPS; p95 0.693 ms; private 33402880 bytes
Complex UI dirty round 1: 392.251 completed offscreen FPS; p95 3.0009 ms; private 34344960 bytes
Complex UI dirty round 2: 406.483 completed offscreen FPS; p95 3.1192 ms; private 34344960 bytes
Complex UI dirty round 3: 398.001 completed offscreen FPS; p95 2.84 ms; private 34344960 bytes
Complex UI dirty round 4: 408.258 completed offscreen FPS; p95 2.8116 ms; private 34344960 bytes
Complex UI dirty round 5: 383.025 completed offscreen FPS; p95 3.4444 ms; private 34344960 bytes
Complex UI clean round 1: 2033.96 completed offscreen FPS; p95 0.6245 ms; private 34361344 bytes
Complex UI clean round 2: 2008.58 completed offscreen FPS; p95 0.7182 ms; private 34361344 bytes
Complex UI clean round 3: 1951.92 completed offscreen FPS; p95 0.6121 ms; private 34361344 bytes
Complex UI clean round 4: 2001.25 completed offscreen FPS; p95 0.6449 ms; private 34361344 bytes
Complex UI clean round 5: 1957.52 completed offscreen FPS; p95 0.5806 ms; private 34361344 bytes
Complex UI dirty round 1: 401.843 completed offscreen FPS; p95 2.992 ms; private 34361344 bytes
Complex UI dirty round 2: 395.234 completed offscreen FPS; p95 2.9967 ms; private 34361344 bytes
Complex UI dirty round 3: 392.136 completed offscreen FPS; p95 3.1802 ms; private 34361344 bytes
Complex UI dirty round 4: 383.83 completed offscreen FPS; p95 3.2894 ms; private 34361344 bytes
Complex UI dirty round 5: 393.111 completed offscreen FPS; p95 3.0404 ms; private 34361344 bytes
Complex UI clean round 1: 2008.85 completed offscreen FPS; p95 0.6522 ms; private 34373632 bytes
Complex UI clean round 2: 1979.39 completed offscreen FPS; p95 0.6553 ms; private 34373632 bytes
Complex UI clean round 3: 1841.45 completed offscreen FPS; p95 0.7447 ms; private 34373632 bytes
Complex UI clean round 4: 1899.49 completed offscreen FPS; p95 0.7409 ms; private 34373632 bytes
Complex UI clean round 5: 2094.51 completed offscreen FPS; p95 0.5462 ms; private 34373632 bytes
Complex UI dirty round 1: 398.026 completed offscreen FPS; p95 2.8109 ms; private 34373632 bytes
Complex UI dirty round 2: 388.322 completed offscreen FPS; p95 2.9203 ms; private 34373632 bytes
Complex UI dirty round 3: 379.294 completed offscreen FPS; p95 2.9597 ms; private 34373632 bytes
Complex UI dirty round 4: 400.798 completed offscreen FPS; p95 2.9216 ms; private 34373632 bytes
Complex UI dirty round 5: 387.743 completed offscreen FPS; p95 3.0546 ms; private 34373632 bytes
Complex UI clean round 1: 1896.27 completed offscreen FPS; p95 0.6914 ms; private 34369536 bytes
Complex UI clean round 2: 2031.17 completed offscreen FPS; p95 0.5268 ms; private 34369536 bytes
Complex UI clean round 3: 1961.48 completed offscreen FPS; p95 0.6396 ms; private 34369536 bytes
Complex UI clean round 4: 2028.22 completed offscreen FPS; p95 0.5956 ms; private 34369536 bytes
Complex UI clean round 5: 2017.63 completed offscreen FPS; p95 0.5818 ms; private 34369536 bytes
Complex UI dirty round 1: 383.449 completed offscreen FPS; p95 2.9914 ms; private 34369536 bytes
Complex UI dirty round 2: 360.657 completed offscreen FPS; p95 3.996 ms; private 33030144 bytes
Complex UI dirty round 3: 376.094 completed offscreen FPS; p95 2.973 ms; private 33140736 bytes
Complex UI dirty round 4: 397.221 completed offscreen FPS; p95 2.7695 ms; private 33140736 bytes
Complex UI dirty round 5: 398.971 completed offscreen FPS; p95 3.054 ms; private 33140736 bytes
Complex UI clean round 1: 1960.55 completed offscreen FPS; p95 0.6153 ms; private 33599488 bytes
Complex UI clean round 2: 1876.23 completed offscreen FPS; p95 0.7185 ms; private 33599488 bytes
Complex UI clean round 3: 1808.21 completed offscreen FPS; p95 0.6402 ms; private 33599488 bytes
Complex UI clean round 4: 1980.63 completed offscreen FPS; p95 0.743 ms; private 33599488 bytes
Complex UI clean round 5: 2143.09 completed offscreen FPS; p95 0.5453 ms; private 33599488 bytes
Complex UI dirty round 1: 366.427 completed offscreen FPS; p95 3.1314 ms; private 33599488 bytes
Complex UI dirty round 2: 380.956 completed offscreen FPS; p95 3.0318 ms; private 33599488 bytes
Complex UI dirty round 3: 365.734 completed offscreen FPS; p95 3.189 ms; private 33599488 bytes
Complex UI dirty round 4: 378.159 completed offscreen FPS; p95 3.1815 ms; private 33599488 bytes
Complex UI dirty round 5: 373.288 completed offscreen FPS; p95 3.2347 ms; private 33599488 bytes
Complex UI clean round 1: 1971.18 completed offscreen FPS; p95 0.7875 ms; private 34357248 bytes
Complex UI clean round 2: 1991.99 completed offscreen FPS; p95 0.6863 ms; private 34357248 bytes
Complex UI clean round 3: 1648.72 completed offscreen FPS; p95 1.0785 ms; private 34357248 bytes
Complex UI clean round 4: 1888.15 completed offscreen FPS; p95 0.6942 ms; private 34357248 bytes
Complex UI clean round 5: 2092.83 completed offscreen FPS; p95 0.56 ms; private 34385920 bytes
Complex UI dirty round 1: 379.393 completed offscreen FPS; p95 3.0191 ms; private 34390016 bytes
Complex UI dirty round 2: 381.8 completed offscreen FPS; p95 2.9217 ms; private 34390016 bytes
Complex UI dirty round 3: 375.573 completed offscreen FPS; p95 3.0728 ms; private 34390016 bytes
Complex UI dirty round 4: 376.862 completed offscreen FPS; p95 2.9268 ms; private 34398208 bytes
Complex UI dirty round 5: 372.002 completed offscreen FPS; p95 3.0737 ms; private 34398208 bytes
Complex UI clean round 1: 1666.8 completed offscreen FPS; p95 0.8047 ms; private 34406400 bytes
Complex UI clean round 2: 1649.69 completed offscreen FPS; p95 0.9886 ms; private 34406400 bytes
Complex UI clean round 3: 1695.07 completed offscreen FPS; p95 0.7395 ms; private 34406400 bytes
Complex UI clean round 4: 1834.4 completed offscreen FPS; p95 0.6879 ms; private 34406400 bytes
Complex UI clean round 5: 2121.76 completed offscreen FPS; p95 0.5669 ms; private 34406400 bytes
Complex UI dirty round 1: 373.385 completed offscreen FPS; p95 3.1223 ms; private 34406400 bytes
Complex UI dirty round 2: 398.808 completed offscreen FPS; p95 2.9039 ms; private 30715904 bytes
Complex UI dirty round 3: 383.668 completed offscreen FPS; p95 3.1855 ms; private 30715904 bytes
Complex UI dirty round 4: 409.82 completed offscreen FPS; p95 2.7918 ms; private 30715904 bytes
Complex UI dirty round 5: 386.982 completed offscreen FPS; p95 3.4461 ms; private 30986240 bytes
Complex UI clean round 1: 991.896 completed offscreen FPS; p95 1.7218 ms; private 34676736 bytes
Complex UI clean round 2: 992.792 completed offscreen FPS; p95 1.2629 ms; private 34676736 bytes
Complex UI clean round 3: 1608.29 completed offscreen FPS; p95 1.0152 ms; private 34676736 bytes
Complex UI clean round 4: 1123.26 completed offscreen FPS; p95 1.6826 ms; private 34676736 bytes
Complex UI clean round 5: 989.653 completed offscreen FPS; p95 3.9548 ms; private 34676736 bytes
Complex UI dirty round 1: 197.651 completed offscreen FPS; p95 18.4265 ms; private 34676736 bytes
Complex UI dirty round 2: 204.169 completed offscreen FPS; p95 12.0374 ms; private 34676736 bytes
Complex UI dirty round 3: 240.935 completed offscreen FPS; p95 13.172 ms; private 34676736 bytes
Complex UI dirty round 4: 230.127 completed offscreen FPS; p95 13.0985 ms; private 34676736 bytes
Complex UI dirty round 5: 232.455 completed offscreen FPS; p95 13.5841 ms; private 34676736 bytes
Complex UI clean round 1: 1376.58 completed offscreen FPS; p95 1.6003 ms; private 33705984 bytes
Complex UI clean round 2: 1020.15 completed offscreen FPS; p95 2.0384 ms; private 33705984 bytes
Complex UI clean round 3: 990.469 completed offscreen FPS; p95 2.0452 ms; private 33705984 bytes
Complex UI clean round 4: 942.276 completed offscreen FPS; p95 1.9173 ms; private 33705984 bytes
Complex UI clean round 5: 1006.18 completed offscreen FPS; p95 3.093 ms; private 33705984 bytes
Complex UI dirty round 1: 224.537 completed offscreen FPS; p95 18.1119 ms; private 33705984 bytes
Complex UI dirty round 2: 227.263 completed offscreen FPS; p95 17.6415 ms; private 33705984 bytes
Complex UI dirty round 3: 228.134 completed offscreen FPS; p95 11.5933 ms; private 33705984 bytes
Complex UI dirty round 4: 239.582 completed offscreen FPS; p95 12.2349 ms; private 33705984 bytes
Complex UI dirty round 5: 228.407 completed offscreen FPS; p95 12.6949 ms; private 33705984 bytes
