PASS DxUi update advisory: same
PASS DxUi update advisory: green
PASS DxUi update advisory: pending
PASS DxUi update advisory: failed
PASS DxUi update advisory: absent
PASS DxUi update advisory: divergent
PASS DxUi update advisory: ahead
PASS DxUi update advisory: offline
PASS DxUi update advisory: wrong-run
PASS DxUi update advisory: malformed
PASS ARM64 AddressSanitizer runtime staging and missing-runtime rejection
╭────────────────────────────────────────────────────────────────────────╮
│                                                                        │
│                      ██████╗ ██╗  ██╗██╗   ██╗██╗                      │
│                      ██╔══██╗╚██╗██╔╝██║   ██║██║                      │
│                      ██║  ██║ ╚███╔╝ ██║   ██║██║                      │
│                      ██║  ██║ ██╔██╗ ██║   ██║██║                      │
│                      ██████╔╝██╔╝ ██╗╚██████╔╝██║                      │
│                      ╚═════╝ ╚═╝  ╚═╝ ╚═════╝ ╚═╝                      │
│                                                                        │
│      ✦  PIXELS PRIMED  •  CONTROLS READY  •  COMPILE MODE: GO!  ✦      │
│                   ⚡  RELEASE  /  X64  /  BUILD  ⚡                    │
│                                                                        │
╰────────────────────────────────────────────────────────────────────────╯

Locating Visual Studio and MSBuild...
Build configuration:
  Configuration: Release
  Platform:      x64
  Target:        Build
  Toolchain:     C:\Program Files\Microsoft Visual Studio\18\Insiders
  Output:        Z:\src\DxUi-worktrees\i26-menu-description\.build\

Compiling DxUi...

  compilation header save succeeded; see Z:\src\DxUi-worktrees\i26-menu-description\.build\Intermediate\x64\Release\DxUi\DxUiCompositeVS.h
  compilation object save succeeded; see Z:\src\DxUi-worktrees\i26-menu-description\.build\Intermediate\x64\Release\DxUi\DxUiCompositeVS.cso
  compilation header save succeeded; see Z:\src\DxUi-worktrees\i26-menu-description\.build\Intermediate\x64\Release\DxUi\DxUiCompositePS.h
  compilation object save succeeded; see Z:\src\DxUi-worktrees\i26-menu-description\.build\Intermediate\x64\Release\DxUi\DxUiCompositePS.cso
  ControlCatalog.cpp
  NativeMenuInterop.cpp
  Embedded.cpp
  FrameRuntime.cpp
  DxUi.Accessibility.cpp
  DxUi.ComboBox.cpp
  DxUi.Controls.cpp
  DxUi.cpp
  DxUi.Grid.cpp
  DxUi.Menu.cpp
  DxUi.NativeTextInput.cpp
  DxUi.PointerInput.cpp
  DxUi.Scrollbar.cpp
  DxUi.SingleLineTextEditing.cpp
  DxUi.TextInput.cpp
  DxUi.TextStoreACP.cpp
  TextInputServices.cpp
  TextClipboard.cpp
  DxUi.Theme.cpp
  DxUi.Tree.cpp
  Generating Code...
  Compiling...
  DxUi.Typeahead.cpp
  DxUi.WindowHost.cpp
  Generating Code...
  DxUi.vcxproj -> Z:\src\DxUi-worktrees\i26-menu-description\.build\x64\Release\DxUi.lib
  EmbeddedTests.cpp
  FoundationTests.cpp
  DxUiTests.Accessibility.cpp
  Main.cpp
  PublicHelpersTests.cpp
  Generating Code...
  DxUiTests.Animation.cpp
  DxUi.FoundationTests.vcxproj -> Z:\src\DxUi-worktrees\i26-menu-description\.build\x64\Release\DxUi.FoundationTests.exe
  DxUi.EmbeddedControls.vcxproj -> Z:\src\DxUi-worktrees\i26-menu-description\.build\x64\Release\DxUi.EmbeddedControls.exe
  DxUi.EmbeddedTests.vcxproj -> Z:\src\DxUi-worktrees\i26-menu-description\.build\x64\Release\DxUi.EmbeddedTests.exe
  DxUiTests.ComboBox.cpp
  DxUiTests.Controls.cpp
  DxUiTests.cpp
  DxUiTests.Gallery.cpp
  DxUiTests.Grid.cpp
  DxUiTests.Menu.cpp
  DxUiTests.MultilineText.cpp
  DxUiTests.NativeTextInput.cpp
  DxUiTests.NewControls.cpp
  DxUiTests.ReadOnly.cpp
  DxUiTests.Rendering.cpp
  DxUiTests.TextField.cpp
  DxUiTests.Theme.cpp
  DxUiTests.Tooltip.cpp
  DxUiTests.Tree.cpp
  DxUiTests.WindowHost.cpp
  Generating Code...
  DxUi.ControlTests.vcxproj -> Z:\src\DxUi-worktrees\i26-menu-description\.build\x64\Release\DxUi.ControlTests.exe

========================================
DxUi build passed in 02:11
Output: Z:\src\DxUi-worktrees\i26-menu-description\.build\
Log: Z:\src\DxUi-worktrees\i26-menu-description\.build\logs\build-x64-Release-4795a293f1be403c8ead9c59b2d333eb.log
========================================
Complex UI clean round 1: 1464.57 completed offscreen FPS; p95 1.1068 ms; private 25960448 bytes
Complex UI clean round 2: 1775.8 completed offscreen FPS; p95 0.6668 ms; private 26935296 bytes
Complex UI clean round 3: 2038.19 completed offscreen FPS; p95 0.5374 ms; private 27033600 bytes
Complex UI clean round 4: 1907.76 completed offscreen FPS; p95 0.6417 ms; private 27021312 bytes
Complex UI clean round 5: 1634.67 completed offscreen FPS; p95 0.7614 ms; private 27385856 bytes
Complex UI dirty round 1: 459.609 completed offscreen FPS; p95 2.6714 ms; private 28360704 bytes
Complex UI dirty round 2: 402.626 completed offscreen FPS; p95 3.2342 ms; private 28553216 bytes
Complex UI dirty round 3: 453.756 completed offscreen FPS; p95 2.7541 ms; private 28557312 bytes
Complex UI dirty round 4: 499.101 completed offscreen FPS; p95 2.3461 ms; private 28753920 bytes
Complex UI dirty round 5: 492.38 completed offscreen FPS; p95 2.2806 ms; private 28798976 bytes
Performance comparison: unpaired
Performance receipt: Z:\src\DxUi-worktrees\i26-menu-description\.build\reports\Performance-x64-Release-4e2206a723ac4b80b97412c7805f3897.json
Running Embedded (x64 Release)
PASS Embedded (0 capability skips recorded)
Running Control (x64 Release)
PASS Control (0 capability skips recorded)
Running NewControls (x64 Release)
PASS NewControls (0 capability skips recorded)
All 3 requested suites passed.
