=================================================================
==85000==ERROR: AddressSanitizer: heap-use-after-free on address 0x11d2b63a1250 at pc 0x7ff7d9cd4d5e bp 0x00405378f620 sp 0x00405378f628
READ of size 1 at 0x11d2b63a1250 thread T0
    #0 0x7ff7d9cd4d5d in `anonymous namespace'::ProbeAddressSanitizer Z:\src\DxUi-worktrees\i26-grid-line-clamp\Tests\Foundation\FoundationTests.cpp:41
    #1 0x7ff7d9cd51a3 in main Z:\src\DxUi-worktrees\i26-grid-line-clamp\Tests\Foundation\FoundationTests.cpp:51
    #2 0x7ff7da3cb3b8 in invoke_main D:\a\_work\1\s\src\vctools\crt\vcstartup\src\startup\exe_common.inl:78
    #3 0x7ff7da3cb301 in __scrt_common_main_seh D:\a\_work\1\s\src\vctools\crt\vcstartup\src\startup\exe_common.inl:288
    #4 0x7ff7da3cb1bd in __scrt_common_main D:\a\_work\1\s\src\vctools\crt\vcstartup\src\startup\exe_common.inl:330
    #5 0x7ff7da3cb42d in mainCRTStartup D:\a\_work\1\s\src\vctools\crt\vcstartup\src\startup\exe_main.cpp:16
    #6 0x7ff938bacd86 in BaseThreadInitThunk+0x16 (C:\WINDOWS\System32\KERNEL32.DLL+0x18002cd86)
    #7 0x7ff93946caeb in RtlUserThreadStart+0x2b (C:\WINDOWS\SYSTEM32\ntdll.dll+0x1800acaeb)

0x11d2b63a1250 is located 0 bytes inside of 8-byte region [0x11d2b63a1250,0x11d2b63a1258)
freed by thread T0 here:
    #0 0x7ff7da3c9c3e in operator delete[] D:\a\_work\1\s\src\vctools\asan\llvm\compiler-rt\lib\asan\asan_win_delete_array_thunk.cpp:43
    #1 0x7ff7d9cd61fe in std::default_delete<char [0]>::operator()<char,0> C:\Program Files\Microsoft Visual Studio\18\Insiders\VC\Tools\MSVC\14.51.36231\include\memory:3352
    #2 0x7ff7d9cd64e9 in std::unique_ptr<char [0],std::default_delete<char [0]> >::reset<char *,0> C:\Program Files\Microsoft Visual Studio\18\Insiders\VC\Tools\MSVC\14.51.36231\include\memory:3650
    #3 0x7ff7d9cd6bc5 in std::unique_ptr<char [0],std::default_delete<char [0]> >::reset C:\Program Files\Microsoft Visual Studio\18\Insiders\VC\Tools\MSVC\14.51.36231\include\memory:3598
    #4 0x7ff7d9cd4cf0 in `anonymous namespace'::ProbeAddressSanitizer Z:\src\DxUi-worktrees\i26-grid-line-clamp\Tests\Foundation\FoundationTests.cpp:40
    #5 0x7ff7d9cd51a3 in main Z:\src\DxUi-worktrees\i26-grid-line-clamp\Tests\Foundation\FoundationTests.cpp:51
    #6 0x7ff7da3cb3b8 in invoke_main D:\a\_work\1\s\src\vctools\crt\vcstartup\src\startup\exe_common.inl:78
    #7 0x7ff7da3cb301 in __scrt_common_main_seh D:\a\_work\1\s\src\vctools\crt\vcstartup\src\startup\exe_common.inl:288
    #8 0x7ff7da3cb1bd in __scrt_common_main D:\a\_work\1\s\src\vctools\crt\vcstartup\src\startup\exe_common.inl:330
    #9 0x7ff7da3cb42d in mainCRTStartup D:\a\_work\1\s\src\vctools\crt\vcstartup\src\startup\exe_main.cpp:16
    #10 0x7ff938bacd86 in BaseThreadInitThunk+0x16 (C:\WINDOWS\System32\KERNEL32.DLL+0x18002cd86)
    #11 0x7ff93946caeb in RtlUserThreadStart+0x2b (C:\WINDOWS\SYSTEM32\ntdll.dll+0x1800acaeb)

previously allocated by thread T0 here:
    #0 0x7ff7da3c9b7e in operator new[] D:\a\_work\1\s\src\vctools\asan\llvm\compiler-rt\lib\asan\asan_win_new_array_thunk.cpp:41
    #1 0x7ff7d9cd6426 in std::make_unique<char [0],0> C:\Program Files\Microsoft Visual Studio\18\Insiders\VC\Tools\MSVC\14.51.36231\include\memory:3672
    #2 0x7ff7d9cd4cd2 in `anonymous namespace'::ProbeAddressSanitizer Z:\src\DxUi-worktrees\i26-grid-line-clamp\Tests\Foundation\FoundationTests.cpp:38
    #3 0x7ff7d9cd51a3 in main Z:\src\DxUi-worktrees\i26-grid-line-clamp\Tests\Foundation\FoundationTests.cpp:51
    #4 0x7ff7da3cb3b8 in invoke_main D:\a\_work\1\s\src\vctools\crt\vcstartup\src\startup\exe_common.inl:78
    #5 0x7ff7da3cb301 in __scrt_common_main_seh D:\a\_work\1\s\src\vctools\crt\vcstartup\src\startup\exe_common.inl:288
    #6 0x7ff7da3cb1bd in __scrt_common_main D:\a\_work\1\s\src\vctools\crt\vcstartup\src\startup\exe_common.inl:330
    #7 0x7ff7da3cb42d in mainCRTStartup D:\a\_work\1\s\src\vctools\crt\vcstartup\src\startup\exe_main.cpp:16
    #8 0x7ff938bacd86 in BaseThreadInitThunk+0x16 (C:\WINDOWS\System32\KERNEL32.DLL+0x18002cd86)
    #9 0x7ff93946caeb in RtlUserThreadStart+0x2b (C:\WINDOWS\SYSTEM32\ntdll.dll+0x1800acaeb)

SUMMARY: AddressSanitizer: heap-use-after-free Z:\src\DxUi-worktrees\i26-grid-line-clamp\Tests\Foundation\FoundationTests.cpp:41 in `anonymous namespace'::ProbeAddressSanitizer
Shadow bytes around the buggy address:
  0x11d2b63a0f80: fa fa 04 fa fa fa 04 fa fa fa 04 fa fa fa 04 fa
  0x11d2b63a1000: fa fa 04 fa fa fa 04 fa fa fa 04 fa fa fa 04 fa
  0x11d2b63a1080: fa fa 04 fa fa fa 00 fa fa fa 00 fa fa fa 00 fa
  0x11d2b63a1100: fa fa 00 fa fa fa 00 fa fa fa 00 fa fa fa 00 fa
  0x11d2b63a1180: fa fa 00 fa fa fa 00 fa fa fa 00 fa fa fa fd fd
=>0x11d2b63a1200: fa fa fd fd fa fa 00 00 fa fa[fd]fa fa fa fd fa
  0x11d2b63a1280: fa fa fd fa fa fa 00 00 fa fa 04 fa fa fa fd fa
  0x11d2b63a1300: fa fa 04 fa fa fa fa fa fa fa fa fa fa fa 04 fa
  0x11d2b63a1380: fa fa 04 fa fa fa 04 fa fa fa 00 04 fa fa 00 04
  0x11d2b63a1400: fa fa 04 fa fa fa 00 04 fa fa 04 fa fa fa 00 fa
  0x11d2b63a1480: fa fa 04 fa fa fa 04 fa fa fa 04 fa fa fa 04 fa
Shadow byte legend (one shadow byte represents 8 application bytes):
  Addressable:           00
  Partially addressable: 01 02 03 04 05 06 07 
  Heap left redzone:       fa
  Freed heap region:       fd
  Stack left redzone:      f1
  Stack mid redzone:       f2
  Stack right redzone:     f3
  Stack after return:      f5
  Stack use after scope:   f8
  Global redzone:          f9
  Global init order:       f6
  Poisoned by user:        f7
  Container overflow:      fc
  Array cookie:            ac
  Intra object redzone:    bb
  ASan internal:           fe
  Left alloca redzone:     ca
  Right alloca redzone:    cb
==85000==ABORTING
