[START] Menu
  [START] TestPointerInputEventMouseMoveUsesDeliveredPoint
    [TRACE] attached host dtor: begin
    [TRACE] attached host dtor: host detached
    [TRACE] attached host dtor: hwnd reset
  [DONE] TestPointerInputEventMouseMoveUsesDeliveredPoint
  [START] TestPointerInputEventButtonUsesDeliveredPointAndFlags
    [TRACE] attached host dtor: begin
    [TRACE] attached host dtor: host detached
    [TRACE] attached host dtor: hwnd reset
  [DONE] TestPointerInputEventButtonUsesDeliveredPointAndFlags
  [START] TestPointerInputEventWheelUsesDeliveredScreenPoint
    [TRACE] attached host dtor: begin
    [TRACE] attached host dtor: host detached
    [TRACE] attached host dtor: hwnd reset
  [DONE] TestPointerInputEventWheelUsesDeliveredScreenPoint
  [START] TestContextMenuDebugStateProbeBoundsWedgedWindowThread
SKIPPED: DxUi menu debug-state timeout requires an interactive desktop
    [TRACE] attached host dtor: begin
    [TRACE] attached host dtor: host detached
    [TRACE] attached host dtor: hwnd reset
  [DONE] TestContextMenuDebugStateProbeBoundsWedgedWindowThread
  [START] TestContextMenuShowAsyncKeepsOwnerPaintableWhileOpen
    [TRACE] attached host dtor: begin
    [TRACE] attached host dtor: host detached
    [TRACE] attached host dtor: hwnd reset
  [DONE] TestContextMenuShowAsyncKeepsOwnerPaintableWhileOpen
  [START] TestContextMenuRootMinimumWidthUsesAnchorAndAllowsContentExpansion
    [TRACE] attached host dtor: begin
    [TRACE] attached host dtor: host detached
    [TRACE] attached host dtor: hwnd reset
  [DONE] TestContextMenuRootMinimumWidthUsesAnchorAndAllowsContentExpansion
  [START] TestLargeMenuPaintsOnlyVisibleRowsWithCachedOffsets
    [TRACE] attached host dtor: begin
    [TRACE] attached host dtor: host detached
    [TRACE] attached host dtor: hwnd reset
  [DONE] TestLargeMenuPaintsOnlyVisibleRowsWithCachedOffsets
  [START] TestContextMenuShowAsyncSubmenuCloseKeepsSessionAlive
    [TRACE] attached host dtor: begin
    [TRACE] attached host dtor: host detached
    [TRACE] attached host dtor: hwnd reset
  [DONE] TestContextMenuShowAsyncSubmenuCloseKeepsSessionAlive
  [START] TestMenuGraphicalSliderSupportsClickDragAndAnimation
    [TRACE] attached host dtor: begin
    [TRACE] attached host dtor: host detached
    [TRACE] attached host dtor: hwnd reset
  [DONE] TestMenuGraphicalSliderSupportsClickDragAndAnimation
  [START] TestMenuMnemonicHonorsExplicitAmpersandLabels
    [TRACE] attached host dtor: begin
    [TRACE] attached host dtor: host detached
    [TRACE] attached host dtor: hwnd reset
  [DONE] TestMenuMnemonicHonorsExplicitAmpersandLabels
  [START] TestMenuOpeningPointerUpCanBeIgnoredOutsideVisibleSurface
    [TRACE] attached host dtor: begin
    [TRACE] attached host dtor: host detached
    [TRACE] attached host dtor: hwnd reset
  [DONE] TestMenuOpeningPointerUpCanBeIgnoredOutsideVisibleSurface
  [START] TestEmbeddedViewerContextMenuNativeConversionFiltersStandaloneCommands
  [DONE] TestEmbeddedViewerContextMenuNativeConversionFiltersStandaloneCommands
  [START] TestMenuShadowMarginMouseUpLightDismissesAfterInitialRelease
    [TRACE] attached host dtor: begin
    [TRACE] attached host dtor: host detached
    [TRACE] attached host dtor: hwnd reset
  [DONE] TestMenuShadowMarginMouseUpLightDismissesAfterInitialRelease
  [START] TestSplitButtonContextMenuSentMouseMessagesHoverAndInvokeImmediately
SKIPPED: DxUi menu popup requires an interactive desktop for split-button invoke routing
    [TRACE] attached host dtor: begin
    [TRACE] attached host dtor: host detached
    [TRACE] attached host dtor: hwnd reset
  [DONE] TestSplitButtonContextMenuSentMouseMessagesHoverAndInvokeImmediately
  [START] TestSplitButtonContextMenuOwnerMessageFloodDoesNotStarvePointerInput
SKIPPED: DxUi menu popup requires an interactive desktop for owner-message-flood routing
    [TRACE] attached host dtor: begin
    [TRACE] attached host dtor: host detached
    [TRACE] attached host dtor: hwnd reset
  [DONE] TestSplitButtonContextMenuOwnerMessageFloodDoesNotStarvePointerInput
  [START] TestMenuKeyboardNavigationSkipsInfoRows
    [TRACE] attached host dtor: begin
    [TRACE] attached host dtor: host detached
    [TRACE] attached host dtor: hwnd reset
  [DONE] TestMenuKeyboardNavigationSkipsInfoRows
  [START] TestMenuKeyboardRightArrowMatchesWindowsMenuLoop
    [TRACE] attached host dtor: begin
    [TRACE] attached host dtor: host detached
    [TRACE] attached host dtor: hwnd reset
  [DONE] TestMenuKeyboardRightArrowMatchesWindowsMenuLoop
  [START] TestStationaryMouseDoesNotOverrideKeyboardRootSwitch
    [TRACE] attached host dtor: begin
    [TRACE] attached host dtor: host detached
    [TRACE] attached host dtor: hwnd reset
  [DONE] TestStationaryMouseDoesNotOverrideKeyboardRootSwitch
  [START] TestMenuPointerOverSiblingRootSwitchesOpenMenu
    [TRACE] attached host dtor: begin
    [TRACE] attached host dtor: host detached
    [TRACE] attached host dtor: hwnd reset
  [DONE] TestMenuPointerOverSiblingRootSwitchesOpenMenu
  [START] TestMenuPopupMouseMoveUsesDeliveredPointForRootSwitch
    [TRACE] attached host dtor: begin
    [TRACE] attached host dtor: host detached
    [TRACE] attached host dtor: hwnd reset
  [DONE] TestMenuPopupMouseMoveUsesDeliveredPointForRootSwitch
  [START] TestMenuOwnerMouseMoveRoutesRootSwitchImmediately
    [TRACE] attached host dtor: begin
    [TRACE] attached host dtor: host detached
    [TRACE] attached host dtor: hwnd reset
  [DONE] TestMenuOwnerMouseMoveRoutesRootSwitchImmediately
  [START] TestMenuBarHoverMessageSwitchesRootWhenCursorOutsidePopup
    [TRACE] attached host dtor: begin
    [TRACE] attached host dtor: host detached
    [TRACE] attached host dtor: hwnd reset
  [DONE] TestMenuBarHoverMessageSwitchesRootWhenCursorOutsidePopup
  [START] TestMenuBarHoverMessageSwitchesRootWhilePopupOverlapsMenuBar
    [TRACE] attached host dtor: begin
    [TRACE] attached host dtor: host detached
    [TRACE] attached host dtor: hwnd reset
  [DONE] TestMenuBarHoverMessageSwitchesRootWhilePopupOverlapsMenuBar
  [START] TestMenuRootSwitchUsesDeliveredOwnerMouseMoveAfterPopupSwitch
    [TRACE] attached host dtor: begin
    [TRACE] attached host dtor: host detached
    [TRACE] attached host dtor: hwnd reset
  [DONE] TestMenuRootSwitchUsesDeliveredOwnerMouseMoveAfterPopupSwitch
  [START] TestMenuRootSwitchDoesNotPollCursorWhileIdle
    [TRACE] attached host dtor: begin
    [TRACE] attached host dtor: host detached
    [TRACE] attached host dtor: hwnd reset
  [DONE] TestMenuRootSwitchDoesNotPollCursorWhileIdle
  [START] TestMenuHoveringSiblingClosesOpenSubmenuAfterDelay
    [TRACE] attached host dtor: begin
    [TRACE] attached host dtor: host detached
    [TRACE] attached host dtor: hwnd reset
  [DONE] TestMenuHoveringSiblingClosesOpenSubmenuAfterDelay
  [START] TestMenuHoveringSiblingWithChildrenReplacesOpenSubmenuAfterDelay
    [TRACE] attached host dtor: begin
    [TRACE] attached host dtor: host detached
    [TRACE] attached host dtor: hwnd reset
  [DONE] TestMenuHoveringSiblingWithChildrenReplacesOpenSubmenuAfterDelay
  [START] TestMenuPointerInsideSubmenuAndParentItemCancelPendingCloseDelay
    [TRACE] attached host dtor: begin
    [TRACE] attached host dtor: host detached
    [TRACE] attached host dtor: hwnd reset
  [DONE] TestMenuPointerInsideSubmenuAndParentItemCancelPendingCloseDelay
  [START] TestMenuKeyboardTabExitsMenuLoop
SKIPPED: DxUi menu popup requires an interactive desktop for native menu-bar focus dismissal
    [TRACE] attached host dtor: begin
    [TRACE] attached host dtor: host detached
    [TRACE] attached host dtor: hwnd reset
  [DONE] TestMenuKeyboardTabExitsMenuLoop
  [START] TestMenuKeyboardF10ExitsMenuLoop
SKIPPED: DxUi menu popup requires an interactive desktop for native menu-bar focus dismissal
    [TRACE] attached host dtor: begin
    [TRACE] attached host dtor: host detached
    [TRACE] attached host dtor: hwnd reset
  [DONE] TestMenuKeyboardF10ExitsMenuLoop
  [START] TestMenuKeyboardAltExitsMenuLoop
SKIPPED: DxUi menu popup requires an interactive desktop for native menu-bar focus dismissal
    [TRACE] attached host dtor: begin
    [TRACE] attached host dtor: host detached
    [TRACE] attached host dtor: hwnd reset
  [DONE] TestMenuKeyboardAltExitsMenuLoop
  [START] TestMenuKeyboardLeftArrowMatchesWindowsMenuLoop
    [TRACE] attached host dtor: begin
    [TRACE] attached host dtor: host detached
    [TRACE] attached host dtor: hwnd reset
  [DONE] TestMenuKeyboardLeftArrowMatchesWindowsMenuLoop
  [START] TestNativeMenuBarRestoresFocusAfterMenuDismiss
SKIPPED: DxUi menu popup requires an interactive desktop for native menu-bar focus restoration
    [TRACE] attached host dtor: begin
    [TRACE] attached host dtor: host detached
    [TRACE] attached host dtor: hwnd reset
  [DONE] TestNativeMenuBarRestoresFocusAfterMenuDismiss
  [START] TestNativeMenuBarNestedPopupCanDestroyHostSafely
SKIPPED: DxUi native menu destruction proof requires an interactive desktop
    [TRACE] attached host dtor: begin
    [TRACE] attached host dtor: host detached
    [TRACE] attached host dtor: hwnd reset
  [DONE] TestNativeMenuBarNestedPopupCanDestroyHostSafely
  [START] TestMenuInfoRowsDoNotDismissOnClick
    [TRACE] attached host dtor: begin
    [TRACE] attached host dtor: host detached
    [TRACE] attached host dtor: hwnd reset
  [DONE] TestMenuInfoRowsDoNotDismissOnClick
  [START] TestMenuPopupPositionClampsAcrossDpiMatrix
  [DONE] TestMenuPopupPositionClampsAcrossDpiMatrix
  [START] TestMenuPopupPositionSupportsRightAlignedRootAnchors
  [DONE] TestMenuPopupPositionSupportsRightAlignedRootAnchors
  [START] TestMenuPopupPositionSupportsAboveRightAlignedRootAnchors
  [DONE] TestMenuPopupPositionSupportsAboveRightAlignedRootAnchors
  [START] TestMenuInfoRowsUseMeasuredValueColumnWidth
    [TRACE] attached host dtor: begin
    [TRACE] attached host dtor: host detached
    [TRACE] attached host dtor: hwnd reset
  [DONE] TestMenuInfoRowsUseMeasuredValueColumnWidth
  [START] TestMenuStandardRowsDeriveAndAlignShortcutColumnFromTabbedText
    [TRACE] attached host dtor: begin
    [TRACE] attached host dtor: host detached
    [TRACE] attached host dtor: hwnd reset
  [DONE] TestMenuStandardRowsDeriveAndAlignShortcutColumnFromTabbedText
  [START] TestMenuShortcutRowsReserveChevronLaneWhenAnySubmenuExists
    [TRACE] attached host dtor: begin
    [TRACE] attached host dtor: host detached
    [TRACE] attached host dtor: hwnd reset
  [DONE] TestMenuShortcutRowsReserveChevronLaneWhenAnySubmenuExists
  [START] TestMenuBitmapIconsReachPopupLayout
    [TRACE] attached host dtor: begin
    [TRACE] attached host dtor: host detached
    [TRACE] attached host dtor: hwnd reset
  [DONE] TestMenuBitmapIconsReachPopupLayout
  [START] TestMenuPopupMaterialsProduceDistinctCaptures
    [TRACE] attached host dtor: begin
    [TRACE] attached host dtor: host detached
    [TRACE] attached host dtor: hwnd reset
    [TRACE] attached host dtor: begin
    [TRACE] attached host dtor: host detached
    [TRACE] attached host dtor: hwnd reset
    [TRACE] attached host dtor: begin
    [TRACE] attached host dtor: host detached
    [TRACE] attached host dtor: hwnd reset
  [DONE] TestMenuPopupMaterialsProduceDistinctCaptures
  [START] TestMenuRainbowHoverUsesSeededHighlightContrast
    [TRACE] attached host dtor: begin
    [TRACE] attached host dtor: host detached
    [TRACE] attached host dtor: hwnd reset
  [DONE] TestMenuRainbowHoverUsesSeededHighlightContrast
  [START] TestMenuHoverContrastAppliesToGlyphsAcrossThemes
    [TRACE] attached host dtor: begin
    [TRACE] attached host dtor: host detached
    [TRACE] attached host dtor: hwnd reset
  [DONE] TestMenuHoverContrastAppliesToGlyphsAcrossThemes
  [START] TestMenuRainbowCheckedItemUsesAccentIndicator
    [TRACE] attached host dtor: begin
    [TRACE] attached host dtor: host detached
    [TRACE] attached host dtor: hwnd reset
  [DONE] TestMenuRainbowCheckedItemUsesAccentIndicator
  [START] TestMenuCheckedRowsDoNotPaintSecondFullRowSelection
    [TRACE] attached host dtor: begin
    [TRACE] attached host dtor: host detached
    [TRACE] attached host dtor: hwnd reset
  [DONE] TestMenuCheckedRowsDoNotPaintSecondFullRowSelection
  [START] TestMenuCheckedRowsDoNotPaintLeadingCheckedBox
    [TRACE] attached host dtor: begin
    [TRACE] attached host dtor: host detached
    [TRACE] attached host dtor: hwnd reset
  [DONE] TestMenuCheckedRowsDoNotPaintLeadingCheckedBox
  [START] TestMenuPopupCompositionHostUsesTransparentShadowMargins
    [TRACE] attached host dtor: begin
    [TRACE] attached host dtor: host detached
    [TRACE] attached host dtor: hwnd reset
  [DONE] TestMenuPopupCompositionHostUsesTransparentShadowMargins
  [START] TestMenuPopupWindowClassDoesNotUseNativeDropShadow
    [TRACE] attached host dtor: begin
    [TRACE] attached host dtor: host detached
    [TRACE] attached host dtor: hwnd reset
  [DONE] TestMenuPopupWindowClassDoesNotUseNativeDropShadow
  [START] TestMenuPopupSubmenuFlipsLeftNearRightEdge
  [DONE] TestMenuPopupSubmenuFlipsLeftNearRightEdge
  [START] TestMenuPopupAcrylicLightVisualBaseline
    [TRACE] attached host dtor: begin
    [TRACE] attached host dtor: host detached
    [TRACE] attached host dtor: hwnd reset
  [DONE] TestMenuPopupAcrylicLightVisualBaseline
  [START] TestMenuPopupKeepsSystemBackdropDisabledForAppRenderedMaterials
    [TRACE] attached host dtor: begin
    [TRACE] attached host dtor: host detached
    [TRACE] attached host dtor: hwnd reset
  [DONE] TestMenuPopupKeepsSystemBackdropDisabledForAppRenderedMaterials
  [START] TestMenuAcrylicBackdropScenarioEmitsMetrics
    [TRACE] attached host dtor: begin
    [TRACE] attached host dtor: host detached
    [TRACE] attached host dtor: hwnd reset
  [DONE] TestMenuAcrylicBackdropScenarioEmitsMetrics
  [START] TestSplitButtonContextMenuSentMouseMessagesHoverAndOutsideDismiss
    [TRACE] attached host dtor: begin
    [TRACE] attached host dtor: host detached
    [TRACE] attached host dtor: hwnd reset
  [DONE] TestSplitButtonContextMenuSentMouseMessagesHoverAndOutsideDismiss
  [START] TestContextMenuPopupRelayoutsOnDpiChanged
    [TRACE] attached host dtor: begin
    [TRACE] attached host dtor: host detached
    [TRACE] attached host dtor: hwnd reset
  [DONE] TestContextMenuPopupRelayoutsOnDpiChanged
  [START] TestContextMenuDpiRelayoutConstrainsOversizedContentToWorkArea
    [TRACE] attached host dtor: begin
    [TRACE] attached host dtor: host detached
    [TRACE] attached host dtor: hwnd reset
  [DONE] TestContextMenuDpiRelayoutConstrainsOversizedContentToWorkArea
[DONE] Menu
All DxUi tests passed.
