╭────────────────────────────────────────────────────────────────────────╮
│                                                                        │
│                      ██████╗ ██╗  ██╗██╗   ██╗██╗                      │
│                      ██╔══██╗╚██╗██╔╝██║   ██║██║                      │
│                      ██║  ██║ ╚███╔╝ ██║   ██║██║                      │
│                      ██║  ██║ ██╔██╗ ██║   ██║██║                      │
│                      ██████╔╝██╔╝ ██╗╚██████╔╝██║                      │
│                      ╚═════╝ ╚═╝  ╚═╝ ╚═════╝ ╚═╝                      │
│                                                                        │
│      ✦  PIXELS PRIMED  •  CONTROLS READY  •  COMPILE MODE: GO!  ✦      │
│                 ⚡  ASAN DEBUG  /  ARM64  /  BUILD  ⚡                 │
│                                                                        │
╰────────────────────────────────────────────────────────────────────────╯

Locating Visual Studio and MSBuild...
Build configuration:
  Configuration: ASan Debug
  Platform:      ARM64
  Target:        Build
  Toolchain:     C:\Program Files\Microsoft Visual Studio\18\Insiders
  Output:        Z:\src\DxUi\.build\

Compiling DxUi...

  ControlCatalog.cpp
  DxUi.Accessibility.cpp
  DxUi.ComboBox.cpp
  DxUi.Controls.cpp
  DxUi.EditorControls.cpp
  DxUi.Grid.cpp
  DxUi.Menu.cpp
  DxUi.NativeTextInput.cpp
  DxUi.Scrollbar.cpp
  DxUi.SingleLineTextEditing.cpp
  DxUi.TextInput.cpp
  DxUi.TextStoreACP.cpp
  DxUi.Theme.cpp
  DxUi.Tree.cpp
  DxUi.Typeahead.cpp
  DxUi.WindowHost.cpp
  DxUi.cpp
  NativeMenuInterop.cpp
  TextClipboard.cpp
  TextInputServices.cpp
  Generating Code...
  Compiling...
  FrameRuntime.cpp
  Embedded.cpp
  Generating Code...
  DxUi.vcxproj -> Z:\src\DxUi\.build\ARM64\ASan Debug\DxUi.lib
  InteractiveLease.Tests.Runner.cpp
  Main.cpp
  Embedded.Tests.Embedded.cpp
  Foundation.Tests.PublicHelpers.cpp
  DxUi.Tests.Accessibility.cpp
  DxUi.FoundationTests.vcxproj -> Z:\src\DxUi\.build\ARM64\ASan Debug\DxUi.FoundationTests.exe
  DxUi.InteractiveLease.vcxproj -> Z:\src\DxUi\.build\ARM64\ASan Debug\DxUi.InteractiveLease.exe
  DxUi.EmbeddedControls.vcxproj -> Z:\src\DxUi\.build\ARM64\ASan Debug\DxUi.EmbeddedControls.exe
  DxUi.EmbeddedTests.vcxproj -> Z:\src\DxUi\.build\ARM64\ASan Debug\DxUi.EmbeddedTests.exe
  DxUi.Tests.Animation.cpp
  DxUi.Tests.ComboBox.cpp
  DxUi.Tests.Controls.cpp
  DxUi.Tests.EditorControls.cpp
  DxUi.Tests.Gallery.cpp
  DxUi.Tests.Grid.cpp
  DxUi.Tests.InteractiveLease.cpp
  DxUi.Tests.Menu.cpp
  DxUi.Tests.MultilineText.cpp
  DxUi.Tests.NativeTextInput.cpp
  DxUi.Tests.NewControls.cpp
  DxUi.Tests.ReadOnly.cpp
  DxUi.Tests.Rendering.cpp
  DxUi.Tests.Runner.cpp
  DxUi.Tests.TextField.cpp
  DxUi.Tests.Theme.cpp
  DxUi.Tests.Tooltip.cpp
  DxUi.Tests.Tree.cpp
  DxUi.Tests.WindowHost.cpp
  Generating Code...
  DxUi.ControlTests.vcxproj -> Z:\src\DxUi\.build\ARM64\ASan Debug\DxUi.ControlTests.exe

========================================
DxUi build passed in 02:30
Output: Z:\src\DxUi\.build\
Log: Z:\src\DxUi\.build\logs\build-ARM64-ASan Debug-cfd4570d6908491999398fc4cee0289d.log
========================================
