PASS DxUi update advisory: same
PASS DxUi update advisory: green
PASS DxUi update advisory: pending
PASS DxUi update advisory: failed
PASS DxUi update advisory: absent
PASS DxUi update advisory: divergent
PASS DxUi update advisory: ahead
PASS DxUi update advisory: offline
PASS DxUi update advisory: wrong-run
PASS DxUi update advisory: malformed
PASS ARM64 AddressSanitizer runtime staging and missing-runtime rejection
╭────────────────────────────────────────────────────────────────────────╮
│                                                                        │
│                      ██████╗ ██╗  ██╗██╗   ██╗██╗                      │
│                      ██╔══██╗╚██╗██╔╝██║   ██║██║                      │
│                      ██║  ██║ ╚███╔╝ ██║   ██║██║                      │
│                      ██║  ██║ ██╔██╗ ██║   ██║██║                      │
│                      ██████╔╝██╔╝ ██╗╚██████╔╝██║                      │
│                      ╚═════╝ ╚═╝  ╚═╝ ╚═════╝ ╚═╝                      │
│                                                                        │
│      ✦  PIXELS PRIMED  •  CONTROLS READY  •  COMPILE MODE: GO!  ✦      │
│                   ⚡  RELEASE  /  X64  /  BUILD  ⚡                    │
│                                                                        │
╰────────────────────────────────────────────────────────────────────────╯

Locating Visual Studio and MSBuild...
Build configuration:
  Configuration: Release
  Platform:      x64
  Target:        Build
  Toolchain:     C:\Program Files\Microsoft Visual Studio\18\Insiders
  Output:        Z:\src\DxUi\.build\

Compiling DxUi...

  DxUi.Controls.cpp
  DxUi.vcxproj -> Z:\src\DxUi\.build\x64\Release\DxUi.lib
  DxUiTests.Gallery.cpp
  DxUi.EmbeddedTests.vcxproj -> Z:\src\DxUi\.build\x64\Release\DxUi.EmbeddedTests.exe
  DxUi.EmbeddedControls.vcxproj -> Z:\src\DxUi\.build\x64\Release\DxUi.EmbeddedControls.exe
  DxUi.FoundationTests.vcxproj -> Z:\src\DxUi\.build\x64\Release\DxUi.FoundationTests.exe
  DxUi.ControlTests.vcxproj -> Z:\src\DxUi\.build\x64\Release\DxUi.ControlTests.exe

========================================
DxUi build passed in 00:08
Output: Z:\src\DxUi\.build\
Log: Z:\src\DxUi\.build\logs\build-x64-Release-391703f8cd7d4246bc0526522141a4b0.log
========================================
Complex UI clean round 1: 2492.79 completed offscreen FPS; p95 0.5683 ms; private 26787840 bytes
Complex UI clean round 2: 2569.77 completed offscreen FPS; p95 0.4329 ms; private 26849280 bytes
Complex UI clean round 3: 2556.87 completed offscreen FPS; p95 0.4216 ms; private 27729920 bytes
Complex UI clean round 4: 2522 completed offscreen FPS; p95 0.4306 ms; private 27779072 bytes
Complex UI clean round 5: 2506.03 completed offscreen FPS; p95 0.4454 ms; private 27795456 bytes
Complex UI dirty round 1: 570.32 completed offscreen FPS; p95 1.926 ms; private 29347840 bytes
Complex UI dirty round 2: 583.221 completed offscreen FPS; p95 1.9116 ms; private 29437952 bytes
Complex UI dirty round 3: 569.13 completed offscreen FPS; p95 1.9806 ms; private 29470720 bytes
Complex UI dirty round 4: 568.476 completed offscreen FPS; p95 1.877 ms; private 29528064 bytes
Complex UI dirty round 5: 557.309 completed offscreen FPS; p95 1.954 ms; private 29437952 bytes
Performance comparison: unpaired
Performance receipt: Z:\src\DxUi\.build\reports\Performance-x64-Release-ace2a8c11f2c4f46a021e0868bcd47f8.json
Running Foundation (x64 Release)
PASS Foundation (0 capability skips recorded)
Running Embedded (x64 Release)
PASS Embedded (0 capability skips recorded)
Running Grid (x64 Release)
PASS Grid (0 capability skips recorded)
Running Theme (x64 Release)
PASS Theme (0 capability skips recorded)
Running Control (x64 Release)
PASS Control (0 capability skips recorded)
Running Menu (x64 Release)
PASS Menu (9 capability skips recorded)
Running NewControls (x64 Release)
PASS NewControls (0 capability skips recorded)
Running TextField (x64 Release)
PASS TextField (0 capability skips recorded)
Running NativeTextInput (x64 Release)
PASS NativeTextInput (0 capability skips recorded)
Running MultilineText (x64 Release)
PASS MultilineText (0 capability skips recorded)
Running ReadOnly (x64 Release)
PASS ReadOnly (0 capability skips recorded)
Running ComboBox (x64 Release)
PASS ComboBox (0 capability skips recorded)
Running Tree (x64 Release)
PASS Tree (0 capability skips recorded)
Running Tooltip (x64 Release)
PASS Tooltip (0 capability skips recorded)
Running Rendering (x64 Release)
PASS Rendering (0 capability skips recorded)
Running Animation (x64 Release)
PASS Animation (0 capability skips recorded)
Running Accessibility (x64 Release)
PASS Accessibility (0 capability skips recorded)
Running WindowHost (x64 Release)
PASS WindowHost (0 capability skips recorded)
All 18 requested suites passed.
