[START] MultilineText
  [START] TestMultilineTextFieldCtrlASelectionReplacesAllText
  [DONE] TestMultilineTextFieldCtrlASelectionReplacesAllText
  [START] TestWrappedMultilineTextFieldCtrlASelectionReplacesAllText
  [DONE] TestWrappedMultilineTextFieldCtrlASelectionReplacesAllText
  [START] TestMultilineTextFieldSelectAllReplacesAllText
  [DONE] TestMultilineTextFieldSelectAllReplacesAllText
  [START] TestWrappedMultilineTextFieldSelectAllReplacesAllText
  [DONE] TestWrappedMultilineTextFieldSelectAllReplacesAllText
  [START] TestMultilineTextFieldBackspaceDeleteRemoveSelectedRange
  [DONE] TestMultilineTextFieldBackspaceDeleteRemoveSelectedRange
  [START] TestWrappedMultilineTextFieldBackspaceDeleteRemoveSelectedRange
  [DONE] TestWrappedMultilineTextFieldBackspaceDeleteRemoveSelectedRange
  [START] TestMultilineTextFieldBackspaceDeleteRemovesSelectionAcrossLogicalNewline
  [DONE] TestMultilineTextFieldBackspaceDeleteRemovesSelectionAcrossLogicalNewline
  [START] TestMultilineTextFieldBackspaceDeleteAtBoundariesLeaveTextUnchanged
  [DONE] TestMultilineTextFieldBackspaceDeleteAtBoundariesLeaveTextUnchanged
  [START] TestWrappedMultilineTextFieldBackspaceDeleteAtBoundariesLeaveTextUnchanged
  [DONE] TestWrappedMultilineTextFieldBackspaceDeleteAtBoundariesLeaveTextUnchanged
  [START] TestMultilineTextFieldBackspaceDeleteAtCollapsedCaretRemovesSingleCharacter
  [DONE] TestMultilineTextFieldBackspaceDeleteAtCollapsedCaretRemovesSingleCharacter
  [START] TestMultilineTextFieldBackspaceDeleteAtLogicalNewlineMergesLines
  [DONE] TestMultilineTextFieldBackspaceDeleteAtLogicalNewlineMergesLines
  [START] TestWrappedMultilineTextFieldBackspaceDeleteAtCollapsedCaretRemovesSingleCharacter
  [DONE] TestWrappedMultilineTextFieldBackspaceDeleteAtCollapsedCaretRemovesSingleCharacter
  [START] TestMultilineTextFieldCtrlInsertCopiesSelection
  [DONE] TestMultilineTextFieldCtrlInsertCopiesSelection
  [START] TestMultilineTextFieldCtrlCCopiesSelection
  [DONE] TestMultilineTextFieldCtrlCCopiesSelection
  [START] TestMultilineTextFieldCtrlInsertWithoutSelectionLeavesClipboardUnchanged
  [DONE] TestMultilineTextFieldCtrlInsertWithoutSelectionLeavesClipboardUnchanged
  [START] TestMultilineTextFieldCtrlCWithoutSelectionLeavesClipboardUnchanged
  [DONE] TestMultilineTextFieldCtrlCWithoutSelectionLeavesClipboardUnchanged
  [START] TestMultilineTextFieldCtrlXCutsSelection
  [DONE] TestMultilineTextFieldCtrlXCutsSelection
  [START] TestMultilineTextFieldCtrlInsertCopiesSelectionAcrossLogicalNewline
  [DONE] TestMultilineTextFieldCtrlInsertCopiesSelectionAcrossLogicalNewline
  [START] TestMultilineTextFieldCtrlCCopiesSelectionAcrossLogicalNewline
  [DONE] TestMultilineTextFieldCtrlCCopiesSelectionAcrossLogicalNewline
  [START] TestMultilineTextFieldCtrlXCutsSelectionAcrossLogicalNewline
  [DONE] TestMultilineTextFieldCtrlXCutsSelectionAcrossLogicalNewline
  [START] TestMultilineTextFieldCtrlXWithoutSelectionLeavesClipboardUnchanged
  [DONE] TestMultilineTextFieldCtrlXWithoutSelectionLeavesClipboardUnchanged
  [START] TestMultilineTextFieldShiftDeleteCutsSelection
  [DONE] TestMultilineTextFieldShiftDeleteCutsSelection
  [START] TestMultilineTextFieldShiftDeleteCutsSelectionAcrossLogicalNewline
  [DONE] TestMultilineTextFieldShiftDeleteCutsSelectionAcrossLogicalNewline
  [START] TestMultilineTextFieldShiftDeleteWithoutSelectionLeavesClipboardUnchanged
  [DONE] TestMultilineTextFieldShiftDeleteWithoutSelectionLeavesClipboardUnchanged
  [START] TestWrappedMultilineTextFieldCtrlInsertCopiesSelection
  [DONE] TestWrappedMultilineTextFieldCtrlInsertCopiesSelection
  [START] TestWrappedMultilineTextFieldCtrlCCopiesSelection
  [DONE] TestWrappedMultilineTextFieldCtrlCCopiesSelection
  [START] TestWrappedMultilineTextFieldCtrlInsertWithoutSelectionLeavesClipboardUnchanged
  [DONE] TestWrappedMultilineTextFieldCtrlInsertWithoutSelectionLeavesClipboardUnchanged
  [START] TestWrappedMultilineTextFieldCtrlCWithoutSelectionLeavesClipboardUnchanged
  [DONE] TestWrappedMultilineTextFieldCtrlCWithoutSelectionLeavesClipboardUnchanged
  [START] TestWrappedMultilineTextFieldCtrlXCutsSelection
  [DONE] TestWrappedMultilineTextFieldCtrlXCutsSelection
  [START] TestWrappedMultilineTextFieldCtrlInsertCopiesPartialSelection
  [DONE] TestWrappedMultilineTextFieldCtrlInsertCopiesPartialSelection
  [START] TestWrappedMultilineTextFieldCtrlCCopiesPartialSelection
  [DONE] TestWrappedMultilineTextFieldCtrlCCopiesPartialSelection
  [START] TestWrappedMultilineTextFieldCtrlXCutsPartialSelection
  [DONE] TestWrappedMultilineTextFieldCtrlXCutsPartialSelection
  [START] TestWrappedMultilineTextFieldCtrlXWithoutSelectionLeavesClipboardUnchanged
  [DONE] TestWrappedMultilineTextFieldCtrlXWithoutSelectionLeavesClipboardUnchanged
  [START] TestWrappedMultilineTextFieldShiftDeleteCutsSelection
  [DONE] TestWrappedMultilineTextFieldShiftDeleteCutsSelection
  [START] TestWrappedMultilineTextFieldShiftDeleteCutsPartialSelection
  [DONE] TestWrappedMultilineTextFieldShiftDeleteCutsPartialSelection
  [START] TestWrappedMultilineTextFieldShiftDeleteWithoutSelectionLeavesClipboardUnchanged
  [DONE] TestWrappedMultilineTextFieldShiftDeleteWithoutSelectionLeavesClipboardUnchanged
  [START] TestMultilineTextFieldShiftInsertPastesClipboard
  [DONE] TestMultilineTextFieldShiftInsertPastesClipboard
  [START] TestWrappedMultilineTextFieldShiftInsertPastesClipboard
  [DONE] TestWrappedMultilineTextFieldShiftInsertPastesClipboard
  [START] TestMultilineTextFieldCtrlVPastesClipboard
  [DONE] TestMultilineTextFieldCtrlVPastesClipboard
  [START] TestWrappedMultilineTextFieldCtrlVPastesClipboard
  [DONE] TestWrappedMultilineTextFieldCtrlVPastesClipboard
  [START] TestMultilineTextFieldShiftInsertReplacesPartialSelectionAcrossLogicalNewline
  [DONE] TestMultilineTextFieldShiftInsertReplacesPartialSelectionAcrossLogicalNewline
  [START] TestMultilineTextFieldCtrlVReplacesPartialSelectionAcrossLogicalNewline
  [DONE] TestMultilineTextFieldCtrlVReplacesPartialSelectionAcrossLogicalNewline
  [START] TestWrappedMultilineTextFieldShiftInsertReplacesPartialSelection
  [DONE] TestWrappedMultilineTextFieldShiftInsertReplacesPartialSelection
  [START] TestWrappedMultilineTextFieldCtrlVReplacesPartialSelection
  [DONE] TestWrappedMultilineTextFieldCtrlVReplacesPartialSelection
  [START] TestMultilineTextFieldUndoRedoRestoresCollapsedCaretInsertion
  [DONE] TestMultilineTextFieldUndoRedoRestoresCollapsedCaretInsertion
  [START] TestWrappedMultilineTextFieldUndoRedoRestoresCollapsedCaretInsertion
  [DONE] TestWrappedMultilineTextFieldUndoRedoRestoresCollapsedCaretInsertion
  [START] TestMultilineTextFieldUndoRedoRestoresSelectAllReplacement
  [DONE] TestMultilineTextFieldUndoRedoRestoresSelectAllReplacement
  [START] TestWrappedMultilineTextFieldUndoRedoRestoresSelectAllReplacement
  [DONE] TestWrappedMultilineTextFieldUndoRedoRestoresSelectAllReplacement
  [START] TestMultilineTextFieldUndoRedoRestoresPartialSelectionReplacement
  [DONE] TestMultilineTextFieldUndoRedoRestoresPartialSelectionReplacement
  [START] TestWrappedMultilineTextFieldUndoRedoRestoresPartialSelectionReplacement
  [DONE] TestWrappedMultilineTextFieldUndoRedoRestoresPartialSelectionReplacement
  [START] TestMultilineTextFieldUndoRedoWithoutHistoryLeavesTextAndCaretUnchanged
  [DONE] TestMultilineTextFieldUndoRedoWithoutHistoryLeavesTextAndCaretUnchanged
  [START] TestWrappedMultilineTextFieldUndoRedoWithoutHistoryLeavesTextAndCaretUnchanged
  [DONE] TestWrappedMultilineTextFieldUndoRedoWithoutHistoryLeavesTextAndCaretUnchanged
  [START] TestMultilineTextFieldRedoClearsAfterNewEdit
  [DONE] TestMultilineTextFieldRedoClearsAfterNewEdit
  [START] TestWrappedMultilineTextFieldRedoClearsAfterNewEdit
  [DONE] TestWrappedMultilineTextFieldRedoClearsAfterNewEdit
  [START] TestMultilineTextFieldMouseClickPlacesCaretByPointAndTypesAtCaret
  [DONE] TestMultilineTextFieldMouseClickPlacesCaretByPointAndTypesAtCaret
  [START] TestMultilineTextFieldDragSelectionReplacesDraggedRange
  [DONE] TestMultilineTextFieldDragSelectionReplacesDraggedRange
  [START] TestMultilineTextFieldShiftClickExtendsSelectionAndReplacesRange
  [DONE] TestMultilineTextFieldShiftClickExtendsSelectionAndReplacesRange
  [START] TestMultilineTextFieldDoubleClickSelectsWordByPointAndReplacesRange
  [DONE] TestMultilineTextFieldDoubleClickSelectsWordByPointAndReplacesRange
  [START] TestMultilineTextFieldArrowKeysMoveCaretByCodeUnit
  [DONE] TestMultilineTextFieldArrowKeysMoveCaretByCodeUnit
  [START] TestMultilineTextFieldShiftArrowExtendsSelection
  [DONE] TestMultilineTextFieldShiftArrowExtendsSelection
  [START] TestMultilineTextFieldHomeEndUseLineBoundaries
  [DONE] TestMultilineTextFieldHomeEndUseLineBoundaries
  [START] TestMultilineTextFieldShiftHomeEndExtendSelection
  [DONE] TestMultilineTextFieldShiftHomeEndExtendSelection
  [START] TestMultilineTextFieldCtrlShiftHomeEndExtendSelection
  [DONE] TestMultilineTextFieldCtrlShiftHomeEndExtendSelection
  [START] TestMultilineTextFieldCtrlBackspaceDeletesPreviousWord
  [DONE] TestMultilineTextFieldCtrlBackspaceDeletesPreviousWord
  [START] TestMultilineTextFieldCtrlDeleteDeletesNextWord
  [DONE] TestMultilineTextFieldCtrlDeleteDeletesNextWord
  [START] TestMultilineTextFieldCtrlArrowMovesByWordBoundary
  [DONE] TestMultilineTextFieldCtrlArrowMovesByWordBoundary
  [START] TestMultilineTextFieldCtrlShiftArrowExtendsSelectionByWord
  [DONE] TestMultilineTextFieldCtrlShiftArrowExtendsSelectionByWord
  [START] TestMultilineTextFieldUpDownPreservePreferredColumn
  [DONE] TestMultilineTextFieldUpDownPreservePreferredColumn
  [START] TestMultilineTextFieldShiftUpDownExtendSelection
  [DONE] TestMultilineTextFieldShiftUpDownExtendSelection
  [START] TestMultilineTextFieldPageUpDownUseViewportLines
  [DONE] TestMultilineTextFieldPageUpDownUseViewportLines
  [START] TestWrappedMultilineTextFieldArrowKeysUseVisualLines
  [DONE] TestWrappedMultilineTextFieldArrowKeysUseVisualLines
  [START] TestWrappedMultilineTextFieldCtrlArrowUsesWordBoundaries
  [DONE] TestWrappedMultilineTextFieldCtrlArrowUsesWordBoundaries
  [START] TestWrappedMultilineTextFieldCtrlShiftArrowExtendsSelectionByWord
  [DONE] TestWrappedMultilineTextFieldCtrlShiftArrowExtendsSelectionByWord
  [START] TestWrappedMultilineTextFieldShiftArrowExtendsSelectionAndReplacesRange
  [DONE] TestWrappedMultilineTextFieldShiftArrowExtendsSelectionAndReplacesRange
  [START] TestWrappedMultilineTextFieldShiftHomeEndExtendSelectionAndReplaceRange
  [DONE] TestWrappedMultilineTextFieldShiftHomeEndExtendSelectionAndReplaceRange
  [START] TestWrappedMultilineTextFieldCtrlShiftHomeEndExtendSelectionAndReplaceRange
  [DONE] TestWrappedMultilineTextFieldCtrlShiftHomeEndExtendSelectionAndReplaceRange
  [START] TestWrappedMultilineTextFieldShiftUpDownExtendSelectionAndReplaceRange
  [DONE] TestWrappedMultilineTextFieldShiftUpDownExtendSelectionAndReplaceRange
  [START] TestWrappedMultilineTextFieldCtrlBackspaceDeleteUsesWordBoundaries
  [DONE] TestWrappedMultilineTextFieldCtrlBackspaceDeleteUsesWordBoundaries
  [START] TestWrappedMultilineTextFieldMouseClickPlacesCaretByPointAndTypesAtCaret
  [DONE] TestWrappedMultilineTextFieldMouseClickPlacesCaretByPointAndTypesAtCaret
  [START] TestWrappedMultilineTextFieldDoubleClickSelectsWordByPointAndReplacesRange
  [DONE] TestWrappedMultilineTextFieldDoubleClickSelectsWordByPointAndReplacesRange
  [START] TestWrappedMultilineTextFieldDragSelectionReplacesDraggedRange
  [DONE] TestWrappedMultilineTextFieldDragSelectionReplacesDraggedRange
  [START] TestWrappedMultilineTextFieldShiftClickExtendsSelectionAndReplacesRange
  [DONE] TestWrappedMultilineTextFieldShiftClickExtendsSelectionAndReplacesRange
  [START] TestWrappedMultilineTextFieldPageKeysUseVisualLines
  [DONE] TestWrappedMultilineTextFieldPageKeysUseVisualLines
  [START] TestWrappedMultilineTextFieldShiftPageDownExtendsSelectionAndReplacesRange
All DxUi tests passed.
  [DONE] TestWrappedMultilineTextFieldShiftPageDownExtendsSelectionAndReplacesRange
  [START] TestWrappedMultilineTextFieldShiftPageUpExtendsSelectionAndReplacesRange
  [DONE] TestWrappedMultilineTextFieldShiftPageUpExtendsSelectionAndReplacesRange
  [START] TestWrappedMultilineTextFieldHomeEndUseVisualLineBoundaries
  [DONE] TestWrappedMultilineTextFieldHomeEndUseVisualLineBoundaries
  [START] TestWrappedMultilineTextFieldCtrlHomeEndUseDocumentBoundaries
  [DONE] TestWrappedMultilineTextFieldCtrlHomeEndUseDocumentBoundaries
  [START] TestMultilineTextFieldShiftPageDownExtendsSelection
  [DONE] TestMultilineTextFieldShiftPageDownExtendsSelection
  [START] TestMultilineTextFieldShiftPageUpExtendsSelection
  [DONE] TestMultilineTextFieldShiftPageUpExtendsSelection
  [START] TestMultilineTextFieldImportKeepsLaterCaretVisible
  [DONE] TestMultilineTextFieldImportKeepsLaterCaretVisible
  [START] TestMultilineTextFieldMouseWheelScrollsViewport
  [DONE] TestMultilineTextFieldMouseWheelScrollsViewport
  [START] TestMultilineTextFieldLargeWheelDeltaUsesFullMagnitude
  [DONE] TestMultilineTextFieldLargeWheelDeltaUsesFullMagnitude
  [START] TestMultilineTextFieldAccumulatesPartialWheelDelta
  [DONE] TestMultilineTextFieldAccumulatesPartialWheelDelta
  [START] TestWrappedMultilineTextFieldMouseWheelUsesLineMetrics
  [DONE] TestWrappedMultilineTextFieldMouseWheelUsesLineMetrics
  [START] TestWrappedMultilineTextFieldCtrlWordNavigationUsesWrappedBoundaries
  [DONE] TestWrappedMultilineTextFieldCtrlWordNavigationUsesWrappedBoundaries
  [START] TestWrappedMultilineTextFieldCtrlShiftWordSelectionUsesWrappedBoundaries
  [DONE] TestWrappedMultilineTextFieldCtrlShiftWordSelectionUsesWrappedBoundaries
  [START] TestMultilineTextFieldReturnInsertsNewlineAndCollapsesSelection
  [DONE] TestMultilineTextFieldReturnInsertsNewlineAndCollapsesSelection
  [START] TestMultilineTextFieldReturnReplacesSelectionWithNewline
  [DONE] TestMultilineTextFieldReturnReplacesSelectionWithNewline
  [START] TestWrappedMultilineTextFieldReturnInsertsNewlineAndCollapsesSelection
  [DONE] TestWrappedMultilineTextFieldReturnInsertsNewlineAndCollapsesSelection
  [START] TestWrappedMultilineTextFieldReturnReplacesSelectionWithNewline
  [DONE] TestWrappedMultilineTextFieldReturnReplacesSelectionWithNewline
  [START] TestMultilineTextFieldMenuKeyInvokesContextMenu
  [DONE] TestMultilineTextFieldMenuKeyInvokesContextMenu
  [START] TestWrappedMultilineTextFieldMenuKeyInvokesContextMenu
  [DONE] TestWrappedMultilineTextFieldMenuKeyInvokesContextMenu
  [START] TestMultilineTextFieldShiftF10InvokesContextMenu
  [DONE] TestMultilineTextFieldShiftF10InvokesContextMenu
  [START] TestWrappedMultilineTextFieldShiftF10InvokesContextMenu
  [DONE] TestWrappedMultilineTextFieldShiftF10InvokesContextMenu
  [START] TestMultilineTextFieldMixedDialogFlowKeepsReturnEscapeAndTabRoutingCorrect
  [DONE] TestMultilineTextFieldMixedDialogFlowKeepsReturnEscapeAndTabRoutingCorrect
  [START] TestWrappedMultilineTextFieldMixedDialogFlowKeepsReturnEscapeAndTabRoutingCorrect
  [DONE] TestWrappedMultilineTextFieldMixedDialogFlowKeepsReturnEscapeAndTabRoutingCorrect
[DONE] MultilineText
