[WATCHDOG] each test may run 300 s; a test that outlives it ends the run with exit code 124
[START] NativeTextInput
  [START] TestNativeClipboardTransportBenchmark
CLIPBOARD_BENCHMARK units=65536 round=1 iterations=50 durationUs=4443 globalAllocations=50 peakGlobalBytes=262148
CLIPBOARD_BENCHMARK units=65536 round=2 iterations=50 durationUs=4131 globalAllocations=50 peakGlobalBytes=262148
CLIPBOARD_BENCHMARK units=65536 round=3 iterations=50 durationUs=4179 globalAllocations=50 peakGlobalBytes=262148
CLIPBOARD_BENCHMARK units=65536 round=4 iterations=50 durationUs=3962 globalAllocations=50 peakGlobalBytes=262148
CLIPBOARD_BENCHMARK units=65536 round=5 iterations=50 durationUs=3990 globalAllocations=50 peakGlobalBytes=262148
  [DONE] TestNativeClipboardTransportBenchmark (0.035 s)
  [START] TestNativeClipboardLargeSelections
  [DONE] TestNativeClipboardLargeSelections (0.347 s)
  [START] TestNativeClipboardFailuresPreserveText
  [DONE] TestNativeClipboardFailuresPreserveText (0.066 s)
  [START] TestEmbeddedClipboardRejectsLargeNativePayload
    [TRACE] attached host dtor: begin
    [TRACE] attached host dtor: host detached
    [TRACE] attached host dtor: hwnd reset
  [DONE] TestEmbeddedClipboardRejectsLargeNativePayload (0.015 s)
  [START] TestApplicationTextStoreInsertionAndLayout
  [DONE] TestApplicationTextStoreInsertionAndLayout (0.000 s)
  [START] TestApplicationTextStoreTransactions
  [DONE] TestApplicationTextStoreTransactions (0.000 s)
  [START] TestApplicationTextStoreDeferredLocks
  [DONE] TestApplicationTextStoreDeferredLocks (0.000 s)
  [START] TestApplicationCompositionCancelAfterFocusReplacement
  [DONE] TestApplicationCompositionCancelAfterFocusReplacement (0.000 s)
  [START] TestApplicationTextStoreFailuresAndGeometry
  [DONE] TestApplicationTextStoreFailuresAndGeometry (0.000 s)
  [START] TestApplicationTextServiceLifecycle
    [TRACE] attached host dtor: begin
    [TRACE] attached host dtor: host detached
    [TRACE] attached host dtor: hwnd reset
  [DONE] TestApplicationTextServiceLifecycle (0.007 s)
  [START] TestApplicationClipboardCommands
    [TRACE] attached host dtor: begin
    [TRACE] attached host dtor: host detached
    [TRACE] attached host dtor: hwnd reset
  [DONE] TestApplicationClipboardCommands (0.008 s)
  [START] TestBoundedClipboardDecode
  [DONE] TestBoundedClipboardDecode (0.001 s)
  [START] TestWindowHostDefaultsToNativeTextInputBackend
    [TRACE] attached host dtor: begin
    [TRACE] attached host dtor: host detached
    [TRACE] attached host dtor: hwnd reset
  [DONE] TestWindowHostDefaultsToNativeTextInputBackend (0.004 s)
  [START] TestNativeTextInputBackendFocusesHostWithoutBridgeChild
    [TRACE] attached host dtor: begin
    [TRACE] attached host dtor: host detached
    [TRACE] attached host dtor: hwnd reset
  [DONE] TestNativeTextInputBackendFocusesHostWithoutBridgeChild (0.115 s)
  [START] TestNativeTextInputBackendActivatesTsfDocumentOnFocus
    [TRACE] attached host dtor: begin
    [TRACE] attached host dtor: host detached
    [TRACE] attached host dtor: hwnd reset
  [DONE] TestNativeTextInputBackendActivatesTsfDocumentOnFocus (0.099 s)
  [START] TestNativeTextInputTsfSequenceRepeatsAfterTheForegroundIsTaken
    [FOREGROUND] DxUi.ControlTests.exe (process 48280) took the foreground in run 1 of 5
    [TRACE] attached host dtor: begin
    [TRACE] attached host dtor: host detached
    [TRACE] attached host dtor: hwnd reset
  [DONE] TestNativeTextInputTsfSequenceRepeatsAfterTheForegroundIsTaken (0.088 s)
  [START] TestForegroundHoldGivesUpAfterTheMaximumRunsAndNamesWhoTookIt
    [FOREGROUND] DxUi.ControlTests.exe (process 48280) took the foreground in run 1 of 3
    [FOREGROUND] DxUi.ControlTests.exe (process 48280) took the foreground in run 2 of 3
    [FOREGROUND] DxUi.ControlTests.exe (process 48280) took the foreground in run 3 of 3
    [TRACE] attached host dtor: begin
    [TRACE] attached host dtor: host detached
    [TRACE] attached host dtor: hwnd reset
  [DONE] TestForegroundHoldGivesUpAfterTheMaximumRunsAndNamesWhoTookIt (0.088 s)
  [START] TestNativeTextInputBackendOwnsSystemCaretOnHostHwnd
    [TRACE] attached host dtor: begin
    [TRACE] attached host dtor: host detached
    [TRACE] attached host dtor: hwnd reset
  [DONE] TestNativeTextInputBackendOwnsSystemCaretOnHostHwnd (0.123 s)
  [START] TestNativeTextInputBackendMovesSystemCaretAfterKeyInput
    [TRACE] attached host dtor: begin
    [TRACE] attached host dtor: host detached
    [TRACE] attached host dtor: hwnd reset
  [DONE] TestNativeTextInputBackendMovesSystemCaretAfterKeyInput (0.093 s)
  [START] TestNativeTextInputBackendClearsSessionWhenRootResets
    [TRACE] attached host dtor: begin
    [TRACE] attached host dtor: host detached
    [TRACE] attached host dtor: hwnd reset
  [DONE] TestNativeTextInputBackendClearsSessionWhenRootResets (0.084 s)
  [START] TestNativeTextInputBackendClearsSessionWhenFocusedControlBecomesStale
    [TRACE] attached host dtor: begin
    [TRACE] attached host dtor: host detached
    [TRACE] attached host dtor: hwnd reset
  [DONE] TestNativeTextInputBackendClearsSessionWhenFocusedControlBecomesStale (0.091 s)
  [START] TestNativeTextInputBackendUpdatesCaretWhenFocusedFieldMoves
    [TRACE] attached host dtor: begin
    [TRACE] attached host dtor: host detached
    [TRACE] attached host dtor: hwnd reset
  [DONE] TestNativeTextInputBackendUpdatesCaretWhenFocusedFieldMoves (0.085 s)
  [START] TestNativeTextInputBackendHostFocusLossControlsNativeSession
    [TRACE] attached host dtor: begin
    [TRACE] attached host dtor: host detached
    [TRACE] attached host dtor: hwnd reset
    [TRACE] attached host dtor: begin
    [TRACE] attached host dtor: host detached
    [TRACE] attached host dtor: hwnd reset
  [DONE] TestNativeTextInputBackendHostFocusLossControlsNativeSession (0.088 s)
  [START] TestNativeTextInputBackendTabMovesFocusToNextControl
    [TRACE] attached host dtor: begin
    [TRACE] attached host dtor: host detached
    [TRACE] attached host dtor: hwnd reset
  [DONE] TestNativeTextInputBackendTabMovesFocusToNextControl (0.090 s)
  [START] TestNativeTextInputBackendMultilineDialogKeysStayHostOwned
    [TRACE] attached host dtor: begin
    [TRACE] attached host dtor: host detached
    [TRACE] attached host dtor: hwnd reset
    [TRACE] attached host dtor: begin
    [TRACE] attached host dtor: host detached
    [TRACE] attached host dtor: hwnd reset
  [DONE] TestNativeTextInputBackendMultilineDialogKeysStayHostOwned (0.174 s)
  [START] TestNativeTextInputBackendEnterInvokesDefaultButton
    [TRACE] attached host dtor: begin
    [TRACE] attached host dtor: host detached
    [TRACE] attached host dtor: hwnd reset
  [DONE] TestNativeTextInputBackendEnterInvokesDefaultButton (0.091 s)
  [START] TestNativeTextInputBackendEscapeInvokesCancelButton
    [TRACE] attached host dtor: begin
    [TRACE] attached host dtor: host detached
    [TRACE] attached host dtor: hwnd reset
  [DONE] TestNativeTextInputBackendEscapeInvokesCancelButton (0.092 s)
  [START] TestNativeTextInputBackendRevealedMaskedFieldRemasksBeforeEscapeCancel
    [TRACE] attached host dtor: begin
    [TRACE] attached host dtor: host detached
    [TRACE] attached host dtor: hwnd reset
  [DONE] TestNativeTextInputBackendRevealedMaskedFieldRemasksBeforeEscapeCancel (0.087 s)
  [START] TestNativeTextInputBackendMenuKeyInvokesContextMenu
    [TRACE] attached host dtor: begin
    [TRACE] attached host dtor: host detached
    [TRACE] attached host dtor: hwnd reset
  [DONE] TestNativeTextInputBackendMenuKeyInvokesContextMenu (0.090 s)
  [START] TestNativeTextInputBackendMultilineContextMenuKeysStayOnHostHwnd
    [TRACE] attached host dtor: begin
    [TRACE] attached host dtor: host detached
    [TRACE] attached host dtor: hwnd reset
    [TRACE] attached host dtor: begin
    [TRACE] attached host dtor: host detached
    [TRACE] attached host dtor: hwnd reset
    [TRACE] attached host dtor: begin
    [TRACE] attached host dtor: host detached
    [TRACE] attached host dtor: hwnd reset
    [TRACE] attached host dtor: begin
    [TRACE] attached host dtor: host detached
    [TRACE] attached host dtor: hwnd reset
  [DONE] TestNativeTextInputBackendMultilineContextMenuKeysStayOnHostHwnd (0.344 s)
  [START] TestNativeTextInputBackendSyncsPrintableCharIntoSessionState
    [TRACE] attached host dtor: begin
    [TRACE] attached host dtor: host detached
    [TRACE] attached host dtor: hwnd reset
  [DONE] TestNativeTextInputBackendSyncsPrintableCharIntoSessionState (0.089 s)
  [START] TestNativeTextInputBackendSingleLineTabCharAndPasteReplacementSyncState
    [TRACE] attached host dtor: begin
    [TRACE] attached host dtor: host detached
    [TRACE] attached host dtor: hwnd reset
  [DONE] TestNativeTextInputBackendSingleLineTabCharAndPasteReplacementSyncState (0.089 s)
  [START] TestNativeTextInputBackendStateMirrorsInheritedFlowDirection
    [TRACE] attached host dtor: begin
    [TRACE] attached host dtor: host detached
    [TRACE] attached host dtor: hwnd reset
  [DONE] TestNativeTextInputBackendStateMirrorsInheritedFlowDirection (0.088 s)
  [START] TestNativeTextInputBackendSyncsFocusedInheritedFlowDirectionChanges
    [TRACE] attached host dtor: begin
    [TRACE] attached host dtor: host detached
    [TRACE] attached host dtor: hwnd reset
  [DONE] TestNativeTextInputBackendSyncsFocusedInheritedFlowDirectionChanges (0.086 s)
  [START] TestNativeTextInputBackendEditableComboSyncsTextAndFlowDirection
    [TRACE] attached host dtor: begin
    [TRACE] attached host dtor: host detached
    [TRACE] attached host dtor: hwnd reset
  [DONE] TestNativeTextInputBackendEditableComboSyncsTextAndFlowDirection (0.090 s)
  [START] TestNativeTextInputBackendEditableComboCommandsAndPopupSyncState
    [TRACE] attached host dtor: begin
    [TRACE] attached host dtor: host detached
    [TRACE] attached host dtor: hwnd reset
  [DONE] TestNativeTextInputBackendEditableComboCommandsAndPopupSyncState (0.090 s)
  [START] TestNativeTextInputBackendEditableComboExactMatchCommandsSyncSelection
    [TRACE] attached host dtor: begin
    [TRACE] attached host dtor: host detached
    [TRACE] attached host dtor: hwnd reset
  [DONE] TestNativeTextInputBackendEditableComboExactMatchCommandsSyncSelection (0.091 s)
  [START] TestNativeTextInputBackendEditableComboDeleteKeysAndPathWordDeleteSyncState
    [TRACE] attached host dtor: begin
    [TRACE] attached host dtor: host detached
    [TRACE] attached host dtor: hwnd reset
  [DONE] TestNativeTextInputBackendEditableComboDeleteKeysAndPathWordDeleteSyncState (0.092 s)
  [START] TestNativeTextInputBackendSyncsPrintableSysCharIntoSessionState
    [TRACE] attached host dtor: begin
    [TRACE] attached host dtor: host detached
    [TRACE] attached host dtor: hwnd reset
  [DONE] TestNativeTextInputBackendSyncsPrintableSysCharIntoSessionState (0.082 s)
  [START] TestNativeTextInputTextStoreRequiresLockAndExposesTextSelectionGeometry
    [TRACE] attached host dtor: begin
    [TRACE] attached host dtor: host detached
    [TRACE] attached host dtor: hwnd reset
  [DONE] TestNativeTextInputTextStoreRequiresLockAndExposesTextSelectionGeometry (0.084 s)
  [START] TestNativeTextInputTextStoreRejectsDestroyedControlDuringTeardown
    [TRACE] attached host dtor: begin
    [TRACE] attached host dtor: host detached
    [TRACE] attached host dtor: hwnd reset
  [DONE] TestNativeTextInputTextStoreRejectsDestroyedControlDuringTeardown (0.004 s)
  [START] TestNativeTextInputTextStoreExposesOwnerCompositionSink
    [TRACE] attached host dtor: begin
    [TRACE] attached host dtor: host detached
    [TRACE] attached host dtor: hwnd reset
  [DONE] TestNativeTextInputTextStoreExposesOwnerCompositionSink (0.086 s)
  [START] TestNativeTextInputTextStoreExposesAcp2Surface
    [TRACE] attached host dtor: begin
    [TRACE] attached host dtor: host detached
    [TRACE] attached host dtor: hwnd reset
  [DONE] TestNativeTextInputTextStoreExposesAcp2Surface (0.085 s)
  [START] TestNativeTextInputTextStoreMixedBiDiGeometryUsesTextViewport
    [TRACE] attached host dtor: begin
    [TRACE] attached host dtor: host detached
    [TRACE] attached host dtor: hwnd reset
    [TRACE] attached host dtor: begin
    [TRACE] attached host dtor: host detached
    [TRACE] attached host dtor: hwnd reset
  [DONE] TestNativeTextInputTextStoreMixedBiDiGeometryUsesTextViewport (0.178 s)
  [START] TestNativeTextInputTextStoreMultilineTextExtUsesCaretLineGeometry
    [TRACE] attached host dtor: begin
    [TRACE] attached host dtor: host detached
    [TRACE] attached host dtor: hwnd reset
  [DONE] TestNativeTextInputTextStoreMultilineTextExtUsesCaretLineGeometry (0.082 s)
  [START] TestNativeTextInputTextStoreWrappedTextExtSpansVisualLineGeometry
    [TRACE] attached host dtor: begin
    [TRACE] attached host dtor: host detached
    [TRACE] attached host dtor: hwnd reset
  [DONE] TestNativeTextInputTextStoreWrappedTextExtSpansVisualLineGeometry (0.094 s)
  [START] TestNativeTextInputTextStoreMultilinePointMapsToLineCaretAcp
    [TRACE] attached host dtor: begin
    [TRACE] attached host dtor: host detached
    [TRACE] attached host dtor: hwnd reset
  [DONE] TestNativeTextInputTextStoreMultilinePointMapsToLineCaretAcp (0.088 s)
  [START] TestNativeTextInputTextStoreWrappedPointMapsToVisualLineCaretAcp
    [TRACE] attached host dtor: begin
    [TRACE] attached host dtor: host detached
    [TRACE] attached host dtor: hwnd reset
  [DONE] TestNativeTextInputTextStoreWrappedPointMapsToVisualLineCaretAcp (0.090 s)
  [START] TestNativeTextInputTextStoreReportsNoLayoutForEmptyBounds
    [TRACE] attached host dtor: begin
    [TRACE] attached host dtor: host detached
    [TRACE] attached host dtor: hwnd reset
  [DONE] TestNativeTextInputTextStoreReportsNoLayoutForEmptyBounds (0.090 s)
  [START] TestNativeTextInputTextStoreInsertAtSelectionMutatesRetainedTextAndNotifiesSink
    [TRACE] attached host dtor: begin
    [TRACE] attached host dtor: host detached
    [TRACE] attached host dtor: hwnd reset
  [DONE] TestNativeTextInputTextStoreInsertAtSelectionMutatesRetainedTextAndNotifiesSink (0.085 s)
  [START] TestNativeTextInputTextStoreEmojiRangeUsesLogicalUtf16Acp
    [TRACE] attached host dtor: begin
    [TRACE] attached host dtor: host detached
    [TRACE] attached host dtor: hwnd reset
  [DONE] TestNativeTextInputTextStoreEmojiRangeUsesLogicalUtf16Acp (0.086 s)
  [START] TestNativeTextInputTextStoreSetTextReplacesRangeAndNotifiesSink
    [TRACE] attached host dtor: begin
    [TRACE] attached host dtor: host detached
    [TRACE] attached host dtor: hwnd reset
  [DONE] TestNativeTextInputTextStoreSetTextReplacesRangeAndNotifiesSink (0.085 s)
  [START] TestNativeTextInputTextStoreCallbackInvalidation
    [TRACE] attached host dtor: begin
    [TRACE] attached host dtor: host detached
    [TRACE] attached host dtor: hwnd reset
    [TRACE] attached host dtor: begin
    [TRACE] attached host dtor: host detached
    [TRACE] attached host dtor: hwnd reset
    [TRACE] attached host dtor: begin
    [TRACE] attached host dtor: host detached
    [TRACE] attached host dtor: hwnd reset
    [TRACE] attached host dtor: begin
    [TRACE] attached host dtor: host detached
    [TRACE] attached host dtor: hwnd reset
    [TRACE] attached host dtor: begin
    [TRACE] attached host dtor: host detached
    [TRACE] attached host dtor: hwnd reset
    [TRACE] attached host dtor: begin
    [TRACE] attached host dtor: host detached
    [TRACE] attached host dtor: hwnd reset
    [TRACE] attached host dtor: begin
    [TRACE] attached host dtor: host detached
    [TRACE] attached host dtor: hwnd reset
    [TRACE] attached host dtor: begin
    [TRACE] attached host dtor: host detached
    [TRACE] attached host dtor: hwnd reset
  [DONE] TestNativeTextInputTextStoreCallbackInvalidation (0.707 s)
  [START] TestNativeTextInputTextStoreExternalRetainedChangesNotifySink
    [TRACE] attached host dtor: begin
    [TRACE] attached host dtor: host detached
    [TRACE] attached host dtor: hwnd reset
  [DONE] TestNativeTextInputTextStoreExternalRetainedChangesNotifySink (0.092 s)
  [START] TestNativeTextInputTextStoreExternalChangeNotificationHandlesSinkRequestedLock
    [TRACE] attached host dtor: begin
    [TRACE] attached host dtor: host detached
    [TRACE] attached host dtor: hwnd reset
  [DONE] TestNativeTextInputTextStoreExternalChangeNotificationHandlesSinkRequestedLock (0.091 s)
  [START] TestNativeTextInputTextStoreRepeatedEmojiExternalChangesStayBounded
    [TRACE] attached host dtor: begin
    [TRACE] attached host dtor: host detached
    [TRACE] attached host dtor: hwnd reset
  [DONE] TestNativeTextInputTextStoreRepeatedEmojiExternalChangesStayBounded (0.091 s)
  [START] TestNativeTextInputTextStoreUnadviseRequiresAdvisedSink
    [TRACE] attached host dtor: begin
    [TRACE] attached host dtor: host detached
    [TRACE] attached host dtor: hwnd reset
  [DONE] TestNativeTextInputTextStoreUnadviseRequiresAdvisedSink (0.084 s)
  [START] TestNativeTextInputTextStoreReadWriteLockBracketsEditTransactionAndRejectsReentrantLock
    [TRACE] attached host dtor: begin
    [TRACE] attached host dtor: host detached
    [TRACE] attached host dtor: hwnd reset
  [DONE] TestNativeTextInputTextStoreReadWriteLockBracketsEditTransactionAndRejectsReentrantLock (0.087 s)
  [START] TestNativeTextInputTextStoreEditableComboBoxSelectionAndMutation
    [TRACE] attached host dtor: begin
    [TRACE] attached host dtor: host detached
    [TRACE] attached host dtor: hwnd reset
  [DONE] TestNativeTextInputTextStoreEditableComboBoxSelectionAndMutation (0.085 s)
  [START] TestNativeTextInputBackendKeyToPaintMetricScenario
    [TRACE] attached host dtor: begin
    [TRACE] attached host dtor: host detached
    [TRACE] attached host dtor: hwnd reset
  [DONE] TestNativeTextInputBackendKeyToPaintMetricScenario (2.094 s)
  [START] TestNativeTextInputBackendImeStartEndUpdatesCompositionState
    [TRACE] attached host dtor: begin
    [TRACE] attached host dtor: host detached
    [TRACE] attached host dtor: hwnd reset
  [DONE] TestNativeTextInputBackendImeStartEndUpdatesCompositionState (0.093 s)
  [START] TestNativeTextInputBackendReadOnlySuppressesImeComposition
    [TRACE] attached host dtor: begin
    [TRACE] attached host dtor: host detached
    [TRACE] attached host dtor: hwnd reset
    [TRACE] attached host dtor: begin
    [TRACE] attached host dtor: host detached
    [TRACE] attached host dtor: hwnd reset
  [DONE] TestNativeTextInputBackendReadOnlySuppressesImeComposition (0.151 s)
  [START] TestNativeTextInputBackendImeStartTracksSelectedCompositionRange
    [TRACE] attached host dtor: begin
    [TRACE] attached host dtor: host detached
    [TRACE] attached host dtor: hwnd reset
  [DONE] TestNativeTextInputBackendImeStartTracksSelectedCompositionRange (0.081 s)
  [START] TestNativeTextInputBackendImeNoPayloadWithoutActiveCompositionDoesNotStartRange
    [TRACE] attached host dtor: begin
    [TRACE] attached host dtor: host detached
    [TRACE] attached host dtor: hwnd reset
  [DONE] TestNativeTextInputBackendImeNoPayloadWithoutActiveCompositionDoesNotStartRange (0.081 s)
  [START] TestNativeTextInputBackendImeWindowsTrackCaretRect
    [TRACE] attached host dtor: begin
    [TRACE] attached host dtor: host detached
    [TRACE] attached host dtor: hwnd reset
  [DONE] TestNativeTextInputBackendImeWindowsTrackCaretRect (0.085 s)
  [START] TestNativeTextInputBackendMultilineImeWindowsTrackCaretAcrossLines
    [TRACE] attached host dtor: begin
    [TRACE] attached host dtor: host detached
    [TRACE] attached host dtor: hwnd reset
    [TRACE] attached host dtor: begin
    [TRACE] attached host dtor: host detached
    [TRACE] attached host dtor: hwnd reset
  [DONE] TestNativeTextInputBackendMultilineImeWindowsTrackCaretAcrossLines (0.165 s)
  [START] TestNativeTextInputBackendImeWindowsUpdateWhenFocusedFieldMoves
    [TRACE] attached host dtor: begin
    [TRACE] attached host dtor: host detached
    [TRACE] attached host dtor: hwnd reset
  [DONE] TestNativeTextInputBackendImeWindowsUpdateWhenFocusedFieldMoves (0.084 s)
  [START] TestNativeTextInputBackendMultilineImeWindowsUpdateWhenFocusedFieldMoves
    [TRACE] attached host dtor: begin
    [TRACE] attached host dtor: host detached
    [TRACE] attached host dtor: hwnd reset
    [TRACE] attached host dtor: begin
    [TRACE] attached host dtor: host detached
    [TRACE] attached host dtor: hwnd reset
  [DONE] TestNativeTextInputBackendMultilineImeWindowsUpdateWhenFocusedFieldMoves (0.161 s)
  [START] TestNativeTextInputBackendImeWindowsUpdateWhenEditableComboMoves
    [TRACE] attached host dtor: begin
    [TRACE] attached host dtor: host detached
    [TRACE] attached host dtor: hwnd reset
  [DONE] TestNativeTextInputBackendImeWindowsUpdateWhenEditableComboMoves (0.079 s)
  [START] TestNativeTextInputBackendImeWindowsUpdateAfterProgrammaticTextFieldCaretMove
    [TRACE] attached host dtor: begin
    [TRACE] attached host dtor: host detached
    [TRACE] attached host dtor: hwnd reset
  [DONE] TestNativeTextInputBackendImeWindowsUpdateAfterProgrammaticTextFieldCaretMove (0.081 s)
  [START] TestNativeTextInputBackendImeWindowsUpdateAfterProgrammaticEditableComboCaretMove
    [TRACE] attached host dtor: begin
    [TRACE] attached host dtor: host detached
    [TRACE] attached host dtor: hwnd reset
  [DONE] TestNativeTextInputBackendImeWindowsUpdateAfterProgrammaticEditableComboCaretMove (0.079 s)
  [START] TestNativeTextInputBackendImeWindowsUpdateAfterFocusedTextFieldPaddingChange
    [TRACE] attached host dtor: begin
    [TRACE] attached host dtor: host detached
    [TRACE] attached host dtor: hwnd reset
  [DONE] TestNativeTextInputBackendImeWindowsUpdateAfterFocusedTextFieldPaddingChange (0.079 s)
  [START] TestNativeTextInputBackendImeWindowsUpdateAfterFocusedEditableComboDensityChange
    [TRACE] attached host dtor: begin
    [TRACE] attached host dtor: host detached
    [TRACE] attached host dtor: hwnd reset
  [DONE] TestNativeTextInputBackendImeWindowsUpdateAfterFocusedEditableComboDensityChange (0.081 s)
  [START] TestNativeTextInputBackendImeWindowsUpdateAfterDpiChange
    [TRACE] attached host dtor: begin
    [TRACE] attached host dtor: host detached
    [TRACE] attached host dtor: hwnd reset
  [DONE] TestNativeTextInputBackendImeWindowsUpdateAfterDpiChange (0.082 s)
  [START] TestNativeTextInputBackendImeWindowsUpdateAfterMultilineScroll
    [TRACE] attached host dtor: begin
    [TRACE] attached host dtor: host detached
    [TRACE] attached host dtor: hwnd reset
  [DONE] TestNativeTextInputBackendImeWindowsUpdateAfterMultilineScroll (0.077 s)
  [START] TestNativeTextInputBackendImeResultPayloadCommitsSelectionReplacement
    [TRACE] attached host dtor: begin
    [TRACE] attached host dtor: host detached
    [TRACE] attached host dtor: hwnd reset
  [DONE] TestNativeTextInputBackendImeResultPayloadCommitsSelectionReplacement (0.080 s)
  [START] TestNativeTextInputBackendImeCompositionPayloadPreviewsAndCancelRestoresBase
    [TRACE] attached host dtor: begin
    [TRACE] attached host dtor: host detached
    [TRACE] attached host dtor: hwnd reset
  [DONE] TestNativeTextInputBackendImeCompositionPayloadPreviewsAndCancelRestoresBase (0.075 s)
  [START] TestNativeTextInputBackendImeCompositionPaintExposesStyledInlineRanges
    [TRACE] attached host dtor: begin
    [TRACE] attached host dtor: host detached
    [TRACE] attached host dtor: hwnd reset
  [DONE] TestNativeTextInputBackendImeCompositionPaintExposesStyledInlineRanges (0.075 s)
  [START] TestNativeTextInputBackendImeCompositionPaintExposesEditableComboInlineRanges
    [TRACE] attached host dtor: begin
    [TRACE] attached host dtor: host detached
    [TRACE] attached host dtor: hwnd reset
  [DONE] TestNativeTextInputBackendImeCompositionPaintExposesEditableComboInlineRanges (0.076 s)
  [START] TestNativeTextInputBackendImeMultilineWrappedPreviewThenResultCommitsAtOriginalAnchor
    [TRACE] attached host dtor: begin
    [TRACE] attached host dtor: host detached
    [TRACE] attached host dtor: hwnd reset
  [DONE] TestNativeTextInputBackendImeMultilineWrappedPreviewThenResultCommitsAtOriginalAnchor (0.078 s)
  [START] TestNativeTextInputBackendImeCompositionOwnsSpecialKeys
    [TRACE] attached host dtor: begin
    [TRACE] attached host dtor: host detached
    [TRACE] attached host dtor: hwnd reset
  [DONE] TestNativeTextInputBackendImeCompositionOwnsSpecialKeys (0.077 s)
  [START] TestNativeTextInputBackendImeCompositionLetsModifiedNavigationKeysRoute
    [TRACE] attached host dtor: begin
    [TRACE] attached host dtor: host detached
    [TRACE] attached host dtor: hwnd reset
  [DONE] TestNativeTextInputBackendImeCompositionLetsModifiedNavigationKeysRoute (0.076 s)
  [START] TestNativeTextInputBackendMultilineImeCompositionOwnsSpecialKeys
    [TRACE] attached host dtor: begin
    [TRACE] attached host dtor: host detached
    [TRACE] attached host dtor: hwnd reset
    [TRACE] attached host dtor: begin
    [TRACE] attached host dtor: host detached
    [TRACE] attached host dtor: hwnd reset
  [DONE] TestNativeTextInputBackendMultilineImeCompositionOwnsSpecialKeys (0.156 s)
  [START] TestNativeTextInputBackendImeResultOnlyResumesHostKeyRouting
    [TRACE] attached host dtor: begin
    [TRACE] attached host dtor: host detached
    [TRACE] attached host dtor: hwnd reset
    [TRACE] attached host dtor: begin
    [TRACE] attached host dtor: host detached
    [TRACE] attached host dtor: hwnd reset
    [TRACE] attached host dtor: begin
    [TRACE] attached host dtor: host detached
    [TRACE] attached host dtor: hwnd reset
  [DONE] TestNativeTextInputBackendImeResultOnlyResumesHostKeyRouting (0.263 s)
  [START] TestNativeTextInputBackendImeResultAndCompositionKeepsKeyOwnership
    [TRACE] attached host dtor: begin
    [TRACE] attached host dtor: host detached
    [TRACE] attached host dtor: hwnd reset
    [TRACE] attached host dtor: begin
    [TRACE] attached host dtor: host detached
    [TRACE] attached host dtor: hwnd reset
    [TRACE] attached host dtor: begin
    [TRACE] attached host dtor: host detached
    [TRACE] attached host dtor: hwnd reset
  [DONE] TestNativeTextInputBackendImeResultAndCompositionKeepsKeyOwnership (0.267 s)
  [START] TestNativeTextInputBackendSyncsKeySelectionIntoSessionState
    [TRACE] attached host dtor: begin
    [TRACE] attached host dtor: host detached
    [TRACE] attached host dtor: hwnd reset
  [DONE] TestNativeTextInputBackendSyncsKeySelectionIntoSessionState (0.092 s)
  [START] TestNativeTextInputBackendExposesBackendNeutralTextInputState
    [TRACE] attached host dtor: begin
    [TRACE] attached host dtor: host detached
    [TRACE] attached host dtor: hwnd reset
  [DONE] TestNativeTextInputBackendExposesBackendNeutralTextInputState (0.094 s)
  [START] TestNativeTextInputBackendSurrogatePairDeletionSyncsState
    [TRACE] attached host dtor: begin
    [TRACE] attached host dtor: host detached
    [TRACE] attached host dtor: hwnd reset
    [TRACE] attached host dtor: begin
    [TRACE] attached host dtor: host detached
    [TRACE] attached host dtor: hwnd reset
  [DONE] TestNativeTextInputBackendSurrogatePairDeletionSyncsState (0.180 s)
  [START] TestNativeTextInputBackendEmojiZwJDeletionSyncsState
    [TRACE] attached host dtor: begin
    [TRACE] attached host dtor: host detached
    [TRACE] attached host dtor: hwnd reset
    [TRACE] attached host dtor: begin
    [TRACE] attached host dtor: host detached
    [TRACE] attached host dtor: hwnd reset
  [DONE] TestNativeTextInputBackendEmojiZwJDeletionSyncsState (0.180 s)
  [START] TestNativeTextInputBackendRegionalIndicatorFlagDeletionSyncsState
    [TRACE] attached host dtor: begin
    [TRACE] attached host dtor: host detached
    [TRACE] attached host dtor: hwnd reset
    [TRACE] attached host dtor: begin
    [TRACE] attached host dtor: host detached
    [TRACE] attached host dtor: hwnd reset
  [DONE] TestNativeTextInputBackendRegionalIndicatorFlagDeletionSyncsState (0.181 s)
  [START] TestNativeTextInputBackendEmojiSuffixDeletionSyncsState
    [TRACE] attached host dtor: begin
    [TRACE] attached host dtor: host detached
    [TRACE] attached host dtor: hwnd reset
    [TRACE] attached host dtor: begin
    [TRACE] attached host dtor: host detached
    [TRACE] attached host dtor: hwnd reset
    [TRACE] attached host dtor: begin
    [TRACE] attached host dtor: host detached
    [TRACE] attached host dtor: hwnd reset
    [TRACE] attached host dtor: begin
    [TRACE] attached host dtor: host detached
    [TRACE] attached host dtor: hwnd reset
  [DONE] TestNativeTextInputBackendEmojiSuffixDeletionSyncsState (0.351 s)
  [START] TestNativeTextInputBackendEmojiShiftSelectionSyncsState
    [TRACE] attached host dtor: begin
    [TRACE] attached host dtor: host detached
    [TRACE] attached host dtor: hwnd reset
  [DONE] TestNativeTextInputBackendEmojiShiftSelectionSyncsState (0.086 s)
  [START] TestNativeTextInputBackendCtrlWordDeletionSyncsState
    [TRACE] attached host dtor: begin
    [TRACE] attached host dtor: host detached
    [TRACE] attached host dtor: hwnd reset
    [TRACE] attached host dtor: begin
    [TRACE] attached host dtor: host detached
    [TRACE] attached host dtor: hwnd reset
  [DONE] TestNativeTextInputBackendCtrlWordDeletionSyncsState (0.172 s)
  [START] TestNativeTextInputBackendPointerCaretPlacementSyncsState
    [TRACE] attached host dtor: begin
    [TRACE] attached host dtor: host detached
    [TRACE] attached host dtor: hwnd reset
  [DONE] TestNativeTextInputBackendPointerCaretPlacementSyncsState (0.088 s)
  [START] TestNativeTextInputBackendSingleLineDoubleClickSelectsWordOnHostHwnd
    [TRACE] attached host dtor: begin
    [TRACE] attached host dtor: host detached
    [TRACE] attached host dtor: hwnd reset
  [DONE] TestNativeTextInputBackendSingleLineDoubleClickSelectsWordOnHostHwnd (0.092 s)
  [START] TestNativeTextInputBackendSingleLineRepeatedClicksWithoutClassDoubleClicksSelectWord
    [TRACE] attached host dtor: begin
    [TRACE] attached host dtor: host detached
    [TRACE] attached host dtor: hwnd reset
  [DONE] TestNativeTextInputBackendSingleLineRepeatedClicksWithoutClassDoubleClicksSelectWord (0.087 s)
  [START] TestNativeTextInputBackendSingleLineThirdClickSelectsAllOnHostHwnd
    [TRACE] attached host dtor: begin
    [TRACE] attached host dtor: host detached
    [TRACE] attached host dtor: hwnd reset
  [DONE] TestNativeTextInputBackendSingleLineThirdClickSelectsAllOnHostHwnd (0.096 s)
  [START] TestNativeTextInputBackendSingleLineDragSelectionReplacesRangeOnHostHwnd
    [TRACE] attached host dtor: begin
    [TRACE] attached host dtor: host detached
    [TRACE] attached host dtor: hwnd reset
  [DONE] TestNativeTextInputBackendSingleLineDragSelectionReplacesRangeOnHostHwnd (0.087 s)
  [START] TestNativeTextInputBackendMixedBiDiDragSelectionCopiesLogicalOrderOnHostHwnd
    [TRACE] attached host dtor: begin
    [TRACE] attached host dtor: host detached
    [TRACE] attached host dtor: hwnd reset
    [TRACE] attached host dtor: begin
    [TRACE] attached host dtor: host detached
    [TRACE] attached host dtor: hwnd reset
  [DONE] TestNativeTextInputBackendMixedBiDiDragSelectionCopiesLogicalOrderOnHostHwnd (0.175 s)
  [START] TestNativeTextInputBackendMixedBiDiPointerHitTestMatchesDirectWriteVisualOrderOnHostHwnd
    [TRACE] attached host dtor: begin
    [TRACE] attached host dtor: host detached
    [TRACE] attached host dtor: hwnd reset
    [TRACE] attached host dtor: begin
    [TRACE] attached host dtor: host detached
    [TRACE] attached host dtor: hwnd reset
  [DONE] TestNativeTextInputBackendMixedBiDiPointerHitTestMatchesDirectWriteVisualOrderOnHostHwnd (0.181 s)
  [START] TestNativeTextInputBackendBiDiPointerScenarioMatrixMatchesDirectWriteOnHostHwnd
    [TRACE] attached host dtor: begin
    [TRACE] attached host dtor: host detached
    [TRACE] attached host dtor: hwnd reset
    [TRACE] attached host dtor: begin
    [TRACE] attached host dtor: host detached
    [TRACE] attached host dtor: hwnd reset
    [TRACE] attached host dtor: begin
    [TRACE] attached host dtor: host detached
    [TRACE] attached host dtor: hwnd reset
    [TRACE] attached host dtor: begin
    [TRACE] attached host dtor: host detached
    [TRACE] attached host dtor: hwnd reset
    [TRACE] attached host dtor: begin
    [TRACE] attached host dtor: host detached
    [TRACE] attached host dtor: hwnd reset
  [DONE] TestNativeTextInputBackendBiDiPointerScenarioMatrixMatchesDirectWriteOnHostHwnd (0.457 s)
  [START] TestNativeTextInputBackendBiDiKeyboardLogicalBoundaryCommandsSyncState
    [TRACE] attached host dtor: begin
    [TRACE] attached host dtor: host detached
    [TRACE] attached host dtor: hwnd reset
  [DONE] TestNativeTextInputBackendBiDiKeyboardLogicalBoundaryCommandsSyncState (0.096 s)
  [START] TestNativeTextInputBackendMixedBiDiEditTransactionsPreserveLogicalOrder
    [TRACE] attached host dtor: begin
    [TRACE] attached host dtor: host detached
    [TRACE] attached host dtor: hwnd reset
  [DONE] TestNativeTextInputBackendMixedBiDiEditTransactionsPreserveLogicalOrder (0.092 s)
  [START] TestNativeTextInputBackendPointerHitTestDoesNotSplitEmojiTextElements
    [TRACE] attached host dtor: begin
    [TRACE] attached host dtor: host detached
    [TRACE] attached host dtor: hwnd reset
    [TRACE] attached host dtor: begin
    [TRACE] attached host dtor: host detached
    [TRACE] attached host dtor: hwnd reset
    [TRACE] attached host dtor: begin
    [TRACE] attached host dtor: host detached
    [TRACE] attached host dtor: hwnd reset
    [TRACE] attached host dtor: begin
    [TRACE] attached host dtor: host detached
    [TRACE] attached host dtor: hwnd reset
  [DONE] TestNativeTextInputBackendPointerHitTestDoesNotSplitEmojiTextElements (0.353 s)
  [START] TestNativeTextInputBackendEditableComboPointerHitTestDoesNotSplitEmojiTextElement
    [TRACE] attached host dtor: begin
    [TRACE] attached host dtor: host detached
    [TRACE] attached host dtor: hwnd reset
  [DONE] TestNativeTextInputBackendEditableComboPointerHitTestDoesNotSplitEmojiTextElement (0.084 s)
  [START] TestNativeTextInputBackendNoSelectionCopyLeavesClipboardUnchanged
    [TRACE] attached host dtor: begin
    [TRACE] attached host dtor: host detached
    [TRACE] attached host dtor: hwnd reset
  [DONE] TestNativeTextInputBackendNoSelectionCopyLeavesClipboardUnchanged (0.090 s)
  [START] TestNativeTextInputBackendCtrlCopyCutPasteSyncsState
    [TRACE] attached host dtor: begin
    [TRACE] attached host dtor: host detached
    [TRACE] attached host dtor: hwnd reset
  [DONE] TestNativeTextInputBackendCtrlCopyCutPasteSyncsState (0.087 s)
  [START] TestNativeTextInputBackendUndoRedoAndRedoClear
    [TRACE] attached host dtor: begin
    [TRACE] attached host dtor: host detached
    [TRACE] attached host dtor: hwnd reset
  [DONE] TestNativeTextInputBackendUndoRedoAndRedoClear (0.088 s)
  [START] TestNativeTextInputBackendEditTransactionsNotifyOnceAndIgnoreNoOps
    [TRACE] attached host dtor: begin
    [TRACE] attached host dtor: host detached
    [TRACE] attached host dtor: hwnd reset
  [DONE] TestNativeTextInputBackendEditTransactionsNotifyOnceAndIgnoreNoOps (0.088 s)
  [START] TestNativeTextInputBackendEmojiClipboardReplacementUndoRedo
    [TRACE] attached host dtor: begin
    [TRACE] attached host dtor: host detached
    [TRACE] attached host dtor: hwnd reset
  [DONE] TestNativeTextInputBackendEmojiClipboardReplacementUndoRedo (0.091 s)
  [START] TestNativeTextInputBackendMaskedHiddenSuppressesCopyAndCut
    [TRACE] attached host dtor: begin
    [TRACE] attached host dtor: host detached
    [TRACE] attached host dtor: hwnd reset
  [DONE] TestNativeTextInputBackendMaskedHiddenSuppressesCopyAndCut (0.089 s)
  [START] TestNativeTextInputBackendMaskedExactPolicyCountsTextElements
    [TRACE] attached host dtor: begin
    [TRACE] attached host dtor: host detached
    [TRACE] attached host dtor: hwnd reset
  [DONE] TestNativeTextInputBackendMaskedExactPolicyCountsTextElements (0.085 s)
  [START] TestNativeTextInputBackendMaskedConcealedPolicyUsesStableBuckets
    [TRACE] attached host dtor: begin
    [TRACE] attached host dtor: host detached
    [TRACE] attached host dtor: hwnd reset
  [DONE] TestNativeTextInputBackendMaskedConcealedPolicyUsesStableBuckets (0.085 s)
  [START] TestNativeTextInputBackendMaskedConcealedPolicyRegeneratesEpochs
    [TRACE] attached host dtor: begin
    [TRACE] attached host dtor: host detached
    [TRACE] attached host dtor: hwnd reset
  [DONE] TestNativeTextInputBackendMaskedConcealedPolicyRegeneratesEpochs (0.089 s)
  [START] TestNativeTextInputBackendConcealedEditingAffordancesAndPointerPolicy
    [TRACE] attached host dtor: begin
    [TRACE] attached host dtor: host detached
    [TRACE] attached host dtor: hwnd reset
  [DONE] TestNativeTextInputBackendConcealedEditingAffordancesAndPointerPolicy (0.086 s)
  [START] TestNativeTextInputBackendRevealedMaskedFieldAllowsCopyAndCut
    [TRACE] attached host dtor: begin
    [TRACE] attached host dtor: host detached
    [TRACE] attached host dtor: hwnd reset
  [DONE] TestNativeTextInputBackendRevealedMaskedFieldAllowsCopyAndCut (0.087 s)
  [START] TestNativeTextInputBackendRevealedMaskedFieldRemasksOnBlurReadOnlyAndDisable
    [TRACE] attached host dtor: begin
    [TRACE] attached host dtor: host detached
    [TRACE] attached host dtor: hwnd reset
    [TRACE] attached host dtor: begin
    [TRACE] attached host dtor: host detached
    [TRACE] attached host dtor: hwnd reset
    [TRACE] attached host dtor: begin
    [TRACE] attached host dtor: host detached
    [TRACE] attached host dtor: hwnd reset
  [DONE] TestNativeTextInputBackendRevealedMaskedFieldRemasksOnBlurReadOnlyAndDisable (0.255 s)
  [START] TestNativeTextInputBackendImeCompositionClearsOnWindowDeactivate
    [TRACE] attached host dtor: begin
    [TRACE] attached host dtor: host detached
    [TRACE] attached host dtor: hwnd reset
  [DONE] TestNativeTextInputBackendImeCompositionClearsOnWindowDeactivate (0.091 s)
  [START] TestNativeTextInputBackendRevealedMaskedFieldRemasksOnWindowDeactivate
    [TRACE] attached host dtor: begin
    [TRACE] attached host dtor: host detached
    [TRACE] attached host dtor: hwnd reset
  [DONE] TestNativeTextInputBackendRevealedMaskedFieldRemasksOnWindowDeactivate (0.084 s)
  [START] TestNativeTextInputBackendMaskedRevealButtonRemasksOnCaptureLoss
    [TRACE] attached host dtor: begin
    [TRACE] attached host dtor: host detached
    [TRACE] attached host dtor: hwnd reset
  [DONE] TestNativeTextInputBackendMaskedRevealButtonRemasksOnCaptureLoss (0.092 s)
  [START] TestNativeTextInputBackendMaskedRevealButtonPeeksWithoutClearingSecret
    [TRACE] attached host dtor: begin
    [TRACE] attached host dtor: host detached
    [TRACE] attached host dtor: hwnd reset
  [DONE] TestNativeTextInputBackendMaskedRevealButtonPeeksWithoutClearingSecret (0.096 s)
  [START] TestNativeTextInputBackendMaskedRevealButtonSupportsKeyboardPeek
    [TRACE] attached host dtor: begin
    [TRACE] attached host dtor: host detached
    [TRACE] attached host dtor: hwnd reset
  [DONE] TestNativeTextInputBackendMaskedRevealButtonSupportsKeyboardPeek (0.088 s)
  [START] TestNativeTextInputBackendPasswordRevealModesControlAffordanceAndVisibility
    [TRACE] attached host dtor: begin
    [TRACE] attached host dtor: host detached
    [TRACE] attached host dtor: hwnd reset
    [TRACE] attached host dtor: begin
    [TRACE] attached host dtor: host detached
    [TRACE] attached host dtor: hwnd reset
  [DONE] TestNativeTextInputBackendPasswordRevealModesControlAffordanceAndVisibility (0.171 s)
  [START] TestNativeTextInputBackendReadOnlyAllowsCopyAndSuppressesMutation
    [TRACE] attached host dtor: begin
    [TRACE] attached host dtor: host detached
    [TRACE] attached host dtor: hwnd reset
  [DONE] TestNativeTextInputBackendReadOnlyAllowsCopyAndSuppressesMutation (0.087 s)
  [START] TestNativeTextInputBackendMultilineCtrlCopyPastePreservesLogicalNewlines
    [TRACE] attached host dtor: begin
    [TRACE] attached host dtor: host detached
    [TRACE] attached host dtor: hwnd reset
  [DONE] TestNativeTextInputBackendMultilineCtrlCopyPastePreservesLogicalNewlines (0.087 s)
  [START] TestNativeTextInputBackendMultilineCharAndReturnReplacementSyncState
    [TRACE] attached host dtor: begin
    [TRACE] attached host dtor: host detached
    [TRACE] attached host dtor: hwnd reset
    [TRACE] attached host dtor: begin
    [TRACE] attached host dtor: host detached
    [TRACE] attached host dtor: hwnd reset
    [TRACE] attached host dtor: begin
    [TRACE] attached host dtor: host detached
    [TRACE] attached host dtor: hwnd reset
    [TRACE] attached host dtor: begin
    [TRACE] attached host dtor: host detached
    [TRACE] attached host dtor: hwnd reset
  [DONE] TestNativeTextInputBackendMultilineCharAndReturnReplacementSyncState (0.360 s)
  [START] TestNativeTextInputBackendEditMessagesCopyPasteCutClearSelection
    [TRACE] attached host dtor: begin
    [TRACE] attached host dtor: host detached
    [TRACE] attached host dtor: hwnd reset
  [DONE] TestNativeTextInputBackendEditMessagesCopyPasteCutClearSelection (0.091 s)
  [START] TestNativeTextInputBackendEditMessagesRoundTripWin32Protocol
    [TRACE] attached host dtor: begin
    [TRACE] attached host dtor: host detached
    [TRACE] attached host dtor: hwnd reset
  [DONE] TestNativeTextInputBackendEditMessagesRoundTripWin32Protocol (0.087 s)
  [START] TestNativeTextInputBackendEditMessagesSetTextClearsComposition
    [TRACE] attached host dtor: begin
    [TRACE] attached host dtor: host detached
    [TRACE] attached host dtor: hwnd reset
  [DONE] TestNativeTextInputBackendEditMessagesSetTextClearsComposition (0.084 s)
  [START] TestNativeTextInputBackendEditMessagesFallBackWithoutTextInput
    [TRACE] attached host dtor: begin
    [TRACE] attached host dtor: host detached
    [TRACE] attached host dtor: hwnd reset
  [DONE] TestNativeTextInputBackendEditMessagesFallBackWithoutTextInput (0.005 s)
  [START] TestNativeTextInputBackendClearWithoutSelectionLeavesTextAndClipboardUnchanged
    [TRACE] attached host dtor: begin
    [TRACE] attached host dtor: host detached
    [TRACE] attached host dtor: hwnd reset
  [DONE] TestNativeTextInputBackendClearWithoutSelectionLeavesTextAndClipboardUnchanged (0.088 s)
[DONE] NativeTextInput (16.318 s)
All DxUi tests passed.
Foreground permission granted to the owned child.
Restoration: childFocus=1 priorTargetPresent=1 priorTargetValid=1 foreground=1 cursorSaved=1 cursorRestored=1
