[START] MenuResources
{"fixture":"dxui-menu-resources-v2","mode":"plain","cycle":0,"phase":"before","privateBytes":2146304,"workingSetBytes":10780672,"handles":139,"gdi":0,"user":4}
{"fixture":"dxui-menu-resources-v2","mode":"plain","cycle":0,"phase":"rendered","privateBytes":67756032,"workingSetBytes":53497856,"handles":638,"gdi":4,"user":7}
{"fixture":"dxui-menu-resources-v2","mode":"plain","widthPx":476,"heightPx":322,"captureBytes":613088}
{"fixture":"dxui-menu-resources-v2","mode":"plain","cycle":0,"phase":"open","privateBytes":69386240,"workingSetBytes":54902784,"handles":640,"gdi":4,"user":8}
{"fixture":"dxui-menu-resources-v2","mode":"plain","cycle":0,"phase":"closed","privateBytes":69181440,"workingSetBytes":55517184,"handles":638,"gdi":4,"user":7}
{"fixture":"dxui-menu-resources-v2","mode":"plain","cycle":1,"phase":"before","privateBytes":69181440,"workingSetBytes":55517184,"handles":638,"gdi":4,"user":7}
{"fixture":"dxui-menu-resources-v2","mode":"plain","cycle":1,"phase":"rendered","privateBytes":69939200,"workingSetBytes":56287232,"handles":644,"gdi":4,"user":8}
{"fixture":"dxui-menu-resources-v2","mode":"plain","cycle":1,"phase":"open","privateBytes":70557696,"workingSetBytes":56909824,"handles":644,"gdi":4,"user":8}
{"fixture":"dxui-menu-resources-v2","mode":"plain","cycle":1,"phase":"closed","privateBytes":70393856,"workingSetBytes":56729600,"handles":638,"gdi":4,"user":7}
{"fixture":"dxui-menu-resources-v2","mode":"plain","cycle":2,"phase":"before","privateBytes":70393856,"workingSetBytes":56729600,"handles":638,"gdi":4,"user":7}
{"fixture":"dxui-menu-resources-v2","mode":"plain","cycle":2,"phase":"rendered","privateBytes":70660096,"workingSetBytes":57020416,"handles":644,"gdi":4,"user":8}
{"fixture":"dxui-menu-resources-v2","mode":"plain","cycle":2,"phase":"open","privateBytes":70660096,"workingSetBytes":57044992,"handles":644,"gdi":4,"user":8}
{"fixture":"dxui-menu-resources-v2","mode":"plain","cycle":2,"phase":"closed","privateBytes":70471680,"workingSetBytes":56877056,"handles":638,"gdi":4,"user":7}
{"fixture":"dxui-menu-resources-v2","mode":"plain","cycle":3,"phase":"before","privateBytes":70471680,"workingSetBytes":56877056,"handles":638,"gdi":4,"user":7}
{"fixture":"dxui-menu-resources-v2","mode":"plain","cycle":3,"phase":"rendered","privateBytes":70684672,"workingSetBytes":56754176,"handles":644,"gdi":4,"user":8}
{"fixture":"dxui-menu-resources-v2","mode":"plain","cycle":3,"phase":"open","privateBytes":70713344,"workingSetBytes":57110528,"handles":645,"gdi":4,"user":8}
{"fixture":"dxui-menu-resources-v2","mode":"plain","cycle":3,"phase":"closed","privateBytes":70516736,"workingSetBytes":56938496,"handles":643,"gdi":4,"user":8}
{"fixture":"dxui-menu-resources-v2","mode":"plain","cycle":4,"phase":"before","privateBytes":70516736,"workingSetBytes":56938496,"handles":643,"gdi":4,"user":8}
{"fixture":"dxui-menu-resources-v2","mode":"plain","cycle":4,"phase":"rendered","privateBytes":70746112,"workingSetBytes":57077760,"handles":649,"gdi":4,"user":9}
{"fixture":"dxui-menu-resources-v2","mode":"plain","cycle":4,"phase":"open","privateBytes":70746112,"workingSetBytes":57188352,"handles":649,"gdi":4,"user":9}
{"fixture":"dxui-menu-resources-v2","mode":"plain","cycle":4,"phase":"closed","privateBytes":70553600,"workingSetBytes":57020416,"handles":643,"gdi":4,"user":8}
{"fixture":"dxui-menu-resources-v2","mode":"plain","cycle":5,"phase":"before","privateBytes":70553600,"workingSetBytes":57020416,"handles":643,"gdi":4,"user":8}
{"fixture":"dxui-menu-resources-v2","mode":"plain","cycle":5,"phase":"rendered","privateBytes":70770688,"workingSetBytes":57229312,"handles":649,"gdi":4,"user":9}
{"fixture":"dxui-menu-resources-v2","mode":"plain","cycle":5,"phase":"open","privateBytes":71520256,"workingSetBytes":57401344,"handles":649,"gdi":4,"user":9}
{"fixture":"dxui-menu-resources-v2","mode":"plain","cycle":5,"phase":"closed","privateBytes":70131712,"workingSetBytes":56614912,"handles":644,"gdi":4,"user":8}
{"fixture":"dxui-menu-resources-v2","mode":"plain","cycle":6,"phase":"before","privateBytes":70131712,"workingSetBytes":56614912,"handles":643,"gdi":4,"user":8}
{"fixture":"dxui-menu-resources-v2","mode":"plain","cycle":6,"phase":"rendered","privateBytes":71057408,"workingSetBytes":57516032,"handles":649,"gdi":4,"user":9}
{"fixture":"dxui-menu-resources-v2","mode":"plain","cycle":6,"phase":"open","privateBytes":71671808,"workingSetBytes":57823232,"handles":649,"gdi":4,"user":9}
{"fixture":"dxui-menu-resources-v2","mode":"plain","cycle":6,"phase":"closed","privateBytes":71479296,"workingSetBytes":57655296,"handles":644,"gdi":4,"user":8}
{"fixture":"dxui-menu-resources-v2","mode":"plain","cycle":7,"phase":"before","privateBytes":71479296,"workingSetBytes":57655296,"handles":643,"gdi":4,"user":8}
{"fixture":"dxui-menu-resources-v2","mode":"plain","cycle":7,"phase":"rendered","privateBytes":71671808,"workingSetBytes":57835520,"handles":649,"gdi":4,"user":9}
{"fixture":"dxui-menu-resources-v2","mode":"plain","cycle":7,"phase":"open","privateBytes":71671808,"workingSetBytes":57888768,"handles":649,"gdi":4,"user":9}
{"fixture":"dxui-menu-resources-v2","mode":"plain","cycle":7,"phase":"closed","privateBytes":71479296,"workingSetBytes":57720832,"handles":643,"gdi":4,"user":8}
{"fixture":"dxui-menu-resources-v2","mode":"plain","cycle":8,"phase":"before","privateBytes":71479296,"workingSetBytes":57720832,"handles":643,"gdi":4,"user":8}
{"fixture":"dxui-menu-resources-v2","mode":"plain","cycle":8,"phase":"rendered","privateBytes":71675904,"workingSetBytes":57896960,"handles":649,"gdi":4,"user":9}
{"fixture":"dxui-menu-resources-v2","mode":"plain","cycle":8,"phase":"open","privateBytes":71675904,"workingSetBytes":57921536,"handles":649,"gdi":4,"user":9}
{"fixture":"dxui-menu-resources-v2","mode":"plain","cycle":8,"phase":"closed","privateBytes":71483392,"workingSetBytes":57753600,"handles":643,"gdi":4,"user":8}
{"fixture":"dxui-menu-resources-v2","mode":"plain","cycle":9,"phase":"before","privateBytes":71483392,"workingSetBytes":57753600,"handles":643,"gdi":4,"user":8}
{"fixture":"dxui-menu-resources-v2","mode":"plain","cycle":9,"phase":"rendered","privateBytes":71684096,"workingSetBytes":57933824,"handles":649,"gdi":4,"user":9}
{"fixture":"dxui-menu-resources-v2","mode":"plain","cycle":9,"phase":"open","privateBytes":71684096,"workingSetBytes":57991168,"handles":649,"gdi":4,"user":9}
{"fixture":"dxui-menu-resources-v2","mode":"plain","cycle":9,"phase":"closed","privateBytes":71491584,"workingSetBytes":57823232,"handles":644,"gdi":4,"user":8}
{"fixture":"dxui-menu-resources-v2","mode":"plain","cycle":10,"phase":"before","privateBytes":71491584,"workingSetBytes":57823232,"handles":643,"gdi":4,"user":8}
{"fixture":"dxui-menu-resources-v2","mode":"plain","cycle":10,"phase":"rendered","privateBytes":71684096,"workingSetBytes":57991168,"handles":649,"gdi":4,"user":9}
{"fixture":"dxui-menu-resources-v2","mode":"plain","cycle":10,"phase":"open","privateBytes":71684096,"workingSetBytes":58048512,"handles":649,"gdi":4,"user":9}
{"fixture":"dxui-menu-resources-v2","mode":"plain","cycle":10,"phase":"closed","privateBytes":71491584,"workingSetBytes":57880576,"handles":643,"gdi":4,"user":8}
{"fixture":"dxui-menu-resources-v2","mode":"plain","cycle":11,"phase":"before","privateBytes":71491584,"workingSetBytes":57880576,"handles":643,"gdi":4,"user":8}
{"fixture":"dxui-menu-resources-v2","mode":"plain","cycle":11,"phase":"rendered","privateBytes":71696384,"workingSetBytes":58089472,"handles":649,"gdi":4,"user":9}
{"fixture":"dxui-menu-resources-v2","mode":"plain","cycle":11,"phase":"open","privateBytes":71696384,"workingSetBytes":58089472,"handles":649,"gdi":4,"user":9}
{"fixture":"dxui-menu-resources-v2","mode":"plain","cycle":11,"phase":"closed","privateBytes":71503872,"workingSetBytes":57921536,"handles":643,"gdi":4,"user":8}
{"fixture":"dxui-menu-resources-v2","mode":"plain","cycle":12,"phase":"before","privateBytes":71503872,"workingSetBytes":57921536,"handles":643,"gdi":4,"user":8}
{"fixture":"dxui-menu-resources-v2","mode":"plain","cycle":12,"phase":"rendered","privateBytes":71729152,"workingSetBytes":58122240,"handles":649,"gdi":4,"user":9}
{"fixture":"dxui-menu-resources-v2","mode":"plain","cycle":12,"phase":"open","privateBytes":71729152,"workingSetBytes":58208256,"handles":649,"gdi":4,"user":9}
{"fixture":"dxui-menu-resources-v2","mode":"plain","cycle":12,"phase":"closed","privateBytes":71520256,"workingSetBytes":58023936,"handles":643,"gdi":4,"user":8}
{"fixture":"dxui-menu-resources-v2","mode":"plain","cycle":13,"phase":"before","privateBytes":71520256,"workingSetBytes":58023936,"handles":643,"gdi":4,"user":8}
{"fixture":"dxui-menu-resources-v2","mode":"plain","cycle":13,"phase":"rendered","privateBytes":71864320,"workingSetBytes":58277888,"handles":649,"gdi":4,"user":9}
{"fixture":"dxui-menu-resources-v2","mode":"plain","cycle":13,"phase":"open","privateBytes":72482816,"workingSetBytes":58351616,"handles":649,"gdi":4,"user":9}
{"fixture":"dxui-menu-resources-v2","mode":"plain","cycle":13,"phase":"closed","privateBytes":71069696,"workingSetBytes":57556992,"handles":643,"gdi":4,"user":8}
{"fixture":"dxui-menu-resources-v2","mode":"plain","cycle":14,"phase":"before","privateBytes":71069696,"workingSetBytes":57556992,"handles":643,"gdi":4,"user":8}
{"fixture":"dxui-menu-resources-v2","mode":"plain","cycle":14,"phase":"rendered","privateBytes":71757824,"workingSetBytes":58122240,"handles":649,"gdi":4,"user":9}
{"fixture":"dxui-menu-resources-v2","mode":"plain","cycle":14,"phase":"open","privateBytes":72376320,"workingSetBytes":58454016,"handles":649,"gdi":4,"user":9}
{"fixture":"dxui-menu-resources-v2","mode":"plain","cycle":14,"phase":"closed","privateBytes":72208384,"workingSetBytes":58286080,"handles":643,"gdi":4,"user":8}
{"fixture":"dxui-menu-resources-v2","mode":"plain","cycle":15,"phase":"before","privateBytes":72208384,"workingSetBytes":58286080,"handles":643,"gdi":4,"user":8}
{"fixture":"dxui-menu-resources-v2","mode":"plain","cycle":15,"phase":"rendered","privateBytes":72384512,"workingSetBytes":58470400,"handles":649,"gdi":4,"user":9}
{"fixture":"dxui-menu-resources-v2","mode":"plain","cycle":15,"phase":"open","privateBytes":72384512,"workingSetBytes":58494976,"handles":649,"gdi":4,"user":9}
{"fixture":"dxui-menu-resources-v2","mode":"plain","cycle":15,"phase":"closed","privateBytes":72216576,"workingSetBytes":58327040,"handles":643,"gdi":4,"user":8}
{"fixture":"dxui-menu-resources-v2","mode":"plain","cycle":16,"phase":"before","privateBytes":72216576,"workingSetBytes":58327040,"handles":643,"gdi":4,"user":8}
{"fixture":"dxui-menu-resources-v2","mode":"plain","cycle":16,"phase":"rendered","privateBytes":72384512,"workingSetBytes":58494976,"handles":649,"gdi":4,"user":9}
{"fixture":"dxui-menu-resources-v2","mode":"plain","cycle":16,"phase":"open","privateBytes":72384512,"workingSetBytes":58552320,"handles":649,"gdi":4,"user":9}
{"fixture":"dxui-menu-resources-v2","mode":"plain","cycle":16,"phase":"closed","privateBytes":72183808,"workingSetBytes":58376192,"handles":643,"gdi":4,"user":8}
{"fixture":"dxui-menu-resources-v2","mode":"plain","cycle":17,"phase":"before","privateBytes":72183808,"workingSetBytes":58376192,"handles":643,"gdi":4,"user":8}
{"fixture":"dxui-menu-resources-v2","mode":"plain","cycle":17,"phase":"rendered","privateBytes":72392704,"workingSetBytes":58564608,"handles":649,"gdi":4,"user":9}
{"fixture":"dxui-menu-resources-v2","mode":"plain","cycle":17,"phase":"open","privateBytes":72392704,"workingSetBytes":58654720,"handles":649,"gdi":4,"user":9}
{"fixture":"dxui-menu-resources-v2","mode":"plain","cycle":17,"phase":"closed","privateBytes":72192000,"workingSetBytes":58478592,"handles":645,"gdi":4,"user":8}
{"fixture":"dxui-menu-resources-v2","mode":"plain","cycle":18,"phase":"before","privateBytes":72192000,"workingSetBytes":58478592,"handles":644,"gdi":4,"user":8}
{"fixture":"dxui-menu-resources-v2","mode":"plain","cycle":18,"phase":"rendered","privateBytes":72392704,"workingSetBytes":58658816,"handles":649,"gdi":4,"user":9}
{"fixture":"dxui-menu-resources-v2","mode":"plain","cycle":18,"phase":"open","privateBytes":72392704,"workingSetBytes":58707968,"handles":649,"gdi":4,"user":9}
{"fixture":"dxui-menu-resources-v2","mode":"plain","cycle":18,"phase":"closed","privateBytes":72192000,"workingSetBytes":58531840,"handles":643,"gdi":4,"user":8}
{"fixture":"dxui-menu-resources-v2","mode":"plain","cycle":19,"phase":"before","privateBytes":72192000,"workingSetBytes":58531840,"handles":643,"gdi":4,"user":8}
{"fixture":"dxui-menu-resources-v2","mode":"plain","cycle":19,"phase":"rendered","privateBytes":72392704,"workingSetBytes":58712064,"handles":649,"gdi":4,"user":9}
{"fixture":"dxui-menu-resources-v2","mode":"plain","cycle":19,"phase":"open","privateBytes":72392704,"workingSetBytes":58736640,"handles":649,"gdi":4,"user":9}
{"fixture":"dxui-menu-resources-v2","mode":"plain","cycle":19,"phase":"closed","privateBytes":72192000,"workingSetBytes":58560512,"handles":644,"gdi":4,"user":8}
{"fixture":"dxui-menu-resources-v2","mode":"plain","cycle":20,"phase":"before","privateBytes":72192000,"workingSetBytes":58560512,"handles":644,"gdi":4,"user":8}
{"fixture":"dxui-menu-resources-v2","mode":"plain","cycle":20,"phase":"rendered","privateBytes":72396800,"workingSetBytes":58740736,"handles":649,"gdi":4,"user":9}
{"fixture":"dxui-menu-resources-v2","mode":"plain","cycle":20,"phase":"open","privateBytes":72396800,"workingSetBytes":58798080,"handles":649,"gdi":4,"user":9}
{"fixture":"dxui-menu-resources-v2","mode":"plain","cycle":20,"phase":"closed","privateBytes":72196096,"workingSetBytes":58621952,"handles":643,"gdi":4,"user":8}
{"fixture":"dxui-menu-resources-v2","mode":"plain","cycle":21,"phase":"before","privateBytes":72196096,"workingSetBytes":58621952,"handles":643,"gdi":4,"user":8}
{"fixture":"dxui-menu-resources-v2","mode":"plain","cycle":21,"phase":"rendered","privateBytes":72396800,"workingSetBytes":58802176,"handles":649,"gdi":4,"user":9}
{"fixture":"dxui-menu-resources-v2","mode":"plain","cycle":21,"phase":"open","privateBytes":72396800,"workingSetBytes":58867712,"handles":649,"gdi":4,"user":9}
{"fixture":"dxui-menu-resources-v2","mode":"plain","cycle":21,"phase":"closed","privateBytes":72224768,"workingSetBytes":58695680,"handles":643,"gdi":4,"user":8}
{"fixture":"dxui-menu-resources-v2","mode":"plain","cycle":22,"phase":"before","privateBytes":72224768,"workingSetBytes":58695680,"handles":643,"gdi":4,"user":8}
{"fixture":"dxui-menu-resources-v2","mode":"plain","cycle":22,"phase":"rendered","privateBytes":72404992,"workingSetBytes":58875904,"handles":649,"gdi":4,"user":9}
{"fixture":"dxui-menu-resources-v2","mode":"plain","cycle":22,"phase":"open","privateBytes":73019392,"workingSetBytes":58941440,"handles":649,"gdi":4,"user":9}
{"fixture":"dxui-menu-resources-v2","mode":"plain","cycle":22,"phase":"closed","privateBytes":71598080,"workingSetBytes":58130432,"handles":643,"gdi":4,"user":8}
{"fixture":"dxui-menu-resources-v2","mode":"plain","cycle":23,"phase":"before","privateBytes":71598080,"workingSetBytes":58130432,"handles":643,"gdi":4,"user":8}
{"fixture":"dxui-menu-resources-v2","mode":"plain","cycle":23,"phase":"rendered","privateBytes":72302592,"workingSetBytes":58765312,"handles":649,"gdi":4,"user":9}
{"fixture":"dxui-menu-resources-v2","mode":"plain","cycle":23,"phase":"open","privateBytes":72916992,"workingSetBytes":58970112,"handles":649,"gdi":4,"user":9}
{"fixture":"dxui-menu-resources-v2","mode":"plain","cycle":23,"phase":"closed","privateBytes":71630848,"workingSetBytes":58167296,"handles":643,"gdi":4,"user":8}
{"fixture":"dxui-menu-resources-v2","mode":"plain","cycle":24,"phase":"before","privateBytes":71630848,"workingSetBytes":58167296,"handles":643,"gdi":4,"user":8}
{"fixture":"dxui-menu-resources-v2","mode":"plain","cycle":24,"phase":"rendered","privateBytes":72323072,"workingSetBytes":58642432,"handles":649,"gdi":4,"user":9}
{"fixture":"dxui-menu-resources-v2","mode":"plain","cycle":24,"phase":"open","privateBytes":72937472,"workingSetBytes":59023360,"handles":649,"gdi":4,"user":9}
{"fixture":"dxui-menu-resources-v2","mode":"plain","cycle":24,"phase":"closed","privateBytes":72736768,"workingSetBytes":58847232,"handles":643,"gdi":4,"user":8}
{"fixture":"dxui-menu-resources-v2","mode":"plain","cycle":25,"phase":"before","privateBytes":72736768,"workingSetBytes":58847232,"handles":643,"gdi":4,"user":8}
{"fixture":"dxui-menu-resources-v2","mode":"plain","cycle":25,"phase":"rendered","privateBytes":72937472,"workingSetBytes":59015168,"handles":649,"gdi":4,"user":9}
{"fixture":"dxui-menu-resources-v2","mode":"plain","cycle":25,"phase":"open","privateBytes":72937472,"workingSetBytes":59068416,"handles":649,"gdi":4,"user":9}
{"fixture":"dxui-menu-resources-v2","mode":"plain","cycle":25,"phase":"closed","privateBytes":72728576,"workingSetBytes":58892288,"handles":644,"gdi":4,"user":8}
{"fixture":"dxui-menu-resources-v2","mode":"plain","cycle":26,"phase":"before","privateBytes":72728576,"workingSetBytes":58892288,"handles":644,"gdi":4,"user":8}
{"fixture":"dxui-menu-resources-v2","mode":"plain","cycle":26,"phase":"rendered","privateBytes":72953856,"workingSetBytes":59101184,"handles":649,"gdi":4,"user":9}
{"fixture":"dxui-menu-resources-v2","mode":"plain","cycle":26,"phase":"open","privateBytes":72953856,"workingSetBytes":59133952,"handles":649,"gdi":4,"user":9}
{"fixture":"dxui-menu-resources-v2","mode":"plain","cycle":26,"phase":"closed","privateBytes":72749056,"workingSetBytes":58953728,"handles":643,"gdi":4,"user":8}
{"fixture":"dxui-menu-resources-v2","mode":"plain","cycle":27,"phase":"before","privateBytes":72749056,"workingSetBytes":58953728,"handles":643,"gdi":4,"user":8}
{"fixture":"dxui-menu-resources-v2","mode":"plain","cycle":27,"phase":"rendered","privateBytes":72953856,"workingSetBytes":59133952,"handles":649,"gdi":4,"user":9}
{"fixture":"dxui-menu-resources-v2","mode":"plain","cycle":27,"phase":"open","privateBytes":72953856,"workingSetBytes":59133952,"handles":649,"gdi":4,"user":9}
{"fixture":"dxui-menu-resources-v2","mode":"plain","cycle":27,"phase":"closed","privateBytes":72749056,"workingSetBytes":58957824,"handles":644,"gdi":4,"user":8}
{"fixture":"dxui-menu-resources-v2","mode":"plain","cycle":28,"phase":"before","privateBytes":72749056,"workingSetBytes":58957824,"handles":643,"gdi":4,"user":8}
{"fixture":"dxui-menu-resources-v2","mode":"plain","cycle":28,"phase":"rendered","privateBytes":72953856,"workingSetBytes":59133952,"handles":649,"gdi":4,"user":9}
{"fixture":"dxui-menu-resources-v2","mode":"plain","cycle":28,"phase":"open","privateBytes":72953856,"workingSetBytes":59166720,"handles":649,"gdi":4,"user":9}
{"fixture":"dxui-menu-resources-v2","mode":"plain","cycle":28,"phase":"closed","privateBytes":72749056,"workingSetBytes":58990592,"handles":643,"gdi":4,"user":8}
{"fixture":"dxui-menu-resources-v2","mode":"plain","cycle":29,"phase":"before","privateBytes":72749056,"workingSetBytes":58990592,"handles":643,"gdi":4,"user":8}
{"fixture":"dxui-menu-resources-v2","mode":"plain","cycle":29,"phase":"rendered","privateBytes":72953856,"workingSetBytes":59166720,"handles":649,"gdi":4,"user":9}
{"fixture":"dxui-menu-resources-v2","mode":"plain","cycle":29,"phase":"open","privateBytes":72953856,"workingSetBytes":59199488,"handles":649,"gdi":4,"user":9}
{"fixture":"dxui-menu-resources-v2","mode":"plain","cycle":29,"phase":"closed","privateBytes":72749056,"workingSetBytes":59023360,"handles":643,"gdi":4,"user":8}
{"fixture":"dxui-menu-resources-v2","mode":"plain","cycle":30,"phase":"before","privateBytes":72749056,"workingSetBytes":59023360,"handles":643,"gdi":4,"user":8}
{"fixture":"dxui-menu-resources-v2","mode":"plain","cycle":30,"phase":"rendered","privateBytes":72962048,"workingSetBytes":59207680,"handles":649,"gdi":4,"user":9}
{"fixture":"dxui-menu-resources-v2","mode":"plain","cycle":30,"phase":"open","privateBytes":72962048,"workingSetBytes":59232256,"handles":649,"gdi":4,"user":9}
{"fixture":"dxui-menu-resources-v2","mode":"plain","cycle":30,"phase":"closed","privateBytes":72749056,"workingSetBytes":59052032,"handles":643,"gdi":4,"user":8}
{"fixture":"dxui-menu-resources-v2","mode":"plain","cycle":31,"phase":"before","privateBytes":72749056,"workingSetBytes":59052032,"handles":643,"gdi":4,"user":8}
{"fixture":"dxui-menu-resources-v2","mode":"plain","cycle":31,"phase":"rendered","privateBytes":72962048,"workingSetBytes":59240448,"handles":649,"gdi":4,"user":9}
{"fixture":"dxui-menu-resources-v2","mode":"plain","cycle":31,"phase":"open","privateBytes":72962048,"workingSetBytes":59297792,"handles":649,"gdi":4,"user":9}
{"fixture":"dxui-menu-resources-v2","mode":"plain","cycle":31,"phase":"closed","privateBytes":72757248,"workingSetBytes":59121664,"handles":643,"gdi":4,"user":8}
{"fixture":"dxui-menu-resources-v2","mode":"plain","cycle":32,"phase":"before","privateBytes":72757248,"workingSetBytes":59121664,"handles":643,"gdi":4,"user":8}
{"fixture":"dxui-menu-resources-v2","mode":"plain","cycle":32,"phase":"rendered","privateBytes":72962048,"workingSetBytes":59297792,"handles":649,"gdi":4,"user":9}
{"fixture":"dxui-menu-resources-v2","mode":"plain","cycle":32,"phase":"open","privateBytes":72962048,"workingSetBytes":59322368,"handles":649,"gdi":4,"user":9}
{"fixture":"dxui-menu-resources-v2","mode":"plain","cycle":32,"phase":"closed","privateBytes":72736768,"workingSetBytes":59125760,"handles":643,"gdi":4,"user":8}
{"fixture":"dxui-menu-resources-v2","mode":"plain","cycle":33,"phase":"before","privateBytes":72736768,"workingSetBytes":59125760,"handles":643,"gdi":4,"user":8}
{"fixture":"dxui-menu-resources-v2","mode":"plain","cycle":33,"phase":"rendered","privateBytes":72966144,"workingSetBytes":59326464,"handles":649,"gdi":4,"user":9}
{"fixture":"dxui-menu-resources-v2","mode":"plain","cycle":33,"phase":"open","privateBytes":72966144,"workingSetBytes":59379712,"handles":649,"gdi":4,"user":9}
{"fixture":"dxui-menu-resources-v2","mode":"plain","cycle":33,"phase":"closed","privateBytes":72773632,"workingSetBytes":59203584,"handles":643,"gdi":4,"user":8}
{"fixture":"dxui-menu-resources-v2","mode":"plain","cycle":34,"phase":"before","privateBytes":72773632,"workingSetBytes":59203584,"handles":643,"gdi":4,"user":8}
{"fixture":"dxui-menu-resources-v2","mode":"plain","cycle":34,"phase":"rendered","privateBytes":72966144,"workingSetBytes":59379712,"handles":649,"gdi":4,"user":9}
{"fixture":"dxui-menu-resources-v2","mode":"plain","cycle":34,"phase":"open","privateBytes":72966144,"workingSetBytes":59445248,"handles":649,"gdi":4,"user":9}
{"fixture":"dxui-menu-resources-v2","mode":"plain","cycle":34,"phase":"closed","privateBytes":72773632,"workingSetBytes":59269120,"handles":643,"gdi":4,"user":8}
{"fixture":"dxui-menu-resources-v2","mode":"plain","cycle":35,"phase":"before","privateBytes":72773632,"workingSetBytes":59269120,"handles":643,"gdi":4,"user":8}
{"fixture":"dxui-menu-resources-v2","mode":"plain","cycle":35,"phase":"rendered","privateBytes":72966144,"workingSetBytes":59441152,"handles":649,"gdi":4,"user":9}
{"fixture":"dxui-menu-resources-v2","mode":"plain","cycle":35,"phase":"open","privateBytes":72966144,"workingSetBytes":59473920,"handles":649,"gdi":4,"user":9}
{"fixture":"dxui-menu-resources-v2","mode":"plain","cycle":35,"phase":"closed","privateBytes":72794112,"workingSetBytes":59301888,"handles":643,"gdi":4,"user":8}
{"fixture":"dxui-menu-resources-v2","mode":"plain","cycle":36,"phase":"before","privateBytes":72794112,"workingSetBytes":59301888,"handles":643,"gdi":4,"user":8}
{"fixture":"dxui-menu-resources-v2","mode":"plain","cycle":36,"phase":"rendered","privateBytes":72966144,"workingSetBytes":59486208,"handles":649,"gdi":4,"user":9}
{"fixture":"dxui-menu-resources-v2","mode":"plain","cycle":36,"phase":"open","privateBytes":73580544,"workingSetBytes":59547648,"handles":649,"gdi":4,"user":9}
{"fixture":"dxui-menu-resources-v2","mode":"plain","cycle":36,"phase":"closed","privateBytes":72204288,"workingSetBytes":58753024,"handles":643,"gdi":4,"user":8}
{"fixture":"dxui-menu-resources-v2","mode":"plain","cycle":37,"phase":"before","privateBytes":72204288,"workingSetBytes":58753024,"handles":643,"gdi":4,"user":8}
{"fixture":"dxui-menu-resources-v2","mode":"plain","cycle":37,"phase":"rendered","privateBytes":72880128,"workingSetBytes":59310080,"handles":649,"gdi":4,"user":9}
{"fixture":"dxui-menu-resources-v2","mode":"plain","cycle":37,"phase":"open","privateBytes":73494528,"workingSetBytes":59596800,"handles":649,"gdi":4,"user":9}
{"fixture":"dxui-menu-resources-v2","mode":"plain","cycle":37,"phase":"closed","privateBytes":72261632,"workingSetBytes":58822656,"handles":643,"gdi":4,"user":8}
{"fixture":"dxui-menu-resources-v2","mode":"plain","cycle":38,"phase":"before","privateBytes":72261632,"workingSetBytes":58822656,"handles":643,"gdi":4,"user":8}
{"fixture":"dxui-menu-resources-v2","mode":"plain","cycle":38,"phase":"rendered","privateBytes":72937472,"workingSetBytes":59432960,"handles":649,"gdi":4,"user":9}
{"fixture":"dxui-menu-resources-v2","mode":"plain","cycle":38,"phase":"open","privateBytes":73551872,"workingSetBytes":59633664,"handles":649,"gdi":4,"user":9}
{"fixture":"dxui-menu-resources-v2","mode":"plain","cycle":38,"phase":"closed","privateBytes":72282112,"workingSetBytes":58843136,"handles":643,"gdi":4,"user":8}
{"fixture":"dxui-menu-resources-v2","mode":"plain","cycle":39,"phase":"before","privateBytes":72282112,"workingSetBytes":58843136,"handles":643,"gdi":4,"user":8}
{"fixture":"dxui-menu-resources-v2","mode":"plain","cycle":39,"phase":"rendered","privateBytes":73457664,"workingSetBytes":59236352,"handles":649,"gdi":4,"user":9}
{"fixture":"dxui-menu-resources-v2","mode":"plain","cycle":39,"phase":"open","privateBytes":73457664,"workingSetBytes":59613184,"handles":649,"gdi":4,"user":9}
{"fixture":"dxui-menu-resources-v2","mode":"plain","cycle":39,"phase":"closed","privateBytes":73277440,"workingSetBytes":59453440,"handles":645,"gdi":4,"user":8}
{"fixture":"dxui-menu-resources-v2","mode":"plain","cycle":40,"phase":"before","privateBytes":73277440,"workingSetBytes":59453440,"handles":645,"gdi":4,"user":8}
{"fixture":"dxui-menu-resources-v2","mode":"plain","cycle":40,"phase":"rendered","privateBytes":73469952,"workingSetBytes":59625472,"handles":649,"gdi":4,"user":9}
{"fixture":"dxui-menu-resources-v2","mode":"plain","cycle":40,"phase":"open","privateBytes":73469952,"workingSetBytes":59682816,"handles":649,"gdi":4,"user":9}
{"fixture":"dxui-menu-resources-v2","mode":"plain","cycle":40,"phase":"closed","privateBytes":73265152,"workingSetBytes":59502592,"handles":643,"gdi":4,"user":8}
{"fixture":"dxui-menu-resources-v2","mode":"plain","cycle":41,"phase":"before","privateBytes":73265152,"workingSetBytes":59502592,"handles":643,"gdi":4,"user":8}
{"fixture":"dxui-menu-resources-v2","mode":"plain","cycle":41,"phase":"rendered","privateBytes":73469952,"workingSetBytes":59691008,"handles":649,"gdi":4,"user":9}
{"fixture":"dxui-menu-resources-v2","mode":"plain","cycle":41,"phase":"open","privateBytes":73469952,"workingSetBytes":59723776,"handles":649,"gdi":4,"user":9}
{"fixture":"dxui-menu-resources-v2","mode":"plain","cycle":41,"phase":"closed","privateBytes":73285632,"workingSetBytes":59555840,"handles":643,"gdi":4,"user":8}
{"fixture":"dxui-menu-resources-v2","mode":"plain","cycle":42,"phase":"before","privateBytes":73285632,"workingSetBytes":59555840,"handles":643,"gdi":4,"user":8}
{"fixture":"dxui-menu-resources-v2","mode":"plain","cycle":42,"phase":"rendered","privateBytes":73469952,"workingSetBytes":59719680,"handles":649,"gdi":4,"user":9}
{"fixture":"dxui-menu-resources-v2","mode":"plain","cycle":42,"phase":"open","privateBytes":73469952,"workingSetBytes":59719680,"handles":649,"gdi":4,"user":9}
{"fixture":"dxui-menu-resources-v2","mode":"plain","cycle":42,"phase":"closed","privateBytes":73265152,"workingSetBytes":59543552,"handles":643,"gdi":4,"user":8}
{"fixture":"dxui-menu-resources-v2","mode":"plain","cycle":43,"phase":"before","privateBytes":73265152,"workingSetBytes":59543552,"handles":643,"gdi":4,"user":8}
{"fixture":"dxui-menu-resources-v2","mode":"plain","cycle":43,"phase":"rendered","privateBytes":73482240,"workingSetBytes":59736064,"handles":649,"gdi":4,"user":9}
{"fixture":"dxui-menu-resources-v2","mode":"plain","cycle":43,"phase":"open","privateBytes":73482240,"workingSetBytes":59777024,"handles":649,"gdi":4,"user":9}
{"fixture":"dxui-menu-resources-v2","mode":"plain","cycle":43,"phase":"closed","privateBytes":73306112,"workingSetBytes":59617280,"handles":643,"gdi":4,"user":8}
{"fixture":"dxui-menu-resources-v2","mode":"plain","cycle":44,"phase":"before","privateBytes":73306112,"workingSetBytes":59617280,"handles":643,"gdi":4,"user":8}
{"fixture":"dxui-menu-resources-v2","mode":"plain","cycle":44,"phase":"rendered","privateBytes":73490432,"workingSetBytes":59785216,"handles":649,"gdi":4,"user":9}
{"fixture":"dxui-menu-resources-v2","mode":"plain","cycle":44,"phase":"open","privateBytes":73490432,"workingSetBytes":59817984,"handles":649,"gdi":4,"user":9}
{"fixture":"dxui-menu-resources-v2","mode":"plain","cycle":44,"phase":"closed","privateBytes":73297920,"workingSetBytes":59650048,"handles":643,"gdi":4,"user":8}
{"fixture":"dxui-menu-resources-v2","mode":"plain","cycle":45,"phase":"before","privateBytes":73297920,"workingSetBytes":59650048,"handles":643,"gdi":4,"user":8}
{"fixture":"dxui-menu-resources-v2","mode":"plain","cycle":45,"phase":"rendered","privateBytes":73490432,"workingSetBytes":59817984,"handles":649,"gdi":4,"user":9}
{"fixture":"dxui-menu-resources-v2","mode":"plain","cycle":45,"phase":"open","privateBytes":73490432,"workingSetBytes":59850752,"handles":649,"gdi":4,"user":9}
{"fixture":"dxui-menu-resources-v2","mode":"plain","cycle":45,"phase":"closed","privateBytes":73289728,"workingSetBytes":59674624,"handles":643,"gdi":4,"user":8}
{"fixture":"dxui-menu-resources-v2","mode":"plain","cycle":46,"phase":"before","privateBytes":73289728,"workingSetBytes":59674624,"handles":643,"gdi":4,"user":8}
{"fixture":"dxui-menu-resources-v2","mode":"plain","cycle":46,"phase":"rendered","privateBytes":73490432,"workingSetBytes":59842560,"handles":649,"gdi":4,"user":9}
{"fixture":"dxui-menu-resources-v2","mode":"plain","cycle":46,"phase":"open","privateBytes":73490432,"workingSetBytes":59842560,"handles":649,"gdi":4,"user":9}
{"fixture":"dxui-menu-resources-v2","mode":"plain","cycle":46,"phase":"closed","privateBytes":73293824,"workingSetBytes":59670528,"handles":643,"gdi":4,"user":8}
{"fixture":"dxui-menu-resources-v2","mode":"plain","cycle":47,"phase":"before","privateBytes":73293824,"workingSetBytes":59670528,"handles":643,"gdi":4,"user":8}
{"fixture":"dxui-menu-resources-v2","mode":"plain","cycle":47,"phase":"rendered","privateBytes":73490432,"workingSetBytes":59858944,"handles":649,"gdi":4,"user":9}
{"fixture":"dxui-menu-resources-v2","mode":"plain","cycle":47,"phase":"open","privateBytes":73490432,"workingSetBytes":59895808,"handles":649,"gdi":4,"user":9}
{"fixture":"dxui-menu-resources-v2","mode":"plain","cycle":47,"phase":"closed","privateBytes":73285632,"workingSetBytes":59711488,"handles":643,"gdi":4,"user":8}
{"fixture":"dxui-menu-resources-v2","mode":"plain","cycle":48,"phase":"before","privateBytes":73285632,"workingSetBytes":59711488,"handles":643,"gdi":4,"user":8}
{"fixture":"dxui-menu-resources-v2","mode":"plain","cycle":48,"phase":"rendered","privateBytes":73490432,"workingSetBytes":59895808,"handles":649,"gdi":4,"user":9}
{"fixture":"dxui-menu-resources-v2","mode":"plain","cycle":48,"phase":"open","privateBytes":73490432,"workingSetBytes":59928576,"handles":649,"gdi":4,"user":9}
{"fixture":"dxui-menu-resources-v2","mode":"plain","cycle":48,"phase":"closed","privateBytes":73293824,"workingSetBytes":59760640,"handles":645,"gdi":4,"user":8}
{"fixture":"dxui-menu-resources-v2","mode":"plain","cycle":49,"phase":"before","privateBytes":73293824,"workingSetBytes":59760640,"handles":644,"gdi":4,"user":8}
{"fixture":"dxui-menu-resources-v2","mode":"plain","cycle":49,"phase":"rendered","privateBytes":73490432,"workingSetBytes":59924480,"handles":649,"gdi":4,"user":9}
{"fixture":"dxui-menu-resources-v2","mode":"plain","cycle":49,"phase":"open","privateBytes":73490432,"workingSetBytes":59957248,"handles":649,"gdi":4,"user":9}
{"fixture":"dxui-menu-resources-v2","mode":"plain","cycle":49,"phase":"closed","privateBytes":73285632,"workingSetBytes":59789312,"handles":643,"gdi":4,"user":8}
{"fixture":"dxui-menu-resources-v2","mode":"plain","cycle":50,"phase":"before","privateBytes":73285632,"workingSetBytes":59789312,"handles":643,"gdi":4,"user":8}
{"fixture":"dxui-menu-resources-v2","mode":"plain","cycle":50,"phase":"rendered","privateBytes":73490432,"workingSetBytes":59957248,"handles":649,"gdi":4,"user":9}
{"fixture":"dxui-menu-resources-v2","mode":"plain","cycle":50,"phase":"open","privateBytes":73490432,"workingSetBytes":59977728,"handles":649,"gdi":4,"user":9}
{"fixture":"dxui-menu-resources-v2","mode":"plain","cycle":50,"phase":"closed","privateBytes":73289728,"workingSetBytes":59813888,"handles":643,"gdi":4,"user":8}
{"fixture":"dxui-menu-resources-v2","mode":"plain","cycle":51,"phase":"before","privateBytes":73289728,"workingSetBytes":59813888,"handles":643,"gdi":4,"user":8}
{"fixture":"dxui-menu-resources-v2","mode":"plain","cycle":51,"phase":"rendered","privateBytes":73490432,"workingSetBytes":59981824,"handles":649,"gdi":4,"user":9}
{"fixture":"dxui-menu-resources-v2","mode":"plain","cycle":51,"phase":"open","privateBytes":73490432,"workingSetBytes":59994112,"handles":649,"gdi":4,"user":9}
{"fixture":"dxui-menu-resources-v2","mode":"plain","cycle":51,"phase":"closed","privateBytes":73289728,"workingSetBytes":59826176,"handles":643,"gdi":4,"user":8}
{"fixture":"dxui-menu-resources-v2","mode":"plain","cycle":52,"phase":"before","privateBytes":73289728,"workingSetBytes":59826176,"handles":643,"gdi":4,"user":8}
{"fixture":"dxui-menu-resources-v2","mode":"plain","cycle":52,"phase":"rendered","privateBytes":73490432,"workingSetBytes":59998208,"handles":649,"gdi":4,"user":9}
{"fixture":"dxui-menu-resources-v2","mode":"plain","cycle":52,"phase":"open","privateBytes":73490432,"workingSetBytes":60047360,"handles":649,"gdi":4,"user":9}
{"fixture":"dxui-menu-resources-v2","mode":"plain","cycle":52,"phase":"closed","privateBytes":73297920,"workingSetBytes":59883520,"handles":643,"gdi":4,"user":8}
{"fixture":"dxui-menu-resources-v2","mode":"plain","cycle":53,"phase":"before","privateBytes":73297920,"workingSetBytes":59883520,"handles":643,"gdi":4,"user":8}
{"fixture":"dxui-menu-resources-v2","mode":"plain","cycle":53,"phase":"rendered","privateBytes":73490432,"workingSetBytes":60055552,"handles":649,"gdi":4,"user":9}
{"fixture":"dxui-menu-resources-v2","mode":"plain","cycle":53,"phase":"open","privateBytes":74104832,"workingSetBytes":60100608,"handles":649,"gdi":4,"user":9}
{"fixture":"dxui-menu-resources-v2","mode":"plain","cycle":53,"phase":"closed","privateBytes":72720384,"workingSetBytes":59310080,"handles":643,"gdi":4,"user":8}
{"fixture":"dxui-menu-resources-v2","mode":"plain","cycle":54,"phase":"before","privateBytes":72720384,"workingSetBytes":59310080,"handles":643,"gdi":4,"user":8}
{"fixture":"dxui-menu-resources-v2","mode":"plain","cycle":54,"phase":"rendered","privateBytes":73396224,"workingSetBytes":59813888,"handles":649,"gdi":4,"user":9}
{"fixture":"dxui-menu-resources-v2","mode":"plain","cycle":54,"phase":"open","privateBytes":74010624,"workingSetBytes":60116992,"handles":649,"gdi":4,"user":9}
{"fixture":"dxui-menu-resources-v2","mode":"plain","cycle":54,"phase":"closed","privateBytes":72736768,"workingSetBytes":59326464,"handles":643,"gdi":4,"user":8}
{"fixture":"dxui-menu-resources-v2","mode":"plain","cycle":55,"phase":"before","privateBytes":72736768,"workingSetBytes":59326464,"handles":643,"gdi":4,"user":8}
{"fixture":"dxui-menu-resources-v2","mode":"plain","cycle":55,"phase":"rendered","privateBytes":73396224,"workingSetBytes":59871232,"handles":649,"gdi":4,"user":9}
{"fixture":"dxui-menu-resources-v2","mode":"plain","cycle":55,"phase":"open","privateBytes":74010624,"workingSetBytes":60153856,"handles":649,"gdi":4,"user":9}
{"fixture":"dxui-menu-resources-v2","mode":"plain","cycle":55,"phase":"closed","privateBytes":73801728,"workingSetBytes":59969536,"handles":643,"gdi":4,"user":8}
{"fixture":"dxui-menu-resources-v2","mode":"plain","cycle":56,"phase":"before","privateBytes":73801728,"workingSetBytes":59969536,"handles":643,"gdi":4,"user":8}
{"fixture":"dxui-menu-resources-v2","mode":"plain","cycle":56,"phase":"rendered","privateBytes":74018816,"workingSetBytes":60162048,"handles":649,"gdi":4,"user":9}
{"fixture":"dxui-menu-resources-v2","mode":"plain","cycle":56,"phase":"open","privateBytes":74018816,"workingSetBytes":60194816,"handles":649,"gdi":4,"user":9}
{"fixture":"dxui-menu-resources-v2","mode":"plain","cycle":56,"phase":"closed","privateBytes":73826304,"workingSetBytes":60026880,"handles":643,"gdi":4,"user":8}
{"fixture":"dxui-menu-resources-v2","mode":"plain","cycle":57,"phase":"before","privateBytes":73826304,"workingSetBytes":60026880,"handles":643,"gdi":4,"user":8}
{"fixture":"dxui-menu-resources-v2","mode":"plain","cycle":57,"phase":"rendered","privateBytes":74018816,"workingSetBytes":60186624,"handles":649,"gdi":4,"user":9}
{"fixture":"dxui-menu-resources-v2","mode":"plain","cycle":57,"phase":"open","privateBytes":74018816,"workingSetBytes":60219392,"handles":649,"gdi":4,"user":9}
{"fixture":"dxui-menu-resources-v2","mode":"plain","cycle":57,"phase":"closed","privateBytes":73822208,"workingSetBytes":60055552,"handles":643,"gdi":4,"user":8}
{"fixture":"dxui-menu-resources-v2","mode":"plain","cycle":58,"phase":"before","privateBytes":73822208,"workingSetBytes":60055552,"handles":643,"gdi":4,"user":8}
{"fixture":"dxui-menu-resources-v2","mode":"plain","cycle":58,"phase":"rendered","privateBytes":74027008,"workingSetBytes":60235776,"handles":649,"gdi":4,"user":9}
{"fixture":"dxui-menu-resources-v2","mode":"plain","cycle":58,"phase":"open","privateBytes":74027008,"workingSetBytes":60260352,"handles":649,"gdi":4,"user":9}
{"fixture":"dxui-menu-resources-v2","mode":"plain","cycle":58,"phase":"closed","privateBytes":73834496,"workingSetBytes":60092416,"handles":644,"gdi":4,"user":8}
{"fixture":"dxui-menu-resources-v2","mode":"plain","cycle":59,"phase":"before","privateBytes":73834496,"workingSetBytes":60092416,"handles":643,"gdi":4,"user":8}
{"fixture":"dxui-menu-resources-v2","mode":"plain","cycle":59,"phase":"rendered","privateBytes":74027008,"workingSetBytes":60256256,"handles":649,"gdi":4,"user":9}
{"fixture":"dxui-menu-resources-v2","mode":"plain","cycle":59,"phase":"open","privateBytes":74027008,"workingSetBytes":60264448,"handles":649,"gdi":4,"user":9}
{"fixture":"dxui-menu-resources-v2","mode":"plain","cycle":59,"phase":"closed","privateBytes":73834496,"workingSetBytes":60100608,"handles":643,"gdi":4,"user":8}
{"fixture":"dxui-menu-resources-v2","mode":"plain","cycle":60,"phase":"before","privateBytes":73834496,"workingSetBytes":60100608,"handles":643,"gdi":4,"user":8}
{"fixture":"dxui-menu-resources-v2","mode":"plain","cycle":60,"phase":"rendered","privateBytes":74027008,"workingSetBytes":60264448,"handles":649,"gdi":4,"user":9}
{"fixture":"dxui-menu-resources-v2","mode":"plain","cycle":60,"phase":"open","privateBytes":74027008,"workingSetBytes":60321792,"handles":649,"gdi":4,"user":9}
{"fixture":"dxui-menu-resources-v2","mode":"plain","cycle":60,"phase":"closed","privateBytes":73834496,"workingSetBytes":60157952,"handles":643,"gdi":4,"user":8}
{"fixture":"dxui-menu-resources-v2","mode":"plain","cycle":61,"phase":"before","privateBytes":73834496,"workingSetBytes":60157952,"handles":643,"gdi":4,"user":8}
{"fixture":"dxui-menu-resources-v2","mode":"plain","cycle":61,"phase":"rendered","privateBytes":74027008,"workingSetBytes":60317696,"handles":649,"gdi":4,"user":9}
{"fixture":"dxui-menu-resources-v2","mode":"plain","cycle":61,"phase":"open","privateBytes":74027008,"workingSetBytes":60350464,"handles":649,"gdi":4,"user":9}
{"fixture":"dxui-menu-resources-v2","mode":"plain","cycle":61,"phase":"closed","privateBytes":73826304,"workingSetBytes":60182528,"handles":643,"gdi":4,"user":8}
{"fixture":"dxui-menu-resources-v2","mode":"plain","cycle":62,"phase":"before","privateBytes":73826304,"workingSetBytes":60182528,"handles":643,"gdi":4,"user":8}
{"fixture":"dxui-menu-resources-v2","mode":"plain","cycle":62,"phase":"rendered","privateBytes":74027008,"workingSetBytes":60350464,"handles":649,"gdi":4,"user":9}
{"fixture":"dxui-menu-resources-v2","mode":"plain","cycle":62,"phase":"open","privateBytes":74027008,"workingSetBytes":60350464,"handles":649,"gdi":4,"user":9}
{"fixture":"dxui-menu-resources-v2","mode":"plain","cycle":62,"phase":"closed","privateBytes":73838592,"workingSetBytes":60178432,"handles":643,"gdi":4,"user":8}
{"fixture":"dxui-menu-resources-v2","mode":"plain","cycle":63,"phase":"before","privateBytes":73838592,"workingSetBytes":60178432,"handles":643,"gdi":4,"user":8}
{"fixture":"dxui-menu-resources-v2","mode":"plain","cycle":63,"phase":"rendered","privateBytes":74027008,"workingSetBytes":60350464,"handles":649,"gdi":4,"user":9}
{"fixture":"dxui-menu-resources-v2","mode":"plain","cycle":63,"phase":"open","privateBytes":74027008,"workingSetBytes":60383232,"handles":649,"gdi":4,"user":9}
{"fixture":"dxui-menu-resources-v2","mode":"plain","cycle":63,"phase":"closed","privateBytes":73826304,"workingSetBytes":60215296,"handles":644,"gdi":4,"user":8}
{"fixture":"dxui-menu-resources-v2","mode":"plain","cycle":64,"phase":"before","privateBytes":73826304,"workingSetBytes":60215296,"handles":644,"gdi":4,"user":8}
{"fixture":"dxui-menu-resources-v2","mode":"plain","cycle":64,"phase":"rendered","privateBytes":74010624,"workingSetBytes":60375040,"handles":649,"gdi":4,"user":9}
{"fixture":"dxui-menu-resources-v2","mode":"plain","cycle":64,"phase":"open","privateBytes":74010624,"workingSetBytes":60538880,"handles":649,"gdi":4,"user":9}
{"fixture":"dxui-menu-resources-v2","mode":"plain","cycle":64,"phase":"closed","privateBytes":73850880,"workingSetBytes":60375040,"handles":643,"gdi":4,"user":8}
{"fixture":"dxui-menu-resources-v2","mode":"plain","cycle":65,"phase":"before","privateBytes":73850880,"workingSetBytes":60375040,"handles":643,"gdi":4,"user":8}
{"fixture":"dxui-menu-resources-v2","mode":"plain","cycle":65,"phase":"rendered","privateBytes":74027008,"workingSetBytes":60542976,"handles":649,"gdi":4,"user":9}
{"fixture":"dxui-menu-resources-v2","mode":"plain","cycle":65,"phase":"open","privateBytes":74027008,"workingSetBytes":60575744,"handles":649,"gdi":4,"user":9}
{"fixture":"dxui-menu-resources-v2","mode":"plain","cycle":65,"phase":"closed","privateBytes":73818112,"workingSetBytes":60403712,"handles":643,"gdi":4,"user":8}
{"fixture":"dxui-menu-resources-v2","mode":"plain","cycle":66,"phase":"before","privateBytes":73818112,"workingSetBytes":60403712,"handles":643,"gdi":4,"user":8}
{"fixture":"dxui-menu-resources-v2","mode":"plain","cycle":66,"phase":"rendered","privateBytes":74027008,"workingSetBytes":60579840,"handles":649,"gdi":4,"user":9}
{"fixture":"dxui-menu-resources-v2","mode":"plain","cycle":66,"phase":"open","privateBytes":74027008,"workingSetBytes":60579840,"handles":649,"gdi":4,"user":9}
{"fixture":"dxui-menu-resources-v2","mode":"plain","cycle":66,"phase":"closed","privateBytes":73842688,"workingSetBytes":60407808,"handles":643,"gdi":4,"user":8}
{"fixture":"dxui-menu-resources-v2","mode":"plain","cycle":67,"phase":"before","privateBytes":73842688,"workingSetBytes":60407808,"handles":643,"gdi":4,"user":8}
{"fixture":"dxui-menu-resources-v2","mode":"plain","cycle":67,"phase":"rendered","privateBytes":74027008,"workingSetBytes":60579840,"handles":649,"gdi":4,"user":9}
{"fixture":"dxui-menu-resources-v2","mode":"plain","cycle":67,"phase":"open","privateBytes":74645504,"workingSetBytes":60616704,"handles":649,"gdi":4,"user":9}
{"fixture":"dxui-menu-resources-v2","mode":"plain","cycle":67,"phase":"closed","privateBytes":73232384,"workingSetBytes":59822080,"handles":643,"gdi":4,"user":8}
{"fixture":"dxui-menu-resources-v2","mode":"plain","cycle":68,"phase":"before","privateBytes":73232384,"workingSetBytes":59822080,"handles":643,"gdi":4,"user":8}
{"fixture":"dxui-menu-resources-v2","mode":"plain","cycle":68,"phase":"rendered","privateBytes":73900032,"workingSetBytes":60403712,"handles":649,"gdi":4,"user":9}
{"fixture":"dxui-menu-resources-v2","mode":"plain","cycle":68,"phase":"open","privateBytes":74518528,"workingSetBytes":60633088,"handles":649,"gdi":4,"user":9}
{"fixture":"dxui-menu-resources-v2","mode":"plain","cycle":68,"phase":"closed","privateBytes":74305536,"workingSetBytes":60465152,"handles":643,"gdi":4,"user":8}
{"fixture":"dxui-menu-resources-v2","mode":"plain","cycle":69,"phase":"before","privateBytes":74305536,"workingSetBytes":60465152,"handles":643,"gdi":4,"user":8}
{"fixture":"dxui-menu-resources-v2","mode":"plain","cycle":69,"phase":"rendered","privateBytes":74518528,"workingSetBytes":60633088,"handles":649,"gdi":4,"user":9}
{"fixture":"dxui-menu-resources-v2","mode":"plain","cycle":69,"phase":"open","privateBytes":74518528,"workingSetBytes":60669952,"handles":649,"gdi":4,"user":9}
{"fixture":"dxui-menu-resources-v2","mode":"plain","cycle":69,"phase":"closed","privateBytes":74309632,"workingSetBytes":60506112,"handles":643,"gdi":4,"user":8}
{"fixture":"dxui-menu-resources-v2","mode":"plain","cycle":70,"phase":"before","privateBytes":74309632,"workingSetBytes":60506112,"handles":643,"gdi":4,"user":8}
{"fixture":"dxui-menu-resources-v2","mode":"plain","cycle":70,"phase":"rendered","privateBytes":74518528,"workingSetBytes":60678144,"handles":649,"gdi":4,"user":9}
{"fixture":"dxui-menu-resources-v2","mode":"plain","cycle":70,"phase":"open","privateBytes":74518528,"workingSetBytes":60678144,"handles":649,"gdi":4,"user":9}
{"fixture":"dxui-menu-resources-v2","mode":"plain","cycle":70,"phase":"closed","privateBytes":74321920,"workingSetBytes":60518400,"handles":643,"gdi":4,"user":8}
{"fixture":"dxui-menu-resources-v2","mode":"plain","cycle":71,"phase":"before","privateBytes":74321920,"workingSetBytes":60518400,"handles":643,"gdi":4,"user":8}
{"fixture":"dxui-menu-resources-v2","mode":"plain","cycle":71,"phase":"rendered","privateBytes":74518528,"workingSetBytes":60674048,"handles":649,"gdi":4,"user":9}
{"fixture":"dxui-menu-resources-v2","mode":"plain","cycle":71,"phase":"open","privateBytes":74518528,"workingSetBytes":60706816,"handles":649,"gdi":4,"user":9}
{"fixture":"dxui-menu-resources-v2","mode":"plain","cycle":71,"phase":"closed","privateBytes":74305536,"workingSetBytes":60534784,"handles":643,"gdi":4,"user":8}
{"fixture":"dxui-menu-resources-v2","mode":"plain","cycle":72,"phase":"before","privateBytes":74305536,"workingSetBytes":60534784,"handles":643,"gdi":4,"user":8}
{"fixture":"dxui-menu-resources-v2","mode":"plain","cycle":72,"phase":"rendered","privateBytes":74518528,"workingSetBytes":60702720,"handles":649,"gdi":4,"user":9}
{"fixture":"dxui-menu-resources-v2","mode":"plain","cycle":72,"phase":"open","privateBytes":74518528,"workingSetBytes":60735488,"handles":649,"gdi":4,"user":9}
{"fixture":"dxui-menu-resources-v2","mode":"plain","cycle":72,"phase":"closed","privateBytes":74317824,"workingSetBytes":60579840,"handles":644,"gdi":4,"user":8}
{"fixture":"dxui-menu-resources-v2","mode":"plain","cycle":73,"phase":"before","privateBytes":74317824,"workingSetBytes":60579840,"handles":643,"gdi":4,"user":8}
{"fixture":"dxui-menu-resources-v2","mode":"plain","cycle":73,"phase":"rendered","privateBytes":74518528,"workingSetBytes":60743680,"handles":649,"gdi":4,"user":9}
{"fixture":"dxui-menu-resources-v2","mode":"plain","cycle":73,"phase":"open","privateBytes":74518528,"workingSetBytes":60776448,"handles":649,"gdi":4,"user":9}
{"fixture":"dxui-menu-resources-v2","mode":"plain","cycle":73,"phase":"closed","privateBytes":74317824,"workingSetBytes":60612608,"handles":643,"gdi":4,"user":8}
{"fixture":"dxui-menu-resources-v2","mode":"plain","cycle":74,"phase":"before","privateBytes":74317824,"workingSetBytes":60612608,"handles":643,"gdi":4,"user":8}
{"fixture":"dxui-menu-resources-v2","mode":"plain","cycle":74,"phase":"rendered","privateBytes":74518528,"workingSetBytes":60776448,"handles":649,"gdi":4,"user":9}
{"fixture":"dxui-menu-resources-v2","mode":"plain","cycle":74,"phase":"open","privateBytes":74518528,"workingSetBytes":60776448,"handles":649,"gdi":4,"user":9}
{"fixture":"dxui-menu-resources-v2","mode":"plain","cycle":74,"phase":"closed","privateBytes":74309632,"workingSetBytes":60604416,"handles":643,"gdi":4,"user":8}
{"fixture":"dxui-menu-resources-v2","mode":"plain","cycle":75,"phase":"before","privateBytes":74309632,"workingSetBytes":60604416,"handles":643,"gdi":4,"user":8}
{"fixture":"dxui-menu-resources-v2","mode":"plain","cycle":75,"phase":"rendered","privateBytes":74498048,"workingSetBytes":60768256,"handles":649,"gdi":4,"user":9}
{"fixture":"dxui-menu-resources-v2","mode":"plain","cycle":75,"phase":"open","privateBytes":74498048,"workingSetBytes":60801024,"handles":649,"gdi":4,"user":9}
{"fixture":"dxui-menu-resources-v2","mode":"plain","cycle":75,"phase":"closed","privateBytes":74309632,"workingSetBytes":60624896,"handles":643,"gdi":4,"user":8}
{"fixture":"dxui-menu-resources-v2","mode":"plain","cycle":76,"phase":"before","privateBytes":74309632,"workingSetBytes":60624896,"handles":643,"gdi":4,"user":8}
{"fixture":"dxui-menu-resources-v2","mode":"plain","cycle":76,"phase":"rendered","privateBytes":74518528,"workingSetBytes":60809216,"handles":649,"gdi":4,"user":9}
{"fixture":"dxui-menu-resources-v2","mode":"plain","cycle":76,"phase":"open","privateBytes":74518528,"workingSetBytes":60841984,"handles":649,"gdi":4,"user":9}
{"fixture":"dxui-menu-resources-v2","mode":"plain","cycle":76,"phase":"closed","privateBytes":74293248,"workingSetBytes":60653568,"handles":643,"gdi":4,"user":8}
{"fixture":"dxui-menu-resources-v2","mode":"plain","cycle":77,"phase":"before","privateBytes":74293248,"workingSetBytes":60653568,"handles":643,"gdi":4,"user":8}
{"fixture":"dxui-menu-resources-v2","mode":"plain","cycle":77,"phase":"rendered","privateBytes":74518528,"workingSetBytes":60841984,"handles":649,"gdi":4,"user":9}
{"fixture":"dxui-menu-resources-v2","mode":"plain","cycle":77,"phase":"open","privateBytes":74518528,"workingSetBytes":60874752,"handles":649,"gdi":4,"user":9}
{"fixture":"dxui-menu-resources-v2","mode":"plain","cycle":77,"phase":"closed","privateBytes":74309632,"workingSetBytes":60702720,"handles":643,"gdi":4,"user":8}
{"fixture":"dxui-menu-resources-v2","mode":"plain","cycle":78,"phase":"before","privateBytes":74309632,"workingSetBytes":60702720,"handles":643,"gdi":4,"user":8}
{"fixture":"dxui-menu-resources-v2","mode":"plain","cycle":78,"phase":"rendered","privateBytes":74518528,"workingSetBytes":60866560,"handles":649,"gdi":4,"user":9}
{"fixture":"dxui-menu-resources-v2","mode":"plain","cycle":78,"phase":"open","privateBytes":74518528,"workingSetBytes":60899328,"handles":649,"gdi":4,"user":9}
{"fixture":"dxui-menu-resources-v2","mode":"plain","cycle":78,"phase":"closed","privateBytes":74334208,"workingSetBytes":60735488,"handles":643,"gdi":4,"user":8}
{"fixture":"dxui-menu-resources-v2","mode":"plain","cycle":79,"phase":"before","privateBytes":74334208,"workingSetBytes":60735488,"handles":643,"gdi":4,"user":8}
{"fixture":"dxui-menu-resources-v2","mode":"plain","cycle":79,"phase":"rendered","privateBytes":74518528,"workingSetBytes":60911616,"handles":649,"gdi":4,"user":9}
{"fixture":"dxui-menu-resources-v2","mode":"plain","cycle":79,"phase":"open","privateBytes":74518528,"workingSetBytes":60944384,"handles":649,"gdi":4,"user":9}
{"fixture":"dxui-menu-resources-v2","mode":"plain","cycle":79,"phase":"closed","privateBytes":74346496,"workingSetBytes":60784640,"handles":643,"gdi":4,"user":8}
{"fixture":"dxui-menu-resources-v2","mode":"plain","cycle":80,"phase":"before","privateBytes":74346496,"workingSetBytes":60784640,"handles":643,"gdi":4,"user":8}
{"fixture":"dxui-menu-resources-v2","mode":"plain","cycle":80,"phase":"rendered","privateBytes":74522624,"workingSetBytes":60948480,"handles":649,"gdi":4,"user":9}
{"fixture":"dxui-menu-resources-v2","mode":"plain","cycle":80,"phase":"open","privateBytes":74522624,"workingSetBytes":61046784,"handles":649,"gdi":4,"user":9}
{"fixture":"dxui-menu-resources-v2","mode":"plain","cycle":80,"phase":"closed","privateBytes":74350592,"workingSetBytes":60882944,"handles":643,"gdi":4,"user":8}
{"fixture":"dxui-menu-resources-v2","mode":"plain","cycle":81,"phase":"before","privateBytes":74350592,"workingSetBytes":60882944,"handles":643,"gdi":4,"user":8}
{"fixture":"dxui-menu-resources-v2","mode":"plain","cycle":81,"phase":"rendered","privateBytes":74522624,"workingSetBytes":61046784,"handles":649,"gdi":4,"user":9}
{"fixture":"dxui-menu-resources-v2","mode":"plain","cycle":81,"phase":"open","privateBytes":74522624,"workingSetBytes":61075456,"handles":649,"gdi":4,"user":9}
{"fixture":"dxui-menu-resources-v2","mode":"plain","cycle":81,"phase":"closed","privateBytes":74358784,"workingSetBytes":60923904,"handles":643,"gdi":4,"user":8}
{"fixture":"dxui-menu-resources-v2","mode":"plain","cycle":82,"phase":"before","privateBytes":74358784,"workingSetBytes":60923904,"handles":643,"gdi":4,"user":8}
{"fixture":"dxui-menu-resources-v2","mode":"plain","cycle":82,"phase":"rendered","privateBytes":74522624,"workingSetBytes":61079552,"handles":649,"gdi":4,"user":9}
{"fixture":"dxui-menu-resources-v2","mode":"plain","cycle":82,"phase":"open","privateBytes":74522624,"workingSetBytes":61079552,"handles":649,"gdi":4,"user":9}
{"fixture":"dxui-menu-resources-v2","mode":"plain","cycle":82,"phase":"closed","privateBytes":74330112,"workingSetBytes":60903424,"handles":643,"gdi":4,"user":8}
{"fixture":"dxui-menu-resources-v2","mode":"plain","cycle":83,"phase":"before","privateBytes":74330112,"workingSetBytes":60903424,"handles":643,"gdi":4,"user":8}
{"fixture":"dxui-menu-resources-v2","mode":"plain","cycle":83,"phase":"rendered","privateBytes":74522624,"workingSetBytes":61087744,"handles":649,"gdi":4,"user":9}
{"fixture":"dxui-menu-resources-v2","mode":"plain","cycle":83,"phase":"open","privateBytes":75137024,"workingSetBytes":61128704,"handles":649,"gdi":4,"user":9}
{"fixture":"dxui-menu-resources-v2","mode":"plain","cycle":83,"phase":"closed","privateBytes":73723904,"workingSetBytes":60313600,"handles":643,"gdi":4,"user":8}
{"fixture":"dxui-menu-resources-v2","mode":"plain","cycle":84,"phase":"before","privateBytes":73723904,"workingSetBytes":60313600,"handles":643,"gdi":4,"user":8}
{"fixture":"dxui-menu-resources-v2","mode":"plain","cycle":84,"phase":"rendered","privateBytes":74383360,"workingSetBytes":60907520,"handles":649,"gdi":4,"user":9}
{"fixture":"dxui-menu-resources-v2","mode":"plain","cycle":84,"phase":"open","privateBytes":74997760,"workingSetBytes":61136896,"handles":649,"gdi":4,"user":9}
{"fixture":"dxui-menu-resources-v2","mode":"plain","cycle":84,"phase":"closed","privateBytes":74805248,"workingSetBytes":60968960,"handles":643,"gdi":4,"user":8}
{"fixture":"dxui-menu-resources-v2","mode":"plain","cycle":85,"phase":"before","privateBytes":74805248,"workingSetBytes":60968960,"handles":643,"gdi":4,"user":8}
{"fixture":"dxui-menu-resources-v2","mode":"plain","cycle":85,"phase":"rendered","privateBytes":75014144,"workingSetBytes":61153280,"handles":649,"gdi":4,"user":9}
{"fixture":"dxui-menu-resources-v2","mode":"plain","cycle":85,"phase":"open","privateBytes":75014144,"workingSetBytes":61153280,"handles":649,"gdi":4,"user":9}
{"fixture":"dxui-menu-resources-v2","mode":"plain","cycle":85,"phase":"closed","privateBytes":74805248,"workingSetBytes":60968960,"handles":643,"gdi":4,"user":8}
{"fixture":"dxui-menu-resources-v2","mode":"plain","cycle":86,"phase":"before","privateBytes":74805248,"workingSetBytes":60968960,"handles":643,"gdi":4,"user":8}
{"fixture":"dxui-menu-resources-v2","mode":"plain","cycle":86,"phase":"rendered","privateBytes":75014144,"workingSetBytes":61157376,"handles":649,"gdi":4,"user":9}
{"fixture":"dxui-menu-resources-v2","mode":"plain","cycle":86,"phase":"open","privateBytes":75014144,"workingSetBytes":61157376,"handles":649,"gdi":4,"user":9}
{"fixture":"dxui-menu-resources-v2","mode":"plain","cycle":86,"phase":"closed","privateBytes":74809344,"workingSetBytes":60973056,"handles":644,"gdi":4,"user":8}
{"fixture":"dxui-menu-resources-v2","mode":"plain","cycle":87,"phase":"before","privateBytes":74809344,"workingSetBytes":60973056,"handles":643,"gdi":4,"user":8}
{"fixture":"dxui-menu-resources-v2","mode":"plain","cycle":87,"phase":"rendered","privateBytes":75014144,"workingSetBytes":61149184,"handles":649,"gdi":4,"user":9}
{"fixture":"dxui-menu-resources-v2","mode":"plain","cycle":87,"phase":"open","privateBytes":75014144,"workingSetBytes":61149184,"handles":649,"gdi":4,"user":9}
{"fixture":"dxui-menu-resources-v2","mode":"plain","cycle":87,"phase":"closed","privateBytes":74842112,"workingSetBytes":60985344,"handles":643,"gdi":4,"user":8}
{"fixture":"dxui-menu-resources-v2","mode":"plain","cycle":88,"phase":"before","privateBytes":74842112,"workingSetBytes":60985344,"handles":643,"gdi":4,"user":8}
{"fixture":"dxui-menu-resources-v2","mode":"plain","cycle":88,"phase":"rendered","privateBytes":75014144,"workingSetBytes":61153280,"handles":649,"gdi":4,"user":9}
{"fixture":"dxui-menu-resources-v2","mode":"plain","cycle":88,"phase":"open","privateBytes":75014144,"workingSetBytes":61153280,"handles":649,"gdi":4,"user":9}
{"fixture":"dxui-menu-resources-v2","mode":"plain","cycle":88,"phase":"closed","privateBytes":74813440,"workingSetBytes":60977152,"handles":643,"gdi":4,"user":8}
{"fixture":"dxui-menu-resources-v2","mode":"plain","cycle":89,"phase":"before","privateBytes":74813440,"workingSetBytes":60977152,"handles":643,"gdi":4,"user":8}
{"fixture":"dxui-menu-resources-v2","mode":"plain","cycle":89,"phase":"rendered","privateBytes":75042816,"workingSetBytes":61165568,"handles":651,"gdi":4,"user":9}
{"fixture":"dxui-menu-resources-v2","mode":"plain","cycle":89,"phase":"open","privateBytes":75042816,"workingSetBytes":61198336,"handles":651,"gdi":4,"user":9}
{"fixture":"dxui-menu-resources-v2","mode":"plain","cycle":89,"phase":"closed","privateBytes":74821632,"workingSetBytes":61005824,"handles":645,"gdi":4,"user":8}
{"fixture":"dxui-menu-resources-v2","mode":"plain","cycle":90,"phase":"before","privateBytes":74821632,"workingSetBytes":61005824,"handles":645,"gdi":4,"user":8}
{"fixture":"dxui-menu-resources-v2","mode":"plain","cycle":90,"phase":"rendered","privateBytes":75042816,"workingSetBytes":61194240,"handles":651,"gdi":4,"user":9}
{"fixture":"dxui-menu-resources-v2","mode":"plain","cycle":90,"phase":"open","privateBytes":75042816,"workingSetBytes":61194240,"handles":651,"gdi":4,"user":9}
{"fixture":"dxui-menu-resources-v2","mode":"plain","cycle":90,"phase":"closed","privateBytes":74829824,"workingSetBytes":61014016,"handles":645,"gdi":4,"user":8}
{"fixture":"dxui-menu-resources-v2","mode":"plain","cycle":91,"phase":"before","privateBytes":74829824,"workingSetBytes":61014016,"handles":645,"gdi":4,"user":8}
{"fixture":"dxui-menu-resources-v2","mode":"plain","cycle":91,"phase":"rendered","privateBytes":75042816,"workingSetBytes":61202432,"handles":651,"gdi":4,"user":9}
{"fixture":"dxui-menu-resources-v2","mode":"plain","cycle":91,"phase":"open","privateBytes":75042816,"workingSetBytes":61202432,"handles":651,"gdi":4,"user":9}
{"fixture":"dxui-menu-resources-v2","mode":"plain","cycle":91,"phase":"closed","privateBytes":74838016,"workingSetBytes":61022208,"handles":645,"gdi":4,"user":8}
{"fixture":"dxui-menu-resources-v2","mode":"plain","cycle":92,"phase":"before","privateBytes":74838016,"workingSetBytes":61022208,"handles":645,"gdi":4,"user":8}
{"fixture":"dxui-menu-resources-v2","mode":"plain","cycle":92,"phase":"rendered","privateBytes":75042816,"workingSetBytes":61194240,"handles":651,"gdi":4,"user":9}
{"fixture":"dxui-menu-resources-v2","mode":"plain","cycle":92,"phase":"open","privateBytes":75042816,"workingSetBytes":61194240,"handles":651,"gdi":4,"user":9}
{"fixture":"dxui-menu-resources-v2","mode":"plain","cycle":92,"phase":"closed","privateBytes":74838016,"workingSetBytes":61022208,"handles":645,"gdi":4,"user":8}
{"fixture":"dxui-menu-resources-v2","mode":"plain","cycle":93,"phase":"before","privateBytes":74838016,"workingSetBytes":61022208,"handles":645,"gdi":4,"user":8}
{"fixture":"dxui-menu-resources-v2","mode":"plain","cycle":93,"phase":"rendered","privateBytes":75042816,"workingSetBytes":61202432,"handles":651,"gdi":4,"user":9}
{"fixture":"dxui-menu-resources-v2","mode":"plain","cycle":93,"phase":"open","privateBytes":75042816,"workingSetBytes":61202432,"handles":651,"gdi":4,"user":9}
{"fixture":"dxui-menu-resources-v2","mode":"plain","cycle":93,"phase":"closed","privateBytes":74874880,"workingSetBytes":61038592,"handles":645,"gdi":4,"user":8}
{"fixture":"dxui-menu-resources-v2","mode":"plain","cycle":94,"phase":"before","privateBytes":74874880,"workingSetBytes":61038592,"handles":645,"gdi":4,"user":8}
{"fixture":"dxui-menu-resources-v2","mode":"plain","cycle":94,"phase":"rendered","privateBytes":75042816,"workingSetBytes":61206528,"handles":651,"gdi":4,"user":9}
    [TRACE] attached host dtor: begin
{"fixture":"dxui-menu-resources-v2","mode":"plain","cycle":94,"phase":"open","privateBytes":75042816,"workingSetBytes":61206528,"handles":651,"gdi":4,"user":9}
{"fixture":"dxui-menu-resources-v2","mode":"plain","cycle":94,"phase":"closed","privateBytes":74842112,"workingSetBytes":61026304,"handles":646,"gdi":4,"user":8}
{"fixture":"dxui-menu-resources-v2","mode":"plain","cycle":95,"phase":"before","privateBytes":74842112,"workingSetBytes":61026304,"handles":645,"gdi":4,"user":8}
{"fixture":"dxui-menu-resources-v2","mode":"plain","cycle":95,"phase":"rendered","privateBytes":75042816,"workingSetBytes":61202432,"handles":651,"gdi":4,"user":9}
{"fixture":"dxui-menu-resources-v2","mode":"plain","cycle":95,"phase":"open","privateBytes":75042816,"workingSetBytes":61210624,"handles":651,"gdi":4,"user":9}
{"fixture":"dxui-menu-resources-v2","mode":"plain","cycle":95,"phase":"closed","privateBytes":74829824,"workingSetBytes":61022208,"handles":646,"gdi":4,"user":8}
{"fixture":"dxui-menu-resources-v2","mode":"described","supported":false}
    [TRACE] attached host dtor: host detached
    [TRACE] attached host dtor: hwnd reset
[DONE] MenuResources
All DxUi tests passed.
