╭────────────────────────────────────────────────────────────────────────╮
│                                                                        │
│                      ██████╗ ██╗  ██╗██╗   ██╗██╗                      │
│                      ██╔══██╗╚██╗██╔╝██║   ██║██║                      │
│                      ██║  ██║ ╚███╔╝ ██║   ██║██║                      │
│                      ██║  ██║ ██╔██╗ ██║   ██║██║                      │
│                      ██████╔╝██╔╝ ██╗╚██████╔╝██║                      │
│                      ╚═════╝ ╚═╝  ╚═╝ ╚═════╝ ╚═╝                      │
│                                                                        │
│      ✦  PIXELS PRIMED  •  CONTROLS READY  •  COMPILE MODE: GO!  ✦      │
│                   ⚡  DEBUG  /  X64  /  REBUILD  ⚡                    │
│                                                                        │
╰────────────────────────────────────────────────────────────────────────╯

Locating Visual Studio and MSBuild...
Build configuration:
  Configuration: Debug
  Platform:      x64
  Target:        Rebuild
  Toolchain:     C:\Program Files\Microsoft Visual Studio\18\Insiders
  Output:        Z:\src\DxUi-worktrees\i26-grid-line-clamp\.build\

Compiling DxUi...

  compilation header save succeeded; see Z:\src\DxUi-worktrees\i26-grid-line-clamp\.build\Intermediate\x64\Debug\DxUi\DxUiCompositeVS.h
  compilation object save succeeded; see Z:\src\DxUi-worktrees\i26-grid-line-clamp\.build\Intermediate\x64\Debug\DxUi\DxUiCompositeVS.cso
  compilation header save succeeded; see Z:\src\DxUi-worktrees\i26-grid-line-clamp\.build\Intermediate\x64\Debug\DxUi\DxUiCompositePS.h
  compilation object save succeeded; see Z:\src\DxUi-worktrees\i26-grid-line-clamp\.build\Intermediate\x64\Debug\DxUi\DxUiCompositePS.cso
  ControlCatalog.cpp
  NativeMenuInterop.cpp
  Embedded.cpp
  FrameRuntime.cpp
  DxUi.Accessibility.cpp
  DxUi.ComboBox.cpp
  DxUi.Controls.cpp
  DxUi.cpp
  DxUi.Grid.cpp
  DxUi.Menu.cpp
  DxUi.NativeTextInput.cpp
  DxUi.PointerInput.cpp
  DxUi.Scrollbar.cpp
  DxUi.SingleLineTextEditing.cpp
  DxUi.TextInput.cpp
  DxUi.TextStoreACP.cpp
  TextInputServices.cpp
  TextClipboard.cpp
  DxUi.Theme.cpp
  DxUi.Tree.cpp
  Generating Code...
  Compiling...
  DxUi.Typeahead.cpp
  DxUi.WindowHost.cpp
  Generating Code...
  DxUi.vcxproj -> Z:\src\DxUi-worktrees\i26-grid-line-clamp\.build\x64\Debug\DxUi.lib
  FoundationTests.cpp
  EmbeddedTests.cpp
  Main.cpp
  DxUiTests.Accessibility.cpp
  PublicHelpersTests.cpp
  Generating Code...
  DxUiTests.Animation.cpp
  DxUi.EmbeddedControls.vcxproj -> Z:\src\DxUi-worktrees\i26-grid-line-clamp\.build\x64\Debug\DxUi.EmbeddedControls.exe
  DxUi.FoundationTests.vcxproj -> Z:\src\DxUi-worktrees\i26-grid-line-clamp\.build\x64\Debug\DxUi.FoundationTests.exe
  DxUi.EmbeddedTests.vcxproj -> Z:\src\DxUi-worktrees\i26-grid-line-clamp\.build\x64\Debug\DxUi.EmbeddedTests.exe
  DxUiTests.ComboBox.cpp
  DxUiTests.Controls.cpp
  DxUiTests.cpp
  DxUiTests.Gallery.cpp
  DxUiTests.Grid.cpp
  DxUiTests.Menu.cpp
  DxUiTests.MultilineText.cpp
  DxUiTests.NativeTextInput.cpp
  DxUiTests.NewControls.cpp
  DxUiTests.ReadOnly.cpp
  DxUiTests.Rendering.cpp
  DxUiTests.TextField.cpp
  DxUiTests.Theme.cpp
  DxUiTests.Tooltip.cpp
  DxUiTests.Tree.cpp
  DxUiTests.WindowHost.cpp
  Generating Code...
  DxUi.ControlTests.vcxproj -> Z:\src\DxUi-worktrees\i26-grid-line-clamp\.build\x64\Debug\DxUi.ControlTests.exe

========================================
DxUi build passed in 02:09
Output: Z:\src\DxUi-worktrees\i26-grid-line-clamp\.build\
Log: Z:\src\DxUi-worktrees\i26-grid-line-clamp\.build\logs\build-x64-Debug-35a6169d3c5f46cbb76b7d0a394f2ebc.log
========================================
