=================================================================
==67212==ERROR: AddressSanitizer: access-violation on unknown address 0x000000000000 (pc 0x7ff71e42e7c2 bp 0x000000000000 sp 0x0013f8eec020 T0)
==67212==The signal is caused by a READ memory access.
==67212==Hint: address points to the zero page.
    #0 0x7ff71e42e7c1 in `DxUi::Grid::Paint'::`3'::<lambda_2>::operator() Z:\src\DxUi\src\Controls\DxUi.Grid.cpp:3757
    #1 0x7ff71e42f44c in wil::details::lambda_call<`DxUi::Grid::Paint'::`3'::<lambda_2> >::reset Z:\src\DxUi\.build\vcpkg_installed\x64\x64-windows\include\wil\resource.h:577
    #2 0x7ff71e42f35e in wil::details::lambda_call<`DxUi::Grid::Paint'::`3'::<lambda_2> >::~lambda_call<`DxUi::Grid::Paint'::`3'::<lambda_2> > Z:\src\DxUi\.build\vcpkg_installed\x64\x64-windows\include\wil\resource.h:562
    #3 0x7ff71e3d6336 in DxUi::Grid::Paint Z:\src\DxUi\src\Controls\DxUi.Grid.cpp:3797
    #4 0x7ff71e7c2343 in DxUi::EmbeddedHost::Prepare Z:\src\DxUi\src\Rendering\Embedded.cpp:355
    #5 0x7ff71e0aa951 in RunFunctionalTests Z:\src\DxUi\Tests\Embedded\Embedded.Tests.Embedded.cpp:956
    #6 0x7ff71e0b36ee in wmain Z:\src\DxUi\Tests\Embedded\Embedded.Tests.BenchmarkMain.h:47
    #7 0x7ff71ea26638 in invoke_main D:\a\_work\1\s\src\vctools\crt\vcstartup\src\startup\exe_common.inl:90
    #8 0x7ff71ea26551 in __scrt_common_main_seh D:\a\_work\1\s\src\vctools\crt\vcstartup\src\startup\exe_common.inl:288
    #9 0x7ff71ea2640d in __scrt_common_main D:\a\_work\1\s\src\vctools\crt\vcstartup\src\startup\exe_common.inl:330
    #10 0x7ff71ea266ad in wmainCRTStartup D:\a\_work\1\s\src\vctools\crt\vcstartup\src\startup\exe_wmain.cpp:16
    #11 0x7ff8067ecd86 in BaseThreadInitThunk+0x16 (C:\WINDOWS\System32\KERNEL32.DLL+0x18002cd86)
    #12 0x7ff807c8caeb in RtlUserThreadStart+0x2b (C:\WINDOWS\SYSTEM32\ntdll.dll+0x1800acaeb)

==67212==Register values:
rax = 0  rbx = 0  rcx = 0  rdx = 0  
rdi = 13f8eec750  rsi = 13f8eeeb70  rbp = 0  rsp = 13f8eec020  
r8  = 0  r9  = 3d9099e1e48  r10 = 0  r11 = 13f8eec1c0  
r12 = 0  r13 = 0  r14 = 0  r15 = 0  
AddressSanitizer can not provide additional info.
SUMMARY: AddressSanitizer: access-violation Z:\src\DxUi\src\Controls\DxUi.Grid.cpp:3757 in `DxUi::Grid::Paint'::`3'::<lambda_2>::operator()
==67212==ABORTING
