╭────────────────────────────────────────────────────────────────────────╮
│                                                                        │
│                      ██████╗ ██╗  ██╗██╗   ██╗██╗                      │
│                      ██╔══██╗╚██╗██╔╝██║   ██║██║                      │
│                      ██║  ██║ ╚███╔╝ ██║   ██║██║                      │
│                      ██║  ██║ ██╔██╗ ██║   ██║██║                      │
│                      ██████╔╝██╔╝ ██╗╚██████╔╝██║                      │
│                      ╚═════╝ ╚═╝  ╚═╝ ╚═════╝ ╚═╝                      │
│                                                                        │
│      ✦  PIXELS PRIMED  •  CONTROLS READY  •  COMPILE MODE: GO!  ✦      │
│                   ⚡  DEBUG  /  ARM64  /  BUILD  ⚡                    │
│                                                                        │
╰────────────────────────────────────────────────────────────────────────╯

Locating Visual Studio and MSBuild...
Build configuration:
  Configuration: Debug
  Platform:      ARM64
  Target:        Build
  Toolchain:     C:\Program Files\Microsoft Visual Studio\18\Insiders
  Output:        Z:\src\DxUi-worktrees\i26-grid-line-clamp\.build\

Compiling DxUi...

  DxUi.Grid.cpp
  DxUi.vcxproj -> Z:\src\DxUi-worktrees\i26-grid-line-clamp\.build\ARM64\Debug\DxUi.lib
  EmbeddedTests.cpp
  DxUi.FoundationTests.vcxproj -> Z:\src\DxUi-worktrees\i26-grid-line-clamp\.build\ARM64\Debug\DxUi.FoundationTests.exe
  DxUi.EmbeddedControls.vcxproj -> Z:\src\DxUi-worktrees\i26-grid-line-clamp\.build\ARM64\Debug\DxUi.EmbeddedControls.exe
  DxUi.ControlTests.vcxproj -> Z:\src\DxUi-worktrees\i26-grid-line-clamp\.build\ARM64\Debug\DxUi.ControlTests.exe
  DxUi.EmbeddedTests.vcxproj -> Z:\src\DxUi-worktrees\i26-grid-line-clamp\.build\ARM64\Debug\DxUi.EmbeddedTests.exe

========================================
DxUi build passed in 00:09
Output: Z:\src\DxUi-worktrees\i26-grid-line-clamp\.build\
Log: Z:\src\DxUi-worktrees\i26-grid-line-clamp\.build\logs\build-ARM64-Debug-27a079fdcfe043e4adb69859196531d9.log
========================================
