PASS DxUi update advisory: same
PASS DxUi update advisory: green
PASS DxUi update advisory: pending
PASS DxUi update advisory: failed
PASS DxUi update advisory: absent
PASS DxUi update advisory: divergent
PASS DxUi update advisory: ahead
PASS DxUi update advisory: offline
PASS DxUi update advisory: wrong-run
PASS DxUi update advisory: malformed
PASS ARM64 AddressSanitizer runtime staging and missing-runtime rejection
╭────────────────────────────────────────────────────────────────────────╮
│                                                                        │
│                      ██████╗ ██╗  ██╗██╗   ██╗██╗                      │
│                      ██╔══██╗╚██╗██╔╝██║   ██║██║                      │
│                      ██║  ██║ ╚███╔╝ ██║   ██║██║                      │
│                      ██║  ██║ ██╔██╗ ██║   ██║██║                      │
│                      ██████╔╝██╔╝ ██╗╚██████╔╝██║                      │
│                      ╚═════╝ ╚═╝  ╚═╝ ╚═════╝ ╚═╝                      │
│                                                                        │
│      ✦  PIXELS PRIMED  •  CONTROLS READY  •  COMPILE MODE: GO!  ✦      │
│                   ⚡  RELEASE  /  X64  /  BUILD  ⚡                    │
│                                                                        │
╰────────────────────────────────────────────────────────────────────────╯

Locating Visual Studio and MSBuild...
Build configuration:
  Configuration: Release
  Platform:      x64
  Target:        Build
  Toolchain:     C:\Program Files\Microsoft Visual Studio\18\Insiders
  Output:        Z:\src\DxUi\.build\

Compiling DxUi...

  DxUi.vcxproj -> Z:\src\DxUi\.build\x64\Release\DxUi.lib
  DxUi.FoundationTests.vcxproj -> Z:\src\DxUi\.build\x64\Release\DxUi.FoundationTests.exe
  DxUi.ControlTests.vcxproj -> Z:\src\DxUi\.build\x64\Release\DxUi.ControlTests.exe
  DxUi.EmbeddedControls.vcxproj -> Z:\src\DxUi\.build\x64\Release\DxUi.EmbeddedControls.exe
  EmbeddedTests.cpp
  DxUi.EmbeddedTests.vcxproj -> Z:\src\DxUi\.build\x64\Release\DxUi.EmbeddedTests.exe

========================================
DxUi build passed in 00:04
Output: Z:\src\DxUi\.build\
Log: Z:\src\DxUi\.build\logs\build-x64-Release-4fa3eb95d0a0476c830db206d96a887e.log
========================================
Complex UI clean round 1: 2468.62 completed offscreen FPS; p95 0.5205 ms; private 25788416 bytes
Complex UI clean round 2: 2513.23 completed offscreen FPS; p95 0.456 ms; private 25706496 bytes
Complex UI clean round 3: 2424.01 completed offscreen FPS; p95 0.5394 ms; private 25673728 bytes
Complex UI clean round 4: 2323.72 completed offscreen FPS; p95 0.5656 ms; private 26214400 bytes
Complex UI clean round 5: 2341.47 completed offscreen FPS; p95 0.5099 ms; private 27369472 bytes
Complex UI dirty round 1: 537.516 completed offscreen FPS; p95 1.9987 ms; private 27549696 bytes
Complex UI dirty round 2: 556.018 completed offscreen FPS; p95 2.0556 ms; private 27738112 bytes
Complex UI dirty round 3: 533.436 completed offscreen FPS; p95 2.0987 ms; private 29577216 bytes
Complex UI dirty round 4: 519.841 completed offscreen FPS; p95 2.2186 ms; private 29597696 bytes
Complex UI dirty round 5: 522.96 completed offscreen FPS; p95 2.1429 ms; private 29491200 bytes
Performance comparison: unpaired
Performance receipt: Z:\src\DxUi\.build\reports\Performance-x64-Release-7b06f1a1ad0a4a8d8326f374190bab6f.json
Running Embedded (x64 Release)
PASS Embedded (0 capability skips recorded)
Running Control (x64 Release)
PASS Control (0 capability skips recorded)
Running Accessibility (x64 Release)
PASS Accessibility (0 capability skips recorded)
All 3 requested suites passed.
