PASS DxUi update advisory: same
PASS DxUi update advisory: green
PASS DxUi update advisory: pending
PASS DxUi update advisory: failed
PASS DxUi update advisory: absent
PASS DxUi update advisory: divergent
PASS DxUi update advisory: ahead
PASS DxUi update advisory: offline
PASS DxUi update advisory: wrong-run
PASS DxUi update advisory: malformed
PASS ARM64 AddressSanitizer runtime staging and missing-runtime rejection
╭────────────────────────────────────────────────────────────────────────╮
│                                                                        │
│                      ██████╗ ██╗  ██╗██╗   ██╗██╗                      │
│                      ██╔══██╗╚██╗██╔╝██║   ██║██║                      │
│                      ██║  ██║ ╚███╔╝ ██║   ██║██║                      │
│                      ██║  ██║ ██╔██╗ ██║   ██║██║                      │
│                      ██████╔╝██╔╝ ██╗╚██████╔╝██║                      │
│                      ╚═════╝ ╚═╝  ╚═╝ ╚═════╝ ╚═╝                      │
│                                                                        │
│      ✦  PIXELS PRIMED  •  CONTROLS READY  •  COMPILE MODE: GO!  ✦      │
│                  ⚡  ASAN DEBUG  /  X64  /  BUILD  ⚡                  │
│                                                                        │
╰────────────────────────────────────────────────────────────────────────╯

Locating Visual Studio and MSBuild...
Build configuration:
  Configuration: ASan Debug
  Platform:      x64
  Target:        Build
  Toolchain:     C:\Program Files\Microsoft Visual Studio\18\Insiders
  Output:        Z:\src\DxUi\.build\

Compiling DxUi...

  DxUi.vcxproj -> Z:\src\DxUi\.build\x64\ASan Debug\DxUi.lib
  DxUi.FoundationTests.vcxproj -> Z:\src\DxUi\.build\x64\ASan Debug\DxUi.FoundationTests.exe
  DxUi.EmbeddedControls.vcxproj -> Z:\src\DxUi\.build\x64\ASan Debug\DxUi.EmbeddedControls.exe
  EmbeddedTests.cpp
  DxUiTests.Accessibility.cpp
  DxUi.EmbeddedTests.vcxproj -> Z:\src\DxUi\.build\x64\ASan Debug\DxUi.EmbeddedTests.exe
  DxUi.ControlTests.vcxproj -> Z:\src\DxUi\.build\x64\ASan Debug\DxUi.ControlTests.exe

========================================
DxUi build passed in 00:24
Output: Z:\src\DxUi\.build\
Log: Z:\src\DxUi\.build\logs\build-x64-ASan Debug-2c728a032bbe4a11bdb8ca143f859d88.log
========================================
Complex UI clean round 1: 614.967 completed offscreen FPS; p95 2.4932 ms; private 211472384 bytes
Complex UI clean round 2: 730.567 completed offscreen FPS; p95 1.7471 ms; private 215707648 bytes
Complex UI clean round 3: 776.245 completed offscreen FPS; p95 1.6545 ms; private 218583040 bytes
Complex UI clean round 4: 640.311 completed offscreen FPS; p95 2.7056 ms; private 221765632 bytes
Complex UI clean round 5: 593.55 completed offscreen FPS; p95 2.6191 ms; private 224600064 bytes
Complex UI dirty round 1: 27.0444 completed offscreen FPS; p95 58.6933 ms; private 366403584 bytes
Complex UI dirty round 2: 28.7767 completed offscreen FPS; p95 56.931 ms; private 499335168 bytes
Complex UI dirty round 3: 27.8523 completed offscreen FPS; p95 54.7566 ms; private 531095552 bytes
Complex UI dirty round 4: 40.9856 completed offscreen FPS; p95 32.8436 ms; private 533831680 bytes
Complex UI dirty round 5: 51.0587 completed offscreen FPS; p95 24.8581 ms; private 535191552 bytes
Performance comparison: unpaired
Performance receipt: Z:\src\DxUi\.build\reports\Performance-x64-ASan Debug-efe1401f3f854b67a20525a26089a750.json
PASS AddressSanitizer detection probe (isolated expected failure)
Running Foundation (x64 ASan Debug)
PASS Foundation (0 capability skips recorded)
Running Embedded (x64 ASan Debug)
PASS Embedded (0 capability skips recorded)
Running Grid (x64 ASan Debug)
PASS Grid (0 capability skips recorded)
Running Theme (x64 ASan Debug)
PASS Theme (0 capability skips recorded)
Running Control (x64 ASan Debug)
PASS Control (0 capability skips recorded)
Running Menu (x64 ASan Debug)
PASS Menu (9 capability skips recorded)
Running NewControls (x64 ASan Debug)
PASS NewControls (0 capability skips recorded)
Running TextField (x64 ASan Debug)
PASS TextField (0 capability skips recorded)
Running NativeTextInput (x64 ASan Debug)
PASS NativeTextInput (0 capability skips recorded)
Running MultilineText (x64 ASan Debug)
PASS MultilineText (0 capability skips recorded)
Running ReadOnly (x64 ASan Debug)
PASS ReadOnly (0 capability skips recorded)
Running ComboBox (x64 ASan Debug)
PASS ComboBox (0 capability skips recorded)
Running Tree (x64 ASan Debug)
PASS Tree (0 capability skips recorded)
Running Tooltip (x64 ASan Debug)
PASS Tooltip (0 capability skips recorded)
Running Rendering (x64 ASan Debug)
PASS Rendering (0 capability skips recorded)
Running Animation (x64 ASan Debug)
PASS Animation (0 capability skips recorded)
Running Accessibility (x64 ASan Debug)
PASS Accessibility (0 capability skips recorded)
Running WindowHost (x64 ASan Debug)
PASS WindowHost (0 capability skips recorded)
All 18 requested suites passed.
