╭────────────────────────────────────────────────────────────────────────╮
│                                                                        │
│                      ██████╗ ██╗  ██╗██╗   ██╗██╗                      │
│                      ██╔══██╗╚██╗██╔╝██║   ██║██║                      │
│                      ██║  ██║ ╚███╔╝ ██║   ██║██║                      │
│                      ██║  ██║ ██╔██╗ ██║   ██║██║                      │
│                      ██████╔╝██╔╝ ██╗╚██████╔╝██║                      │
│                      ╚═════╝ ╚═╝  ╚═╝ ╚═════╝ ╚═╝                      │
│                                                                        │
│      ✦  PIXELS PRIMED  •  CONTROLS READY  •  COMPILE MODE: GO!  ✦      │
│                 ⚡  ASAN DEBUG  /  ARM64  /  BUILD  ⚡                 │
│                                                                        │
╰────────────────────────────────────────────────────────────────────────╯

Locating Visual Studio and MSBuild...
Build configuration:
  Configuration: ASan Debug
  Platform:      ARM64
  Target:        Build
  Toolchain:     C:\Program Files\Microsoft Visual Studio\18\Insiders
  Output:        Z:\src\DxUi-worktrees\i26-menu-description\.build\

Compiling DxUi...

  compilation header save succeeded; see Z:\src\DxUi-worktrees\i26-menu-description\.build\Intermediate\ARM64\ASan Debug\DxUi\DxUiCompositeVS.h
  compilation object save succeeded; see Z:\src\DxUi-worktrees\i26-menu-description\.build\Intermediate\ARM64\ASan Debug\DxUi\DxUiCompositeVS.cso
  compilation header save succeeded; see Z:\src\DxUi-worktrees\i26-menu-description\.build\Intermediate\ARM64\ASan Debug\DxUi\DxUiCompositePS.h
  compilation object save succeeded; see Z:\src\DxUi-worktrees\i26-menu-description\.build\Intermediate\ARM64\ASan Debug\DxUi\DxUiCompositePS.cso
  ControlCatalog.cpp
  NativeMenuInterop.cpp
  Embedded.cpp
  FrameRuntime.cpp
  DxUi.Accessibility.cpp
  DxUi.ComboBox.cpp
  DxUi.Controls.cpp
  DxUi.cpp
  DxUi.Grid.cpp
  DxUi.Menu.cpp
  DxUi.NativeTextInput.cpp
  DxUi.PointerInput.cpp
  DxUi.Scrollbar.cpp
  DxUi.SingleLineTextEditing.cpp
  DxUi.TextInput.cpp
  DxUi.TextStoreACP.cpp
  TextInputServices.cpp
  TextClipboard.cpp
  DxUi.Theme.cpp
  DxUi.Tree.cpp
  Generating Code...
  Compiling...
  DxUi.Typeahead.cpp
  DxUi.WindowHost.cpp
  Generating Code...
  DxUi.vcxproj -> Z:\src\DxUi-worktrees\i26-menu-description\.build\ARM64\ASan Debug\DxUi.lib
  EmbeddedTests.cpp
  DxUiTests.Accessibility.cpp
  Main.cpp
  FoundationTests.cpp
  PublicHelpersTests.cpp
  Generating Code...
  DxUiTests.Animation.cpp
  DxUi.EmbeddedControls.vcxproj -> Z:\src\DxUi-worktrees\i26-menu-description\.build\ARM64\ASan Debug\DxUi.EmbeddedControls.exe
  DxUi.FoundationTests.vcxproj -> Z:\src\DxUi-worktrees\i26-menu-description\.build\ARM64\ASan Debug\DxUi.FoundationTests.exe
  DxUi.EmbeddedTests.vcxproj -> Z:\src\DxUi-worktrees\i26-menu-description\.build\ARM64\ASan Debug\DxUi.EmbeddedTests.exe
  DxUiTests.ComboBox.cpp
  DxUiTests.Controls.cpp
  DxUiTests.cpp
  DxUiTests.Gallery.cpp
  DxUiTests.Grid.cpp
  DxUiTests.Menu.cpp
  DxUiTests.MultilineText.cpp
  DxUiTests.NativeTextInput.cpp
  DxUiTests.NewControls.cpp
  DxUiTests.ReadOnly.cpp
  DxUiTests.Rendering.cpp
  DxUiTests.TextField.cpp
  DxUiTests.Theme.cpp
  DxUiTests.Tooltip.cpp
  DxUiTests.Tree.cpp
  DxUiTests.WindowHost.cpp
  Generating Code...
  DxUi.ControlTests.vcxproj -> Z:\src\DxUi-worktrees\i26-menu-description\.build\ARM64\ASan Debug\DxUi.ControlTests.exe

========================================
DxUi build passed in 01:54
Output: Z:\src\DxUi-worktrees\i26-menu-description\.build\
Log: Z:\src\DxUi-worktrees\i26-menu-description\.build\logs\build-ARM64-ASan Debug-2a157e1d03774b319fe036084521e99e.log
========================================
