PASS DxUi update advisory: same
PASS DxUi update advisory: green
PASS DxUi update advisory: pending
PASS DxUi update advisory: failed
PASS DxUi update advisory: absent
PASS DxUi update advisory: divergent
PASS DxUi update advisory: ahead
PASS DxUi update advisory: offline
PASS DxUi update advisory: wrong-run
PASS DxUi update advisory: malformed
PASS ARM64 AddressSanitizer runtime staging and missing-runtime rejection
╭────────────────────────────────────────────────────────────────────────╮
│                                                                        │
│                      ██████╗ ██╗  ██╗██╗   ██╗██╗                      │
│                      ██╔══██╗╚██╗██╔╝██║   ██║██║                      │
│                      ██║  ██║ ╚███╔╝ ██║   ██║██║                      │
│                      ██║  ██║ ██╔██╗ ██║   ██║██║                      │
│                      ██████╔╝██╔╝ ██╗╚██████╔╝██║                      │
│                      ╚═════╝ ╚═╝  ╚═╝ ╚═════╝ ╚═╝                      │
│                                                                        │
│      ✦  PIXELS PRIMED  •  CONTROLS READY  •  COMPILE MODE: GO!  ✦      │
│                   ⚡  RELEASE  /  X64  /  BUILD  ⚡                    │
│                                                                        │
╰────────────────────────────────────────────────────────────────────────╯

Locating Visual Studio and MSBuild...
Build configuration:
  Configuration: Release
  Platform:      x64
  Target:        Build
  Toolchain:     C:\Program Files\Microsoft Visual Studio\18\Insiders
  Output:        Z:\src\DxUi-worktrees\i26-menu-description\.build\

Compiling DxUi...

  DxUi.Accessibility.cpp
  DxUi.Menu.cpp
  Generating Code...
  DxUi.vcxproj -> Z:\src\DxUi-worktrees\i26-menu-description\.build\x64\Release\DxUi.lib
  DxUiTests.Menu.cpp
  DxUi.FoundationTests.vcxproj -> Z:\src\DxUi-worktrees\i26-menu-description\.build\x64\Release\DxUi.FoundationTests.exe
  DxUi.EmbeddedTests.vcxproj -> Z:\src\DxUi-worktrees\i26-menu-description\.build\x64\Release\DxUi.EmbeddedTests.exe
  DxUi.EmbeddedControls.vcxproj -> Z:\src\DxUi-worktrees\i26-menu-description\.build\x64\Release\DxUi.EmbeddedControls.exe
  DxUi.ControlTests.vcxproj -> Z:\src\DxUi-worktrees\i26-menu-description\.build\x64\Release\DxUi.ControlTests.exe

========================================
DxUi build passed in 00:15
Output: Z:\src\DxUi-worktrees\i26-menu-description\.build\
Log: Z:\src\DxUi-worktrees\i26-menu-description\.build\logs\build-x64-Release-1be946e5da3d44d0a0945443e6eaa658.log
========================================
Complex UI clean round 1: 2031.11 completed offscreen FPS; p95 0.6311 ms; private 26505216 bytes
Complex UI clean round 2: 2208.72 completed offscreen FPS; p95 0.5332 ms; private 26329088 bytes
Complex UI clean round 3: 1781.72 completed offscreen FPS; p95 1.2156 ms; private 26308608 bytes
Complex UI clean round 4: 2183.42 completed offscreen FPS; p95 0.7215 ms; private 27717632 bytes
Complex UI clean round 5: 2276.54 completed offscreen FPS; p95 0.5467 ms; private 27684864 bytes
Complex UI dirty round 1: 506.654 completed offscreen FPS; p95 2.3859 ms; private 27832320 bytes
Complex UI dirty round 2: 489.587 completed offscreen FPS; p95 2.4764 ms; private 28086272 bytes
Complex UI dirty round 3: 511.944 completed offscreen FPS; p95 2.3009 ms; private 27885568 bytes
Complex UI dirty round 4: 526.413 completed offscreen FPS; p95 2.1686 ms; private 28147712 bytes
Complex UI dirty round 5: 536.975 completed offscreen FPS; p95 2.0552 ms; private 27901952 bytes
Performance comparison: unpaired
Performance receipt: Z:\src\DxUi-worktrees\i26-menu-description\.build\reports\Performance-x64-Release-143fbdfe4bea4c8c87485124bd57f375.json
Running NewControls (x64 Release)
PASS NewControls (0 capability skips recorded)
Running Accessibility (x64 Release)
PASS Accessibility (0 capability skips recorded)
Running WindowHost (x64 Release)
PASS WindowHost (0 capability skips recorded)
All 3 requested suites passed.
