╭────────────────────────────────────────────────────────────────────────╮
│                                                                        │
│                      ██████╗ ██╗  ██╗██╗   ██╗██╗                      │
│                      ██╔══██╗╚██╗██╔╝██║   ██║██║                      │
│                      ██║  ██║ ╚███╔╝ ██║   ██║██║                      │
│                      ██║  ██║ ██╔██╗ ██║   ██║██║                      │
│                      ██████╔╝██╔╝ ██╗╚██████╔╝██║                      │
│                      ╚═════╝ ╚═╝  ╚═╝ ╚═════╝ ╚═╝                      │
│                                                                        │
│      ✦  PIXELS PRIMED  •  CONTROLS READY  •  COMPILE MODE: GO!  ✦      │
│                   ⚡  RELEASE  /  X64  /  BUILD  ⚡                    │
│                                                                        │
╰────────────────────────────────────────────────────────────────────────╯

Locating Visual Studio and MSBuild...
Build configuration:
  Configuration: Release
  Platform:      x64
  Target:        Build
  Toolchain:     C:\Program Files\Microsoft Visual Studio\18\Insiders
  Output:        Z:\src\DxUi-worktrees\i26-grid-baseline\.build\

Compiling DxUi...

  DxUi.vcxproj -> Z:\src\DxUi-worktrees\i26-grid-baseline\.build\x64\Release\DxUi.lib
  DxUi.FoundationTests.vcxproj -> Z:\src\DxUi-worktrees\i26-grid-baseline\.build\x64\Release\DxUi.FoundationTests.exe
  DxUi.ControlTests.vcxproj -> Z:\src\DxUi-worktrees\i26-grid-baseline\.build\x64\Release\DxUi.ControlTests.exe
  DxUi.EmbeddedControls.vcxproj -> Z:\src\DxUi-worktrees\i26-grid-baseline\.build\x64\Release\DxUi.EmbeddedControls.exe
  EmbeddedTests.cpp
  DxUi.EmbeddedTests.vcxproj -> Z:\src\DxUi-worktrees\i26-grid-baseline\.build\x64\Release\DxUi.EmbeddedTests.exe

========================================
DxUi build passed in 00:05
Output: Z:\src\DxUi-worktrees\i26-grid-baseline\.build\
Log: Z:\src\DxUi-worktrees\i26-grid-baseline\.build\logs\build-x64-Release-6a09d867e49f41a0bb5fe7d196c84ba8.log
========================================
