╭────────────────────────────────────────────────────────────────────────╮
│                                                                        │
│                      ██████╗ ██╗  ██╗██╗   ██╗██╗                      │
│                      ██╔══██╗╚██╗██╔╝██║   ██║██║                      │
│                      ██║  ██║ ╚███╔╝ ██║   ██║██║                      │
│                      ██║  ██║ ██╔██╗ ██║   ██║██║                      │
│                      ██████╔╝██╔╝ ██╗╚██████╔╝██║                      │
│                      ╚═════╝ ╚═╝  ╚═╝ ╚═════╝ ╚═╝                      │
│                                                                        │
│      ✦  PIXELS PRIMED  •  CONTROLS READY  •  COMPILE MODE: GO!  ✦      │
│                   ⚡  RELEASE  /  X64  /  BUILD  ⚡                    │
│                                                                        │
╰────────────────────────────────────────────────────────────────────────╯

Locating Visual Studio and MSBuild...
Build configuration:
  Configuration: Release
  Platform:      x64
  Target:        Build
  Toolchain:     C:\Program Files\Microsoft Visual Studio\18\Insiders
  Output:        Z:\src\DxUi-worktrees\i26-grid-line-clamp\.build\

Compiling DxUi...

  DxUi.vcxproj -> Z:\src\DxUi-worktrees\i26-grid-line-clamp\.build\x64\Release\DxUi.lib
  DxUi.EmbeddedControls.vcxproj -> Z:\src\DxUi-worktrees\i26-grid-line-clamp\.build\x64\Release\DxUi.EmbeddedControls.exe
  DxUi.FoundationTests.vcxproj -> Z:\src\DxUi-worktrees\i26-grid-line-clamp\.build\x64\Release\DxUi.FoundationTests.exe
  DxUi.ControlTests.vcxproj -> Z:\src\DxUi-worktrees\i26-grid-line-clamp\.build\x64\Release\DxUi.ControlTests.exe
  EmbeddedTests.cpp
  DxUi.EmbeddedTests.vcxproj -> Z:\src\DxUi-worktrees\i26-grid-line-clamp\.build\x64\Release\DxUi.EmbeddedTests.exe

========================================
DxUi build passed in 00:04
Output: Z:\src\DxUi-worktrees\i26-grid-line-clamp\.build\
Log: Z:\src\DxUi-worktrees\i26-grid-line-clamp\.build\logs\build-x64-Release-fbb1a6f1ef3c429da7a6744569fb5b9b.log
========================================
