╭────────────────────────────────────────────────────────────────────────╮
│                                                                        │
│                      ██████╗ ██╗  ██╗██╗   ██╗██╗                      │
│                      ██╔══██╗╚██╗██╔╝██║   ██║██║                      │
│                      ██║  ██║ ╚███╔╝ ██║   ██║██║                      │
│                      ██║  ██║ ██╔██╗ ██║   ██║██║                      │
│                      ██████╔╝██╔╝ ██╗╚██████╔╝██║                      │
│                      ╚═════╝ ╚═╝  ╚═╝ ╚═════╝ ╚═╝                      │
│                                                                        │
│      ✦  PIXELS PRIMED  •  CONTROLS READY  •  COMPILE MODE: GO!  ✦      │
│                   ⚡  RELEASE  /  X64  /  BUILD  ⚡                    │
│                                                                        │
╰────────────────────────────────────────────────────────────────────────╯

Locating Visual Studio and MSBuild...
Build configuration:
  Configuration: Release
  Platform:      x64
  Target:        Build
  Toolchain:     C:\Program Files\Microsoft Visual Studio\18\Insiders
  Output:        Z:\src\DxUi\.build\

Compiling DxUi...

  DxUi.Controls.cpp
  DxUi.vcxproj -> Z:\src\DxUi\.build\x64\Release\DxUi.lib
  DxUi.EmbeddedControls.vcxproj -> Z:\src\DxUi\.build\x64\Release\DxUi.EmbeddedControls.exe
  DxUi.FoundationTests.vcxproj -> Z:\src\DxUi\.build\x64\Release\DxUi.FoundationTests.exe
  DxUi.EmbeddedTests.vcxproj -> Z:\src\DxUi\.build\x64\Release\DxUi.EmbeddedTests.exe
  DxUi.ControlTests.vcxproj -> Z:\src\DxUi\.build\x64\Release\DxUi.ControlTests.exe

========================================
DxUi build passed in 00:04
Output: Z:\src\DxUi\.build\
Log: Z:\src\DxUi\.build\logs\build-x64-Release-ed45980ebf074576a96fd339892a7fff.log
========================================
Complex UI clean round 1: 2117.05 completed offscreen FPS; p95 0.5116 ms; private 27074560 bytes
Complex UI clean round 2: 2227.18 completed offscreen FPS; p95 0.5245 ms; private 27492352 bytes
Complex UI clean round 3: 2087.18 completed offscreen FPS; p95 0.5806 ms; private 27656192 bytes
Complex UI clean round 4: 1749.33 completed offscreen FPS; p95 0.9972 ms; private 27680768 bytes
Complex UI clean round 5: 1958.06 completed offscreen FPS; p95 0.5835 ms; private 27676672 bytes
Complex UI dirty round 1: 513.821 completed offscreen FPS; p95 2.2285 ms; private 28643328 bytes
Complex UI dirty round 2: 558.463 completed offscreen FPS; p95 1.9736 ms; private 28864512 bytes
Complex UI dirty round 3: 568.852 completed offscreen FPS; p95 1.9347 ms; private 28831744 bytes
Complex UI dirty round 4: 562.682 completed offscreen FPS; p95 1.9157 ms; private 29020160 bytes
Complex UI dirty round 5: 549.562 completed offscreen FPS; p95 1.9747 ms; private 29065216 bytes
Performance comparison: unpaired
Performance receipt: Z:\src\DxUi\Measurements\LocalizedAdaptiveLayout\2026-09-20\multiline-checkbox\pairs\baseline-4.json
