╭────────────────────────────────────────────────────────────────────────╮
│                                                                        │
│                      ██████╗ ██╗  ██╗██╗   ██╗██╗                      │
│                      ██╔══██╗╚██╗██╔╝██║   ██║██║                      │
│                      ██║  ██║ ╚███╔╝ ██║   ██║██║                      │
│                      ██║  ██║ ██╔██╗ ██║   ██║██║                      │
│                      ██████╔╝██╔╝ ██╗╚██████╔╝██║                      │
│                      ╚═════╝ ╚═╝  ╚═╝ ╚═════╝ ╚═╝                      │
│                                                                        │
│      ✦  PIXELS PRIMED  •  CONTROLS READY  •  COMPILE MODE: GO!  ✦      │
│                   ⚡  RELEASE  /  X64  /  BUILD  ⚡                    │
│                                                                        │
╰────────────────────────────────────────────────────────────────────────╯

Locating Visual Studio and MSBuild...
Build configuration:
  Configuration: Release
  Platform:      x64
  Target:        Build
  Toolchain:     C:\Program Files\Microsoft Visual Studio\18\Insiders
  Output:        Z:\src\DxUi\.build\

Compiling DxUi...

  DxUi.Controls.cpp
  DxUi.vcxproj -> Z:\src\DxUi\.build\x64\Release\DxUi.lib
  DxUi.EmbeddedTests.vcxproj -> Z:\src\DxUi\.build\x64\Release\DxUi.EmbeddedTests.exe
  DxUi.FoundationTests.vcxproj -> Z:\src\DxUi\.build\x64\Release\DxUi.FoundationTests.exe
  DxUi.EmbeddedControls.vcxproj -> Z:\src\DxUi\.build\x64\Release\DxUi.EmbeddedControls.exe
  DxUi.ControlTests.vcxproj -> Z:\src\DxUi\.build\x64\Release\DxUi.ControlTests.exe

========================================
DxUi build passed in 00:04
Output: Z:\src\DxUi\.build\
Log: Z:\src\DxUi\.build\logs\build-x64-Release-7b6fd7422f4f42e5bfcc49a191b90446.log
========================================
Complex UI clean round 1: 2191.84 completed offscreen FPS; p95 0.6514 ms; private 27090944 bytes
Complex UI clean round 2: 2264.56 completed offscreen FPS; p95 0.5538 ms; private 26963968 bytes
Complex UI clean round 3: 2580.93 completed offscreen FPS; p95 0.4539 ms; private 26988544 bytes
Complex UI clean round 4: 2460.77 completed offscreen FPS; p95 0.4573 ms; private 28495872 bytes
Complex UI clean round 5: 2423.08 completed offscreen FPS; p95 0.477 ms; private 27713536 bytes
Complex UI dirty round 1: 547.199 completed offscreen FPS; p95 2.2223 ms; private 28557312 bytes
Complex UI dirty round 2: 551.485 completed offscreen FPS; p95 2.1495 ms; private 28909568 bytes
Complex UI dirty round 3: 529.85 completed offscreen FPS; p95 2.4513 ms; private 28930048 bytes
Complex UI dirty round 4: 520.81 completed offscreen FPS; p95 2.2108 ms; private 28831744 bytes
Complex UI dirty round 5: 529.554 completed offscreen FPS; p95 2.2985 ms; private 28823552 bytes
Performance comparison: unpaired
Performance receipt: Z:\src\DxUi\Measurements\LocalizedAdaptiveLayout\2026-09-20\multiline-checkbox\pairs\baseline-1.json
