╭────────────────────────────────────────────────────────────────────────╮
│                                                                        │
│                      ██████╗ ██╗  ██╗██╗   ██╗██╗                      │
│                      ██╔══██╗╚██╗██╔╝██║   ██║██║                      │
│                      ██║  ██║ ╚███╔╝ ██║   ██║██║                      │
│                      ██║  ██║ ██╔██╗ ██║   ██║██║                      │
│                      ██████╔╝██╔╝ ██╗╚██████╔╝██║                      │
│                      ╚═════╝ ╚═╝  ╚═╝ ╚═════╝ ╚═╝                      │
│                                                                        │
│      ✦  PIXELS PRIMED  •  CONTROLS READY  •  COMPILE MODE: GO!  ✦      │
│                   ⚡  RELEASE  /  X64  /  BUILD  ⚡                    │
│                                                                        │
╰────────────────────────────────────────────────────────────────────────╯

Locating Visual Studio and MSBuild...
Build configuration:
  Configuration: Release
  Platform:      x64
  Target:        Build
  Toolchain:     C:\Program Files\Microsoft Visual Studio\18\Insiders
  Output:        Z:\src\DxUi\.build\

Compiling DxUi...

  DxUi.Controls.cpp
  DxUi.vcxproj -> Z:\src\DxUi\.build\x64\Release\DxUi.lib
  DxUi.EmbeddedControls.vcxproj -> Z:\src\DxUi\.build\x64\Release\DxUi.EmbeddedControls.exe
  DxUi.EmbeddedTests.vcxproj -> Z:\src\DxUi\.build\x64\Release\DxUi.EmbeddedTests.exe
  DxUi.FoundationTests.vcxproj -> Z:\src\DxUi\.build\x64\Release\DxUi.FoundationTests.exe
  DxUi.ControlTests.vcxproj -> Z:\src\DxUi\.build\x64\Release\DxUi.ControlTests.exe

========================================
DxUi build passed in 00:04
Output: Z:\src\DxUi\.build\
Log: Z:\src\DxUi\.build\logs\build-x64-Release-4adb758c58534dc289dd86f30214fa15.log
========================================
Complex UI clean round 1: 2422.85 completed offscreen FPS; p95 0.5741 ms; private 27336704 bytes
Complex UI clean round 2: 2546.23 completed offscreen FPS; p95 0.5692 ms; private 28471296 bytes
Complex UI clean round 3: 2763.1 completed offscreen FPS; p95 0.399 ms; private 27279360 bytes
Complex UI clean round 4: 2602.07 completed offscreen FPS; p95 0.4811 ms; private 27303936 bytes
Complex UI clean round 5: 2699.31 completed offscreen FPS; p95 0.4252 ms; private 27267072 bytes
Complex UI dirty round 1: 576.469 completed offscreen FPS; p95 1.8538 ms; private 28504064 bytes
Complex UI dirty round 2: 569.267 completed offscreen FPS; p95 1.9539 ms; private 28073984 bytes
Complex UI dirty round 3: 571.974 completed offscreen FPS; p95 1.8796 ms; private 28491776 bytes
Complex UI dirty round 4: 577.439 completed offscreen FPS; p95 1.8928 ms; private 28499968 bytes
Complex UI dirty round 5: 576.859 completed offscreen FPS; p95 1.8351 ms; private 28176384 bytes
Performance comparison: unpaired
Performance receipt: Z:\src\DxUi\Measurements\LocalizedAdaptiveLayout\2026-09-20\multiline-checkbox\pairs\candidate-1.json
