╭────────────────────────────────────────────────────────────────────────╮
│                                                                        │
│                      ██████╗ ██╗  ██╗██╗   ██╗██╗                      │
│                      ██╔══██╗╚██╗██╔╝██║   ██║██║                      │
│                      ██║  ██║ ╚███╔╝ ██║   ██║██║                      │
│                      ██║  ██║ ██╔██╗ ██║   ██║██║                      │
│                      ██████╔╝██╔╝ ██╗╚██████╔╝██║                      │
│                      ╚═════╝ ╚═╝  ╚═╝ ╚═════╝ ╚═╝                      │
│                                                                        │
│      ✦  PIXELS PRIMED  •  CONTROLS READY  •  COMPILE MODE: GO!  ✦      │
│                   ⚡  DEBUG  /  ARM64  /  BUILD  ⚡                    │
│                                                                        │
╰────────────────────────────────────────────────────────────────────────╯

Locating Visual Studio and MSBuild...
Build configuration:
  Configuration: Debug
  Platform:      ARM64
  Target:        Build
  Toolchain:     C:\Program Files\Microsoft Visual Studio\18\Insiders
  Output:        Z:\src\DxUi-worktrees\i26-grid-line-clamp\.build\

Compiling DxUi...

  ControlCatalog.cpp
  DxUi.Accessibility.cpp
  DxUi.ComboBox.cpp
  DxUi.Controls.cpp
  DxUi.Grid.cpp
  DxUi.Menu.cpp
  DxUi.NativeTextInput.cpp
  DxUi.Scrollbar.cpp
  DxUi.SingleLineTextEditing.cpp
  DxUi.TextInput.cpp
  DxUi.TextStoreACP.cpp
  DxUi.Theme.cpp
  DxUi.Tree.cpp
  DxUi.Typeahead.cpp
  DxUi.WindowHost.cpp
  DxUi.cpp
  NativeMenuInterop.cpp
  TextClipboard.cpp
  TextInputServices.cpp
  Embedded.cpp
  Generating Code...
  DxUi.vcxproj -> Z:\src\DxUi-worktrees\i26-grid-line-clamp\.build\ARM64\Debug\DxUi.lib
  Main.cpp
  EmbeddedTests.cpp
  DxUiTests.Accessibility.cpp
  PublicHelpersTests.cpp
  DxUiTests.Animation.cpp
  DxUi.FoundationTests.vcxproj -> Z:\src\DxUi-worktrees\i26-grid-line-clamp\.build\ARM64\Debug\DxUi.FoundationTests.exe
  DxUi.EmbeddedControls.vcxproj -> Z:\src\DxUi-worktrees\i26-grid-line-clamp\.build\ARM64\Debug\DxUi.EmbeddedControls.exe
  DxUi.EmbeddedTests.vcxproj -> Z:\src\DxUi-worktrees\i26-grid-line-clamp\.build\ARM64\Debug\DxUi.EmbeddedTests.exe
  DxUiTests.ComboBox.cpp
  DxUiTests.Controls.cpp
  DxUiTests.Gallery.cpp
  DxUiTests.Grid.cpp
  DxUiTests.Menu.cpp
  DxUiTests.MultilineText.cpp
  DxUiTests.NativeTextInput.cpp
  DxUiTests.NewControls.cpp
  DxUiTests.ReadOnly.cpp
  DxUiTests.Rendering.cpp
  DxUiTests.TextField.cpp
  DxUiTests.Theme.cpp
  DxUiTests.Tooltip.cpp
  DxUiTests.Tree.cpp
  DxUiTests.WindowHost.cpp
  DxUiTests.cpp
  Generating Code...
  DxUi.ControlTests.vcxproj -> Z:\src\DxUi-worktrees\i26-grid-line-clamp\.build\ARM64\Debug\DxUi.ControlTests.exe

========================================
DxUi build passed in 01:44
Output: Z:\src\DxUi-worktrees\i26-grid-line-clamp\.build\
Log: Z:\src\DxUi-worktrees\i26-grid-line-clamp\.build\logs\build-ARM64-Debug-369e78cd97c943ca928b35f0ba453eb6.log
========================================
