PASS DxUi update advisory: same
PASS DxUi update advisory: green
PASS DxUi update advisory: pending
PASS DxUi update advisory: failed
PASS DxUi update advisory: absent
PASS DxUi update advisory: divergent
PASS DxUi update advisory: ahead
PASS DxUi update advisory: offline
PASS DxUi update advisory: wrong-run
PASS DxUi update advisory: malformed
PASS ARM64 AddressSanitizer runtime staging and missing-runtime rejection
╭────────────────────────────────────────────────────────────────────────╮
│                                                                        │
│                      ██████╗ ██╗  ██╗██╗   ██╗██╗                      │
│                      ██╔══██╗╚██╗██╔╝██║   ██║██║                      │
│                      ██║  ██║ ╚███╔╝ ██║   ██║██║                      │
│                      ██║  ██║ ██╔██╗ ██║   ██║██║                      │
│                      ██████╔╝██╔╝ ██╗╚██████╔╝██║                      │
│                      ╚═════╝ ╚═╝  ╚═╝ ╚═════╝ ╚═╝                      │
│                                                                        │
│      ✦  PIXELS PRIMED  •  CONTROLS READY  •  COMPILE MODE: GO!  ✦      │
│                    ⚡  DEBUG  /  X64  /  BUILD  ⚡                     │
│                                                                        │
╰────────────────────────────────────────────────────────────────────────╯

Locating Visual Studio and MSBuild...
Build configuration:
  Configuration: Debug
  Platform:      x64
  Target:        Build
  Toolchain:     C:\Program Files\Microsoft Visual Studio\18\Insiders
  Output:        Z:\src\DxUi-worktrees\i26-menu-description\.build\

Compiling DxUi...

  compilation header save succeeded; see Z:\src\DxUi-worktrees\i26-menu-description\.build\Intermediate\x64\Debug\DxUi\DxUiCompositeVS.h
  compilation object save succeeded; see Z:\src\DxUi-worktrees\i26-menu-description\.build\Intermediate\x64\Debug\DxUi\DxUiCompositeVS.cso
  compilation header save succeeded; see Z:\src\DxUi-worktrees\i26-menu-description\.build\Intermediate\x64\Debug\DxUi\DxUiCompositePS.h
  compilation object save succeeded; see Z:\src\DxUi-worktrees\i26-menu-description\.build\Intermediate\x64\Debug\DxUi\DxUiCompositePS.cso
  ControlCatalog.cpp
  NativeMenuInterop.cpp
  Embedded.cpp
  FrameRuntime.cpp
  DxUi.Accessibility.cpp
  DxUi.ComboBox.cpp
  DxUi.Controls.cpp
  DxUi.cpp
  DxUi.Grid.cpp
  DxUi.Menu.cpp
  DxUi.NativeTextInput.cpp
  DxUi.PointerInput.cpp
  DxUi.Scrollbar.cpp
  DxUi.SingleLineTextEditing.cpp
  DxUi.TextInput.cpp
  DxUi.TextStoreACP.cpp
  TextInputServices.cpp
  TextClipboard.cpp
  DxUi.Theme.cpp
  DxUi.Tree.cpp
  Generating Code...
  Compiling...
  DxUi.Typeahead.cpp
  DxUi.WindowHost.cpp
  Generating Code...
  DxUi.vcxproj -> Z:\src\DxUi-worktrees\i26-menu-description\.build\x64\Debug\DxUi.lib
  FoundationTests.cpp
  DxUiTests.Accessibility.cpp
  EmbeddedTests.cpp
  Main.cpp
  PublicHelpersTests.cpp
  Generating Code...
  DxUiTests.Animation.cpp
  DxUi.EmbeddedControls.vcxproj -> Z:\src\DxUi-worktrees\i26-menu-description\.build\x64\Debug\DxUi.EmbeddedControls.exe
  DxUi.FoundationTests.vcxproj -> Z:\src\DxUi-worktrees\i26-menu-description\.build\x64\Debug\DxUi.FoundationTests.exe
  DxUi.EmbeddedTests.vcxproj -> Z:\src\DxUi-worktrees\i26-menu-description\.build\x64\Debug\DxUi.EmbeddedTests.exe
  DxUiTests.ComboBox.cpp
  DxUiTests.Controls.cpp
  DxUiTests.cpp
  DxUiTests.Gallery.cpp
  DxUiTests.Grid.cpp
  DxUiTests.Menu.cpp
  DxUiTests.MultilineText.cpp
  DxUiTests.NativeTextInput.cpp
  DxUiTests.NewControls.cpp
  DxUiTests.ReadOnly.cpp
  DxUiTests.Rendering.cpp
  DxUiTests.TextField.cpp
  DxUiTests.Theme.cpp
  DxUiTests.Tooltip.cpp
  DxUiTests.Tree.cpp
  DxUiTests.WindowHost.cpp
  Generating Code...
  DxUi.ControlTests.vcxproj -> Z:\src\DxUi-worktrees\i26-menu-description\.build\x64\Debug\DxUi.ControlTests.exe

========================================
DxUi build passed in 02:01
Output: Z:\src\DxUi-worktrees\i26-menu-description\.build\
Log: Z:\src\DxUi-worktrees\i26-menu-description\.build\logs\build-x64-Debug-22f39bfc7c75494a9d4c9a391ab03113.log
========================================
Complex UI clean round 1: 1311.48 completed offscreen FPS; p95 1.182 ms; private 27742208 bytes
Complex UI clean round 2: 1314.37 completed offscreen FPS; p95 1.2619 ms; private 27607040 bytes
Complex UI clean round 3: 1198.39 completed offscreen FPS; p95 1.0346 ms; private 27578368 bytes
Complex UI clean round 4: 992.403 completed offscreen FPS; p95 1.5217 ms; private 27561984 bytes
Complex UI clean round 5: 1461.58 completed offscreen FPS; p95 0.8586 ms; private 27623424 bytes
Complex UI dirty round 1: 371.782 completed offscreen FPS; p95 3.4263 ms; private 30773248 bytes
Complex UI dirty round 2: 340.722 completed offscreen FPS; p95 4.3584 ms; private 30781440 bytes
Complex UI dirty round 3: 455.306 completed offscreen FPS; p95 2.4311 ms; private 31354880 bytes
Complex UI dirty round 4: 452.827 completed offscreen FPS; p95 2.5167 ms; private 31535104 bytes
Complex UI dirty round 5: 391.215 completed offscreen FPS; p95 3.4194 ms; private 31563776 bytes
Performance comparison: unpaired
Performance receipt: Z:\src\DxUi-worktrees\i26-menu-description\.build\reports\Performance-x64-Debug-9fe5803ef5444659a8278b87d6407c9b.json
Running Foundation (x64 Debug)
PASS Foundation (0 capability skips recorded)
Running Embedded (x64 Debug)
PASS Embedded (0 capability skips recorded)
Running Grid (x64 Debug)
PASS Grid (0 capability skips recorded)
Running Theme (x64 Debug)
PASS Theme (0 capability skips recorded)
Running Control (x64 Debug)
PASS Control (0 capability skips recorded)
Running NewControls (x64 Debug)
PASS NewControls (0 capability skips recorded)
Running TextField (x64 Debug)
PASS TextField (0 capability skips recorded)
Running MultilineText (x64 Debug)
PASS MultilineText (0 capability skips recorded)
Running ReadOnly (x64 Debug)
PASS ReadOnly (0 capability skips recorded)
Running ComboBox (x64 Debug)
PASS ComboBox (0 capability skips recorded)
Running Tree (x64 Debug)
PASS Tree (0 capability skips recorded)
Running Tooltip (x64 Debug)
PASS Tooltip (0 capability skips recorded)
Running Rendering (x64 Debug)
PASS Rendering (0 capability skips recorded)
Running Animation (x64 Debug)
PASS Animation (0 capability skips recorded)
Running Accessibility (x64 Debug)
PASS Accessibility (0 capability skips recorded)
Running WindowHost (x64 Debug)
PASS WindowHost (0 capability skips recorded)
All 16 requested suites passed.
