Build started 09/10/2026 23:20:48.
Logging verbosity is set to: Normal.
     1>Project "Z:\src\DxUi\DxUi.sln" on node 1 (Build target(s)).
     1>ValidateSolutionConfiguration:
         Building solution configuration "ASan Debug|ARM64".
     1>Project "Z:\src\DxUi\DxUi.sln" (1) is building "Z:\src\DxUi\src\DxUi.vcxproj" (2) on node 1 (default targets).
     2>PrepareForBuild:
         Structured output is enabled. The formatting of compiler diagnostics will reflect the error hierarchy. See https://aka.ms/cpp/structured-output for more details.
       InitializeBuildStatus:
         Creating "Z:\src\DxUi\.build\Intermediate\ARM64\ASan Debug\DxUi\DxUi.tlog\unsuccessfulbuild" because "AlwaysCreate" was specified.
         Touching "Z:\src\DxUi\.build\Intermediate\ARM64\ASan Debug\DxUi\DxUi.tlog\unsuccessfulbuild".
       FxCompile:
         All outputs are up-to-date.
         All outputs are up-to-date.
       CopyFileToFolders:
         All outputs are up-to-date.
       ComputeStdModulesCompileInputs:
         Reading library manifest file 'C:\Program Files\Microsoft Visual Studio\18\Insiders\VC\Tools\MSVC\14.51.36231\modules\modules.json' which provides data for library 'microsoft/STL'.
         Adding module source 'C:\Program Files\Microsoft Visual Studio\18\Insiders\VC\Tools\MSVC\14.51.36231\modules\std.ixx' from library 'microsoft/STL' to be built with this project.
         Adding module source 'C:\Program Files\Microsoft Visual Studio\18\Insiders\VC\Tools\MSVC\14.51.36231\modules\std.compat.ixx' from library 'microsoft/STL' to be built with this project.
       ClCompile:
         All outputs are up-to-date.
       Lib:
         All outputs are up-to-date.
         DxUi.vcxproj -> Z:\src\DxUi\.build\ARM64\ASan Debug\DxUi.lib
       FinalizeBuildStatus:
         Deleting file "Z:\src\DxUi\.build\Intermediate\ARM64\ASan Debug\DxUi\DxUi.tlog\unsuccessfulbuild".
         Touching "Z:\src\DxUi\.build\Intermediate\ARM64\ASan Debug\DxUi\DxUi.tlog\DxUi.lastbuildstate".
     2>Done Building Project "Z:\src\DxUi\src\DxUi.vcxproj" (default targets).
     1>Project "Z:\src\DxUi\DxUi.sln" (1) is building "Z:\src\DxUi\Samples\EmbeddedControls\DxUi.EmbeddedControls.vcxproj" (4) on node 6 (default targets).
     4>PrepareForBuild:
         Structured output is enabled. The formatting of compiler diagnostics will reflect the error hierarchy. See https://aka.ms/cpp/structured-output for more details.
     1>Project "Z:\src\DxUi\DxUi.sln" (1) is building "Z:\src\DxUi\Tests\Foundation\DxUi.FoundationTests.vcxproj" (6) on node 3 (default targets).
     6>PrepareForBuild:
         Structured output is enabled. The formatting of compiler diagnostics will reflect the error hierarchy. See https://aka.ms/cpp/structured-output for more details.
     1>Project "Z:\src\DxUi\DxUi.sln" (1) is building "Z:\src\DxUi\Tests\Controls\DxUi.ControlTests.vcxproj" (7) on node 2 (default targets).
     7>PrepareForBuild:
         Structured output is enabled. The formatting of compiler diagnostics will reflect the error hierarchy. See https://aka.ms/cpp/structured-output for more details.
     1>Project "Z:\src\DxUi\DxUi.sln" (1) is building "Z:\src\DxUi\Tests\InteractiveLease\DxUi.InteractiveLease.vcxproj" (5) on node 5 (default targets).
     5>PrepareForBuild:
         Structured output is enabled. The formatting of compiler diagnostics will reflect the error hierarchy. See https://aka.ms/cpp/structured-output for more details.
     6>InitializeBuildStatus:
         Creating "Z:\src\DxUi\.build\Intermediate\ARM64\ASan Debug\DxUi.FoundationTests\DxUi.Fou.D62F4A2E.tlog\unsuccessfulbuild" because "AlwaysCreate" was specified.
         Touching "Z:\src\DxUi\.build\Intermediate\ARM64\ASan Debug\DxUi.FoundationTests\DxUi.Fou.D62F4A2E.tlog\unsuccessfulbuild".
     4>InitializeBuildStatus:
         Creating "Z:\src\DxUi\.build\Intermediate\ARM64\ASan Debug\DxUi.EmbeddedControls\DxUi.Emb.C7E3462E.tlog\unsuccessfulbuild" because "AlwaysCreate" was specified.
         Touching "Z:\src\DxUi\.build\Intermediate\ARM64\ASan Debug\DxUi.EmbeddedControls\DxUi.Emb.C7E3462E.tlog\unsuccessfulbuild".
     5>InitializeBuildStatus:
         Creating "Z:\src\DxUi\.build\Intermediate\ARM64\ASan Debug\DxUi.InteractiveLease\DxUi.Int.5C2E7B19.tlog\unsuccessfulbuild" because "AlwaysCreate" was specified.
         Touching "Z:\src\DxUi\.build\Intermediate\ARM64\ASan Debug\DxUi.InteractiveLease\DxUi.Int.5C2E7B19.tlog\unsuccessfulbuild".
     7>InitializeBuildStatus:
         Creating "Z:\src\DxUi\.build\Intermediate\ARM64\ASan Debug\DxUi.ControlTests\DxUi.Con.B4F322B1.tlog\unsuccessfulbuild" because "AlwaysCreate" was specified.
         Touching "Z:\src\DxUi\.build\Intermediate\ARM64\ASan Debug\DxUi.ControlTests\DxUi.Con.B4F322B1.tlog\unsuccessfulbuild".
     1>Project "Z:\src\DxUi\DxUi.sln" (1) is building "Z:\src\DxUi\Tests\Embedded\DxUi.EmbeddedTests.vcxproj" (3) on node 4 (default targets).
     3>PrepareForBuild:
         Structured output is enabled. The formatting of compiler diagnostics will reflect the error hierarchy. See https://aka.ms/cpp/structured-output for more details.
       InitializeBuildStatus:
         Creating "Z:\src\DxUi\.build\Intermediate\ARM64\ASan Debug\DxUi.EmbeddedTests\DxUi.Emb.8B4FAB6F.tlog\unsuccessfulbuild" because "AlwaysCreate" was specified.
         Touching "Z:\src\DxUi\.build\Intermediate\ARM64\ASan Debug\DxUi.EmbeddedTests\DxUi.Emb.8B4FAB6F.tlog\unsuccessfulbuild".
     6>ComputeStdModulesCompileInputs:
         Reading library manifest file 'C:\Program Files\Microsoft Visual Studio\18\Insiders\VC\Tools\MSVC\14.51.36231\modules\modules.json' which provides data for library 'microsoft/STL'.
         Adding module source 'C:\Program Files\Microsoft Visual Studio\18\Insiders\VC\Tools\MSVC\14.51.36231\modules\std.ixx' from library 'microsoft/STL' to be built with this project.
         Adding module source 'C:\Program Files\Microsoft Visual Studio\18\Insiders\VC\Tools\MSVC\14.51.36231\modules\std.compat.ixx' from library 'microsoft/STL' to be built with this project.
     7>ComputeStdModulesCompileInputs:
         Reading library manifest file 'C:\Program Files\Microsoft Visual Studio\18\Insiders\VC\Tools\MSVC\14.51.36231\modules\modules.json' which provides data for library 'microsoft/STL'.
         Adding module source 'C:\Program Files\Microsoft Visual Studio\18\Insiders\VC\Tools\MSVC\14.51.36231\modules\std.ixx' from library 'microsoft/STL' to be built with this project.
         Adding module source 'C:\Program Files\Microsoft Visual Studio\18\Insiders\VC\Tools\MSVC\14.51.36231\modules\std.compat.ixx' from library 'microsoft/STL' to be built with this project.
     3>ComputeStdModulesCompileInputs:
         Reading library manifest file 'C:\Program Files\Microsoft Visual Studio\18\Insiders\VC\Tools\MSVC\14.51.36231\modules\modules.json' which provides data for library 'microsoft/STL'.
         Adding module source 'C:\Program Files\Microsoft Visual Studio\18\Insiders\VC\Tools\MSVC\14.51.36231\modules\std.ixx' from library 'microsoft/STL' to be built with this project.
         Adding module source 'C:\Program Files\Microsoft Visual Studio\18\Insiders\VC\Tools\MSVC\14.51.36231\modules\std.compat.ixx' from library 'microsoft/STL' to be built with this project.
       ClCompile:
         All outputs are up-to-date.
     6>ClCompile:
         All outputs are up-to-date.
     4>ComputeStdModulesCompileInputs:
         Reading library manifest file 'C:\Program Files\Microsoft Visual Studio\18\Insiders\VC\Tools\MSVC\14.51.36231\modules\modules.json' which provides data for library 'microsoft/STL'.
         Adding module source 'C:\Program Files\Microsoft Visual Studio\18\Insiders\VC\Tools\MSVC\14.51.36231\modules\std.ixx' from library 'microsoft/STL' to be built with this project.
         Adding module source 'C:\Program Files\Microsoft Visual Studio\18\Insiders\VC\Tools\MSVC\14.51.36231\modules\std.compat.ixx' from library 'microsoft/STL' to be built with this project.
       ClCompile:
         All outputs are up-to-date.
     5>ComputeStdModulesCompileInputs:
         Reading library manifest file 'C:\Program Files\Microsoft Visual Studio\18\Insiders\VC\Tools\MSVC\14.51.36231\modules\modules.json' which provides data for library 'microsoft/STL'.
     3>Link:
         All outputs are up-to-date.
     5>ComputeStdModulesCompileInputs:
         Adding module source 'C:\Program Files\Microsoft Visual Studio\18\Insiders\VC\Tools\MSVC\14.51.36231\modules\std.ixx' from library 'microsoft/STL' to be built with this project.
         Adding module source 'C:\Program Files\Microsoft Visual Studio\18\Insiders\VC\Tools\MSVC\14.51.36231\modules\std.compat.ixx' from library 'microsoft/STL' to be built with this project.
     3>Link:
         DxUi.EmbeddedTests.vcxproj -> Z:\src\DxUi\.build\ARM64\ASan Debug\DxUi.EmbeddedTests.exe
     6>Link:
         All outputs are up-to-date.
         DxUi.FoundationTests.vcxproj -> Z:\src\DxUi\.build\ARM64\ASan Debug\DxUi.FoundationTests.exe
     5>ClCompile:
         All outputs are up-to-date.
     4>Link:
         All outputs are up-to-date.
         DxUi.EmbeddedControls.vcxproj -> Z:\src\DxUi\.build\ARM64\ASan Debug\DxUi.EmbeddedControls.exe
     3>FinalizeBuildStatus:
         Deleting file "Z:\src\DxUi\.build\Intermediate\ARM64\ASan Debug\DxUi.EmbeddedTests\DxUi.Emb.8B4FAB6F.tlog\unsuccessfulbuild".
         Touching "Z:\src\DxUi\.build\Intermediate\ARM64\ASan Debug\DxUi.EmbeddedTests\DxUi.Emb.8B4FAB6F.tlog\DxUi.EmbeddedTests.lastbuildstate".
     3>Done Building Project "Z:\src\DxUi\Tests\Embedded\DxUi.EmbeddedTests.vcxproj" (default targets).
     7>ClCompile:
         C:\Program Files\Microsoft Visual Studio\18\Insiders\VC\Tools\MSVC\14.51.36231\bin\HostX86\arm64\CL.exe /c /IZ:\src\DxUi\include /I"Z:\src\DxUi\.build\vcpkg_installed\ARM64\arm64-windows\include" /Zi /JMC /nologo /W4 /WX /diagnostics:column /sdl /fsanitize=address /Od /Oy- /D ENABLE_TESTS /D _ARM64_WINAPI_PARTITION_DESKTOP_SDK_AVAILABLE=1 /D UNICODE /D _UNICODE /D WIN32_LEAN_AND_MEAN /D NOMINMAX /Gm- /EHsc /MDd /GS /fp:precise /Zc:wchar_t /Zc:forScope /Zc:inline /std:c++latest /permissive- /Fo"Z:\src\DxUi\.build\Intermediate\ARM64\ASan Debug\DxUi.ControlTests\\" /Fd"Z:\src\DxUi\.build\Intermediate\ARM64\ASan Debug\DxUi.ControlTests\vc145.pdb" /external:W4 /Gd /TP /FIZ:\src\DxUi\src/Support/RequireAddressSanitizer.h /analyze- /FC /errorReport:queue /utf-8 /Zc:preprocessor DxUi.Tests.NativeTextInput.cpp
     5>Link:
         All outputs are up-to-date.
         DxUi.InteractiveLease.vcxproj -> Z:\src\DxUi\.build\ARM64\ASan Debug\DxUi.InteractiveLease.exe
     6>FinalizeBuildStatus:
         Deleting file "Z:\src\DxUi\.build\Intermediate\ARM64\ASan Debug\DxUi.FoundationTests\DxUi.Fou.D62F4A2E.tlog\unsuccessfulbuild".
         Touching "Z:\src\DxUi\.build\Intermediate\ARM64\ASan Debug\DxUi.FoundationTests\DxUi.Fou.D62F4A2E.tlog\DxUi.FoundationTests.lastbuildstate".
     4>FinalizeBuildStatus:
         Deleting file "Z:\src\DxUi\.build\Intermediate\ARM64\ASan Debug\DxUi.EmbeddedControls\DxUi.Emb.C7E3462E.tlog\unsuccessfulbuild".
         Touching "Z:\src\DxUi\.build\Intermediate\ARM64\ASan Debug\DxUi.EmbeddedControls\DxUi.Emb.C7E3462E.tlog\DxUi.EmbeddedControls.lastbuildstate".
     6>Done Building Project "Z:\src\DxUi\Tests\Foundation\DxUi.FoundationTests.vcxproj" (default targets).
     4>Done Building Project "Z:\src\DxUi\Samples\EmbeddedControls\DxUi.EmbeddedControls.vcxproj" (default targets).
     5>FinalizeBuildStatus:
         Deleting file "Z:\src\DxUi\.build\Intermediate\ARM64\ASan Debug\DxUi.InteractiveLease\DxUi.Int.5C2E7B19.tlog\unsuccessfulbuild".
         Touching "Z:\src\DxUi\.build\Intermediate\ARM64\ASan Debug\DxUi.InteractiveLease\DxUi.Int.5C2E7B19.tlog\DxUi.InteractiveLease.lastbuildstate".
     5>Done Building Project "Z:\src\DxUi\Tests\InteractiveLease\DxUi.InteractiveLease.vcxproj" (default targets).
     7>ClCompile:
         DxUi.Tests.NativeTextInput.cpp
       Link:
         C:\Program Files\Microsoft Visual Studio\18\Insiders\VC\Tools\MSVC\14.51.36231\bin\HostX86\arm64\link.exe /ERRORREPORT:QUEUE /OUT:"Z:\src\DxUi\.build\ARM64\ASan Debug\DxUi.ControlTests.exe" /INCREMENTAL:NO /NOLOGO kernel32.lib user32.lib gdi32.lib winspool.lib comdlg32.lib advapi32.lib shell32.lib ole32.lib oleaut32.lib uuid.lib odbc32.lib odbccp32.lib /MANIFEST /MANIFESTUAC:"level='asInvoker' uiAccess='false'" /manifest:embed /DEBUG:FULL /PDB:"Z:\src\DxUi\.build\ARM64\ASan Debug\DxUi.ControlTests.pdb" /SUBSYSTEM:CONSOLE /TLBID:1 /DYNAMICBASE /NXCOMPAT /IMPLIB:"Z:\src\DxUi\.build\ARM64\ASan Debug\DxUi.ControlTests.lib" /MACHINE:ARM64 "Z:\src\DxUi\.build\Intermediate\ARM64\ASan Debug\DxUi.ControlTests\DxUi.Tests.Accessibility.obj"
         "Z:\src\DxUi\.build\Intermediate\ARM64\ASan Debug\DxUi.ControlTests\DxUi.Tests.Animation.obj"
         "Z:\src\DxUi\.build\Intermediate\ARM64\ASan Debug\DxUi.ControlTests\DxUi.Tests.ComboBox.obj"
         "Z:\src\DxUi\.build\Intermediate\ARM64\ASan Debug\DxUi.ControlTests\DxUi.Tests.Controls.obj"
         "Z:\src\DxUi\.build\Intermediate\ARM64\ASan Debug\DxUi.ControlTests\DxUi.Tests.Runner.obj"
         "Z:\src\DxUi\.build\Intermediate\ARM64\ASan Debug\DxUi.ControlTests\DxUi.Tests.EditorControls.obj"
         "Z:\src\DxUi\.build\Intermediate\ARM64\ASan Debug\DxUi.ControlTests\DxUi.Tests.Gallery.obj"
         "Z:\src\DxUi\.build\Intermediate\ARM64\ASan Debug\DxUi.ControlTests\DxUi.Tests.Grid.obj"
         "Z:\src\DxUi\.build\Intermediate\ARM64\ASan Debug\DxUi.ControlTests\DxUi.Tests.InteractiveLease.obj"
         "Z:\src\DxUi\.build\Intermediate\ARM64\ASan Debug\DxUi.ControlTests\DxUi.Tests.Menu.obj"
         "Z:\src\DxUi\.build\Intermediate\ARM64\ASan Debug\DxUi.ControlTests\DxUi.Tests.MultilineText.obj"
         "Z:\src\DxUi\.build\Intermediate\ARM64\ASan Debug\DxUi.ControlTests\DxUi.Tests.NativeTextInput.obj"
         "Z:\src\DxUi\.build\Intermediate\ARM64\ASan Debug\DxUi.ControlTests\DxUi.Tests.NewControls.obj"
         "Z:\src\DxUi\.build\Intermediate\ARM64\ASan Debug\DxUi.ControlTests\DxUi.Tests.ReadOnly.obj"
         "Z:\src\DxUi\.build\Intermediate\ARM64\ASan Debug\DxUi.ControlTests\DxUi.Tests.Rendering.obj"
         "Z:\src\DxUi\.build\Intermediate\ARM64\ASan Debug\DxUi.ControlTests\DxUi.Tests.TextField.obj"
         "Z:\src\DxUi\.build\Intermediate\ARM64\ASan Debug\DxUi.ControlTests\DxUi.Tests.Theme.obj"
         "Z:\src\DxUi\.build\Intermediate\ARM64\ASan Debug\DxUi.ControlTests\DxUi.Tests.Tooltip.obj"
         "Z:\src\DxUi\.build\Intermediate\ARM64\ASan Debug\DxUi.ControlTests\DxUi.Tests.Tree.obj"
         "Z:\src\DxUi\.build\Intermediate\ARM64\ASan Debug\DxUi.ControlTests\DxUi.Tests.WindowHost.obj"
         "Z:\src\DxUi\.build\ARM64\ASan Debug\DxUi.lib"
         DxUi.ControlTests.vcxproj -> Z:\src\DxUi\.build\ARM64\ASan Debug\DxUi.ControlTests.exe
       FinalizeBuildStatus:
         Deleting file "Z:\src\DxUi\.build\Intermediate\ARM64\ASan Debug\DxUi.ControlTests\DxUi.Con.B4F322B1.tlog\unsuccessfulbuild".
         Touching "Z:\src\DxUi\.build\Intermediate\ARM64\ASan Debug\DxUi.ControlTests\DxUi.Con.B4F322B1.tlog\DxUi.ControlTests.lastbuildstate".
     7>Done Building Project "Z:\src\DxUi\Tests\Controls\DxUi.ControlTests.vcxproj" (default targets).
     1>Done Building Project "Z:\src\DxUi\DxUi.sln" (Build target(s)).

Build succeeded.
    0 Warning(s)
    0 Error(s)

Time Elapsed 00:00:06.70
