╭────────────────────────────────────────────────────────────────────────╮
│                                                                        │
│                      ██████╗ ██╗  ██╗██╗   ██╗██╗                      │
│                      ██╔══██╗╚██╗██╔╝██║   ██║██║                      │
│                      ██║  ██║ ╚███╔╝ ██║   ██║██║                      │
│                      ██║  ██║ ██╔██╗ ██║   ██║██║                      │
│                      ██████╔╝██╔╝ ██╗╚██████╔╝██║                      │
│                      ╚═════╝ ╚═╝  ╚═╝ ╚═════╝ ╚═╝                      │
│                                                                        │
│      ✦  PIXELS PRIMED  •  CONTROLS READY  •  COMPILE MODE: GO!  ✦      │
│                  ⚡  RELEASE  /  ARM64  /  BUILD  ⚡                   │
│                                                                        │
╰────────────────────────────────────────────────────────────────────────╯

Locating Visual Studio and MSBuild...
Build configuration:
  Configuration: Release
  Platform:      ARM64
  Target:        Build
  Toolchain:     C:\Program Files\Microsoft Visual Studio\18\Insiders
  Output:        Z:\src\DxUi\.build\

Compiling DxUi...

  DxUi.vcxproj -> Z:\src\DxUi\.build\ARM64\Release\DxUi.lib
  DxUi.InteractiveLease.vcxproj -> Z:\src\DxUi\.build\ARM64\Release\DxUi.InteractiveLease.exe
  DxUi.FoundationTests.vcxproj -> Z:\src\DxUi\.build\ARM64\Release\DxUi.FoundationTests.exe
  DxUi.EmbeddedTests.vcxproj -> Z:\src\DxUi\.build\ARM64\Release\DxUi.EmbeddedTests.exe
  DxUi.EmbeddedControls.vcxproj -> Z:\src\DxUi\.build\ARM64\Release\DxUi.EmbeddedControls.exe
  DxUi.Tests.NativeTextInput.cpp
  DxUi.ControlTests.vcxproj -> Z:\src\DxUi\.build\ARM64\Release\DxUi.ControlTests.exe

========================================
DxUi build passed in 00:07
Output: Z:\src\DxUi\.build\
Log: Z:\src\DxUi\.build\logs\build-ARM64-Release-4018d5a048eb4dd1aaae6b04375edb66.log
========================================
