╭────────────────────────────────────────────────────────────────────────╮
│                                                                        │
│                      ██████╗ ██╗  ██╗██╗   ██╗██╗                      │
│                      ██╔══██╗╚██╗██╔╝██║   ██║██║                      │
│                      ██║  ██║ ╚███╔╝ ██║   ██║██║                      │
│                      ██║  ██║ ██╔██╗ ██║   ██║██║                      │
│                      ██████╔╝██╔╝ ██╗╚██████╔╝██║                      │
│                      ╚═════╝ ╚═╝  ╚═╝ ╚═════╝ ╚═╝                      │
│                                                                        │
│      ✦  PIXELS PRIMED  •  CONTROLS READY  •  COMPILE MODE: GO!  ✦      │
│                  ⚡  ASAN DEBUG  /  X64  /  BUILD  ⚡                  │
│                                                                        │
╰────────────────────────────────────────────────────────────────────────╯

Locating Visual Studio and MSBuild...
Build configuration:
  Configuration: ASan Debug
  Platform:      x64
  Target:        Build
  Toolchain:     C:\Program Files\Microsoft Visual Studio\18\Insiders
  Output:        Z:\src\DxUi\.build\

Compiling DxUi...

  DxUi.vcxproj -> Z:\src\DxUi\.build\x64\ASan Debug\DxUi.lib
  DxUi.EmbeddedTests.vcxproj -> Z:\src\DxUi\.build\x64\ASan Debug\DxUi.EmbeddedTests.exe
  DxUi.FoundationTests.vcxproj -> Z:\src\DxUi\.build\x64\ASan Debug\DxUi.FoundationTests.exe
  DxUi.InteractiveLease.vcxproj -> Z:\src\DxUi\.build\x64\ASan Debug\DxUi.InteractiveLease.exe
  DxUi.EmbeddedControls.vcxproj -> Z:\src\DxUi\.build\x64\ASan Debug\DxUi.EmbeddedControls.exe
  DxUi.Tests.NativeTextInput.cpp
  DxUi.ControlTests.vcxproj -> Z:\src\DxUi\.build\x64\ASan Debug\DxUi.ControlTests.exe

========================================
DxUi build passed in 00:06
Output: Z:\src\DxUi\.build\
Log: Z:\src\DxUi\.build\logs\build-x64-ASan Debug-af218b78954f45038a31236350d9853b.log
========================================
