╭────────────────────────────────────────────────────────────────────────╮
│                                                                        │
│                      ██████╗ ██╗  ██╗██╗   ██╗██╗                      │
│                      ██╔══██╗╚██╗██╔╝██║   ██║██║                      │
│                      ██║  ██║ ╚███╔╝ ██║   ██║██║                      │
│                      ██║  ██║ ██╔██╗ ██║   ██║██║                      │
│                      ██████╔╝██╔╝ ██╗╚██████╔╝██║                      │
│                      ╚═════╝ ╚═╝  ╚═╝ ╚═════╝ ╚═╝                      │
│                                                                        │
│      ✦  PIXELS PRIMED  •  CONTROLS READY  •  COMPILE MODE: GO!  ✦      │
│                    ⚡  DEBUG  /  X64  /  BUILD  ⚡                     │
│                                                                        │
╰────────────────────────────────────────────────────────────────────────╯

Locating Visual Studio and MSBuild...
Build configuration:
  Configuration: Debug
  Platform:      x64
  Target:        Build
  Toolchain:     C:\Program Files\Microsoft Visual Studio\18\Insiders
  Output:        Z:\src\DxUi\.build\

Compiling DxUi...

  DxUi.vcxproj -> Z:\src\DxUi\.build\x64\Debug\DxUi.lib
  DxUi.InteractiveLease.vcxproj -> Z:\src\DxUi\.build\x64\Debug\DxUi.InteractiveLease.exe
  DxUi.FoundationTests.vcxproj -> Z:\src\DxUi\.build\x64\Debug\DxUi.FoundationTests.exe
  DxUi.EmbeddedControls.vcxproj -> Z:\src\DxUi\.build\x64\Debug\DxUi.EmbeddedControls.exe
  DxUi.EmbeddedTests.vcxproj -> Z:\src\DxUi\.build\x64\Debug\DxUi.EmbeddedTests.exe
  DxUi.Tests.NativeTextInput.cpp
  DxUi.ControlTests.vcxproj -> Z:\src\DxUi\.build\x64\Debug\DxUi.ControlTests.exe

========================================
DxUi build passed in 00:05
Output: Z:\src\DxUi\.build\
Log: Z:\src\DxUi\.build\logs\build-x64-Debug-b3350b87213445bcb0f5cdb157b72bfd.log
========================================
