[WATCHDOG] each test may run 300 s; a test that outlives it ends the run with exit code 124
[START] Accessibility
  [START] TestAccessibilityPublicationMutationBatchRetainsFinalStateAndReportsCost
UIA_PUBLICATION_BENCHMARK {"scenario":"keystroke-batch","repetition":0,"operations":128,"microseconds":247212,"queryMicroseconds":468.6,"totalMicroseconds":247681,"operationSnapshotBuilds":0,"snapshotBuilds":1,"uiaListening":true}
UIA_PUBLICATION_BENCHMARK {"scenario":"keystroke-batch","repetition":1,"operations":128,"microseconds":5249,"queryMicroseconds":421.4,"totalMicroseconds":5670.8,"operationSnapshotBuilds":0,"snapshotBuilds":1,"uiaListening":true}
UIA_PUBLICATION_BENCHMARK {"scenario":"keystroke-batch","repetition":2,"operations":128,"microseconds":5152.8,"queryMicroseconds":411.1,"totalMicroseconds":5564.2,"operationSnapshotBuilds":0,"snapshotBuilds":1,"uiaListening":true}
UIA_PUBLICATION_BENCHMARK {"scenario":"keystroke-batch","repetition":3,"operations":128,"microseconds":5062.5,"queryMicroseconds":390.4,"totalMicroseconds":5453.2,"operationSnapshotBuilds":0,"snapshotBuilds":1,"uiaListening":true}
UIA_PUBLICATION_BENCHMARK {"scenario":"keystroke-batch","repetition":4,"operations":128,"microseconds":6131.3,"queryMicroseconds":409.1,"totalMicroseconds":6541,"operationSnapshotBuilds":0,"snapshotBuilds":1,"uiaListening":true}
UIA_PUBLICATION_BENCHMARK {"scenario":"keystroke-batch","repetition":5,"operations":128,"microseconds":5932.6,"queryMicroseconds":409.4,"totalMicroseconds":6342.4,"operationSnapshotBuilds":0,"snapshotBuilds":1,"uiaListening":true}
UIA_PUBLICATION_BENCHMARK {"scenario":"keystroke-batch","repetition":6,"operations":128,"microseconds":5655.8,"queryMicroseconds":403.9,"totalMicroseconds":6060.1,"operationSnapshotBuilds":0,"snapshotBuilds":1,"uiaListening":true}
UIA_PUBLICATION_BENCHMARK {"scenario":"selection-batch","repetition":0,"operations":128,"microseconds":475.2,"queryMicroseconds":324.7,"totalMicroseconds":800.1,"operationSnapshotBuilds":0,"snapshotBuilds":1,"uiaListening":true}
UIA_PUBLICATION_BENCHMARK {"scenario":"selection-batch","repetition":1,"operations":128,"microseconds":450.2,"queryMicroseconds":330,"totalMicroseconds":780.5,"operationSnapshotBuilds":0,"snapshotBuilds":1,"uiaListening":true}
UIA_PUBLICATION_BENCHMARK {"scenario":"selection-batch","repetition":2,"operations":128,"microseconds":452.7,"queryMicroseconds":300.8,"totalMicroseconds":753.7,"operationSnapshotBuilds":0,"snapshotBuilds":1,"uiaListening":true}
UIA_PUBLICATION_BENCHMARK {"scenario":"selection-batch","repetition":3,"operations":128,"microseconds":753.6,"queryMicroseconds":333.7,"totalMicroseconds":1087.7,"operationSnapshotBuilds":0,"snapshotBuilds":1,"uiaListening":true}
UIA_PUBLICATION_BENCHMARK {"scenario":"selection-batch","repetition":4,"operations":128,"microseconds":479.1,"queryMicroseconds":345.8,"totalMicroseconds":825.4,"operationSnapshotBuilds":0,"snapshotBuilds":1,"uiaListening":true}
UIA_PUBLICATION_BENCHMARK {"scenario":"selection-batch","repetition":5,"operations":128,"microseconds":441.7,"queryMicroseconds":297.7,"totalMicroseconds":739.6,"operationSnapshotBuilds":0,"snapshotBuilds":1,"uiaListening":true}
UIA_PUBLICATION_BENCHMARK {"scenario":"selection-batch","repetition":6,"operations":128,"microseconds":442,"queryMicroseconds":294,"totalMicroseconds":736.2,"operationSnapshotBuilds":0,"snapshotBuilds":1,"uiaListening":true}
    [TRACE] attached host dtor: begin
    [TRACE] attached host dtor: host detached
    [TRACE] attached host dtor: hwnd reset
  [DONE] TestAccessibilityPublicationMutationBatchRetainsFinalStateAndReportsCost (0.324 s)
[DONE] Accessibility (0.324 s)
All DxUi tests passed.
