[WATCHDOG] each test may run 300 s; a test that outlives it ends the run with exit code 124
[START] Accessibility
  [START] TestAccessibilityPublicationMutationBatchRetainsFinalStateAndReportsCost
UIA_PUBLICATION_BENCHMARK {"scenario":"keystroke-batch","repetition":0,"operations":128,"microseconds":242625,"queryMicroseconds":475.6,"totalMicroseconds":243101,"operationSnapshotBuilds":0,"snapshotBuilds":1,"uiaListening":true}
UIA_PUBLICATION_BENCHMARK {"scenario":"keystroke-batch","repetition":1,"operations":128,"microseconds":5104.1,"queryMicroseconds":395.6,"totalMicroseconds":5500.2,"operationSnapshotBuilds":0,"snapshotBuilds":1,"uiaListening":true}
UIA_PUBLICATION_BENCHMARK {"scenario":"keystroke-batch","repetition":2,"operations":128,"microseconds":5238.5,"queryMicroseconds":371.6,"totalMicroseconds":5610.4,"operationSnapshotBuilds":0,"snapshotBuilds":1,"uiaListening":true}
UIA_PUBLICATION_BENCHMARK {"scenario":"keystroke-batch","repetition":3,"operations":128,"microseconds":5128.2,"queryMicroseconds":373.9,"totalMicroseconds":5502.4,"operationSnapshotBuilds":0,"snapshotBuilds":1,"uiaListening":true}
UIA_PUBLICATION_BENCHMARK {"scenario":"keystroke-batch","repetition":4,"operations":128,"microseconds":5539.2,"queryMicroseconds":382.1,"totalMicroseconds":5921.6,"operationSnapshotBuilds":0,"snapshotBuilds":1,"uiaListening":true}
UIA_PUBLICATION_BENCHMARK {"scenario":"keystroke-batch","repetition":5,"operations":128,"microseconds":5358.7,"queryMicroseconds":365.4,"totalMicroseconds":5724.4,"operationSnapshotBuilds":0,"snapshotBuilds":1,"uiaListening":true}
UIA_PUBLICATION_BENCHMARK {"scenario":"keystroke-batch","repetition":6,"operations":128,"microseconds":4889.7,"queryMicroseconds":337.1,"totalMicroseconds":5227,"operationSnapshotBuilds":0,"snapshotBuilds":1,"uiaListening":true}
UIA_PUBLICATION_BENCHMARK {"scenario":"selection-batch","repetition":0,"operations":128,"microseconds":459.4,"queryMicroseconds":297.8,"totalMicroseconds":757.4,"operationSnapshotBuilds":0,"snapshotBuilds":1,"uiaListening":true}
UIA_PUBLICATION_BENCHMARK {"scenario":"selection-batch","repetition":1,"operations":128,"microseconds":444.1,"queryMicroseconds":317.9,"totalMicroseconds":762.3,"operationSnapshotBuilds":0,"snapshotBuilds":1,"uiaListening":true}
UIA_PUBLICATION_BENCHMARK {"scenario":"selection-batch","repetition":2,"operations":128,"microseconds":435.8,"queryMicroseconds":284.6,"totalMicroseconds":720.6,"operationSnapshotBuilds":0,"snapshotBuilds":1,"uiaListening":true}
UIA_PUBLICATION_BENCHMARK {"scenario":"selection-batch","repetition":3,"operations":128,"microseconds":435.3,"queryMicroseconds":281.5,"totalMicroseconds":716.9,"operationSnapshotBuilds":0,"snapshotBuilds":1,"uiaListening":true}
UIA_PUBLICATION_BENCHMARK {"scenario":"selection-batch","repetition":4,"operations":128,"microseconds":441.4,"queryMicroseconds":282.7,"totalMicroseconds":724.3,"operationSnapshotBuilds":0,"snapshotBuilds":1,"uiaListening":true}
UIA_PUBLICATION_BENCHMARK {"scenario":"selection-batch","repetition":5,"operations":128,"microseconds":434.3,"queryMicroseconds":281.4,"totalMicroseconds":715.8,"operationSnapshotBuilds":0,"snapshotBuilds":1,"uiaListening":true}
UIA_PUBLICATION_BENCHMARK {"scenario":"selection-batch","repetition":6,"operations":128,"microseconds":440.9,"queryMicroseconds":282.4,"totalMicroseconds":723.5,"operationSnapshotBuilds":0,"snapshotBuilds":1,"uiaListening":true}
    [TRACE] attached host dtor: begin
    [TRACE] attached host dtor: host detached
    [TRACE] attached host dtor: hwnd reset
  [DONE] TestAccessibilityPublicationMutationBatchRetainsFinalStateAndReportsCost (0.310 s)
[DONE] Accessibility (0.311 s)
All DxUi tests passed.
