[WATCHDOG] each test may run 300 s; a test that outlives it ends the run with exit code 124
[START] Accessibility
  [START] TestAccessibilityPublicationMutationBatchRetainsFinalStateAndReportsCost
UIA_PUBLICATION_BENCHMARK {"scenario":"keystroke-batch","repetition":0,"operations":128,"microseconds":384402,"queryMicroseconds":11.1,"totalMicroseconds":384414,"operationSnapshotBuilds":384,"snapshotBuilds":384,"uiaListening":true}
UIA_PUBLICATION_BENCHMARK {"scenario":"keystroke-batch","repetition":1,"operations":128,"microseconds":143810,"queryMicroseconds":11,"totalMicroseconds":143821,"operationSnapshotBuilds":384,"snapshotBuilds":384,"uiaListening":true}
UIA_PUBLICATION_BENCHMARK {"scenario":"keystroke-batch","repetition":2,"operations":128,"microseconds":140218,"queryMicroseconds":11.2,"totalMicroseconds":140230,"operationSnapshotBuilds":384,"snapshotBuilds":384,"uiaListening":true}
UIA_PUBLICATION_BENCHMARK {"scenario":"keystroke-batch","repetition":3,"operations":128,"microseconds":140666,"queryMicroseconds":11.3,"totalMicroseconds":140678,"operationSnapshotBuilds":384,"snapshotBuilds":384,"uiaListening":true}
UIA_PUBLICATION_BENCHMARK {"scenario":"keystroke-batch","repetition":4,"operations":128,"microseconds":138546,"queryMicroseconds":10,"totalMicroseconds":138556,"operationSnapshotBuilds":384,"snapshotBuilds":384,"uiaListening":true}
UIA_PUBLICATION_BENCHMARK {"scenario":"keystroke-batch","repetition":5,"operations":128,"microseconds":139664,"queryMicroseconds":10.4,"totalMicroseconds":139675,"operationSnapshotBuilds":384,"snapshotBuilds":384,"uiaListening":true}
UIA_PUBLICATION_BENCHMARK {"scenario":"keystroke-batch","repetition":6,"operations":128,"microseconds":142413,"queryMicroseconds":11.4,"totalMicroseconds":142424,"operationSnapshotBuilds":384,"snapshotBuilds":384,"uiaListening":true}
UIA_PUBLICATION_BENCHMARK {"scenario":"selection-batch","repetition":0,"operations":128,"microseconds":49155.6,"queryMicroseconds":7.1,"totalMicroseconds":49163.7,"operationSnapshotBuilds":128,"snapshotBuilds":128,"uiaListening":true}
UIA_PUBLICATION_BENCHMARK {"scenario":"selection-batch","repetition":1,"operations":128,"microseconds":47342.7,"queryMicroseconds":7.6,"totalMicroseconds":47351.1,"operationSnapshotBuilds":128,"snapshotBuilds":128,"uiaListening":true}
UIA_PUBLICATION_BENCHMARK {"scenario":"selection-batch","repetition":2,"operations":128,"microseconds":48112.4,"queryMicroseconds":7.6,"totalMicroseconds":48120.7,"operationSnapshotBuilds":128,"snapshotBuilds":128,"uiaListening":true}
UIA_PUBLICATION_BENCHMARK {"scenario":"selection-batch","repetition":3,"operations":128,"microseconds":50947,"queryMicroseconds":7.2,"totalMicroseconds":50955.4,"operationSnapshotBuilds":128,"snapshotBuilds":128,"uiaListening":true}
UIA_PUBLICATION_BENCHMARK {"scenario":"selection-batch","repetition":4,"operations":128,"microseconds":49247.1,"queryMicroseconds":7.9,"totalMicroseconds":49255.8,"operationSnapshotBuilds":128,"snapshotBuilds":128,"uiaListening":true}
UIA_PUBLICATION_BENCHMARK {"scenario":"selection-batch","repetition":5,"operations":128,"microseconds":49010.5,"queryMicroseconds":7.6,"totalMicroseconds":49019.1,"operationSnapshotBuilds":128,"snapshotBuilds":128,"uiaListening":true}
UIA_PUBLICATION_BENCHMARK {"scenario":"selection-batch","repetition":6,"operations":128,"microseconds":47775.4,"queryMicroseconds":7,"totalMicroseconds":47783.3,"operationSnapshotBuilds":128,"snapshotBuilds":128,"uiaListening":true}
    [TRACE] attached host dtor: begin
    [TRACE] attached host dtor: host detached
    [TRACE] attached host dtor: hwnd reset
  [DONE] TestAccessibilityPublicationMutationBatchRetainsFinalStateAndReportsCost (1.625 s)
[DONE] Accessibility (1.626 s)
All DxUi tests passed.
