[WATCHDOG] each test may run 300 s; a test that outlives it ends the run with exit code 124
[START] Accessibility
  [START] TestAccessibilityPublicationMutationBatchRetainsFinalStateAndReportsCost
UIA_PUBLICATION_BENCHMARK {"scenario":"keystroke-batch","repetition":0,"operations":128,"microseconds":384035,"queryMicroseconds":11.4,"totalMicroseconds":384047,"operationSnapshotBuilds":384,"snapshotBuilds":384,"uiaListening":true}
UIA_PUBLICATION_BENCHMARK {"scenario":"keystroke-batch","repetition":1,"operations":128,"microseconds":144997,"queryMicroseconds":10.7,"totalMicroseconds":145009,"operationSnapshotBuilds":384,"snapshotBuilds":384,"uiaListening":true}
UIA_PUBLICATION_BENCHMARK {"scenario":"keystroke-batch","repetition":2,"operations":128,"microseconds":146383,"queryMicroseconds":11.9,"totalMicroseconds":146396,"operationSnapshotBuilds":384,"snapshotBuilds":384,"uiaListening":true}
UIA_PUBLICATION_BENCHMARK {"scenario":"keystroke-batch","repetition":3,"operations":128,"microseconds":144529,"queryMicroseconds":11.1,"totalMicroseconds":144541,"operationSnapshotBuilds":384,"snapshotBuilds":384,"uiaListening":true}
UIA_PUBLICATION_BENCHMARK {"scenario":"keystroke-batch","repetition":4,"operations":128,"microseconds":149462,"queryMicroseconds":12.6,"totalMicroseconds":149475,"operationSnapshotBuilds":384,"snapshotBuilds":384,"uiaListening":true}
UIA_PUBLICATION_BENCHMARK {"scenario":"keystroke-batch","repetition":5,"operations":128,"microseconds":144244,"queryMicroseconds":10.8,"totalMicroseconds":144255,"operationSnapshotBuilds":384,"snapshotBuilds":384,"uiaListening":true}
UIA_PUBLICATION_BENCHMARK {"scenario":"keystroke-batch","repetition":6,"operations":128,"microseconds":144236,"queryMicroseconds":12.3,"totalMicroseconds":144249,"operationSnapshotBuilds":384,"snapshotBuilds":384,"uiaListening":true}
UIA_PUBLICATION_BENCHMARK {"scenario":"selection-batch","repetition":0,"operations":128,"microseconds":49581.8,"queryMicroseconds":7.6,"totalMicroseconds":49590.1,"operationSnapshotBuilds":128,"snapshotBuilds":128,"uiaListening":true}
UIA_PUBLICATION_BENCHMARK {"scenario":"selection-batch","repetition":1,"operations":128,"microseconds":49426.2,"queryMicroseconds":7.4,"totalMicroseconds":49434.4,"operationSnapshotBuilds":128,"snapshotBuilds":128,"uiaListening":true}
UIA_PUBLICATION_BENCHMARK {"scenario":"selection-batch","repetition":2,"operations":128,"microseconds":48978.2,"queryMicroseconds":7.5,"totalMicroseconds":48986.5,"operationSnapshotBuilds":128,"snapshotBuilds":128,"uiaListening":true}
UIA_PUBLICATION_BENCHMARK {"scenario":"selection-batch","repetition":3,"operations":128,"microseconds":49901.2,"queryMicroseconds":7.2,"totalMicroseconds":49909.7,"operationSnapshotBuilds":128,"snapshotBuilds":128,"uiaListening":true}
UIA_PUBLICATION_BENCHMARK {"scenario":"selection-batch","repetition":4,"operations":128,"microseconds":53759.5,"queryMicroseconds":7,"totalMicroseconds":53767.4,"operationSnapshotBuilds":128,"snapshotBuilds":128,"uiaListening":true}
UIA_PUBLICATION_BENCHMARK {"scenario":"selection-batch","repetition":5,"operations":128,"microseconds":51317.8,"queryMicroseconds":6.9,"totalMicroseconds":51325.5,"operationSnapshotBuilds":128,"snapshotBuilds":128,"uiaListening":true}
UIA_PUBLICATION_BENCHMARK {"scenario":"selection-batch","repetition":6,"operations":128,"microseconds":48922.9,"queryMicroseconds":6.9,"totalMicroseconds":48930.6,"operationSnapshotBuilds":128,"snapshotBuilds":128,"uiaListening":true}
    [TRACE] attached host dtor: begin
    [TRACE] attached host dtor: host detached
    [TRACE] attached host dtor: hwnd reset
  [DONE] TestAccessibilityPublicationMutationBatchRetainsFinalStateAndReportsCost (1.648 s)
[DONE] Accessibility (1.648 s)
All DxUi tests passed.
