PASS DxUi update advisory: same
PASS DxUi update advisory: green
PASS DxUi update advisory: pending
PASS DxUi update advisory: failed
PASS DxUi update advisory: absent
PASS DxUi update advisory: divergent
PASS DxUi update advisory: ahead
PASS DxUi update advisory: offline
PASS DxUi update advisory: wrong-run
PASS DxUi update advisory: malformed
PASS ARM64 AddressSanitizer runtime staging and missing-runtime rejection
╭────────────────────────────────────────────────────────────────────────╮
│                                                                        │
│                      ██████╗ ██╗  ██╗██╗   ██╗██╗                      │
│                      ██╔══██╗╚██╗██╔╝██║   ██║██║                      │
│                      ██║  ██║ ╚███╔╝ ██║   ██║██║                      │
│                      ██║  ██║ ██╔██╗ ██║   ██║██║                      │
│                      ██████╔╝██╔╝ ██╗╚██████╔╝██║                      │
│                      ╚═════╝ ╚═╝  ╚═╝ ╚═════╝ ╚═╝                      │
│                                                                        │
│      ✦  PIXELS PRIMED  •  CONTROLS READY  •  COMPILE MODE: GO!  ✦      │
│                  ⚡  ASAN DEBUG  /  X64  /  BUILD  ⚡                  │
│                                                                        │
╰────────────────────────────────────────────────────────────────────────╯

Locating Visual Studio and MSBuild...
Build configuration:
  Configuration: ASan Debug
  Platform:      x64
  Target:        Build
  Toolchain:     C:\Program Files\Microsoft Visual Studio\18\Insiders
  Output:        Z:\src\DxUi\.build\

Compiling DxUi...

  DxUi.Controls.cpp
  DxUi.vcxproj -> Z:\src\DxUi\.build\x64\ASan Debug\DxUi.lib
  DxUiTests.Gallery.cpp
  EmbeddedTests.cpp
  DxUi.FoundationTests.vcxproj -> Z:\src\DxUi\.build\x64\ASan Debug\DxUi.FoundationTests.exe
  DxUi.EmbeddedControls.vcxproj -> Z:\src\DxUi\.build\x64\ASan Debug\DxUi.EmbeddedControls.exe
  DxUi.EmbeddedTests.vcxproj -> Z:\src\DxUi\.build\x64\ASan Debug\DxUi.EmbeddedTests.exe
  DxUi.ControlTests.vcxproj -> Z:\src\DxUi\.build\x64\ASan Debug\DxUi.ControlTests.exe

========================================
DxUi build passed in 00:07
Output: Z:\src\DxUi\.build\
Log: Z:\src\DxUi\.build\logs\build-x64-ASan Debug-f1a3e1897ec94df3ab301cdbb5912b1e.log
========================================
Complex UI clean round 1: 2258.55 completed offscreen FPS; p95 0.566 ms; private 212369408 bytes
Complex UI clean round 2: 2237.94 completed offscreen FPS; p95 0.5536 ms; private 216858624 bytes
Complex UI clean round 3: 2175.97 completed offscreen FPS; p95 0.7262 ms; private 219111424 bytes
Complex UI clean round 4: 2321.83 completed offscreen FPS; p95 0.5258 ms; private 222322688 bytes
Complex UI clean round 5: 2300.04 completed offscreen FPS; p95 0.5458 ms; private 225161216 bytes
Complex UI dirty round 1: 101.194 completed offscreen FPS; p95 10.4202 ms; private 367841280 bytes
Complex UI dirty round 2: 96.7359 completed offscreen FPS; p95 10.9323 ms; private 502693888 bytes
Complex UI dirty round 3: 100.044 completed offscreen FPS; p95 11.9347 ms; private 532901888 bytes
Complex UI dirty round 4: 102.242 completed offscreen FPS; p95 11.8957 ms; private 535339008 bytes
Complex UI dirty round 5: 98.8211 completed offscreen FPS; p95 12.5009 ms; private 537284608 bytes
Performance comparison: unpaired
Performance receipt: Z:\src\DxUi\.build\reports\Performance-x64-ASan Debug-af591d6c52bf45a4994176f925a0e18a.json
PASS AddressSanitizer detection probe (isolated expected failure)
Running Foundation (x64 ASan Debug)
PASS Foundation (0 capability skips recorded)
Running Embedded (x64 ASan Debug)
PASS Embedded (0 capability skips recorded)
Running Grid (x64 ASan Debug)
PASS Grid (0 capability skips recorded)
Running Theme (x64 ASan Debug)
PASS Theme (0 capability skips recorded)
Running Control (x64 ASan Debug)
PASS Control (0 capability skips recorded)
Running Menu (x64 ASan Debug)
PASS Menu (9 capability skips recorded)
Running NewControls (x64 ASan Debug)
PASS NewControls (0 capability skips recorded)
Running TextField (x64 ASan Debug)
PASS TextField (0 capability skips recorded)
Running NativeTextInput (x64 ASan Debug)
PASS NativeTextInput (0 capability skips recorded)
Running MultilineText (x64 ASan Debug)
PASS MultilineText (0 capability skips recorded)
Running ReadOnly (x64 ASan Debug)
PASS ReadOnly (0 capability skips recorded)
Running ComboBox (x64 ASan Debug)
PASS ComboBox (0 capability skips recorded)
Running Tree (x64 ASan Debug)
PASS Tree (0 capability skips recorded)
Running Tooltip (x64 ASan Debug)
PASS Tooltip (0 capability skips recorded)
Running Rendering (x64 ASan Debug)
PASS Rendering (0 capability skips recorded)
Running Animation (x64 ASan Debug)
PASS Animation (0 capability skips recorded)
Running Accessibility (x64 ASan Debug)
PASS Accessibility (0 capability skips recorded)
Running WindowHost (x64 ASan Debug)
PASS WindowHost (0 capability skips recorded)
All 18 requested suites passed.
