╭────────────────────────────────────────────────────────────────────────╮
│                                                                        │
│                      ██████╗ ██╗  ██╗██╗   ██╗██╗                      │
│                      ██╔══██╗╚██╗██╔╝██║   ██║██║                      │
│                      ██║  ██║ ╚███╔╝ ██║   ██║██║                      │
│                      ██║  ██║ ██╔██╗ ██║   ██║██║                      │
│                      ██████╔╝██╔╝ ██╗╚██████╔╝██║                      │
│                      ╚═════╝ ╚═╝  ╚═╝ ╚═════╝ ╚═╝                      │
│                                                                        │
│      ✦  PIXELS PRIMED  •  CONTROLS READY  •  COMPILE MODE: GO!  ✦      │
│                   ⚡  RELEASE  /  X64  /  BUILD  ⚡                    │
│                                                                        │
╰────────────────────────────────────────────────────────────────────────╯

Locating Visual Studio and MSBuild...
Build configuration:
  Configuration: Release
  Platform:      x64
  Target:        Build
  Toolchain:     C:\Program Files\Microsoft Visual Studio\18\Insiders
  Output:        Z:\src\DxUi-worktrees\i26-menu-description\.build\

Compiling DxUi...

  DxUi.vcxproj -> Z:\src\DxUi-worktrees\i26-menu-description\.build\x64\Release\DxUi.lib
  DxUi.FoundationTests.vcxproj -> Z:\src\DxUi-worktrees\i26-menu-description\.build\x64\Release\DxUi.FoundationTests.exe
  DxUi.EmbeddedControls.vcxproj -> Z:\src\DxUi-worktrees\i26-menu-description\.build\x64\Release\DxUi.EmbeddedControls.exe
  DxUi.ControlTests.vcxproj -> Z:\src\DxUi-worktrees\i26-menu-description\.build\x64\Release\DxUi.ControlTests.exe
  EmbeddedTests.cpp
  DxUi.EmbeddedTests.vcxproj -> Z:\src\DxUi-worktrees\i26-menu-description\.build\x64\Release\DxUi.EmbeddedTests.exe

========================================
DxUi build passed in 00:07
Output: Z:\src\DxUi-worktrees\i26-menu-description\.build\
Log: Z:\src\DxUi-worktrees\i26-menu-description\.build\logs\build-x64-Release-9116e67ec2254b8aab578a65b0e32e08.log
========================================
