Build started 12/09/2026 10:49:30.
Logging verbosity is set to: Normal.
     1>Project "Z:\src\DxUi\DxUi.sln" on node 1 (Build target(s)).
     1>ValidateSolutionConfiguration:
         Building solution configuration "ASan Debug|ARM64".
     1>Project "Z:\src\DxUi\DxUi.sln" (1) is building "Z:\src\DxUi\src\DxUi.vcxproj" (2) on node 1 (default targets).
     2>PrepareForBuild:
         Creating directory "Z:\src\DxUi\.build\Intermediate\ARM64\ASan Debug\DxUi\".
         Structured output is enabled. The formatting of compiler diagnostics will reflect the error hierarchy. See https://aka.ms/cpp/structured-output for more details.
         Creating directory "Z:\src\DxUi\.build\ARM64\ASan Debug\".
         Creating directory "Z:\src\DxUi\.build\Intermediate\ARM64\ASan Debug\DxUi\DxUi.tlog\".
       InitializeBuildStatus:
         Creating "Z:\src\DxUi\.build\Intermediate\ARM64\ASan Debug\DxUi\DxUi.tlog\unsuccessfulbuild" because "AlwaysCreate" was specified.
         Touching "Z:\src\DxUi\.build\Intermediate\ARM64\ASan Debug\DxUi\DxUi.tlog\unsuccessfulbuild".
       FxCompile:
         C:\Program Files (x86)\Windows Kits\10\bin\10.0.26100.0\x86\fxc.exe /nologo /E"VSMain" /T vs_5_0 /Fh "Z:\src\DxUi\.build\Intermediate\ARM64\ASan Debug\DxUi\DxUiCompositeVS.h" /Fo "Z:\src\DxUi\.build\Intermediate\ARM64\ASan Debug\DxUi\DxUiCompositeVS.cso" /Vn "g_DxUiCompositeVS" /Od /Zi /Ges /O3 /Qstrip_debug /Qstrip_reflect /Qstrip_priv Rendering\CompositeVS.hlsl
         compilation header save succeeded; see Z:\src\DxUi\.build\Intermediate\ARM64\ASan Debug\DxUi\DxUiCompositeVS.h
         compilation object save succeeded; see Z:\src\DxUi\.build\Intermediate\ARM64\ASan Debug\DxUi\DxUiCompositeVS.cso
         C:\Program Files (x86)\Windows Kits\10\bin\10.0.26100.0\x86\fxc.exe /nologo /E"PSMain" /T ps_5_0 /Fh "Z:\src\DxUi\.build\Intermediate\ARM64\ASan Debug\DxUi\DxUiCompositePS.h" /Fo "Z:\src\DxUi\.build\Intermediate\ARM64\ASan Debug\DxUi\DxUiCompositePS.cso" /Vn "g_DxUiCompositePS" /Od /Zi /Ges /O3 /Qstrip_debug /Qstrip_reflect /Qstrip_priv Rendering\CompositePS.hlsl
         compilation header save succeeded; see Z:\src\DxUi\.build\Intermediate\ARM64\ASan Debug\DxUi\DxUiCompositePS.h
         compilation object save succeeded; see Z:\src\DxUi\.build\Intermediate\ARM64\ASan Debug\DxUi\DxUiCompositePS.cso
       CopyFileToFolders:
         Copying file from "C:\Program Files\Microsoft Visual Studio\18\Insiders\VC\Tools\MSVC\14.51.36231\bin\HostArm64\arm64\clang_rt.asan_dynamic-aarch64.dll" to "Z:\src\DxUi\.build\ARM64\ASan Debug\clang_rt.asan_dynamic-aarch64.dll".
       ComputeStdModulesCompileInputs:
         Reading library manifest file 'C:\Program Files\Microsoft Visual Studio\18\Insiders\VC\Tools\MSVC\14.51.36231\modules\modules.json' which provides data for library 'microsoft/STL'.
         Adding module source 'C:\Program Files\Microsoft Visual Studio\18\Insiders\VC\Tools\MSVC\14.51.36231\modules\std.ixx' from library 'microsoft/STL' to be built with this project.
         Adding module source 'C:\Program Files\Microsoft Visual Studio\18\Insiders\VC\Tools\MSVC\14.51.36231\modules\std.compat.ixx' from library 'microsoft/STL' to be built with this project.
       MakeDirsForCl:
         Creating directory "Z:\src\DxUi\.build\Intermediate\ARM64\ASan Debug\DxUi\microsoft\STL".
       SetModuleDependencies:
         Creating directory "Z:\src\DxUi\.build\Intermediate\ARM64\ASan Debug\DxUi\DxUi_MD.tlog\".
       ClCompile:
         C:\Program Files\Microsoft Visual Studio\18\Insiders\VC\Tools\MSVC\14.51.36231\bin\HostX86\arm64\CL.exe /c /I"Z:\src\DxUi\.build\Intermediate\ARM64\ASan Debug\DxUi\\" /IZ:\src\DxUi\include /I"Z:\src\DxUi\.build\vcpkg_installed\ARM64\arm64-windows\include" /Zi /JMC /nologo /W4 /WX /diagnostics:column /sdl /fsanitize=address /Od /Oy- /D _ARM64_WINAPI_PARTITION_DESKTOP_SDK_AVAILABLE=1 /D UNICODE /D _UNICODE /D WIN32_LEAN_AND_MEAN /D NOMINMAX /Gm- /EHsc /MDd /GS /fp:precise /Zc:wchar_t /Zc:forScope /Zc:inline /std:c++latest /permissive- /Fo"Z:\src\DxUi\.build\Intermediate\ARM64\ASan Debug\DxUi\\" /Fd"Z:\src\DxUi\.build\ARM64\ASan Debug\DxUi.pdb" /external:W4 /Gd /TP /FIZ:\src\DxUi\src/Support/RequireAddressSanitizer.h /analyze- /FC /errorReport:queue /utf-8 /Zc:preprocessor Controls\ControlCatalog.cpp Controls\NativeMenuInterop.cpp Rendering\Embedded.cpp Foundation\FrameRuntime.cpp Controls\DxUi.Accessibility.cpp Controls\DxUi.ComboBox.cpp Controls\DxUi.Controls.cpp Controls\DxUi.cpp Controls\DxUi.Grid.cpp Controls\DxUi.Menu.cpp Controls\DxUi.NativeTextInput.cpp Controls\DxUi.PointerInput.cpp Controls\DxUi.Scrollbar.cpp Controls\DxUi.SingleLineTextEditing.cpp Controls\DxUi.TextInput.cpp Controls\DxUi.TextStoreACP.cpp Controls\TextInputServices.cpp Controls\TextClipboard.cpp Controls\DxUi.Theme.cpp Controls\DxUi.Tree.cpp Controls\DxUi.Typeahead.cpp Controls\DxUi.WindowHost.cpp
         ControlCatalog.cpp
         NativeMenuInterop.cpp
         Embedded.cpp
         FrameRuntime.cpp
         DxUi.Accessibility.cpp
         DxUi.ComboBox.cpp
         DxUi.Controls.cpp
         DxUi.cpp
         DxUi.Grid.cpp
         DxUi.Menu.cpp
         DxUi.NativeTextInput.cpp
         DxUi.PointerInput.cpp
         DxUi.Scrollbar.cpp
         DxUi.SingleLineTextEditing.cpp
         DxUi.TextInput.cpp
         DxUi.TextStoreACP.cpp
         TextInputServices.cpp
         TextClipboard.cpp
         DxUi.Theme.cpp
         DxUi.Tree.cpp
         Generating Code...
         Compiling...
         DxUi.Typeahead.cpp
         DxUi.WindowHost.cpp
         Generating Code...
       Lib:
         C:\Program Files\Microsoft Visual Studio\18\Insiders\VC\Tools\MSVC\14.51.36231\bin\HostX86\arm64\Lib.exe /OUT:"Z:\src\DxUi\.build\ARM64\ASan Debug\DxUi.lib" /NOLOGO /MACHINE:ARM64 "Z:\src\DxUi\.build\Intermediate\ARM64\ASan Debug\DxUi\ControlCatalog.obj"
         "Z:\src\DxUi\.build\Intermediate\ARM64\ASan Debug\DxUi\NativeMenuInterop.obj"
         "Z:\src\DxUi\.build\Intermediate\ARM64\ASan Debug\DxUi\Embedded.obj"
         "Z:\src\DxUi\.build\Intermediate\ARM64\ASan Debug\DxUi\FrameRuntime.obj"
         "Z:\src\DxUi\.build\Intermediate\ARM64\ASan Debug\DxUi\DxUi.Accessibility.obj"
         "Z:\src\DxUi\.build\Intermediate\ARM64\ASan Debug\DxUi\DxUi.ComboBox.obj"
         "Z:\src\DxUi\.build\Intermediate\ARM64\ASan Debug\DxUi\DxUi.Controls.obj"
         "Z:\src\DxUi\.build\Intermediate\ARM64\ASan Debug\DxUi\DxUi.obj"
         "Z:\src\DxUi\.build\Intermediate\ARM64\ASan Debug\DxUi\DxUi.Grid.obj"
         "Z:\src\DxUi\.build\Intermediate\ARM64\ASan Debug\DxUi\DxUi.Menu.obj"
         "Z:\src\DxUi\.build\Intermediate\ARM64\ASan Debug\DxUi\DxUi.NativeTextInput.obj"
         "Z:\src\DxUi\.build\Intermediate\ARM64\ASan Debug\DxUi\DxUi.PointerInput.obj"
         "Z:\src\DxUi\.build\Intermediate\ARM64\ASan Debug\DxUi\DxUi.Scrollbar.obj"
         "Z:\src\DxUi\.build\Intermediate\ARM64\ASan Debug\DxUi\DxUi.SingleLineTextEditing.obj"
         "Z:\src\DxUi\.build\Intermediate\ARM64\ASan Debug\DxUi\DxUi.TextInput.obj"
         "Z:\src\DxUi\.build\Intermediate\ARM64\ASan Debug\DxUi\DxUi.TextStoreACP.obj"
         "Z:\src\DxUi\.build\Intermediate\ARM64\ASan Debug\DxUi\TextInputServices.obj"
         "Z:\src\DxUi\.build\Intermediate\ARM64\ASan Debug\DxUi\TextClipboard.obj"
         "Z:\src\DxUi\.build\Intermediate\ARM64\ASan Debug\DxUi\DxUi.Theme.obj"
         "Z:\src\DxUi\.build\Intermediate\ARM64\ASan Debug\DxUi\DxUi.Tree.obj"
         "Z:\src\DxUi\.build\Intermediate\ARM64\ASan Debug\DxUi\DxUi.Typeahead.obj"
         "Z:\src\DxUi\.build\Intermediate\ARM64\ASan Debug\DxUi\DxUi.WindowHost.obj"
         DxUi.vcxproj -> Z:\src\DxUi\.build\ARM64\ASan Debug\DxUi.lib
       FinalizeBuildStatus:
         Deleting file "Z:\src\DxUi\.build\Intermediate\ARM64\ASan Debug\DxUi\DxUi.tlog\unsuccessfulbuild".
         Touching "Z:\src\DxUi\.build\Intermediate\ARM64\ASan Debug\DxUi\DxUi.tlog\DxUi.lastbuildstate".
     2>Done Building Project "Z:\src\DxUi\src\DxUi.vcxproj" (default targets).
     1>Project "Z:\src\DxUi\DxUi.sln" (1) is building "Z:\src\DxUi\Samples\EmbeddedControls\DxUi.EmbeddedControls.vcxproj" (3) on node 2 (default targets).
     3>PrepareForBuild:
         Creating directory "Z:\src\DxUi\.build\Intermediate\ARM64\ASan Debug\DxUi.EmbeddedControls\".
     1>Project "Z:\src\DxUi\DxUi.sln" (1) is building "Z:\src\DxUi\Tests\Embedded\DxUi.EmbeddedTests.vcxproj" (4) on node 5 (default targets).
     4>PrepareForBuild:
         Creating directory "Z:\src\DxUi\.build\Intermediate\ARM64\ASan Debug\DxUi.EmbeddedTests\".
     1>Project "Z:\src\DxUi\DxUi.sln" (1) is building "Z:\src\DxUi\Tests\Foundation\DxUi.FoundationTests.vcxproj" (6) on node 3 (default targets).
     6>PrepareForBuild:
         Creating directory "Z:\src\DxUi\.build\Intermediate\ARM64\ASan Debug\DxUi.FoundationTests\".
     3>PrepareForBuild:
         Structured output is enabled. The formatting of compiler diagnostics will reflect the error hierarchy. See https://aka.ms/cpp/structured-output for more details.
     6>PrepareForBuild:
         Structured output is enabled. The formatting of compiler diagnostics will reflect the error hierarchy. See https://aka.ms/cpp/structured-output for more details.
     3>PrepareForBuild:
         Creating directory "Z:\src\DxUi\.build\Intermediate\ARM64\ASan Debug\DxUi.EmbeddedControls\DxUi.Emb.C7E3462E.tlog\".
     6>PrepareForBuild:
         Creating directory "Z:\src\DxUi\.build\Intermediate\ARM64\ASan Debug\DxUi.FoundationTests\DxUi.Fou.D62F4A2E.tlog\".
       InitializeBuildStatus:
         Creating "Z:\src\DxUi\.build\Intermediate\ARM64\ASan Debug\DxUi.FoundationTests\DxUi.Fou.D62F4A2E.tlog\unsuccessfulbuild" because "AlwaysCreate" was specified.
     3>InitializeBuildStatus:
         Creating "Z:\src\DxUi\.build\Intermediate\ARM64\ASan Debug\DxUi.EmbeddedControls\DxUi.Emb.C7E3462E.tlog\unsuccessfulbuild" because "AlwaysCreate" was specified.
     6>InitializeBuildStatus:
         Touching "Z:\src\DxUi\.build\Intermediate\ARM64\ASan Debug\DxUi.FoundationTests\DxUi.Fou.D62F4A2E.tlog\unsuccessfulbuild".
     1>Project "Z:\src\DxUi\DxUi.sln" (1) is building "Z:\src\DxUi\Tests\Controls\DxUi.ControlTests.vcxproj" (5) on node 4 (default targets).
     5>PrepareForBuild:
         Creating directory "Z:\src\DxUi\.build\Intermediate\ARM64\ASan Debug\DxUi.ControlTests\".
     3>InitializeBuildStatus:
         Touching "Z:\src\DxUi\.build\Intermediate\ARM64\ASan Debug\DxUi.EmbeddedControls\DxUi.Emb.C7E3462E.tlog\unsuccessfulbuild".
     5>PrepareForBuild:
         Structured output is enabled. The formatting of compiler diagnostics will reflect the error hierarchy. See https://aka.ms/cpp/structured-output for more details.
     4>PrepareForBuild:
         Structured output is enabled. The formatting of compiler diagnostics will reflect the error hierarchy. See https://aka.ms/cpp/structured-output for more details.
     5>PrepareForBuild:
         Creating directory "Z:\src\DxUi\.build\Intermediate\ARM64\ASan Debug\DxUi.ControlTests\DxUi.Con.B4F322B1.tlog\".
     4>PrepareForBuild:
         Creating directory "Z:\src\DxUi\.build\Intermediate\ARM64\ASan Debug\DxUi.EmbeddedTests\DxUi.Emb.8B4FAB6F.tlog\".
     5>InitializeBuildStatus:
         Creating "Z:\src\DxUi\.build\Intermediate\ARM64\ASan Debug\DxUi.ControlTests\DxUi.Con.B4F322B1.tlog\unsuccessfulbuild" because "AlwaysCreate" was specified.
     4>InitializeBuildStatus:
         Creating "Z:\src\DxUi\.build\Intermediate\ARM64\ASan Debug\DxUi.EmbeddedTests\DxUi.Emb.8B4FAB6F.tlog\unsuccessfulbuild" because "AlwaysCreate" was specified.
     5>InitializeBuildStatus:
         Touching "Z:\src\DxUi\.build\Intermediate\ARM64\ASan Debug\DxUi.ControlTests\DxUi.Con.B4F322B1.tlog\unsuccessfulbuild".
     4>InitializeBuildStatus:
         Touching "Z:\src\DxUi\.build\Intermediate\ARM64\ASan Debug\DxUi.EmbeddedTests\DxUi.Emb.8B4FAB6F.tlog\unsuccessfulbuild".
     6>ComputeStdModulesCompileInputs:
         Reading library manifest file 'C:\Program Files\Microsoft Visual Studio\18\Insiders\VC\Tools\MSVC\14.51.36231\modules\modules.json' which provides data for library 'microsoft/STL'.
         Adding module source 'C:\Program Files\Microsoft Visual Studio\18\Insiders\VC\Tools\MSVC\14.51.36231\modules\std.ixx' from library 'microsoft/STL' to be built with this project.
         Adding module source 'C:\Program Files\Microsoft Visual Studio\18\Insiders\VC\Tools\MSVC\14.51.36231\modules\std.compat.ixx' from library 'microsoft/STL' to be built with this project.
     3>ComputeStdModulesCompileInputs:
         Reading library manifest file 'C:\Program Files\Microsoft Visual Studio\18\Insiders\VC\Tools\MSVC\14.51.36231\modules\modules.json' which provides data for library 'microsoft/STL'.
         Adding module source 'C:\Program Files\Microsoft Visual Studio\18\Insiders\VC\Tools\MSVC\14.51.36231\modules\std.ixx' from library 'microsoft/STL' to be built with this project.
         Adding module source 'C:\Program Files\Microsoft Visual Studio\18\Insiders\VC\Tools\MSVC\14.51.36231\modules\std.compat.ixx' from library 'microsoft/STL' to be built with this project.
     6>MakeDirsForCl:
         Creating directory "Z:\src\DxUi\.build\Intermediate\ARM64\ASan Debug\DxUi.FoundationTests\microsoft\STL".
     4>ComputeStdModulesCompileInputs:
         Reading library manifest file 'C:\Program Files\Microsoft Visual Studio\18\Insiders\VC\Tools\MSVC\14.51.36231\modules\modules.json' which provides data for library 'microsoft/STL'.
     3>MakeDirsForCl:
         Creating directory "Z:\src\DxUi\.build\Intermediate\ARM64\ASan Debug\DxUi.EmbeddedControls\microsoft\STL".
     4>ComputeStdModulesCompileInputs:
         Adding module source 'C:\Program Files\Microsoft Visual Studio\18\Insiders\VC\Tools\MSVC\14.51.36231\modules\std.ixx' from library 'microsoft/STL' to be built with this project.
         Adding module source 'C:\Program Files\Microsoft Visual Studio\18\Insiders\VC\Tools\MSVC\14.51.36231\modules\std.compat.ixx' from library 'microsoft/STL' to be built with this project.
     6>SetModuleDependencies:
         Creating directory "Z:\src\DxUi\.build\Intermediate\ARM64\ASan Debug\DxUi.FoundationTests\DxUi.Fou.D62F4A2E_MD.tlog\".
     5>ComputeStdModulesCompileInputs:
         Reading library manifest file 'C:\Program Files\Microsoft Visual Studio\18\Insiders\VC\Tools\MSVC\14.51.36231\modules\modules.json' which provides data for library 'microsoft/STL'.
     3>SetModuleDependencies:
         Creating directory "Z:\src\DxUi\.build\Intermediate\ARM64\ASan Debug\DxUi.EmbeddedControls\DxUi.Emb.C7E3462E_MD.tlog\".
     5>ComputeStdModulesCompileInputs:
         Adding module source 'C:\Program Files\Microsoft Visual Studio\18\Insiders\VC\Tools\MSVC\14.51.36231\modules\std.ixx' from library 'microsoft/STL' to be built with this project.
         Adding module source 'C:\Program Files\Microsoft Visual Studio\18\Insiders\VC\Tools\MSVC\14.51.36231\modules\std.compat.ixx' from library 'microsoft/STL' to be built with this project.
     4>MakeDirsForCl:
         Creating directory "Z:\src\DxUi\.build\Intermediate\ARM64\ASan Debug\DxUi.EmbeddedTests\microsoft\STL".
       SetModuleDependencies:
         Creating directory "Z:\src\DxUi\.build\Intermediate\ARM64\ASan Debug\DxUi.EmbeddedTests\DxUi.Emb.8B4FAB6F_MD.tlog\".
     6>ClCompile:
         C:\Program Files\Microsoft Visual Studio\18\Insiders\VC\Tools\MSVC\14.51.36231\bin\HostX86\arm64\CL.exe /c /IZ:\src\DxUi\include /I"Z:\src\DxUi\.build\vcpkg_installed\ARM64\arm64-windows\include" /Zi /JMC /nologo /W4 /WX /diagnostics:column /sdl /fsanitize=address /Od /Oy- /D _ARM64_WINAPI_PARTITION_DESKTOP_SDK_AVAILABLE=1 /D UNICODE /D _UNICODE /D WIN32_LEAN_AND_MEAN /D NOMINMAX /Gm- /EHsc /MDd /GS /fp:precise /Zc:wchar_t /Zc:forScope /Zc:inline /std:c++latest /permissive- /Fo"Z:\src\DxUi\.build\Intermediate\ARM64\ASan Debug\DxUi.FoundationTests\\" /Fd"Z:\src\DxUi\.build\Intermediate\ARM64\ASan Debug\DxUi.FoundationTests\vc145.pdb" /external:W4 /Gd /TP /FIZ:\src\DxUi\src/Support/RequireAddressSanitizer.h /analyze- /FC /errorReport:queue /utf-8 /Zc:preprocessor FoundationTests.cpp PublicHelpersTests.cpp
     5>MakeDirsForCl:
         Creating directory "Z:\src\DxUi\.build\Intermediate\ARM64\ASan Debug\DxUi.ControlTests\microsoft\STL".
     3>ClCompile:
         C:\Program Files\Microsoft Visual Studio\18\Insiders\VC\Tools\MSVC\14.51.36231\bin\HostX86\arm64\CL.exe /c /IZ:\src\DxUi\include /I"Z:\src\DxUi\.build\vcpkg_installed\ARM64\arm64-windows\include" /Zi /JMC /nologo /W4 /WX /diagnostics:column /sdl /fsanitize=address /Od /Oy- /D _ARM64_WINAPI_PARTITION_DESKTOP_SDK_AVAILABLE=1 /D UNICODE /D _UNICODE /D WIN32_LEAN_AND_MEAN /D NOMINMAX /Gm- /EHsc /MDd /GS /fp:precise /Zc:wchar_t /Zc:forScope /Zc:inline /std:c++latest /permissive- /Fo"Z:\src\DxUi\.build\Intermediate\ARM64\ASan Debug\DxUi.EmbeddedControls\\" /Fd"Z:\src\DxUi\.build\Intermediate\ARM64\ASan Debug\DxUi.EmbeddedControls\vc145.pdb" /external:W4 /Gd /TP /FIZ:\src\DxUi\src/Support/RequireAddressSanitizer.h /analyze- /FC /errorReport:queue /utf-8 /Zc:preprocessor Main.cpp
     5>SetModuleDependencies:
         Creating directory "Z:\src\DxUi\.build\Intermediate\ARM64\ASan Debug\DxUi.ControlTests\DxUi.Con.B4F322B1_MD.tlog\".
     4>ClCompile:
         C:\Program Files\Microsoft Visual Studio\18\Insiders\VC\Tools\MSVC\14.51.36231\bin\HostX86\arm64\CL.exe /c /IZ:\src\DxUi\include /I"Z:\src\DxUi\.build\vcpkg_installed\ARM64\arm64-windows\include" /Zi /JMC /nologo /W4 /WX /diagnostics:column /sdl /fsanitize=address /Od /Oy- /D _ARM64_WINAPI_PARTITION_DESKTOP_SDK_AVAILABLE=1 /D UNICODE /D _UNICODE /D WIN32_LEAN_AND_MEAN /D NOMINMAX /Gm- /EHsc /MDd /GS /fp:precise /Zc:wchar_t /Zc:forScope /Zc:inline /std:c++latest /permissive- /Fo"Z:\src\DxUi\.build\Intermediate\ARM64\ASan Debug\DxUi.EmbeddedTests\\" /Fd"Z:\src\DxUi\.build\Intermediate\ARM64\ASan Debug\DxUi.EmbeddedTests\vc145.pdb" /external:W4 /Gd /TP /FIZ:\src\DxUi\src/Support/RequireAddressSanitizer.h /analyze- /FC /errorReport:queue /utf-8 /Zc:preprocessor EmbeddedTests.cpp
     5>ClCompile:
         C:\Program Files\Microsoft Visual Studio\18\Insiders\VC\Tools\MSVC\14.51.36231\bin\HostX86\arm64\CL.exe /c /IZ:\src\DxUi\include /I"Z:\src\DxUi\.build\vcpkg_installed\ARM64\arm64-windows\include" /Zi /JMC /nologo /W4 /WX /diagnostics:column /sdl /fsanitize=address /Od /Oy- /D ENABLE_TESTS /D _ARM64_WINAPI_PARTITION_DESKTOP_SDK_AVAILABLE=1 /D UNICODE /D _UNICODE /D WIN32_LEAN_AND_MEAN /D NOMINMAX /Gm- /EHsc /MDd /GS /fp:precise /Zc:wchar_t /Zc:forScope /Zc:inline /std:c++latest /permissive- /Fo"Z:\src\DxUi\.build\Intermediate\ARM64\ASan Debug\DxUi.ControlTests\\" /Fd"Z:\src\DxUi\.build\Intermediate\ARM64\ASan Debug\DxUi.ControlTests\vc145.pdb" /external:W4 /Gd /TP /FIZ:\src\DxUi\src/Support/RequireAddressSanitizer.h /analyze- /FC /errorReport:queue /utf-8 /Zc:preprocessor DxUiTests.Accessibility.cpp DxUiTests.Animation.cpp DxUiTests.ComboBox.cpp DxUiTests.Controls.cpp DxUiTests.cpp DxUiTests.Gallery.cpp DxUiTests.Grid.cpp DxUiTests.Menu.cpp DxUiTests.MultilineText.cpp DxUiTests.NativeTextInput.cpp DxUiTests.NewControls.cpp DxUiTests.ReadOnly.cpp DxUiTests.Rendering.cpp DxUiTests.TextField.cpp DxUiTests.Theme.cpp DxUiTests.Tooltip.cpp DxUiTests.Tree.cpp DxUiTests.WindowHost.cpp
     4>ClCompile:
         EmbeddedTests.cpp
     6>ClCompile:
         FoundationTests.cpp
     3>ClCompile:
         Main.cpp
     5>ClCompile:
         DxUiTests.Accessibility.cpp
     6>ClCompile:
         PublicHelpersTests.cpp
         Generating Code...
     3>Link:
         C:\Program Files\Microsoft Visual Studio\18\Insiders\VC\Tools\MSVC\14.51.36231\bin\HostX86\arm64\link.exe /ERRORREPORT:QUEUE /OUT:"Z:\src\DxUi\.build\ARM64\ASan Debug\DxUi.EmbeddedControls.exe" /INCREMENTAL:NO /NOLOGO kernel32.lib user32.lib gdi32.lib winspool.lib comdlg32.lib advapi32.lib shell32.lib ole32.lib oleaut32.lib uuid.lib odbc32.lib odbccp32.lib /MANIFEST /MANIFESTUAC:"level='asInvoker' uiAccess='false'" /manifest:embed /DEBUG:FULL /PDB:"Z:\src\DxUi\.build\ARM64\ASan Debug\DxUi.EmbeddedControls.pdb" /SUBSYSTEM:CONSOLE /TLBID:1 /DYNAMICBASE /NXCOMPAT /IMPLIB:"Z:\src\DxUi\.build\ARM64\ASan Debug\DxUi.EmbeddedControls.lib" /MACHINE:ARM64 "Z:\src\DxUi\.build\Intermediate\ARM64\ASan Debug\DxUi.EmbeddedControls\Main.obj"
         "Z:\src\DxUi\.build\ARM64\ASan Debug\DxUi.lib"
     6>Link:
         C:\Program Files\Microsoft Visual Studio\18\Insiders\VC\Tools\MSVC\14.51.36231\bin\HostX86\arm64\link.exe /ERRORREPORT:QUEUE /OUT:"Z:\src\DxUi\.build\ARM64\ASan Debug\DxUi.FoundationTests.exe" /INCREMENTAL:NO /NOLOGO kernel32.lib user32.lib gdi32.lib winspool.lib comdlg32.lib advapi32.lib shell32.lib ole32.lib oleaut32.lib uuid.lib odbc32.lib odbccp32.lib /MANIFEST /MANIFESTUAC:"level='asInvoker' uiAccess='false'" /manifest:embed /DEBUG:FULL /PDB:"Z:\src\DxUi\.build\ARM64\ASan Debug\DxUi.FoundationTests.pdb" /SUBSYSTEM:CONSOLE /TLBID:1 /DYNAMICBASE /NXCOMPAT /IMPLIB:"Z:\src\DxUi\.build\ARM64\ASan Debug\DxUi.FoundationTests.lib" /MACHINE:ARM64 "Z:\src\DxUi\.build\Intermediate\ARM64\ASan Debug\DxUi.FoundationTests\FoundationTests.obj"
         "Z:\src\DxUi\.build\Intermediate\ARM64\ASan Debug\DxUi.FoundationTests\PublicHelpersTests.obj"
         "Z:\src\DxUi\.build\ARM64\ASan Debug\DxUi.lib"
     4>Link:
         C:\Program Files\Microsoft Visual Studio\18\Insiders\VC\Tools\MSVC\14.51.36231\bin\HostX86\arm64\link.exe /ERRORREPORT:QUEUE /OUT:"Z:\src\DxUi\.build\ARM64\ASan Debug\DxUi.EmbeddedTests.exe" /INCREMENTAL:NO /NOLOGO kernel32.lib user32.lib gdi32.lib winspool.lib comdlg32.lib advapi32.lib shell32.lib ole32.lib oleaut32.lib uuid.lib odbc32.lib odbccp32.lib /MANIFEST /MANIFESTUAC:"level='asInvoker' uiAccess='false'" /manifest:embed /DEBUG:FULL /PDB:"Z:\src\DxUi\.build\ARM64\ASan Debug\DxUi.EmbeddedTests.pdb" /SUBSYSTEM:CONSOLE /TLBID:1 /DYNAMICBASE /NXCOMPAT /IMPLIB:"Z:\src\DxUi\.build\ARM64\ASan Debug\DxUi.EmbeddedTests.lib" /MACHINE:ARM64 "Z:\src\DxUi\.build\Intermediate\ARM64\ASan Debug\DxUi.EmbeddedTests\EmbeddedTests.obj"
         "Z:\src\DxUi\.build\ARM64\ASan Debug\DxUi.lib"
     5>ClCompile:
         DxUiTests.Animation.cpp
     3>Link:
         DxUi.EmbeddedControls.vcxproj -> Z:\src\DxUi\.build\ARM64\ASan Debug\DxUi.EmbeddedControls.exe
       FinalizeBuildStatus:
         Deleting file "Z:\src\DxUi\.build\Intermediate\ARM64\ASan Debug\DxUi.EmbeddedControls\DxUi.Emb.C7E3462E.tlog\unsuccessfulbuild".
         Touching "Z:\src\DxUi\.build\Intermediate\ARM64\ASan Debug\DxUi.EmbeddedControls\DxUi.Emb.C7E3462E.tlog\DxUi.EmbeddedControls.lastbuildstate".
     3>Done Building Project "Z:\src\DxUi\Samples\EmbeddedControls\DxUi.EmbeddedControls.vcxproj" (default targets).
     6>Link:
         DxUi.FoundationTests.vcxproj -> Z:\src\DxUi\.build\ARM64\ASan Debug\DxUi.FoundationTests.exe
       FinalizeBuildStatus:
         Deleting file "Z:\src\DxUi\.build\Intermediate\ARM64\ASan Debug\DxUi.FoundationTests\DxUi.Fou.D62F4A2E.tlog\unsuccessfulbuild".
         Touching "Z:\src\DxUi\.build\Intermediate\ARM64\ASan Debug\DxUi.FoundationTests\DxUi.Fou.D62F4A2E.tlog\DxUi.FoundationTests.lastbuildstate".
     6>Done Building Project "Z:\src\DxUi\Tests\Foundation\DxUi.FoundationTests.vcxproj" (default targets).
     4>Link:
         DxUi.EmbeddedTests.vcxproj -> Z:\src\DxUi\.build\ARM64\ASan Debug\DxUi.EmbeddedTests.exe
       FinalizeBuildStatus:
         Deleting file "Z:\src\DxUi\.build\Intermediate\ARM64\ASan Debug\DxUi.EmbeddedTests\DxUi.Emb.8B4FAB6F.tlog\unsuccessfulbuild".
         Touching "Z:\src\DxUi\.build\Intermediate\ARM64\ASan Debug\DxUi.EmbeddedTests\DxUi.Emb.8B4FAB6F.tlog\DxUi.EmbeddedTests.lastbuildstate".
     4>Done Building Project "Z:\src\DxUi\Tests\Embedded\DxUi.EmbeddedTests.vcxproj" (default targets).
     5>ClCompile:
         DxUiTests.ComboBox.cpp
         DxUiTests.Controls.cpp
         DxUiTests.cpp
         DxUiTests.Gallery.cpp
         DxUiTests.Grid.cpp
         DxUiTests.Menu.cpp
         DxUiTests.MultilineText.cpp
         DxUiTests.NativeTextInput.cpp
         DxUiTests.NewControls.cpp
         DxUiTests.ReadOnly.cpp
         DxUiTests.Rendering.cpp
         DxUiTests.TextField.cpp
         DxUiTests.Theme.cpp
         DxUiTests.Tooltip.cpp
         DxUiTests.Tree.cpp
         DxUiTests.WindowHost.cpp
         Generating Code...
       Link:
         C:\Program Files\Microsoft Visual Studio\18\Insiders\VC\Tools\MSVC\14.51.36231\bin\HostX86\arm64\link.exe /ERRORREPORT:QUEUE /OUT:"Z:\src\DxUi\.build\ARM64\ASan Debug\DxUi.ControlTests.exe" /INCREMENTAL:NO /NOLOGO kernel32.lib user32.lib gdi32.lib winspool.lib comdlg32.lib advapi32.lib shell32.lib ole32.lib oleaut32.lib uuid.lib odbc32.lib odbccp32.lib /MANIFEST /MANIFESTUAC:"level='asInvoker' uiAccess='false'" /manifest:embed /DEBUG:FULL /PDB:"Z:\src\DxUi\.build\ARM64\ASan Debug\DxUi.ControlTests.pdb" /SUBSYSTEM:CONSOLE /TLBID:1 /DYNAMICBASE /NXCOMPAT /IMPLIB:"Z:\src\DxUi\.build\ARM64\ASan Debug\DxUi.ControlTests.lib" /MACHINE:ARM64 "Z:\src\DxUi\.build\Intermediate\ARM64\ASan Debug\DxUi.ControlTests\DxUiTests.Accessibility.obj"
         "Z:\src\DxUi\.build\Intermediate\ARM64\ASan Debug\DxUi.ControlTests\DxUiTests.Animation.obj"
         "Z:\src\DxUi\.build\Intermediate\ARM64\ASan Debug\DxUi.ControlTests\DxUiTests.ComboBox.obj"
         "Z:\src\DxUi\.build\Intermediate\ARM64\ASan Debug\DxUi.ControlTests\DxUiTests.Controls.obj"
         "Z:\src\DxUi\.build\Intermediate\ARM64\ASan Debug\DxUi.ControlTests\DxUiTests.obj"
         "Z:\src\DxUi\.build\Intermediate\ARM64\ASan Debug\DxUi.ControlTests\DxUiTests.Gallery.obj"
         "Z:\src\DxUi\.build\Intermediate\ARM64\ASan Debug\DxUi.ControlTests\DxUiTests.Grid.obj"
         "Z:\src\DxUi\.build\Intermediate\ARM64\ASan Debug\DxUi.ControlTests\DxUiTests.Menu.obj"
         "Z:\src\DxUi\.build\Intermediate\ARM64\ASan Debug\DxUi.ControlTests\DxUiTests.MultilineText.obj"
         "Z:\src\DxUi\.build\Intermediate\ARM64\ASan Debug\DxUi.ControlTests\DxUiTests.NativeTextInput.obj"
         "Z:\src\DxUi\.build\Intermediate\ARM64\ASan Debug\DxUi.ControlTests\DxUiTests.NewControls.obj"
         "Z:\src\DxUi\.build\Intermediate\ARM64\ASan Debug\DxUi.ControlTests\DxUiTests.ReadOnly.obj"
         "Z:\src\DxUi\.build\Intermediate\ARM64\ASan Debug\DxUi.ControlTests\DxUiTests.Rendering.obj"
         "Z:\src\DxUi\.build\Intermediate\ARM64\ASan Debug\DxUi.ControlTests\DxUiTests.TextField.obj"
         "Z:\src\DxUi\.build\Intermediate\ARM64\ASan Debug\DxUi.ControlTests\DxUiTests.Theme.obj"
         "Z:\src\DxUi\.build\Intermediate\ARM64\ASan Debug\DxUi.ControlTests\DxUiTests.Tooltip.obj"
         "Z:\src\DxUi\.build\Intermediate\ARM64\ASan Debug\DxUi.ControlTests\DxUiTests.Tree.obj"
         "Z:\src\DxUi\.build\Intermediate\ARM64\ASan Debug\DxUi.ControlTests\DxUiTests.WindowHost.obj"
         "Z:\src\DxUi\.build\ARM64\ASan Debug\DxUi.lib"
         DxUi.ControlTests.vcxproj -> Z:\src\DxUi\.build\ARM64\ASan Debug\DxUi.ControlTests.exe
       FinalizeBuildStatus:
         Deleting file "Z:\src\DxUi\.build\Intermediate\ARM64\ASan Debug\DxUi.ControlTests\DxUi.Con.B4F322B1.tlog\unsuccessfulbuild".
         Touching "Z:\src\DxUi\.build\Intermediate\ARM64\ASan Debug\DxUi.ControlTests\DxUi.Con.B4F322B1.tlog\DxUi.ControlTests.lastbuildstate".
     5>Done Building Project "Z:\src\DxUi\Tests\Controls\DxUi.ControlTests.vcxproj" (default targets).
     1>Done Building Project "Z:\src\DxUi\DxUi.sln" (Build target(s)).

Build succeeded.
    0 Warning(s)
    0 Error(s)

Time Elapsed 00:01:40.86
