Build started 12/09/2026 10:47:20.
Logging verbosity is set to: Normal.
     1>Project "Z:\src\DxUi\DxUi.sln" on node 1 (Build target(s)).
     1>ValidateSolutionConfiguration:
         Building solution configuration "Release|ARM64".
     1>Project "Z:\src\DxUi\DxUi.sln" (1) is building "Z:\src\DxUi\src\DxUi.vcxproj" (2) on node 1 (default targets).
     2>PrepareForBuild:
         Structured output is enabled. The formatting of compiler diagnostics will reflect the error hierarchy. See https://aka.ms/cpp/structured-output for more details.
       InitializeBuildStatus:
         Creating "Z:\src\DxUi\.build\Intermediate\ARM64\Release\DxUi\DxUi.tlog\unsuccessfulbuild" because "AlwaysCreate" was specified.
         Touching "Z:\src\DxUi\.build\Intermediate\ARM64\Release\DxUi\DxUi.tlog\unsuccessfulbuild".
       FxCompile:
         All outputs are up-to-date.
         All outputs are up-to-date.
       ComputeStdModulesCompileInputs:
         Reading library manifest file 'C:\Program Files\Microsoft Visual Studio\18\Insiders\VC\Tools\MSVC\14.51.36231\modules\modules.json' which provides data for library 'microsoft/STL'.
         Adding module source 'C:\Program Files\Microsoft Visual Studio\18\Insiders\VC\Tools\MSVC\14.51.36231\modules\std.ixx' from library 'microsoft/STL' to be built with this project.
         Adding module source 'C:\Program Files\Microsoft Visual Studio\18\Insiders\VC\Tools\MSVC\14.51.36231\modules\std.compat.ixx' from library 'microsoft/STL' to be built with this project.
       ClCompile:
         C:\Program Files\Microsoft Visual Studio\18\Insiders\VC\Tools\MSVC\14.51.36231\bin\HostX86\arm64\CL.exe /c /IZ:\src\DxUi\.build\Intermediate\ARM64\Release\DxUi\ /IZ:\src\DxUi\include /I"Z:\src\DxUi\.build\vcpkg_installed\ARM64\arm64-windows\include" /Zi /nologo /W4 /WX /diagnostics:column /sdl /O2 /Oy- /D _ARM64_WINAPI_PARTITION_DESKTOP_SDK_AVAILABLE=1 /D NDEBUG /D UNICODE /D _UNICODE /D WIN32_LEAN_AND_MEAN /D NOMINMAX /Gm- /EHsc /MD /GS /fp:precise /Zc:wchar_t /Zc:forScope /Zc:inline /std:c++latest /permissive- /Fo"Z:\src\DxUi\.build\Intermediate\ARM64\Release\DxUi\\" /Fd"Z:\src\DxUi\.build\ARM64\Release\DxUi.pdb" /external:W4 /Gd /TP /analyze- /FC /errorReport:queue /utf-8 /Zc:preprocessor Controls\ControlCatalog.cpp Controls\NativeMenuInterop.cpp Rendering\Embedded.cpp Controls\DxUi.Accessibility.cpp Controls\DxUi.ComboBox.cpp Controls\DxUi.Controls.cpp Controls\DxUi.cpp Controls\DxUi.Grid.cpp Controls\DxUi.Menu.cpp Controls\DxUi.NativeTextInput.cpp Controls\DxUi.PointerInput.cpp Controls\DxUi.Scrollbar.cpp Controls\DxUi.SingleLineTextEditing.cpp Controls\DxUi.TextInput.cpp Controls\DxUi.TextStoreACP.cpp Controls\TextInputServices.cpp Controls\TextClipboard.cpp Controls\DxUi.Theme.cpp Controls\DxUi.Tree.cpp Controls\DxUi.Typeahead.cpp Controls\DxUi.WindowHost.cpp
         ControlCatalog.cpp
         NativeMenuInterop.cpp
         Embedded.cpp
         DxUi.Accessibility.cpp
         DxUi.ComboBox.cpp
         DxUi.Controls.cpp
         DxUi.cpp
         DxUi.Grid.cpp
         DxUi.Menu.cpp
         DxUi.NativeTextInput.cpp
         DxUi.PointerInput.cpp
         DxUi.Scrollbar.cpp
         DxUi.SingleLineTextEditing.cpp
         DxUi.TextInput.cpp
         DxUi.TextStoreACP.cpp
         TextInputServices.cpp
         TextClipboard.cpp
         DxUi.Theme.cpp
         DxUi.Tree.cpp
         DxUi.Typeahead.cpp
         Generating Code...
         Compiling...
         DxUi.WindowHost.cpp
         Generating Code...
       Lib:
         C:\Program Files\Microsoft Visual Studio\18\Insiders\VC\Tools\MSVC\14.51.36231\bin\HostX86\arm64\Lib.exe /OUT:"Z:\src\DxUi\.build\ARM64\Release\DxUi.lib" /NOLOGO /MACHINE:ARM64 Z:\src\DxUi\.build\Intermediate\ARM64\Release\DxUi\ControlCatalog.obj
         Z:\src\DxUi\.build\Intermediate\ARM64\Release\DxUi\NativeMenuInterop.obj
         Z:\src\DxUi\.build\Intermediate\ARM64\Release\DxUi\Embedded.obj
         Z:\src\DxUi\.build\Intermediate\ARM64\Release\DxUi\FrameRuntime.obj
         Z:\src\DxUi\.build\Intermediate\ARM64\Release\DxUi\DxUi.Accessibility.obj
         Z:\src\DxUi\.build\Intermediate\ARM64\Release\DxUi\DxUi.ComboBox.obj
         Z:\src\DxUi\.build\Intermediate\ARM64\Release\DxUi\DxUi.Controls.obj
         Z:\src\DxUi\.build\Intermediate\ARM64\Release\DxUi\DxUi.obj
         Z:\src\DxUi\.build\Intermediate\ARM64\Release\DxUi\DxUi.Grid.obj
         Z:\src\DxUi\.build\Intermediate\ARM64\Release\DxUi\DxUi.Menu.obj
         Z:\src\DxUi\.build\Intermediate\ARM64\Release\DxUi\DxUi.NativeTextInput.obj
         Z:\src\DxUi\.build\Intermediate\ARM64\Release\DxUi\DxUi.PointerInput.obj
         Z:\src\DxUi\.build\Intermediate\ARM64\Release\DxUi\DxUi.Scrollbar.obj
         Z:\src\DxUi\.build\Intermediate\ARM64\Release\DxUi\DxUi.SingleLineTextEditing.obj
         Z:\src\DxUi\.build\Intermediate\ARM64\Release\DxUi\DxUi.TextInput.obj
         Z:\src\DxUi\.build\Intermediate\ARM64\Release\DxUi\DxUi.TextStoreACP.obj
         Z:\src\DxUi\.build\Intermediate\ARM64\Release\DxUi\TextInputServices.obj
         Z:\src\DxUi\.build\Intermediate\ARM64\Release\DxUi\TextClipboard.obj
         Z:\src\DxUi\.build\Intermediate\ARM64\Release\DxUi\DxUi.Theme.obj
         Z:\src\DxUi\.build\Intermediate\ARM64\Release\DxUi\DxUi.Tree.obj
         Z:\src\DxUi\.build\Intermediate\ARM64\Release\DxUi\DxUi.Typeahead.obj
         Z:\src\DxUi\.build\Intermediate\ARM64\Release\DxUi\DxUi.WindowHost.obj
         DxUi.vcxproj -> Z:\src\DxUi\.build\ARM64\Release\DxUi.lib
       FinalizeBuildStatus:
         Deleting file "Z:\src\DxUi\.build\Intermediate\ARM64\Release\DxUi\DxUi.tlog\unsuccessfulbuild".
         Touching "Z:\src\DxUi\.build\Intermediate\ARM64\Release\DxUi\DxUi.tlog\DxUi.lastbuildstate".
     2>Done Building Project "Z:\src\DxUi\src\DxUi.vcxproj" (default targets).
     1>Project "Z:\src\DxUi\DxUi.sln" (1) is building "Z:\src\DxUi\Tests\Foundation\DxUi.FoundationTests.vcxproj" (4) on node 3 (default targets).
     4>PrepareForBuild:
         Structured output is enabled. The formatting of compiler diagnostics will reflect the error hierarchy. See https://aka.ms/cpp/structured-output for more details.
     1>Project "Z:\src\DxUi\DxUi.sln" (1) is building "Z:\src\DxUi\Samples\EmbeddedControls\DxUi.EmbeddedControls.vcxproj" (5) on node 2 (default targets).
     5>PrepareForBuild:
         Structured output is enabled. The formatting of compiler diagnostics will reflect the error hierarchy. See https://aka.ms/cpp/structured-output for more details.
     1>Project "Z:\src\DxUi\DxUi.sln" (1) is building "Z:\src\DxUi\Tests\Embedded\DxUi.EmbeddedTests.vcxproj" (3) on node 4 (default targets).
     3>PrepareForBuild:
         Structured output is enabled. The formatting of compiler diagnostics will reflect the error hierarchy. See https://aka.ms/cpp/structured-output for more details.
     1>Project "Z:\src\DxUi\DxUi.sln" (1) is building "Z:\src\DxUi\Tests\Controls\DxUi.ControlTests.vcxproj" (6) on node 5 (default targets).
     6>PrepareForBuild:
         Structured output is enabled. The formatting of compiler diagnostics will reflect the error hierarchy. See https://aka.ms/cpp/structured-output for more details.
     5>InitializeBuildStatus:
         Creating "Z:\src\DxUi\.build\Intermediate\ARM64\Release\DxUi.EmbeddedControls\DxUi.Emb.C7E3462E.tlog\unsuccessfulbuild" because "AlwaysCreate" was specified.
         Touching "Z:\src\DxUi\.build\Intermediate\ARM64\Release\DxUi.EmbeddedControls\DxUi.Emb.C7E3462E.tlog\unsuccessfulbuild".
     3>InitializeBuildStatus:
         Creating "Z:\src\DxUi\.build\Intermediate\ARM64\Release\DxUi.EmbeddedTests\DxUi.Emb.8B4FAB6F.tlog\unsuccessfulbuild" because "AlwaysCreate" was specified.
     6>InitializeBuildStatus:
         Creating "Z:\src\DxUi\.build\Intermediate\ARM64\Release\DxUi.ControlTests\DxUi.Con.B4F322B1.tlog\unsuccessfulbuild" because "AlwaysCreate" was specified.
     3>InitializeBuildStatus:
         Touching "Z:\src\DxUi\.build\Intermediate\ARM64\Release\DxUi.EmbeddedTests\DxUi.Emb.8B4FAB6F.tlog\unsuccessfulbuild".
     6>InitializeBuildStatus:
         Touching "Z:\src\DxUi\.build\Intermediate\ARM64\Release\DxUi.ControlTests\DxUi.Con.B4F322B1.tlog\unsuccessfulbuild".
     4>InitializeBuildStatus:
         Creating "Z:\src\DxUi\.build\Intermediate\ARM64\Release\DxUi.FoundationTests\DxUi.Fou.D62F4A2E.tlog\unsuccessfulbuild" because "AlwaysCreate" was specified.
         Touching "Z:\src\DxUi\.build\Intermediate\ARM64\Release\DxUi.FoundationTests\DxUi.Fou.D62F4A2E.tlog\unsuccessfulbuild".
     3>ComputeStdModulesCompileInputs:
         Reading library manifest file 'C:\Program Files\Microsoft Visual Studio\18\Insiders\VC\Tools\MSVC\14.51.36231\modules\modules.json' which provides data for library 'microsoft/STL'.
         Adding module source 'C:\Program Files\Microsoft Visual Studio\18\Insiders\VC\Tools\MSVC\14.51.36231\modules\std.ixx' from library 'microsoft/STL' to be built with this project.
         Adding module source 'C:\Program Files\Microsoft Visual Studio\18\Insiders\VC\Tools\MSVC\14.51.36231\modules\std.compat.ixx' from library 'microsoft/STL' to be built with this project.
     5>ComputeStdModulesCompileInputs:
         Reading library manifest file 'C:\Program Files\Microsoft Visual Studio\18\Insiders\VC\Tools\MSVC\14.51.36231\modules\modules.json' which provides data for library 'microsoft/STL'.
         Adding module source 'C:\Program Files\Microsoft Visual Studio\18\Insiders\VC\Tools\MSVC\14.51.36231\modules\std.ixx' from library 'microsoft/STL' to be built with this project.
         Adding module source 'C:\Program Files\Microsoft Visual Studio\18\Insiders\VC\Tools\MSVC\14.51.36231\modules\std.compat.ixx' from library 'microsoft/STL' to be built with this project.
     4>ComputeStdModulesCompileInputs:
         Reading library manifest file 'C:\Program Files\Microsoft Visual Studio\18\Insiders\VC\Tools\MSVC\14.51.36231\modules\modules.json' which provides data for library 'microsoft/STL'.
         Adding module source 'C:\Program Files\Microsoft Visual Studio\18\Insiders\VC\Tools\MSVC\14.51.36231\modules\std.ixx' from library 'microsoft/STL' to be built with this project.
         Adding module source 'C:\Program Files\Microsoft Visual Studio\18\Insiders\VC\Tools\MSVC\14.51.36231\modules\std.compat.ixx' from library 'microsoft/STL' to be built with this project.
     6>ComputeStdModulesCompileInputs:
         Reading library manifest file 'C:\Program Files\Microsoft Visual Studio\18\Insiders\VC\Tools\MSVC\14.51.36231\modules\modules.json' which provides data for library 'microsoft/STL'.
         Adding module source 'C:\Program Files\Microsoft Visual Studio\18\Insiders\VC\Tools\MSVC\14.51.36231\modules\std.ixx' from library 'microsoft/STL' to be built with this project.
         Adding module source 'C:\Program Files\Microsoft Visual Studio\18\Insiders\VC\Tools\MSVC\14.51.36231\modules\std.compat.ixx' from library 'microsoft/STL' to be built with this project.
     3>ClCompile:
         C:\Program Files\Microsoft Visual Studio\18\Insiders\VC\Tools\MSVC\14.51.36231\bin\HostX86\arm64\CL.exe /c /IZ:\src\DxUi\include /I"Z:\src\DxUi\.build\vcpkg_installed\ARM64\arm64-windows\include" /Zi /nologo /W4 /WX /diagnostics:column /sdl /O2 /Oy- /D _ARM64_WINAPI_PARTITION_DESKTOP_SDK_AVAILABLE=1 /D NDEBUG /D UNICODE /D _UNICODE /D WIN32_LEAN_AND_MEAN /D NOMINMAX /Gm- /EHsc /MD /GS /fp:precise /Zc:wchar_t /Zc:forScope /Zc:inline /std:c++latest /permissive- /Fo"Z:\src\DxUi\.build\Intermediate\ARM64\Release\DxUi.EmbeddedTests\\" /Fd"Z:\src\DxUi\.build\Intermediate\ARM64\Release\DxUi.EmbeddedTests\vc145.pdb" /external:W4 /Gd /TP /analyze- /FC /errorReport:queue /utf-8 /Zc:preprocessor EmbeddedTests.cpp
     5>ClCompile:
         C:\Program Files\Microsoft Visual Studio\18\Insiders\VC\Tools\MSVC\14.51.36231\bin\HostX86\arm64\CL.exe /c /IZ:\src\DxUi\include /I"Z:\src\DxUi\.build\vcpkg_installed\ARM64\arm64-windows\include" /Zi /nologo /W4 /WX /diagnostics:column /sdl /O2 /Oy- /D _ARM64_WINAPI_PARTITION_DESKTOP_SDK_AVAILABLE=1 /D NDEBUG /D UNICODE /D _UNICODE /D WIN32_LEAN_AND_MEAN /D NOMINMAX /Gm- /EHsc /MD /GS /fp:precise /Zc:wchar_t /Zc:forScope /Zc:inline /std:c++latest /permissive- /Fo"Z:\src\DxUi\.build\Intermediate\ARM64\Release\DxUi.EmbeddedControls\\" /Fd"Z:\src\DxUi\.build\Intermediate\ARM64\Release\DxUi.EmbeddedControls\vc145.pdb" /external:W4 /Gd /TP /analyze- /FC /errorReport:queue /utf-8 /Zc:preprocessor Main.cpp
     4>ClCompile:
         C:\Program Files\Microsoft Visual Studio\18\Insiders\VC\Tools\MSVC\14.51.36231\bin\HostX86\arm64\CL.exe /c /IZ:\src\DxUi\include /I"Z:\src\DxUi\.build\vcpkg_installed\ARM64\arm64-windows\include" /Zi /nologo /W4 /WX /diagnostics:column /sdl /O2 /Oy- /D _ARM64_WINAPI_PARTITION_DESKTOP_SDK_AVAILABLE=1 /D NDEBUG /D UNICODE /D _UNICODE /D WIN32_LEAN_AND_MEAN /D NOMINMAX /Gm- /EHsc /MD /GS /fp:precise /Zc:wchar_t /Zc:forScope /Zc:inline /std:c++latest /permissive- /Fo"Z:\src\DxUi\.build\Intermediate\ARM64\Release\DxUi.FoundationTests\\" /Fd"Z:\src\DxUi\.build\Intermediate\ARM64\Release\DxUi.FoundationTests\vc145.pdb" /external:W4 /Gd /TP /analyze- /FC /errorReport:queue /utf-8 /Zc:preprocessor FoundationTests.cpp PublicHelpersTests.cpp
     6>ClCompile:
         C:\Program Files\Microsoft Visual Studio\18\Insiders\VC\Tools\MSVC\14.51.36231\bin\HostX86\arm64\CL.exe /c /IZ:\src\DxUi\include /I"Z:\src\DxUi\.build\vcpkg_installed\ARM64\arm64-windows\include" /Zi /nologo /W4 /WX /diagnostics:column /sdl /O2 /Oy- /D ENABLE_TESTS /D _ARM64_WINAPI_PARTITION_DESKTOP_SDK_AVAILABLE=1 /D NDEBUG /D UNICODE /D _UNICODE /D WIN32_LEAN_AND_MEAN /D NOMINMAX /Gm- /EHsc /MD /GS /fp:precise /Zc:wchar_t /Zc:forScope /Zc:inline /std:c++latest /permissive- /Fo"Z:\src\DxUi\.build\Intermediate\ARM64\Release\DxUi.ControlTests\\" /Fd"Z:\src\DxUi\.build\Intermediate\ARM64\Release\DxUi.ControlTests\vc145.pdb" /external:W4 /Gd /TP /analyze- /FC /errorReport:queue /utf-8 /Zc:preprocessor DxUiTests.Accessibility.cpp DxUiTests.Animation.cpp DxUiTests.ComboBox.cpp DxUiTests.Controls.cpp DxUiTests.Gallery.cpp DxUiTests.Grid.cpp DxUiTests.Menu.cpp DxUiTests.MultilineText.cpp DxUiTests.NativeTextInput.cpp DxUiTests.NewControls.cpp DxUiTests.ReadOnly.cpp DxUiTests.Rendering.cpp DxUiTests.TextField.cpp DxUiTests.Theme.cpp DxUiTests.Tooltip.cpp DxUiTests.Tree.cpp DxUiTests.WindowHost.cpp DxUiTests.cpp
     3>ClCompile:
         EmbeddedTests.cpp
     5>ClCompile:
         Main.cpp
     4>ClCompile:
         FoundationTests.cpp
     6>ClCompile:
         DxUiTests.Accessibility.cpp
     4>ClCompile:
         PublicHelpersTests.cpp
         Generating Code...
       Link:
         C:\Program Files\Microsoft Visual Studio\18\Insiders\VC\Tools\MSVC\14.51.36231\bin\HostX86\arm64\link.exe /ERRORREPORT:QUEUE /OUT:"Z:\src\DxUi\.build\ARM64\Release\DxUi.FoundationTests.exe" /NOLOGO kernel32.lib user32.lib gdi32.lib winspool.lib comdlg32.lib advapi32.lib shell32.lib ole32.lib oleaut32.lib uuid.lib odbc32.lib odbccp32.lib /MANIFEST /MANIFESTUAC:"level='asInvoker' uiAccess='false'" /manifest:embed /DEBUG:FULL /PDB:"Z:\src\DxUi\.build\ARM64\Release\DxUi.FoundationTests.pdb" /SUBSYSTEM:CONSOLE /TLBID:1 /DYNAMICBASE /NXCOMPAT /IMPLIB:"Z:\src\DxUi\.build\ARM64\Release\DxUi.FoundationTests.lib" /MACHINE:ARM64 Z:\src\DxUi\.build\Intermediate\ARM64\Release\DxUi.FoundationTests\FoundationTests.obj
         Z:\src\DxUi\.build\Intermediate\ARM64\Release\DxUi.FoundationTests\PublicHelpersTests.obj
         Z:\src\DxUi\.build\ARM64\Release\DxUi.lib
     5>Link:
         C:\Program Files\Microsoft Visual Studio\18\Insiders\VC\Tools\MSVC\14.51.36231\bin\HostX86\arm64\link.exe /ERRORREPORT:QUEUE /OUT:"Z:\src\DxUi\.build\ARM64\Release\DxUi.EmbeddedControls.exe" /NOLOGO kernel32.lib user32.lib gdi32.lib winspool.lib comdlg32.lib advapi32.lib shell32.lib ole32.lib oleaut32.lib uuid.lib odbc32.lib odbccp32.lib /MANIFEST /MANIFESTUAC:"level='asInvoker' uiAccess='false'" /manifest:embed /DEBUG:FULL /PDB:"Z:\src\DxUi\.build\ARM64\Release\DxUi.EmbeddedControls.pdb" /SUBSYSTEM:CONSOLE /TLBID:1 /DYNAMICBASE /NXCOMPAT /IMPLIB:"Z:\src\DxUi\.build\ARM64\Release\DxUi.EmbeddedControls.lib" /MACHINE:ARM64 Z:\src\DxUi\.build\Intermediate\ARM64\Release\DxUi.EmbeddedControls\Main.obj
         Z:\src\DxUi\.build\ARM64\Release\DxUi.lib
     6>ClCompile:
         DxUiTests.Animation.cpp
     4>Link:
         DxUi.FoundationTests.vcxproj -> Z:\src\DxUi\.build\ARM64\Release\DxUi.FoundationTests.exe
       FinalizeBuildStatus:
         Deleting file "Z:\src\DxUi\.build\Intermediate\ARM64\Release\DxUi.FoundationTests\DxUi.Fou.D62F4A2E.tlog\unsuccessfulbuild".
         Touching "Z:\src\DxUi\.build\Intermediate\ARM64\Release\DxUi.FoundationTests\DxUi.Fou.D62F4A2E.tlog\DxUi.FoundationTests.lastbuildstate".
     4>Done Building Project "Z:\src\DxUi\Tests\Foundation\DxUi.FoundationTests.vcxproj" (default targets).
     5>Link:
         DxUi.EmbeddedControls.vcxproj -> Z:\src\DxUi\.build\ARM64\Release\DxUi.EmbeddedControls.exe
       FinalizeBuildStatus:
         Deleting file "Z:\src\DxUi\.build\Intermediate\ARM64\Release\DxUi.EmbeddedControls\DxUi.Emb.C7E3462E.tlog\unsuccessfulbuild".
         Touching "Z:\src\DxUi\.build\Intermediate\ARM64\Release\DxUi.EmbeddedControls\DxUi.Emb.C7E3462E.tlog\DxUi.EmbeddedControls.lastbuildstate".
     5>Done Building Project "Z:\src\DxUi\Samples\EmbeddedControls\DxUi.EmbeddedControls.vcxproj" (default targets).
     3>Link:
         C:\Program Files\Microsoft Visual Studio\18\Insiders\VC\Tools\MSVC\14.51.36231\bin\HostX86\arm64\link.exe /ERRORREPORT:QUEUE /OUT:"Z:\src\DxUi\.build\ARM64\Release\DxUi.EmbeddedTests.exe" /NOLOGO kernel32.lib user32.lib gdi32.lib winspool.lib comdlg32.lib advapi32.lib shell32.lib ole32.lib oleaut32.lib uuid.lib odbc32.lib odbccp32.lib /MANIFEST /MANIFESTUAC:"level='asInvoker' uiAccess='false'" /manifest:embed /DEBUG:FULL /PDB:"Z:\src\DxUi\.build\ARM64\Release\DxUi.EmbeddedTests.pdb" /SUBSYSTEM:CONSOLE /TLBID:1 /DYNAMICBASE /NXCOMPAT /IMPLIB:"Z:\src\DxUi\.build\ARM64\Release\DxUi.EmbeddedTests.lib" /MACHINE:ARM64 Z:\src\DxUi\.build\Intermediate\ARM64\Release\DxUi.EmbeddedTests\EmbeddedTests.obj
         Z:\src\DxUi\.build\ARM64\Release\DxUi.lib
         DxUi.EmbeddedTests.vcxproj -> Z:\src\DxUi\.build\ARM64\Release\DxUi.EmbeddedTests.exe
       FinalizeBuildStatus:
         Deleting file "Z:\src\DxUi\.build\Intermediate\ARM64\Release\DxUi.EmbeddedTests\DxUi.Emb.8B4FAB6F.tlog\unsuccessfulbuild".
         Touching "Z:\src\DxUi\.build\Intermediate\ARM64\Release\DxUi.EmbeddedTests\DxUi.Emb.8B4FAB6F.tlog\DxUi.EmbeddedTests.lastbuildstate".
     3>Done Building Project "Z:\src\DxUi\Tests\Embedded\DxUi.EmbeddedTests.vcxproj" (default targets).
     6>ClCompile:
         DxUiTests.ComboBox.cpp
         DxUiTests.Controls.cpp
         DxUiTests.Gallery.cpp
         DxUiTests.Grid.cpp
         DxUiTests.Menu.cpp
         DxUiTests.MultilineText.cpp
         DxUiTests.NativeTextInput.cpp
         DxUiTests.NewControls.cpp
         DxUiTests.ReadOnly.cpp
         DxUiTests.Rendering.cpp
         DxUiTests.TextField.cpp
         DxUiTests.Theme.cpp
         DxUiTests.Tooltip.cpp
         DxUiTests.Tree.cpp
         DxUiTests.WindowHost.cpp
         DxUiTests.cpp
         Generating Code...
       Link:
         C:\Program Files\Microsoft Visual Studio\18\Insiders\VC\Tools\MSVC\14.51.36231\bin\HostX86\arm64\link.exe /ERRORREPORT:QUEUE /OUT:"Z:\src\DxUi\.build\ARM64\Release\DxUi.ControlTests.exe" /NOLOGO kernel32.lib user32.lib gdi32.lib winspool.lib comdlg32.lib advapi32.lib shell32.lib ole32.lib oleaut32.lib uuid.lib odbc32.lib odbccp32.lib /MANIFEST /MANIFESTUAC:"level='asInvoker' uiAccess='false'" /manifest:embed /DEBUG:FULL /PDB:"Z:\src\DxUi\.build\ARM64\Release\DxUi.ControlTests.pdb" /SUBSYSTEM:CONSOLE /TLBID:1 /DYNAMICBASE /NXCOMPAT /IMPLIB:"Z:\src\DxUi\.build\ARM64\Release\DxUi.ControlTests.lib" /MACHINE:ARM64 Z:\src\DxUi\.build\Intermediate\ARM64\Release\DxUi.ControlTests\DxUiTests.Accessibility.obj
         Z:\src\DxUi\.build\Intermediate\ARM64\Release\DxUi.ControlTests\DxUiTests.Animation.obj
         Z:\src\DxUi\.build\Intermediate\ARM64\Release\DxUi.ControlTests\DxUiTests.ComboBox.obj
         Z:\src\DxUi\.build\Intermediate\ARM64\Release\DxUi.ControlTests\DxUiTests.Controls.obj
         Z:\src\DxUi\.build\Intermediate\ARM64\Release\DxUi.ControlTests\DxUiTests.obj
         Z:\src\DxUi\.build\Intermediate\ARM64\Release\DxUi.ControlTests\DxUiTests.Gallery.obj
         Z:\src\DxUi\.build\Intermediate\ARM64\Release\DxUi.ControlTests\DxUiTests.Grid.obj
         Z:\src\DxUi\.build\Intermediate\ARM64\Release\DxUi.ControlTests\DxUiTests.Menu.obj
         Z:\src\DxUi\.build\Intermediate\ARM64\Release\DxUi.ControlTests\DxUiTests.MultilineText.obj
         Z:\src\DxUi\.build\Intermediate\ARM64\Release\DxUi.ControlTests\DxUiTests.NativeTextInput.obj
         Z:\src\DxUi\.build\Intermediate\ARM64\Release\DxUi.ControlTests\DxUiTests.NewControls.obj
         Z:\src\DxUi\.build\Intermediate\ARM64\Release\DxUi.ControlTests\DxUiTests.ReadOnly.obj
         Z:\src\DxUi\.build\Intermediate\ARM64\Release\DxUi.ControlTests\DxUiTests.Rendering.obj
         Z:\src\DxUi\.build\Intermediate\ARM64\Release\DxUi.ControlTests\DxUiTests.TextField.obj
         Z:\src\DxUi\.build\Intermediate\ARM64\Release\DxUi.ControlTests\DxUiTests.Theme.obj
         Z:\src\DxUi\.build\Intermediate\ARM64\Release\DxUi.ControlTests\DxUiTests.Tooltip.obj
         Z:\src\DxUi\.build\Intermediate\ARM64\Release\DxUi.ControlTests\DxUiTests.Tree.obj
         Z:\src\DxUi\.build\Intermediate\ARM64\Release\DxUi.ControlTests\DxUiTests.WindowHost.obj
         Z:\src\DxUi\.build\ARM64\Release\DxUi.lib
         DxUi.ControlTests.vcxproj -> Z:\src\DxUi\.build\ARM64\Release\DxUi.ControlTests.exe
       FinalizeBuildStatus:
         Deleting file "Z:\src\DxUi\.build\Intermediate\ARM64\Release\DxUi.ControlTests\DxUi.Con.B4F322B1.tlog\unsuccessfulbuild".
         Touching "Z:\src\DxUi\.build\Intermediate\ARM64\Release\DxUi.ControlTests\DxUi.Con.B4F322B1.tlog\DxUi.ControlTests.lastbuildstate".
     6>Done Building Project "Z:\src\DxUi\Tests\Controls\DxUi.ControlTests.vcxproj" (default targets).
     1>Done Building Project "Z:\src\DxUi\DxUi.sln" (Build target(s)).

Build succeeded.
    0 Warning(s)
    0 Error(s)

Time Elapsed 00:02:09.55
