PASS DxUi update advisory: same
PASS DxUi update advisory: green
PASS DxUi update advisory: pending
PASS DxUi update advisory: failed
PASS DxUi update advisory: absent
PASS DxUi update advisory: divergent
PASS DxUi update advisory: ahead
PASS DxUi update advisory: offline
PASS DxUi update advisory: wrong-run
PASS DxUi update advisory: malformed
PASS ARM64 AddressSanitizer runtime staging and missing-runtime rejection
╭────────────────────────────────────────────────────────────────────────╮
│                                                                        │
│                      ██████╗ ██╗  ██╗██╗   ██╗██╗                      │
│                      ██╔══██╗╚██╗██╔╝██║   ██║██║                      │
│                      ██║  ██║ ╚███╔╝ ██║   ██║██║                      │
│                      ██║  ██║ ██╔██╗ ██║   ██║██║                      │
│                      ██████╔╝██╔╝ ██╗╚██████╔╝██║                      │
│                      ╚═════╝ ╚═╝  ╚═╝ ╚═════╝ ╚═╝                      │
│                                                                        │
│      ✦  PIXELS PRIMED  •  CONTROLS READY  •  COMPILE MODE: GO!  ✦      │
│                  ⚡  ASAN DEBUG  /  X64  /  BUILD  ⚡                  │
│                                                                        │
╰────────────────────────────────────────────────────────────────────────╯

Locating Visual Studio and MSBuild...
Build configuration:
  Configuration: ASan Debug
  Platform:      x64
  Target:        Build
  Toolchain:     C:\Program Files\Microsoft Visual Studio\18\Insiders
  Output:        Z:\src\DxUi\.build\

Compiling DxUi...

  DxUi.WindowHost.cpp
  DxUi.vcxproj -> Z:\src\DxUi\.build\x64\ASan Debug\DxUi.lib
  FoundationTests.cpp
  DxUiTests.WindowHost.cpp
  PublicHelpersTests.cpp
  DxUi.EmbeddedControls.vcxproj -> Z:\src\DxUi\.build\x64\ASan Debug\DxUi.EmbeddedControls.exe
  DxUi.EmbeddedTests.vcxproj -> Z:\src\DxUi\.build\x64\ASan Debug\DxUi.EmbeddedTests.exe
  Generating Code...
  DxUi.FoundationTests.vcxproj -> Z:\src\DxUi\.build\x64\ASan Debug\DxUi.FoundationTests.exe
  DxUi.ControlTests.vcxproj -> Z:\src\DxUi\.build\x64\ASan Debug\DxUi.ControlTests.exe

========================================
DxUi build passed in 00:08
Output: Z:\src\DxUi\.build\
Log: Z:\src\DxUi\.build\logs\build-x64-ASan Debug-364bc2a005bb496bb56e59a7eac29937.log
========================================
Complex UI clean round 1: 2160.45 completed offscreen FPS; p95 0.6608 ms; private 212406272 bytes
Complex UI clean round 2: 2368.69 completed offscreen FPS; p95 0.4937 ms; private 216596480 bytes
Complex UI clean round 3: 2135.93 completed offscreen FPS; p95 0.6143 ms; private 218836992 bytes
Complex UI clean round 4: 2230.31 completed offscreen FPS; p95 0.5285 ms; private 221978624 bytes
Complex UI clean round 5: 2320.31 completed offscreen FPS; p95 0.541 ms; private 224817152 bytes
Complex UI dirty round 1: 102.044 completed offscreen FPS; p95 10.4176 ms; private 367861760 bytes
Complex UI dirty round 2: 98.7173 completed offscreen FPS; p95 10.2305 ms; private 502423552 bytes
Complex UI dirty round 3: 98.3921 completed offscreen FPS; p95 12.1523 ms; private 532635648 bytes
Complex UI dirty round 4: 101.034 completed offscreen FPS; p95 12.2213 ms; private 535068672 bytes
Complex UI dirty round 5: 100.621 completed offscreen FPS; p95 12.317 ms; private 537018368 bytes
Performance comparison: unpaired
Performance receipt: Z:\src\DxUi\.build\reports\Performance-x64-ASan Debug-e49ea221f84d46f8bbf5fcfd8eca2db4.json
PASS AddressSanitizer detection probe (isolated expected failure)
Running Foundation (x64 ASan Debug)
PASS Foundation (0 capability skips recorded)
Running Embedded (x64 ASan Debug)
PASS Embedded (0 capability skips recorded)
Running Grid (x64 ASan Debug)
PASS Grid (0 capability skips recorded)
Running Theme (x64 ASan Debug)
PASS Theme (0 capability skips recorded)
Running Control (x64 ASan Debug)
PASS Control (0 capability skips recorded)
Running Menu (x64 ASan Debug)
PASS Menu (9 capability skips recorded)
Running NewControls (x64 ASan Debug)
PASS NewControls (0 capability skips recorded)
Running TextField (x64 ASan Debug)
PASS TextField (0 capability skips recorded)
Running NativeTextInput (x64 ASan Debug)
PASS NativeTextInput (0 capability skips recorded)
Running MultilineText (x64 ASan Debug)
PASS MultilineText (0 capability skips recorded)
Running ReadOnly (x64 ASan Debug)
PASS ReadOnly (0 capability skips recorded)
Running ComboBox (x64 ASan Debug)
PASS ComboBox (0 capability skips recorded)
Running Tree (x64 ASan Debug)
PASS Tree (0 capability skips recorded)
Running Tooltip (x64 ASan Debug)
PASS Tooltip (0 capability skips recorded)
Running Rendering (x64 ASan Debug)
PASS Rendering (0 capability skips recorded)
Running Animation (x64 ASan Debug)
PASS Animation (0 capability skips recorded)
Running Accessibility (x64 ASan Debug)
PASS Accessibility (0 capability skips recorded)
Running WindowHost (x64 ASan Debug)
PASS WindowHost (0 capability skips recorded)
All 18 requested suites passed.
