╭────────────────────────────────────────────────────────────────────────╮
│                                                                        │
│                      ██████╗ ██╗  ██╗██╗   ██╗██╗                      │
│                      ██╔══██╗╚██╗██╔╝██║   ██║██║                      │
│                      ██║  ██║ ╚███╔╝ ██║   ██║██║                      │
│                      ██║  ██║ ██╔██╗ ██║   ██║██║                      │
│                      ██████╔╝██╔╝ ██╗╚██████╔╝██║                      │
│                      ╚═════╝ ╚═╝  ╚═╝ ╚═════╝ ╚═╝                      │
│                                                                        │
│      ✦  PIXELS PRIMED  •  CONTROLS READY  •  COMPILE MODE: GO!  ✦      │
│                  ⚡  RELEASE  /  ARM64  /  BUILD  ⚡                   │
│                                                                        │
╰────────────────────────────────────────────────────────────────────────╯

Locating Visual Studio and MSBuild...
Build configuration:
  Configuration: Release
  Platform:      ARM64
  Target:        Build
  Toolchain:     C:\Program Files\Microsoft Visual Studio\18\Insiders
  Output:        Z:\src\DxUi\.build\

Compiling DxUi...

  ControlCatalog.cpp
  NativeMenuInterop.cpp
  Embedded.cpp
  DxUi.Accessibility.cpp
  DxUi.ComboBox.cpp
  DxUi.Controls.cpp
  DxUi.cpp
  DxUi.Grid.cpp
  DxUi.Menu.cpp
  DxUi.NativeTextInput.cpp
  DxUi.PointerInput.cpp
  DxUi.Scrollbar.cpp
  DxUi.SingleLineTextEditing.cpp
  DxUi.TextInput.cpp
  DxUi.TextStoreACP.cpp
  TextInputServices.cpp
  TextClipboard.cpp
  DxUi.Theme.cpp
  DxUi.Tree.cpp
  DxUi.Typeahead.cpp
  Generating Code...
  Compiling...
  DxUi.WindowHost.cpp
  Generating Code...
  DxUi.vcxproj -> Z:\src\DxUi\.build\ARM64\Release\DxUi.lib
  EmbeddedTests.cpp
  Main.cpp
  FoundationTests.cpp
  DxUiTests.Accessibility.cpp
  PublicHelpersTests.cpp
  Generating Code...
  DxUiTests.Animation.cpp
  DxUi.FoundationTests.vcxproj -> Z:\src\DxUi\.build\ARM64\Release\DxUi.FoundationTests.exe
  DxUi.EmbeddedControls.vcxproj -> Z:\src\DxUi\.build\ARM64\Release\DxUi.EmbeddedControls.exe
  DxUi.EmbeddedTests.vcxproj -> Z:\src\DxUi\.build\ARM64\Release\DxUi.EmbeddedTests.exe
  DxUiTests.ComboBox.cpp
  DxUiTests.Controls.cpp
  DxUiTests.Gallery.cpp
  DxUiTests.Grid.cpp
  DxUiTests.Menu.cpp
  DxUiTests.MultilineText.cpp
  DxUiTests.NativeTextInput.cpp
  DxUiTests.NewControls.cpp
  DxUiTests.ReadOnly.cpp
  DxUiTests.Rendering.cpp
  DxUiTests.TextField.cpp
  DxUiTests.Theme.cpp
  DxUiTests.Tooltip.cpp
  DxUiTests.Tree.cpp
  DxUiTests.WindowHost.cpp
  DxUiTests.cpp
  Generating Code...
  DxUi.ControlTests.vcxproj -> Z:\src\DxUi\.build\ARM64\Release\DxUi.ControlTests.exe

========================================
DxUi build passed in 02:09
Output: Z:\src\DxUi\.build\
Log: Z:\src\DxUi\.build\logs\build-ARM64-Release-bb83bfd7302a4c79983ecc1877b29a0c.log
========================================
