PASS DxUi update advisory: same
PASS DxUi update advisory: green
PASS DxUi update advisory: pending
PASS DxUi update advisory: failed
PASS DxUi update advisory: absent
PASS DxUi update advisory: divergent
PASS DxUi update advisory: ahead
PASS DxUi update advisory: offline
PASS DxUi update advisory: wrong-run
PASS DxUi update advisory: malformed
PASS ARM64 AddressSanitizer runtime staging and missing-runtime rejection
╭────────────────────────────────────────────────────────────────────────╮
│                                                                        │
│                      ██████╗ ██╗  ██╗██╗   ██╗██╗                      │
│                      ██╔══██╗╚██╗██╔╝██║   ██║██║                      │
│                      ██║  ██║ ╚███╔╝ ██║   ██║██║                      │
│                      ██║  ██║ ██╔██╗ ██║   ██║██║                      │
│                      ██████╔╝██╔╝ ██╗╚██████╔╝██║                      │
│                      ╚═════╝ ╚═╝  ╚═╝ ╚═════╝ ╚═╝                      │
│                                                                        │
│      ✦  PIXELS PRIMED  •  CONTROLS READY  •  COMPILE MODE: GO!  ✦      │
│                   ⚡  RELEASE  /  X64  /  BUILD  ⚡                    │
│                                                                        │
╰────────────────────────────────────────────────────────────────────────╯

Locating Visual Studio and MSBuild...
Build configuration:
  Configuration: Release
  Platform:      x64
  Target:        Build
  Toolchain:     C:\Program Files\Microsoft Visual Studio\18\Insiders
  Output:        Z:\src\DxUi\.build\

Compiling DxUi...

  DxUi.WindowHost.cpp
  DxUi.vcxproj -> Z:\src\DxUi\.build\x64\Release\DxUi.lib
  FoundationTests.cpp
  DxUiTests.WindowHost.cpp
  DxUi.EmbeddedTests.vcxproj -> Z:\src\DxUi\.build\x64\Release\DxUi.EmbeddedTests.exe
  DxUi.EmbeddedControls.vcxproj -> Z:\src\DxUi\.build\x64\Release\DxUi.EmbeddedControls.exe
  PublicHelpersTests.cpp
  Generating Code...
  DxUi.FoundationTests.vcxproj -> Z:\src\DxUi\.build\x64\Release\DxUi.FoundationTests.exe
  DxUi.ControlTests.vcxproj -> Z:\src\DxUi\.build\x64\Release\DxUi.ControlTests.exe

========================================
DxUi build passed in 00:09
Output: Z:\src\DxUi\.build\
Log: Z:\src\DxUi\.build\logs\build-x64-Release-eb838bd9245e4092b966934253af04c9.log
========================================
Complex UI clean round 1: 2289.55 completed offscreen FPS; p95 0.5215 ms; private 27242496 bytes
Complex UI clean round 2: 2164.02 completed offscreen FPS; p95 0.6095 ms; private 26992640 bytes
Complex UI clean round 3: 2006.96 completed offscreen FPS; p95 0.6812 ms; private 26882048 bytes
Complex UI clean round 4: 1883.53 completed offscreen FPS; p95 0.7651 ms; private 26796032 bytes
Complex UI clean round 5: 2233.55 completed offscreen FPS; p95 0.5932 ms; private 27176960 bytes
Complex UI dirty round 1: 506.25 completed offscreen FPS; p95 2.372 ms; private 28942336 bytes
Complex UI dirty round 2: 523.649 completed offscreen FPS; p95 2.2226 ms; private 28966912 bytes
Complex UI dirty round 3: 510.813 completed offscreen FPS; p95 2.384 ms; private 28962816 bytes
Complex UI dirty round 4: 523.501 completed offscreen FPS; p95 2.1527 ms; private 29089792 bytes
Complex UI dirty round 5: 545.77 completed offscreen FPS; p95 2.191 ms; private 28971008 bytes
Performance comparison: unpaired
Performance receipt: Z:\src\DxUi\.build\reports\Performance-x64-Release-d53ac253e9b740dcad29ef90d43147e6.json
Running Foundation (x64 Release)
PASS Foundation (0 capability skips recorded)
Running Embedded (x64 Release)
PASS Embedded (0 capability skips recorded)
Running Grid (x64 Release)
PASS Grid (0 capability skips recorded)
Running Theme (x64 Release)
PASS Theme (0 capability skips recorded)
Running Control (x64 Release)
PASS Control (0 capability skips recorded)
Running Menu (x64 Release)
SKIPPED: DxUi menu popup requires an interactive desktop for owner-message-flood routing
    [TRACE] attached host dtor: begin
    [TRACE] attached host dtor: host detached
    [TRACE] attached host dtor: hwnd reset
  [DONE] TestSplitButtonContextMenuOwnerMessageFloodDoesNotStarvePointerInput
  [START] TestMenuKeyboardNavigationSkipsInfoRows
    [TRACE] attached host dtor: begin
    [TRACE] attached host dtor: host detached
    [TRACE] attached host dtor: hwnd reset
  [DONE] TestMenuKeyboardNavigationSkipsInfoRows
  [START] TestMenuKeyboardRightArrowMatchesWindowsMenuLoop
FAILED: Right arrow on B1 focuses B11 in the submenu
Running NewControls (x64 Release)
PASS NewControls (0 capability skips recorded)
Running TextField (x64 Release)
PASS TextField (0 capability skips recorded)
Running NativeTextInput (x64 Release)
PASS NativeTextInput (0 capability skips recorded)
Running MultilineText (x64 Release)
PASS MultilineText (0 capability skips recorded)
Running ReadOnly (x64 Release)
PASS ReadOnly (0 capability skips recorded)
Running ComboBox (x64 Release)
PASS ComboBox (0 capability skips recorded)
Running Tree (x64 Release)
PASS Tree (0 capability skips recorded)
Running Tooltip (x64 Release)
PASS Tooltip (0 capability skips recorded)
Running Rendering (x64 Release)
PASS Rendering (0 capability skips recorded)
Running Animation (x64 Release)
PASS Animation (0 capability skips recorded)
Running Accessibility (x64 Release)
PASS Accessibility (0 capability skips recorded)
Running WindowHost (x64 Release)
PASS WindowHost (0 capability skips recorded)
