[START] Menu
  [START] TestPointerInputEventMouseMoveUsesDeliveredPoint
    [TRACE] attached host dtor: begin
    [TRACE] attached host dtor: host detached
    [TRACE] attached host dtor: hwnd reset
  [DONE] TestPointerInputEventMouseMoveUsesDeliveredPoint
  [START] TestPointerInputEventButtonUsesDeliveredPointAndFlags
    [TRACE] attached host dtor: begin
    [TRACE] attached host dtor: host detached
    [TRACE] attached host dtor: hwnd reset
  [DONE] TestPointerInputEventButtonUsesDeliveredPointAndFlags
  [START] TestPointerInputEventWheelUsesDeliveredScreenPoint
    [TRACE] attached host dtor: begin
    [TRACE] attached host dtor: host detached
    [TRACE] attached host dtor: hwnd reset
  [DONE] TestPointerInputEventWheelUsesDeliveredScreenPoint
  [START] TestContextMenuDebugStateProbeBoundsWedgedWindowThread
SKIPPED: DxUi menu debug-state timeout requires an interactive desktop
    [TRACE] attached host dtor: begin
    [TRACE] attached host dtor: host detached
    [TRACE] attached host dtor: hwnd reset
  [DONE] TestContextMenuDebugStateProbeBoundsWedgedWindowThread
  [START] TestContextMenuShowAsyncKeepsOwnerPaintableWhileOpen
    [TRACE] attached host dtor: begin
    [TRACE] attached host dtor: host detached
    [TRACE] attached host dtor: hwnd reset
  [DONE] TestContextMenuShowAsyncKeepsOwnerPaintableWhileOpen
  [START] TestContextMenuRootMinimumWidthUsesAnchorAndAllowsContentExpansion
    [TRACE] attached host dtor: begin
    [TRACE] attached host dtor: host detached
    [TRACE] attached host dtor: hwnd reset
  [DONE] TestContextMenuRootMinimumWidthUsesAnchorAndAllowsContentExpansion
  [START] TestLargeMenuPaintsOnlyVisibleRowsWithCachedOffsets
    [TRACE] attached host dtor: begin
    [TRACE] attached host dtor: host detached
    [TRACE] attached host dtor: hwnd reset
  [DONE] TestLargeMenuPaintsOnlyVisibleRowsWithCachedOffsets
  [START] TestContextMenuShowAsyncSubmenuCloseKeepsSessionAlive
    [TRACE] attached host dtor: begin
    [TRACE] attached host dtor: host detached
    [TRACE] attached host dtor: hwnd reset
  [DONE] TestContextMenuShowAsyncSubmenuCloseKeepsSessionAlive
  [START] TestMenuGraphicalSliderSupportsClickDragAndAnimation
    [TRACE] attached host dtor: begin
    [TRACE] attached host dtor: host detached
    [TRACE] attached host dtor: hwnd reset
  [DONE] TestMenuGraphicalSliderSupportsClickDragAndAnimation
  [START] TestMenuMnemonicHonorsExplicitAmpersandLabels
    [TRACE] attached host dtor: begin
    [TRACE] attached host dtor: host detached
    [TRACE] attached host dtor: hwnd reset
  [DONE] TestMenuMnemonicHonorsExplicitAmpersandLabels
  [START] TestMenuOpeningPointerUpCanBeIgnoredOutsideVisibleSurface
    [TRACE] attached host dtor: begin
    [TRACE] attached host dtor: host detached
    [TRACE] attached host dtor: hwnd reset
  [DONE] TestMenuOpeningPointerUpCanBeIgnoredOutsideVisibleSurface
  [START] TestEmbeddedViewerContextMenuNativeConversionFiltersStandaloneCommands
  [DONE] TestEmbeddedViewerContextMenuNativeConversionFiltersStandaloneCommands
  [START] TestMenuShadowMarginMouseUpLightDismissesAfterInitialRelease
    [TRACE] attached host dtor: begin
    [TRACE] attached host dtor: host detached
    [TRACE] attached host dtor: hwnd reset
  [DONE] TestMenuShadowMarginMouseUpLightDismissesAfterInitialRelease
  [START] TestSplitButtonContextMenuSentMouseMessagesHoverAndInvokeImmediately
SKIPPED: DxUi menu popup requires an interactive desktop for split-button invoke routing
    [TRACE] attached host dtor: begin
    [TRACE] attached host dtor: host detached
    [TRACE] attached host dtor: hwnd reset
  [DONE] TestSplitButtonContextMenuSentMouseMessagesHoverAndInvokeImmediately
  [START] TestSplitButtonContextMenuOwnerMessageFloodDoesNotStarvePointerInput
SKIPPED: DxUi menu popup requires an interactive desktop for owner-message-flood routing
    [TRACE] attached host dtor: begin
    [TRACE] attached host dtor: host detached
    [TRACE] attached host dtor: hwnd reset
  [DONE] TestSplitButtonContextMenuOwnerMessageFloodDoesNotStarvePointerInput
  [START] TestMenuKeyboardNavigationSkipsInfoRows
    [TRACE] attached host dtor: begin
    [TRACE] attached host dtor: host detached
    [TRACE] attached host dtor: hwnd reset
  [DONE] TestMenuKeyboardNavigationSkipsInfoRows
  [START] TestMenuKeyboardRightArrowMatchesWindowsMenuLoop
FAILED: Right arrow on B1 focuses B11 in the submenu
