[WATCHDOG] each test may run 300 s; a test that outlives it ends the run with exit code 124
[START] Accessibility
  [START] TestAccessibilityPublicationMutationBatchRetainsFinalStateAndReportsCost
UIA_PUBLICATION_BENCHMARK {"scenario":"keystroke-batch","repetition":0,"operations":128,"microseconds":249743,"queryMicroseconds":458.3,"totalMicroseconds":250202,"operationSnapshotBuilds":0,"snapshotBuilds":1,"uiaListening":true}
UIA_PUBLICATION_BENCHMARK {"scenario":"keystroke-batch","repetition":1,"operations":128,"microseconds":5660.3,"queryMicroseconds":419,"totalMicroseconds":6079.6,"operationSnapshotBuilds":0,"snapshotBuilds":1,"uiaListening":true}
UIA_PUBLICATION_BENCHMARK {"scenario":"keystroke-batch","repetition":2,"operations":128,"microseconds":5103.4,"queryMicroseconds":377.2,"totalMicroseconds":5480.8,"operationSnapshotBuilds":0,"snapshotBuilds":1,"uiaListening":true}
UIA_PUBLICATION_BENCHMARK {"scenario":"keystroke-batch","repetition":3,"operations":128,"microseconds":6659.2,"queryMicroseconds":401,"totalMicroseconds":7060.6,"operationSnapshotBuilds":0,"snapshotBuilds":1,"uiaListening":true}
UIA_PUBLICATION_BENCHMARK {"scenario":"keystroke-batch","repetition":4,"operations":128,"microseconds":6765.4,"queryMicroseconds":390.6,"totalMicroseconds":7156.3,"operationSnapshotBuilds":0,"snapshotBuilds":1,"uiaListening":true}
UIA_PUBLICATION_BENCHMARK {"scenario":"keystroke-batch","repetition":5,"operations":128,"microseconds":5157.3,"queryMicroseconds":866.6,"totalMicroseconds":6024.1,"operationSnapshotBuilds":0,"snapshotBuilds":1,"uiaListening":true}
UIA_PUBLICATION_BENCHMARK {"scenario":"keystroke-batch","repetition":6,"operations":128,"microseconds":5154.6,"queryMicroseconds":354,"totalMicroseconds":5508.8,"operationSnapshotBuilds":0,"snapshotBuilds":1,"uiaListening":true}
UIA_PUBLICATION_BENCHMARK {"scenario":"selection-batch","repetition":0,"operations":128,"microseconds":468.2,"queryMicroseconds":314.8,"totalMicroseconds":783.2,"operationSnapshotBuilds":0,"snapshotBuilds":1,"uiaListening":true}
UIA_PUBLICATION_BENCHMARK {"scenario":"selection-batch","repetition":1,"operations":128,"microseconds":463.2,"queryMicroseconds":323.4,"totalMicroseconds":786.9,"operationSnapshotBuilds":0,"snapshotBuilds":1,"uiaListening":true}
UIA_PUBLICATION_BENCHMARK {"scenario":"selection-batch","repetition":2,"operations":128,"microseconds":446.9,"queryMicroseconds":298.9,"totalMicroseconds":745.9,"operationSnapshotBuilds":0,"snapshotBuilds":1,"uiaListening":true}
UIA_PUBLICATION_BENCHMARK {"scenario":"selection-batch","repetition":3,"operations":128,"microseconds":445.6,"queryMicroseconds":288.1,"totalMicroseconds":733.9,"operationSnapshotBuilds":0,"snapshotBuilds":1,"uiaListening":true}
UIA_PUBLICATION_BENCHMARK {"scenario":"selection-batch","repetition":4,"operations":128,"microseconds":445.1,"queryMicroseconds":290.6,"totalMicroseconds":735.8,"operationSnapshotBuilds":0,"snapshotBuilds":1,"uiaListening":true}
UIA_PUBLICATION_BENCHMARK {"scenario":"selection-batch","repetition":5,"operations":128,"microseconds":442.5,"queryMicroseconds":294.8,"totalMicroseconds":737.4,"operationSnapshotBuilds":0,"snapshotBuilds":1,"uiaListening":true}
UIA_PUBLICATION_BENCHMARK {"scenario":"selection-batch","repetition":6,"operations":128,"microseconds":455.3,"queryMicroseconds":293.2,"totalMicroseconds":748.6,"operationSnapshotBuilds":0,"snapshotBuilds":1,"uiaListening":true}
    [TRACE] attached host dtor: begin
    [TRACE] attached host dtor: host detached
    [TRACE] attached host dtor: hwnd reset
  [DONE] TestAccessibilityPublicationMutationBatchRetainsFinalStateAndReportsCost (0.332 s)
[DONE] Accessibility (0.332 s)
All DxUi tests passed.
