[WATCHDOG] each test may run 300 s; a test that outlives it ends the run with exit code 124
[START] Accessibility
  [START] TestAccessibilityPublicationMutationBatchRetainsFinalStateAndReportsCost
UIA_PUBLICATION_BENCHMARK {"scenario":"keystroke-batch","repetition":0,"operations":128,"microseconds":246716,"queryMicroseconds":624.8,"totalMicroseconds":247342,"operationSnapshotBuilds":0,"snapshotBuilds":1,"uiaListening":true}
UIA_PUBLICATION_BENCHMARK {"scenario":"keystroke-batch","repetition":1,"operations":128,"microseconds":5409.6,"queryMicroseconds":428.2,"totalMicroseconds":5838.1,"operationSnapshotBuilds":0,"snapshotBuilds":1,"uiaListening":true}
UIA_PUBLICATION_BENCHMARK {"scenario":"keystroke-batch","repetition":2,"operations":128,"microseconds":5245.3,"queryMicroseconds":408.4,"totalMicroseconds":5654.1,"operationSnapshotBuilds":0,"snapshotBuilds":1,"uiaListening":true}
UIA_PUBLICATION_BENCHMARK {"scenario":"keystroke-batch","repetition":3,"operations":128,"microseconds":5688.9,"queryMicroseconds":377.4,"totalMicroseconds":6066.6,"operationSnapshotBuilds":0,"snapshotBuilds":1,"uiaListening":true}
UIA_PUBLICATION_BENCHMARK {"scenario":"keystroke-batch","repetition":4,"operations":128,"microseconds":5172,"queryMicroseconds":382.6,"totalMicroseconds":5554.9,"operationSnapshotBuilds":0,"snapshotBuilds":1,"uiaListening":true}
UIA_PUBLICATION_BENCHMARK {"scenario":"keystroke-batch","repetition":5,"operations":128,"microseconds":5129.2,"queryMicroseconds":368.1,"totalMicroseconds":5497.7,"operationSnapshotBuilds":0,"snapshotBuilds":1,"uiaListening":true}
UIA_PUBLICATION_BENCHMARK {"scenario":"keystroke-batch","repetition":6,"operations":128,"microseconds":5435.9,"queryMicroseconds":347,"totalMicroseconds":5783.2,"operationSnapshotBuilds":0,"snapshotBuilds":1,"uiaListening":true}
UIA_PUBLICATION_BENCHMARK {"scenario":"selection-batch","repetition":0,"operations":128,"microseconds":662.8,"queryMicroseconds":347.5,"totalMicroseconds":1010.8,"operationSnapshotBuilds":0,"snapshotBuilds":1,"uiaListening":true}
UIA_PUBLICATION_BENCHMARK {"scenario":"selection-batch","repetition":1,"operations":128,"microseconds":443.4,"queryMicroseconds":322.3,"totalMicroseconds":766.1,"operationSnapshotBuilds":0,"snapshotBuilds":1,"uiaListening":true}
UIA_PUBLICATION_BENCHMARK {"scenario":"selection-batch","repetition":2,"operations":128,"microseconds":439.7,"queryMicroseconds":288.6,"totalMicroseconds":728.4,"operationSnapshotBuilds":0,"snapshotBuilds":1,"uiaListening":true}
UIA_PUBLICATION_BENCHMARK {"scenario":"selection-batch","repetition":3,"operations":128,"microseconds":442,"queryMicroseconds":318.6,"totalMicroseconds":760.7,"operationSnapshotBuilds":0,"snapshotBuilds":1,"uiaListening":true}
UIA_PUBLICATION_BENCHMARK {"scenario":"selection-batch","repetition":4,"operations":128,"microseconds":451.7,"queryMicroseconds":293,"totalMicroseconds":744.9,"operationSnapshotBuilds":0,"snapshotBuilds":1,"uiaListening":true}
UIA_PUBLICATION_BENCHMARK {"scenario":"selection-batch","repetition":5,"operations":128,"microseconds":437,"queryMicroseconds":286.1,"totalMicroseconds":723.3,"operationSnapshotBuilds":0,"snapshotBuilds":1,"uiaListening":true}
UIA_PUBLICATION_BENCHMARK {"scenario":"selection-batch","repetition":6,"operations":128,"microseconds":436.7,"queryMicroseconds":281.6,"totalMicroseconds":718.4,"operationSnapshotBuilds":0,"snapshotBuilds":1,"uiaListening":true}
    [TRACE] attached host dtor: begin
    [TRACE] attached host dtor: host detached
    [TRACE] attached host dtor: hwnd reset
  [DONE] TestAccessibilityPublicationMutationBatchRetainsFinalStateAndReportsCost (0.332 s)
[DONE] Accessibility (0.333 s)
All DxUi tests passed.
