[WATCHDOG] each test may run 300 s; a test that outlives it ends the run with exit code 124
[START] Accessibility
  [START] TestAccessibilityPublicationMutationBatchRetainsFinalStateAndReportsCost
UIA_PUBLICATION_BENCHMARK {"scenario":"keystroke-batch","repetition":0,"operations":128,"microseconds":387155,"queryMicroseconds":11.2,"totalMicroseconds":387166,"operationSnapshotBuilds":384,"snapshotBuilds":384,"uiaListening":true}
UIA_PUBLICATION_BENCHMARK {"scenario":"keystroke-batch","repetition":1,"operations":128,"microseconds":142647,"queryMicroseconds":9.9,"totalMicroseconds":142657,"operationSnapshotBuilds":384,"snapshotBuilds":384,"uiaListening":true}
UIA_PUBLICATION_BENCHMARK {"scenario":"keystroke-batch","repetition":2,"operations":128,"microseconds":141512,"queryMicroseconds":10.4,"totalMicroseconds":141523,"operationSnapshotBuilds":384,"snapshotBuilds":384,"uiaListening":true}
UIA_PUBLICATION_BENCHMARK {"scenario":"keystroke-batch","repetition":3,"operations":128,"microseconds":142515,"queryMicroseconds":12,"totalMicroseconds":142527,"operationSnapshotBuilds":384,"snapshotBuilds":384,"uiaListening":true}
UIA_PUBLICATION_BENCHMARK {"scenario":"keystroke-batch","repetition":4,"operations":128,"microseconds":142622,"queryMicroseconds":12.1,"totalMicroseconds":142635,"operationSnapshotBuilds":384,"snapshotBuilds":384,"uiaListening":true}
UIA_PUBLICATION_BENCHMARK {"scenario":"keystroke-batch","repetition":5,"operations":128,"microseconds":140263,"queryMicroseconds":13.2,"totalMicroseconds":140277,"operationSnapshotBuilds":384,"snapshotBuilds":384,"uiaListening":true}
UIA_PUBLICATION_BENCHMARK {"scenario":"keystroke-batch","repetition":6,"operations":128,"microseconds":141708,"queryMicroseconds":11.9,"totalMicroseconds":141720,"operationSnapshotBuilds":384,"snapshotBuilds":384,"uiaListening":true}
UIA_PUBLICATION_BENCHMARK {"scenario":"selection-batch","repetition":0,"operations":128,"microseconds":48500,"queryMicroseconds":7.3,"totalMicroseconds":48508.1,"operationSnapshotBuilds":128,"snapshotBuilds":128,"uiaListening":true}
UIA_PUBLICATION_BENCHMARK {"scenario":"selection-batch","repetition":1,"operations":128,"microseconds":49202.8,"queryMicroseconds":8.1,"totalMicroseconds":49211.7,"operationSnapshotBuilds":128,"snapshotBuilds":128,"uiaListening":true}
UIA_PUBLICATION_BENCHMARK {"scenario":"selection-batch","repetition":2,"operations":128,"microseconds":52450.9,"queryMicroseconds":7.8,"totalMicroseconds":52459.5,"operationSnapshotBuilds":128,"snapshotBuilds":128,"uiaListening":true}
UIA_PUBLICATION_BENCHMARK {"scenario":"selection-batch","repetition":3,"operations":128,"microseconds":49865.5,"queryMicroseconds":8.1,"totalMicroseconds":49874.7,"operationSnapshotBuilds":128,"snapshotBuilds":128,"uiaListening":true}
UIA_PUBLICATION_BENCHMARK {"scenario":"selection-batch","repetition":4,"operations":128,"microseconds":47990.8,"queryMicroseconds":8.8,"totalMicroseconds":48000.4,"operationSnapshotBuilds":128,"snapshotBuilds":128,"uiaListening":true}
UIA_PUBLICATION_BENCHMARK {"scenario":"selection-batch","repetition":5,"operations":128,"microseconds":48699.5,"queryMicroseconds":7.4,"totalMicroseconds":48708,"operationSnapshotBuilds":128,"snapshotBuilds":128,"uiaListening":true}
UIA_PUBLICATION_BENCHMARK {"scenario":"selection-batch","repetition":6,"operations":128,"microseconds":53225.7,"queryMicroseconds":7.7,"totalMicroseconds":53234.5,"operationSnapshotBuilds":128,"snapshotBuilds":128,"uiaListening":true}
    [TRACE] attached host dtor: begin
    [TRACE] attached host dtor: host detached
    [TRACE] attached host dtor: hwnd reset
  [DONE] TestAccessibilityPublicationMutationBatchRetainsFinalStateAndReportsCost (1.646 s)
[DONE] Accessibility (1.646 s)
All DxUi tests passed.
