[WATCHDOG] each test may run 300 s; a test that outlives it ends the run with exit code 124
[START] Accessibility
  [START] TestAccessibilityPublicationMutationBatchRetainsFinalStateAndReportsCost
UIA_PUBLICATION_BENCHMARK {"scenario":"keystroke-batch","repetition":0,"operations":128,"microseconds":416118,"queryMicroseconds":17.9,"totalMicroseconds":416137,"operationSnapshotBuilds":384,"snapshotBuilds":384,"uiaListening":true}
UIA_PUBLICATION_BENCHMARK {"scenario":"keystroke-batch","repetition":1,"operations":128,"microseconds":156429,"queryMicroseconds":12.7,"totalMicroseconds":156442,"operationSnapshotBuilds":384,"snapshotBuilds":384,"uiaListening":true}
UIA_PUBLICATION_BENCHMARK {"scenario":"keystroke-batch","repetition":2,"operations":128,"microseconds":149007,"queryMicroseconds":11.9,"totalMicroseconds":149020,"operationSnapshotBuilds":384,"snapshotBuilds":384,"uiaListening":true}
UIA_PUBLICATION_BENCHMARK {"scenario":"keystroke-batch","repetition":3,"operations":128,"microseconds":143883,"queryMicroseconds":12,"totalMicroseconds":143896,"operationSnapshotBuilds":384,"snapshotBuilds":384,"uiaListening":true}
UIA_PUBLICATION_BENCHMARK {"scenario":"keystroke-batch","repetition":4,"operations":128,"microseconds":148963,"queryMicroseconds":13.6,"totalMicroseconds":148978,"operationSnapshotBuilds":384,"snapshotBuilds":384,"uiaListening":true}
UIA_PUBLICATION_BENCHMARK {"scenario":"keystroke-batch","repetition":5,"operations":128,"microseconds":163026,"queryMicroseconds":13.9,"totalMicroseconds":163041,"operationSnapshotBuilds":384,"snapshotBuilds":384,"uiaListening":true}
UIA_PUBLICATION_BENCHMARK {"scenario":"keystroke-batch","repetition":6,"operations":128,"microseconds":150418,"queryMicroseconds":12.6,"totalMicroseconds":150431,"operationSnapshotBuilds":384,"snapshotBuilds":384,"uiaListening":true}
UIA_PUBLICATION_BENCHMARK {"scenario":"selection-batch","repetition":0,"operations":128,"microseconds":51616.1,"queryMicroseconds":11.7,"totalMicroseconds":51629.4,"operationSnapshotBuilds":128,"snapshotBuilds":128,"uiaListening":true}
UIA_PUBLICATION_BENCHMARK {"scenario":"selection-batch","repetition":1,"operations":128,"microseconds":56171.5,"queryMicroseconds":8.7,"totalMicroseconds":56181.3,"operationSnapshotBuilds":128,"snapshotBuilds":128,"uiaListening":true}
UIA_PUBLICATION_BENCHMARK {"scenario":"selection-batch","repetition":2,"operations":128,"microseconds":51593.2,"queryMicroseconds":8.8,"totalMicroseconds":51603,"operationSnapshotBuilds":128,"snapshotBuilds":128,"uiaListening":true}
UIA_PUBLICATION_BENCHMARK {"scenario":"selection-batch","repetition":3,"operations":128,"microseconds":52346.3,"queryMicroseconds":9.2,"totalMicroseconds":52356.7,"operationSnapshotBuilds":128,"snapshotBuilds":128,"uiaListening":true}
UIA_PUBLICATION_BENCHMARK {"scenario":"selection-batch","repetition":4,"operations":128,"microseconds":52001.6,"queryMicroseconds":8.5,"totalMicroseconds":52011,"operationSnapshotBuilds":128,"snapshotBuilds":128,"uiaListening":true}
UIA_PUBLICATION_BENCHMARK {"scenario":"selection-batch","repetition":5,"operations":128,"microseconds":65709.3,"queryMicroseconds":9.5,"totalMicroseconds":65720.1,"operationSnapshotBuilds":128,"snapshotBuilds":128,"uiaListening":true}
UIA_PUBLICATION_BENCHMARK {"scenario":"selection-batch","repetition":6,"operations":128,"microseconds":54180.9,"queryMicroseconds":8.8,"totalMicroseconds":54190.6,"operationSnapshotBuilds":128,"snapshotBuilds":128,"uiaListening":true}
    [TRACE] attached host dtor: begin
    [TRACE] attached host dtor: host detached
    [TRACE] attached host dtor: hwnd reset
  [DONE] TestAccessibilityPublicationMutationBatchRetainsFinalStateAndReportsCost (1.787 s)
[DONE] Accessibility (1.788 s)
All DxUi tests passed.
