2026-10-09T21:28:12.1827934Z Current runner version: '2.337.0'
2026-10-09T21:28:12.2025627Z ##[group]Runner Image Provisioner
2026-10-09T21:28:12.2026491Z Hosted Compute Agent
2026-10-09T21:28:12.2027041Z Version: 20260901.588
2026-10-09T21:28:12.2027651Z Commit: f88ec8081b781fac6c440065ac7ff9e710ce3d0b
2026-10-09T21:28:12.2028793Z Build Date: 2026-09-01T19:56:44Z
2026-10-09T21:28:12.2029477Z Worker ID: {b6c10ab2-9408-41b0-b131-13bdcf3b2479}
2026-10-09T21:28:12.2030226Z Azure Region: westcentralus
2026-10-09T21:28:12.2030863Z ##[endgroup]
2026-10-09T21:28:12.2032244Z ##[group]Operating System
2026-10-09T21:28:12.2032867Z Microsoft Windows Server 2025
2026-10-09T21:28:12.2033426Z 10.0.26100
2026-10-09T21:28:12.2033937Z Datacenter
2026-10-09T21:28:12.2034453Z ##[endgroup]
2026-10-09T21:28:12.2034954Z ##[group]Runner Image
2026-10-09T21:28:12.2035545Z Image: windows-2025-vs2026
2026-10-09T21:28:12.2036167Z Version: 20260925.250.1
2026-10-09T21:28:12.2037695Z Included Software: https://github.com/actions/runner-images/blob/win25-vs2026/20260925.250/images/windows/Windows2025-VS2026-Readme.md
2026-10-09T21:28:12.2039318Z Image Release: https://github.com/actions/runner-images/releases/tag/win25-vs2026%2F20260925.250
2026-10-09T21:28:12.2040307Z ##[endgroup]
2026-10-09T21:28:12.2041455Z ##[group]GITHUB_TOKEN Permissions
2026-10-09T21:28:12.2043416Z Contents: read
2026-10-09T21:28:12.2043940Z Metadata: read
2026-10-09T21:28:12.2044492Z ##[endgroup]
2026-10-09T21:28:12.2046705Z Secret source: Actions
2026-10-09T21:28:12.2047609Z Cache mode: write
2026-10-09T21:28:12.2048800Z Prepare workflow directory
2026-10-09T21:28:12.2977740Z Prepare all required actions
2026-10-09T21:28:12.3026953Z Getting action download info
2026-10-09T21:28:12.5911134Z Download action repository 'actions/checkout@11d5960a326750d5838078e36cf38b85af677262' (SHA:11d5960a326750d5838078e36cf38b85af677262)
2026-10-09T21:28:12.7557678Z Download action repository 'actions/upload-artifact@ea165f8d65b6e75b540449e92b4886f43607fa02' (SHA:ea165f8d65b6e75b540449e92b4886f43607fa02)
2026-10-09T21:28:13.4462704Z Complete job name: native (x64, windows-2025-vs2026, ASan Debug)
2026-10-09T21:28:14.0822761Z ##[group]Run actions/checkout@11d5960a326750d5838078e36cf38b85af677262
2026-10-09T21:28:14.0824563Z with:
2026-10-09T21:28:14.0825326Z   repository: RedSalamanders/DxUi
2026-10-09T21:28:14.0832295Z   token: ***
2026-10-09T21:28:14.0833019Z   ssh-strict: true
2026-10-09T21:28:14.0833812Z   ssh-user: git
2026-10-09T21:28:14.0834550Z   persist-credentials: true
2026-10-09T21:28:14.0835369Z   clean: true
2026-10-09T21:28:14.0836108Z   sparse-checkout-cone-mode: true
2026-10-09T21:28:14.0837001Z   fetch-depth: 1
2026-10-09T21:28:14.0837715Z   fetch-tags: false
2026-10-09T21:28:14.0838892Z   show-progress: true
2026-10-09T21:28:14.0839714Z   lfs: false
2026-10-09T21:28:14.0840526Z   submodules: false
2026-10-09T21:28:14.0841300Z   set-safe-directory: true
2026-10-09T21:28:14.0842147Z   allow-unsafe-pr-checkout: false
2026-10-09T21:28:14.0843305Z ##[endgroup]
2026-10-09T21:28:14.2859924Z Syncing repository: RedSalamanders/DxUi
2026-10-09T21:28:14.2862831Z ##[group]Getting Git version info
2026-10-09T21:28:14.2863857Z Working directory is 'D:\a\DxUi\DxUi'
2026-10-09T21:28:14.3665607Z [command]"C:\Program Files\Git\bin\git.exe" version
2026-10-09T21:28:14.6702846Z git version 2.55.0.windows.5
2026-10-09T21:28:14.6759062Z ##[endgroup]
2026-10-09T21:28:14.6988107Z Temporarily overriding HOME='D:\a\_temp\e6c68d3d-c5c9-4131-8019-ae5568a19b87' before making global git config changes
2026-10-09T21:28:14.6990369Z Adding repository directory to the temporary git global config as a safe directory
2026-10-09T21:28:14.6992255Z [command]"C:\Program Files\Git\bin\git.exe" config --global --add safe.directory D:\a\DxUi\DxUi
2026-10-09T21:28:14.7385146Z Deleting the contents of 'D:\a\DxUi\DxUi'
2026-10-09T21:28:14.7391851Z ##[group]Initializing the repository
2026-10-09T21:28:14.7401101Z [command]"C:\Program Files\Git\bin\git.exe" init D:\a\DxUi\DxUi
2026-10-09T21:28:14.8160321Z Initialized empty Git repository in D:/a/DxUi/DxUi/.git/
2026-10-09T21:28:14.8208307Z [command]"C:\Program Files\Git\bin\git.exe" remote add origin https://github.com/RedSalamanders/DxUi
2026-10-09T21:28:14.8794169Z ##[endgroup]
2026-10-09T21:28:14.8796184Z ##[group]Disabling automatic garbage collection
2026-10-09T21:28:14.8805771Z [command]"C:\Program Files\Git\bin\git.exe" config --local gc.auto 0
2026-10-09T21:28:14.9146947Z ##[endgroup]
2026-10-09T21:28:14.9148268Z ##[group]Setting up auth
2026-10-09T21:28:14.9149647Z [command]"C:\Program Files\Git\bin\git.exe" config --local --name-only --get-regexp core\.sshCommand
2026-10-09T21:28:14.9490815Z [command]"C:\Program Files\Git\bin\git.exe" submodule foreach --recursive "sh -c \"git config --local --name-only --get-regexp 'core\.sshCommand' && git config --local --unset-all 'core.sshCommand' || :\""
2026-10-09T21:28:16.2405782Z [command]"C:\Program Files\Git\bin\git.exe" config --local --name-only --get-regexp http\.https\:\/\/github\.com\/\.extraheader
2026-10-09T21:28:16.2708524Z [command]"C:\Program Files\Git\bin\git.exe" submodule foreach --recursive "sh -c \"git config --local --name-only --get-regexp 'http\.https\:\/\/github\.com\/\.extraheader' && git config --local --unset-all 'http.https://github.com/.extraheader' || :\""
2026-10-09T21:28:16.8234253Z [command]"C:\Program Files\Git\bin\git.exe" config --local --name-only --get-regexp ^includeIf\.gitdir:
2026-10-09T21:28:16.8550343Z [command]"C:\Program Files\Git\bin\git.exe" submodule foreach --recursive "git config --local --show-origin --name-only --get-regexp remote.origin.url"
2026-10-09T21:28:17.4121093Z [command]"C:\Program Files\Git\bin\git.exe" config --local http.https://github.com/.extraheader "AUTHORIZATION: basic ***"
2026-10-09T21:28:17.4504301Z ##[endgroup]
2026-10-09T21:28:17.4505052Z ##[group]Fetching the repository
2026-10-09T21:28:17.4519943Z [command]"C:\Program Files\Git\bin\git.exe" -c protocol.version=2 fetch --no-tags --prune --no-recurse-submodules --depth=1 origin +d768aeebecd996d509109cdddadddc07b37ef9b9:refs/remotes/pull/70/merge
2026-10-09T21:28:19.4973876Z From https://github.com/RedSalamanders/DxUi
2026-10-09T21:28:19.4974805Z  * [new ref]         d768aeebecd996d509109cdddadddc07b37ef9b9 -> pull/70/merge
2026-10-09T21:28:19.5019813Z ##[endgroup]
2026-10-09T21:28:19.5020393Z ##[group]Determining the checkout info
2026-10-09T21:28:19.5023257Z ##[endgroup]
2026-10-09T21:28:19.5033701Z [command]"C:\Program Files\Git\bin\git.exe" sparse-checkout disable
2026-10-09T21:28:19.5452959Z [command]"C:\Program Files\Git\bin\git.exe" config --local --unset-all extensions.worktreeConfig
2026-10-09T21:28:19.5745397Z ##[group]Checking out the ref
2026-10-09T21:28:19.5755046Z [command]"C:\Program Files\Git\bin\git.exe" checkout --progress --force refs/remotes/pull/70/merge
2026-10-09T21:28:20.6353728Z Updating files:  67% (2899/4309)
2026-10-09T21:28:20.6494496Z Updating files:  68% (2931/4309)
2026-10-09T21:28:20.6661922Z Updating files:  69% (2974/4309)
2026-10-09T21:28:20.6796641Z Updating files:  70% (3017/4309)
2026-10-09T21:28:20.6929390Z Updating files:  71% (3060/4309)
2026-10-09T21:28:20.7066202Z Updating files:  72% (3103/4309)
2026-10-09T21:28:20.7298613Z Updating files:  73% (3146/4309)
2026-10-09T21:28:20.7441088Z Updating files:  74% (3189/4309)
2026-10-09T21:28:20.7642067Z Updating files:  75% (3232/4309)
2026-10-09T21:28:20.7796694Z Updating files:  76% (3275/4309)
2026-10-09T21:28:20.7928148Z Updating files:  77% (3318/4309)
2026-10-09T21:28:20.8118483Z Updating files:  78% (3362/4309)
2026-10-09T21:28:20.8263631Z Updating files:  79% (3405/4309)
2026-10-09T21:28:20.8400909Z Updating files:  80% (3448/4309)
2026-10-09T21:28:20.8526227Z Updating files:  81% (3491/4309)
2026-10-09T21:28:20.8662201Z Updating files:  82% (3534/4309)
2026-10-09T21:28:20.8781455Z Updating files:  83% (3577/4309)
2026-10-09T21:28:20.8900636Z Updating files:  84% (3620/4309)
2026-10-09T21:28:20.9029526Z Updating files:  85% (3663/4309)
2026-10-09T21:28:20.9180776Z Updating files:  86% (3706/4309)
2026-10-09T21:28:20.9315649Z Updating files:  87% (3749/4309)
2026-10-09T21:28:20.9477363Z Updating files:  88% (3792/4309)
2026-10-09T21:28:20.9642246Z Updating files:  89% (3836/4309)
2026-10-09T21:28:20.9807290Z Updating files:  90% (3879/4309)
2026-10-09T21:28:20.9976695Z Updating files:  91% (3922/4309)
2026-10-09T21:28:21.0140378Z Updating files:  92% (3965/4309)
2026-10-09T21:28:21.0266165Z Updating files:  93% (4008/4309)
2026-10-09T21:28:21.0443928Z Updating files:  94% (4051/4309)
2026-10-09T21:28:21.0764579Z Updating files:  95% (4094/4309)
2026-10-09T21:28:21.0909463Z Updating files:  96% (4137/4309)
2026-10-09T21:28:21.1054788Z Updating files:  97% (4180/4309)
2026-10-09T21:28:21.1402095Z Updating files:  98% (4223/4309)
2026-10-09T21:28:21.1634045Z Updating files:  99% (4266/4309)
2026-10-09T21:28:21.1638117Z Updating files: 100% (4309/4309)
2026-10-09T21:28:21.1638502Z Updating files: 100% (4309/4309), done.
2026-10-09T21:28:21.2314506Z Note: switching to 'refs/remotes/pull/70/merge'.
2026-10-09T21:28:21.2315296Z 
2026-10-09T21:28:21.2316204Z You are in 'detached HEAD' state. You can look around, make experimental
2026-10-09T21:28:21.2316990Z changes and commit them, and you can discard any commits you make in this
2026-10-09T21:28:21.2317702Z state without impacting any branches by switching back to a branch.
2026-10-09T21:28:21.2318104Z 
2026-10-09T21:28:21.2318380Z If you want to create a new branch to retain commits you create, you may
2026-10-09T21:28:21.2319055Z do so (now or later) by using -c with the switch command. Example:
2026-10-09T21:28:21.2319416Z 
2026-10-09T21:28:21.2319569Z   git switch -c <new-branch-name>
2026-10-09T21:28:21.2320423Z 
2026-10-09T21:28:21.2320624Z Or undo this operation with:
2026-10-09T21:28:21.2320888Z 
2026-10-09T21:28:21.2321014Z   git switch -
2026-10-09T21:28:21.2321191Z 
2026-10-09T21:28:21.2321520Z Turn off this advice by setting config variable advice.detachedHead to false
2026-10-09T21:28:21.2322057Z 
2026-10-09T21:28:21.2323392Z HEAD is now at d768aee Merge ffc64c8947301dfaf2b1e295968a1cc6253bd413 into bea676a1f8418141f61cab9326b9b910e89a14b4
2026-10-09T21:28:21.2496424Z ##[endgroup]
2026-10-09T21:28:21.3540275Z [command]"C:\Program Files\Git\bin\git.exe" log -1 --format=%H
2026-10-09T21:28:21.4049383Z d768aeebecd996d509109cdddadddc07b37ef9b9
2026-10-09T21:28:21.4714298Z ##[group]Run ./vcpkg-install.ps1 -Platform x64
2026-10-09T21:28:21.4714978Z [36;1m./vcpkg-install.ps1 -Platform x64[0m
2026-10-09T21:28:21.5198667Z shell: C:\Program Files\PowerShell\7\pwsh.EXE -command ". '{0}'"
2026-10-09T21:28:21.5199218Z ##[endgroup]
2026-10-09T21:28:22.7821723Z Visual Studio: C:\Program Files\Microsoft Visual Studio\18\Enterprise
2026-10-09T21:28:22.7845002Z MSVC toolset:  14.51.36231, the default MSBuild compiles with; vcpkg is pinned to 14.51
2026-10-09T21:28:22.7931521Z Cloning pinned vcpkg tooling into D:\a\DxUi\DxUi\.build\vcpkg-tool
2026-10-09T21:28:22.9598488Z Cloning into 'D:\a\DxUi\DxUi\.build\vcpkg-tool'...
2026-10-09T21:28:35.4995795Z Updating files:   0% (1/14336)
2026-10-09T21:28:35.5372440Z Updating files:   1% (144/14336)
2026-10-09T21:28:35.5756876Z Updating files:   2% (287/14336)
2026-10-09T21:28:35.6229930Z Updating files:   3% (431/14336)
2026-10-09T21:28:35.6251484Z Updating files:   3% (566/14336)
2026-10-09T21:28:35.6746961Z Updating files:   4% (574/14336)
2026-10-09T21:28:35.7274174Z Updating files:   5% (717/14336)
2026-10-09T21:28:35.7962832Z Updating files:   6% (861/14336)
2026-10-09T21:28:35.8502526Z Updating files:   7% (1004/14336)
2026-10-09T21:28:35.9028547Z Updating files:   8% (1147/14336)
2026-10-09T21:28:35.9513390Z Updating files:   9% (1291/14336)
2026-10-09T21:28:36.0024699Z Updating files:  10% (1434/14336)
2026-10-09T21:28:36.0535769Z Updating files:  11% (1577/14336)
2026-10-09T21:28:36.1041264Z Updating files:  12% (1721/14336)
2026-10-09T21:28:36.1488344Z Updating files:  13% (1864/14336)
2026-10-09T21:28:36.1821604Z Updating files:  14% (2008/14336)
2026-10-09T21:28:36.2236383Z Updating files:  15% (2151/14336)
2026-10-09T21:28:36.2676553Z Updating files:  16% (2294/14336)
2026-10-09T21:28:36.3061088Z Updating files:  17% (2438/14336)
2026-10-09T21:28:36.3406501Z Updating files:  18% (2581/14336)
2026-10-09T21:28:36.3747557Z Updating files:  19% (2724/14336)
2026-10-09T21:28:36.4181197Z Updating files:  20% (2868/14336)
2026-10-09T21:28:36.4541551Z Updating files:  21% (3011/14336)
2026-10-09T21:28:36.4913537Z Updating files:  22% (3154/14336)
2026-10-09T21:28:36.5249189Z Updating files:  23% (3298/14336)
2026-10-09T21:28:36.5570739Z Updating files:  24% (3441/14336)
2026-10-09T21:28:36.6137094Z Updating files:  25% (3584/14336)
2026-10-09T21:28:36.6239292Z Updating files:  26% (3728/14336)
2026-10-09T21:28:36.6476825Z Updating files:  26% (3772/14336)
2026-10-09T21:28:36.6792920Z Updating files:  27% (3871/14336)
2026-10-09T21:28:36.7117211Z Updating files:  28% (4015/14336)
2026-10-09T21:28:36.7443927Z Updating files:  29% (4158/14336)
2026-10-09T21:28:36.7793865Z Updating files:  30% (4301/14336)
2026-10-09T21:28:36.8144504Z Updating files:  31% (4445/14336)
2026-10-09T21:28:36.8459208Z Updating files:  32% (4588/14336)
2026-10-09T21:28:36.8783539Z Updating files:  33% (4731/14336)
2026-10-09T21:28:36.9113548Z Updating files:  34% (4875/14336)
2026-10-09T21:28:36.9436676Z Updating files:  35% (5018/14336)
2026-10-09T21:28:37.1003235Z Updating files:  36% (5161/14336)
2026-10-09T21:28:37.1367200Z Updating files:  37% (5305/14336)
2026-10-09T21:28:37.1698318Z Updating files:  38% (5448/14336)
2026-10-09T21:28:37.2035084Z Updating files:  39% (5592/14336)
2026-10-09T21:28:37.2443241Z Updating files:  40% (5735/14336)
2026-10-09T21:28:37.2810003Z Updating files:  41% (5878/14336)
2026-10-09T21:28:37.3229892Z Updating files:  42% (6022/14336)
2026-10-09T21:28:37.3735020Z Updating files:  43% (6165/14336)
2026-10-09T21:28:37.4195264Z Updating files:  44% (6308/14336)
2026-10-09T21:28:37.4545282Z Updating files:  45% (6452/14336)
2026-10-09T21:28:37.4866460Z Updating files:  46% (6595/14336)
2026-10-09T21:28:37.5187380Z Updating files:  47% (6738/14336)
2026-10-09T21:28:37.5525161Z Updating files:  48% (6882/14336)
2026-10-09T21:28:37.5838992Z Updating files:  49% (7025/14336)
2026-10-09T21:28:37.6153684Z Updating files:  50% (7168/14336)
2026-10-09T21:28:37.6357476Z Updating files:  51% (7312/14336)
2026-10-09T21:28:37.6468237Z Updating files:  51% (7403/14336)
2026-10-09T21:28:37.6784273Z Updating files:  52% (7455/14336)
2026-10-09T21:28:37.7085825Z Updating files:  53% (7599/14336)
2026-10-09T21:28:37.7386695Z Updating files:  54% (7742/14336)
2026-10-09T21:28:37.7703416Z Updating files:  55% (7885/14336)
2026-10-09T21:28:37.8019256Z Updating files:  56% (8029/14336)
2026-10-09T21:28:37.8327927Z Updating files:  57% (8172/14336)
2026-10-09T21:28:37.8650797Z Updating files:  58% (8315/14336)
2026-10-09T21:28:37.8958360Z Updating files:  59% (8459/14336)
2026-10-09T21:28:37.9274075Z Updating files:  60% (8602/14336)
2026-10-09T21:28:37.9654090Z Updating files:  61% (8745/14336)
2026-10-09T21:28:37.9985203Z Updating files:  62% (8889/14336)
2026-10-09T21:28:38.0323926Z Updating files:  63% (9032/14336)
2026-10-09T21:28:38.1013656Z Updating files:  64% (9176/14336)
2026-10-09T21:28:38.1328508Z Updating files:  65% (9319/14336)
2026-10-09T21:28:38.1648794Z Updating files:  66% (9462/14336)
2026-10-09T21:28:38.1957195Z Updating files:  67% (9606/14336)
2026-10-09T21:28:38.2277506Z Updating files:  68% (9749/14336)
2026-10-09T21:28:38.2595683Z Updating files:  69% (9892/14336)
2026-10-09T21:28:38.2920485Z Updating files:  70% (10036/14336)
2026-10-09T21:28:38.3258454Z Updating files:  71% (10179/14336)
2026-10-09T21:28:38.3586565Z Updating files:  72% (10322/14336)
2026-10-09T21:28:38.4822342Z Updating files:  73% (10466/14336)
2026-10-09T21:28:38.5134330Z Updating files:  74% (10609/14336)
2026-10-09T21:28:38.5558374Z Updating files:  75% (10752/14336)
2026-10-09T21:28:38.5906076Z Updating files:  76% (10896/14336)
2026-10-09T21:28:38.6205422Z Updating files:  77% (11039/14336)
2026-10-09T21:28:38.6370376Z Updating files:  78% (11183/14336)
2026-10-09T21:28:38.6504846Z Updating files:  78% (11265/14336)
2026-10-09T21:28:38.6816869Z Updating files:  79% (11326/14336)
2026-10-09T21:28:38.7140302Z Updating files:  80% (11469/14336)
2026-10-09T21:28:38.7442519Z Updating files:  81% (11613/14336)
2026-10-09T21:28:38.7730542Z Updating files:  82% (11756/14336)
2026-10-09T21:28:38.8019392Z Updating files:  83% (11899/14336)
2026-10-09T21:28:38.8309454Z Updating files:  84% (12043/14336)
2026-10-09T21:28:38.8593901Z Updating files:  85% (12186/14336)
2026-10-09T21:28:38.8878814Z Updating files:  86% (12329/14336)
2026-10-09T21:28:38.9162903Z Updating files:  87% (12473/14336)
2026-10-09T21:28:38.9452901Z Updating files:  88% (12616/14336)
2026-10-09T21:28:38.9735756Z Updating files:  89% (12760/14336)
2026-10-09T21:28:39.0017765Z Updating files:  90% (12903/14336)
2026-10-09T21:28:39.0300953Z Updating files:  91% (13046/14336)
2026-10-09T21:28:39.0600768Z Updating files:  92% (13190/14336)
2026-10-09T21:28:39.0884716Z Updating files:  93% (13333/14336)
2026-10-09T21:28:39.1199875Z Updating files:  94% (13476/14336)
2026-10-09T21:28:39.1479121Z Updating files:  95% (13620/14336)
2026-10-09T21:28:39.1762608Z Updating files:  96% (13763/14336)
2026-10-09T21:28:39.2042681Z Updating files:  97% (13906/14336)
2026-10-09T21:28:39.2325479Z Updating files:  98% (14050/14336)
2026-10-09T21:28:39.2604532Z Updating files:  99% (14193/14336)
2026-10-09T21:28:39.2605227Z Updating files: 100% (14336/14336)
2026-10-09T21:28:39.2605601Z Updating files: 100% (14336/14336), done.
2026-10-09T21:28:39.5394674Z Selecting pinned vcpkg commit 9e593bb18ea69cc5095e012465dcd675a822ed0d
2026-10-09T21:28:40.4829901Z From https://github.com/microsoft/vcpkg
2026-10-09T21:28:40.4830358Z  * branch                9e593bb18ea69cc5095e012465dcd675a822ed0d -> FETCH_HEAD
2026-10-09T21:28:42.6799380Z HEAD is now at 9e593bb18 Release vcpkg-tool 2026-07-27. (#53109)
2026-10-09T21:28:42.6911056Z Bootstrapping vcpkg...
2026-10-09T21:28:45.4129376Z Downloading https://github.com/microsoft/vcpkg-tool/releases/download/2026-07-27/vcpkg.exe -> D:\a\DxUi\DxUi\.build\vcpkg-tool\vcpkg.exe... done.
2026-10-09T21:28:45.5836729Z Validating signature... done.
2026-10-09T21:28:45.5980549Z 
2026-10-09T21:28:45.6178394Z vcpkg package management program version 2026-07-27-98d7cb0cf1f4686a3e43aa5672b6230c1d56bce8
2026-10-09T21:28:45.6179523Z 
2026-10-09T21:28:45.6179781Z See LICENSE.txt for license information.
2026-10-09T21:28:45.7311691Z Overlay triplet D:\a\DxUi\DxUi\.build\vcpkg-triplets\x64\x64-windows.cmake written
2026-10-09T21:28:45.7315572Z Installing DxUi dependencies (x64-windows)
2026-10-09T21:28:46.6639412Z Detecting compiler hash for triplet x64-windows...
2026-10-09T21:28:53.5741769Z Compiler found: C:/Program Files/Microsoft Visual Studio/18/Enterprise/VC/Tools/MSVC/14.51.36231/bin/Hostx64/x64/cl.exe
2026-10-09T21:28:53.5842257Z The following packages will be built and installed:
2026-10-09T21:28:53.5842776Z   * vcpkg-cmake:x64-windows@2024-04-23
2026-10-09T21:28:53.5843183Z   * vcpkg-cmake-config:x64-windows@2026-07-21
2026-10-09T21:28:53.5843552Z     wil:x64-windows@1.0.260126.7
2026-10-09T21:28:53.5844072Z Additional packages (*) will be modified to complete this operation.
2026-10-09T21:28:53.6811780Z Restored 0 package(s) from C:\Users\runneradmin\AppData\Local\vcpkg\archives in 82.5 us. Use --debug to see more details.
2026-10-09T21:28:53.6812439Z Installing 1/3 vcpkg-cmake-config:x64-windows@2026-07-21...
2026-10-09T21:28:53.6813039Z vcpkg-cmake-config:x64-windows@2026-07-21 package ABI: 2169879b5b64f074dcbf3cf595109791fee92922d010b7c7fc914b6983a87857
2026-10-09T21:28:53.6813590Z Building vcpkg-cmake-config:x64-windows@2026-07-21...
2026-10-09T21:28:53.6814065Z D:\a\DxUi\DxUi\.build\vcpkg-triplets\x64\x64-windows.cmake: info: loaded overlay triplet from here
2026-10-09T21:28:53.7141063Z -- Installing: D:/a/DxUi/DxUi/.build/vcpkg_packages/x64/vcpkg-cmake-config_x64-windows/share/vcpkg-cmake-config/vcpkg_cmake_config_fixup.cmake
2026-10-09T21:28:53.7147122Z -- Installing: D:/a/DxUi/DxUi/.build/vcpkg_packages/x64/vcpkg-cmake-config_x64-windows/share/vcpkg-cmake-config/vcpkg-port-config.cmake
2026-10-09T21:28:53.7152257Z -- Installing: D:/a/DxUi/DxUi/.build/vcpkg_packages/x64/vcpkg-cmake-config_x64-windows/share/vcpkg-cmake-config/copyright
2026-10-09T21:28:53.7209747Z -- Skipping post-build validation due to VCPKG_POLICY_EMPTY_PACKAGE
2026-10-09T21:28:53.7255233Z Starting submission of vcpkg-cmake-config:x64-windows@2026-07-21 to 1 binary cache(s) in the background
2026-10-09T21:28:53.7256125Z Elapsed time to handle vcpkg-cmake-config:x64-windows: 44.4 ms
2026-10-09T21:28:53.7256553Z Installing 2/3 vcpkg-cmake:x64-windows@2024-04-23...
2026-10-09T21:28:53.7257088Z vcpkg-cmake:x64-windows@2024-04-23 package ABI: 045c39a8cc6efe24b690eeb3fdad9cebd08f870e27d632ffc645bb5647028d5b
2026-10-09T21:28:53.7257615Z Building vcpkg-cmake:x64-windows@2024-04-23...
2026-10-09T21:28:53.7258405Z D:\a\DxUi\DxUi\.build\vcpkg-triplets\x64\x64-windows.cmake: info: loaded overlay triplet from here
2026-10-09T21:28:53.7618950Z -- Installing: D:/a/DxUi/DxUi/.build/vcpkg_packages/x64/vcpkg-cmake_x64-windows/share/vcpkg-cmake/vcpkg_cmake_configure.cmake
2026-10-09T21:28:53.7624744Z -- Installing: D:/a/DxUi/DxUi/.build/vcpkg_packages/x64/vcpkg-cmake_x64-windows/share/vcpkg-cmake/vcpkg_cmake_build.cmake
2026-10-09T21:28:53.7630495Z -- Installing: D:/a/DxUi/DxUi/.build/vcpkg_packages/x64/vcpkg-cmake_x64-windows/share/vcpkg-cmake/vcpkg_cmake_install.cmake
2026-10-09T21:28:53.7636000Z -- Installing: D:/a/DxUi/DxUi/.build/vcpkg_packages/x64/vcpkg-cmake_x64-windows/share/vcpkg-cmake/vcpkg-port-config.cmake
2026-10-09T21:28:53.7642477Z -- Installing: D:/a/DxUi/DxUi/.build/vcpkg_packages/x64/vcpkg-cmake_x64-windows/share/vcpkg-cmake/copyright
2026-10-09T21:28:53.7703391Z -- Performing post-build validation
2026-10-09T21:28:53.8096708Z Starting submission of vcpkg-cmake:x64-windows@2024-04-23 to 1 binary cache(s) in the background
2026-10-09T21:28:53.8097523Z Elapsed time to handle vcpkg-cmake:x64-windows: 84 ms
2026-10-09T21:28:53.8098044Z Installing 3/3 wil:x64-windows@1.0.260126.7...
2026-10-09T21:28:53.8099184Z wil:x64-windows@1.0.260126.7 package ABI: ab9f4a9c5e9c340b07c77501ff27b0023c3880b45f32d502e53b3ca3fc7ca744
2026-10-09T21:28:53.8100005Z Building wil:x64-windows@1.0.260126.7...
2026-10-09T21:28:53.8100680Z D:\a\DxUi\DxUi\.build\vcpkg-triplets\x64\x64-windows.cmake: info: loaded overlay triplet from here
2026-10-09T21:28:53.8555135Z Downloading https://github.com/Microsoft/wil/archive/v1.0.260126.7.tar.gz -> Microsoft-wil-v1.0.260126.7.tar.gz
2026-10-09T21:28:54.5907054Z Successfully downloaded Microsoft-wil-v1.0.260126.7.tar.gz
2026-10-09T21:28:54.5995573Z -- Extracting source D:/a/DxUi/DxUi/.build/vcpkg_downloads/Microsoft-wil-v1.0.260126.7.tar.gz
2026-10-09T21:28:54.8121686Z -- Applying patch cpp14.patch
2026-10-09T21:28:54.8465431Z -- Using source at D:/a/DxUi/DxUi/.build/vcpkg_buildtrees/x64/wil/src/0.260126.7-f396d2605e.clean
2026-10-09T21:28:54.8730444Z -- Configuring x64-windows
2026-10-09T21:28:58.1286083Z -- Building x64-windows-rel
2026-10-09T21:28:58.2182179Z -- Up-to-date: D:/a/DxUi/DxUi/.build/vcpkg_packages/x64/wil_x64-windows/share/wil/natvis
2026-10-09T21:28:58.2183284Z -- Installing: D:/a/DxUi/DxUi/.build/vcpkg_packages/x64/wil_x64-windows/share/wil/natvis/wil.natstepfilter
2026-10-09T21:28:58.2188505Z -- Installing: D:/a/DxUi/DxUi/.build/vcpkg_packages/x64/wil_x64-windows/share/wil/natvis/wil.natvis
2026-10-09T21:28:58.2195083Z -- Installing: D:/a/DxUi/DxUi/.build/vcpkg_packages/x64/wil_x64-windows/share/wil/copyright
2026-10-09T21:28:58.2262171Z -- Performing post-build validation
2026-10-09T21:28:58.2630451Z Starting submission of wil:x64-windows@1.0.260126.7 to 1 binary cache(s) in the background
2026-10-09T21:28:58.2631511Z Elapsed time to handle wil:x64-windows: 4.5 s
2026-10-09T21:28:58.2648340Z Installed contents are licensed to you by owners. Microsoft is not responsible for, nor does it grant any licenses to, third-party packages.
2026-10-09T21:28:58.2649656Z Packages installed in this vcpkg installation declare the following licenses:
2026-10-09T21:28:58.2650287Z MIT
2026-10-09T21:28:58.2650566Z wil provides CMake targets:
2026-10-09T21:28:58.2650830Z 
2026-10-09T21:28:58.2651044Z   # this is heuristically generated, and may not be correct
2026-10-09T21:28:58.2651565Z   find_package(wil CONFIG REQUIRED)
2026-10-09T21:28:58.2660100Z   target_link_libraries(main PRIVATE WIL::WIL)
2026-10-09T21:28:58.2660442Z 
2026-10-09T21:28:58.2660875Z Completed submission of vcpkg-cmake-config:x64-windows@2026-07-21 to 1 binary cache(s) in 180 ms
2026-10-09T21:28:58.2661794Z Completed submission of vcpkg-cmake:x64-windows@2024-04-23 to 1 binary cache(s) in 60.7 ms
2026-10-09T21:28:58.2662470Z Waiting for 1 remaining binary cache submissions...
2026-10-09T21:28:58.4160386Z Completed submission of wil:x64-windows@1.0.260126.7 to 1 binary cache(s) in 153 ms (1/1)
2026-10-09T21:28:58.4161205Z All requested installations completed successfully in: 4.6 s
2026-10-09T21:28:58.4204293Z vcpkg dependencies are ready.
2026-10-09T21:28:58.4612689Z ##[group]Run ./test.ps1 -Full -SkipTooling -Configuration "ASan Debug" -Platform x64
2026-10-09T21:28:58.4613397Z [36;1m./test.ps1 -Full -SkipTooling -Configuration "ASan Debug" -Platform x64[0m
2026-10-09T21:28:58.4680557Z shell: C:\Program Files\PowerShell\7\pwsh.EXE -command ". '{0}'"
2026-10-09T21:28:58.4680926Z ##[endgroup]
2026-10-09T21:28:59.4609674Z ╭────────────────────────────────────────────────────────────────────────╮
2026-10-09T21:28:59.4738139Z │                                                                        │
2026-10-09T21:28:59.4746000Z │                      ██████╗ ██╗  ██╗██╗   ██╗██╗                      │
2026-10-09T21:28:59.4751771Z │                      ██╔══██╗╚██╗██╔╝██║   ██║██║                      │
2026-10-09T21:28:59.4757802Z │                      ██║  ██║ ╚███╔╝ ██║   ██║██║                      │
2026-10-09T21:28:59.4763445Z │                      ██║  ██║ ██╔██╗ ██║   ██║██║                      │
2026-10-09T21:28:59.4769535Z │                      ██████╔╝██╔╝ ██╗╚██████╔╝██║                      │
2026-10-09T21:28:59.4775326Z │                      ╚═════╝ ╚═╝  ╚═╝ ╚═════╝ ╚═╝                      │
2026-10-09T21:28:59.4780786Z │                                                                        │
2026-10-09T21:28:59.4787461Z │      ✦  PIXELS PRIMED  •  CONTROLS READY  •  COMPILE MODE: GO!  ✦      │
2026-10-09T21:28:59.4798752Z │                  ⚡  ASAN DEBUG  /  X64  /  BUILD  ⚡                  │
2026-10-09T21:28:59.4806911Z │                                                                        │
2026-10-09T21:28:59.4813073Z ╰────────────────────────────────────────────────────────────────────────╯
2026-10-09T21:28:59.4817850Z 
2026-10-09T21:28:59.4829070Z Locating Visual Studio and MSBuild...
2026-10-09T21:29:00.6063918Z Build configuration:
2026-10-09T21:29:00.6068615Z   Configuration: ASan Debug
2026-10-09T21:29:00.6074469Z   Platform:      x64
2026-10-09T21:29:00.6080124Z   Target:        Build
2026-10-09T21:29:00.6085530Z   Toolchain:     C:\Program Files\Microsoft Visual Studio\18\Enterprise
2026-10-09T21:29:00.6090348Z   Output:        D:\a\DxUi\DxUi\.build\
2026-10-09T21:29:00.6096556Z 
2026-10-09T21:29:00.6101693Z Compiling DxUi...
2026-10-09T21:29:05.5746557Z 
2026-10-09T21:29:08.6661278Z   compilation header save succeeded; see D:\a\DxUi\DxUi\.build\Intermediate\x64\ASan Debug\DxUi\DxUiCompositeVS.h
2026-10-09T21:29:08.6668512Z   compilation object save succeeded; see D:\a\DxUi\DxUi\.build\Intermediate\x64\ASan Debug\DxUi\DxUiCompositeVS.cso
2026-10-09T21:29:08.7700432Z   compilation header save succeeded; see D:\a\DxUi\DxUi\.build\Intermediate\x64\ASan Debug\DxUi\DxUiCompositePS.h
2026-10-09T21:29:08.7707154Z   compilation object save succeeded; see D:\a\DxUi\DxUi\.build\Intermediate\x64\ASan Debug\DxUi\DxUiCompositePS.cso
2026-10-09T21:29:09.3560814Z   ControlCatalog.cpp
2026-10-09T21:29:17.1413807Z   NativeMenuInterop.cpp
2026-10-09T21:29:21.0402421Z   Embedded.cpp
2026-10-09T21:29:24.7638491Z   FrameRuntime.cpp
2026-10-09T21:29:25.3738090Z   DxUi.Accessibility.cpp
2026-10-09T21:29:30.8649641Z   DxUi.ComboBox.cpp
2026-10-09T21:29:34.9671124Z   DxUi.Controls.cpp
2026-10-09T21:29:40.0789769Z   DxUi.EditorControls.cpp
2026-10-09T21:29:44.0983930Z   DxUi.cpp
2026-10-09T21:29:48.1012432Z   DxUi.Grid.cpp
2026-10-09T21:29:53.4645962Z   DxUi.Menu.cpp
2026-10-09T21:29:59.4428283Z   DxUi.NativeTextInput.cpp
2026-10-09T21:30:03.3989720Z   DxUi.PointerInput.cpp
2026-10-09T21:30:04.0510814Z   DxUi.Scrollbar.cpp
2026-10-09T21:30:07.6616330Z   DxUi.SingleLineTextEditing.cpp
2026-10-09T21:30:11.8753805Z   DxUi.TextInput.cpp
2026-10-09T21:30:16.3065296Z   DxUi.TextStoreACP.cpp
2026-10-09T21:30:20.1279344Z   TextInputServices.cpp
2026-10-09T21:30:23.9631975Z   TextClipboard.cpp
2026-10-09T21:30:27.4578509Z   DxUi.Theme.cpp
2026-10-09T21:30:31.6314157Z   Generating Code...
2026-10-09T21:30:39.3533868Z   Compiling...
2026-10-09T21:30:39.3538055Z   DxUi.Tree.cpp
2026-10-09T21:30:43.3621285Z   DxUi.Typeahead.cpp
2026-10-09T21:30:46.8720346Z   DxUi.WindowHost.cpp
2026-10-09T21:30:52.5012028Z   Generating Code...
2026-10-09T21:30:54.0825075Z   DxUi.vcxproj -> D:\a\DxUi\DxUi\.build\x64\ASan Debug\DxUi.lib
2026-10-09T21:30:54.4262876Z   Main.cpp
2026-10-09T21:30:54.4388777Z   DxUi.Tests.Accessibility.cpp
2026-10-09T21:30:54.5952643Z   Foundation.Tests.Foundation.cpp
2026-10-09T21:30:54.6956793Z   InteractiveLease.Tests.Runner.cpp
2026-10-09T21:30:55.7843646Z   Foundation.Tests.PublicHelpers.cpp
2026-10-09T21:30:57.2123132Z   Embedded.Tests.Embedded.cpp
2026-10-09T21:31:03.3882041Z   Generating Code...
2026-10-09T21:31:05.6070340Z   DxUi.FoundationTests.vcxproj -> D:\a\DxUi\DxUi\.build\x64\ASan Debug\DxUi.FoundationTests.exe
2026-10-09T21:31:05.6171342Z   DxUi.EmbeddedControls.vcxproj -> D:\a\DxUi\DxUi\.build\x64\ASan Debug\DxUi.EmbeddedControls.exe
2026-10-09T21:31:06.2083469Z   DxUi.InteractiveLease.vcxproj -> D:\a\DxUi\DxUi\.build\x64\ASan Debug\DxUi.InteractiveLease.exe
2026-10-09T21:31:09.5882076Z   DxUi.Tests.Animation.cpp
2026-10-09T21:31:09.9616724Z   DxUi.EmbeddedTests.vcxproj -> D:\a\DxUi\DxUi\.build\x64\ASan Debug\DxUi.EmbeddedTests.exe
2026-10-09T21:31:14.9101003Z   DxUi.Tests.ComboBox.cpp
2026-10-09T21:31:20.2501650Z   DxUi.Tests.Controls.cpp
2026-10-09T21:31:26.4076363Z   DxUi.Tests.Runner.cpp
2026-10-09T21:31:31.6487579Z   DxUi.Tests.EditorControls.cpp
2026-10-09T21:31:37.4187434Z   DxUi.Tests.Gallery.cpp
2026-10-09T21:31:43.2823678Z   DxUi.Tests.Grid.cpp
2026-10-09T21:31:49.9796095Z   DxUi.Tests.InteractiveLease.cpp
2026-10-09T21:31:55.7799911Z   DxUi.Tests.Menu.cpp
2026-10-09T21:32:04.2406351Z   DxUi.Tests.MultilineText.cpp
2026-10-09T21:32:09.4571741Z   DxUi.Tests.NativeTextInput.cpp
2026-10-09T21:32:15.8894856Z   DxUi.Tests.NewControls.cpp
2026-10-09T21:32:21.7945045Z   DxUi.Tests.ReadOnly.cpp
2026-10-09T21:32:26.8455379Z   DxUi.Tests.Rendering.cpp
2026-10-09T21:32:33.1246346Z   DxUi.Tests.TextField.cpp
2026-10-09T21:32:38.5484516Z   DxUi.Tests.Theme.cpp
2026-10-09T21:32:43.6163125Z   DxUi.Tests.Tooltip.cpp
2026-10-09T21:32:48.7386490Z   DxUi.Tests.Tree.cpp
2026-10-09T21:32:54.1250352Z   DxUi.Tests.WindowHost.cpp
2026-10-09T21:33:01.2497490Z   Generating Code...
2026-10-09T21:33:18.3938477Z   DxUi.ControlTests.vcxproj -> D:\a\DxUi\DxUi\.build\x64\ASan Debug\DxUi.ControlTests.exe
2026-10-09T21:33:18.4613060Z 
2026-10-09T21:33:18.4617793Z ========================================
2026-10-09T21:33:18.4646022Z DxUi build passed in 04:17
2026-10-09T21:33:18.4650613Z Output: D:\a\DxUi\DxUi\.build\
2026-10-09T21:33:18.4655121Z Log: D:\a\DxUi\DxUi\.build\logs\build-x64-ASan Debug-9d06c5809aaf411aa529ce8d93e6a5e3.log
2026-10-09T21:33:18.4659051Z ========================================
2026-10-09T21:33:36.4366404Z ok   the filter runs only the named tests, in suite order
2026-10-09T21:33:36.4370483Z ok   an unknown name fails the run instead of passing with nothing run
2026-10-09T21:33:36.4375120Z ok   one unknown name fails a run that also names a known test
2026-10-09T21:33:36.4379605Z ok   names are exact and case-sensitive
2026-10-09T21:33:36.4383957Z ok   an empty or malformed list is rejected
2026-10-09T21:33:36.4388123Z ok   a fixture suite without named tests rejects the filter before it runs
2026-10-09T21:33:36.4392285Z ok   no runner calls a test directly, so the filter can select every test
2026-10-09T21:33:36.4396593Z ok   without the filter a suite runs every test its runner registers
2026-10-09T21:33:36.4420154Z Test filter: 8 of 8 passed
2026-10-09T21:33:55.9483232Z ok   a test that never returns ends the run at its deadline, named
2026-10-09T21:33:55.9485188Z ok   a fixture suite without named tests is bounded as a whole
2026-10-09T21:33:55.9490232Z ok   a fixture that reports progress outlives its deadline as a whole
2026-10-09T21:33:55.9494399Z ok   without a deadline the same test never returns
2026-10-09T21:33:55.9498750Z ok   an armed watchdog waits instead of polling
2026-10-09T21:33:55.9517432Z ok   the deadline defaults to 300 seconds and --test-timeout sets it
2026-10-09T21:33:55.9518401Z ok   a test that finishes in time is not ended and reports its duration
2026-10-09T21:33:55.9519477Z ok   a malformed --test-timeout is rejected before any test runs
2026-10-09T21:33:55.9524442Z ok   the self-test is a switch of its own
2026-10-09T21:33:55.9526880Z ok   a failed runtime check ends the run with its report instead of waiting on a dialog
2026-10-09T21:33:55.9529282Z ok   test.ps1 surfaces the timeout: the exit code and the TIMEOUT line among the printed lines
2026-10-09T21:33:55.9531725Z ok   every driver thread of the Menu suite starts with the guard that closes its menu when it fails
2026-10-09T21:33:55.9533658Z Test watchdog: 12 of 12 passed
2026-10-09T21:34:02.3209335Z ok   the self-test passes: children, the session's lease, the confirmation and the warning
2026-10-09T21:34:02.3213806Z ok   --check reads the session, writes the result the PowerShell side reads, and shows and takes nothing
2026-10-09T21:34:02.3217915Z ok   a malformed command line is a usage error before anything is shown
2026-10-09T21:34:02.3221927Z ok   the confirmation defaults to Cancel, and cancels itself when nobody answers
2026-10-09T21:34:02.3225706Z ok   the lease ends only the processes it started
2026-10-09T21:34:02.3230091Z Interactive lease: 5 of 5 passed
2026-10-09T21:34:08.0205286Z Complex UI clean round 1: 328.09 completed offscreen FPS; p95 3.2001 ms; private 163110912 bytes
2026-10-09T21:34:08.0206335Z Complex UI clean round 2: 330.137 completed offscreen FPS; p95 3.1583 ms; private 166420480 bytes
2026-10-09T21:34:08.0207190Z Complex UI clean round 3: 330.62 completed offscreen FPS; p95 3.0823 ms; private 169549824 bytes
2026-10-09T21:34:08.0208539Z Complex UI clean round 4: 326.495 completed offscreen FPS; p95 3.2149 ms; private 170905600 bytes
2026-10-09T21:34:08.0209713Z Complex UI clean round 5: 300.264 completed offscreen FPS; p95 4.1148 ms; private 173522944 bytes
2026-10-09T21:34:08.0210761Z Complex UI dirty round 1: 50.0297 completed offscreen FPS; p95 20.56 ms; private 266956800 bytes
2026-10-09T21:34:08.0211811Z Complex UI dirty round 2: 49.7207 completed offscreen FPS; p95 21.3399 ms; private 357629952 bytes
2026-10-09T21:34:08.0212865Z Complex UI dirty round 3: 50.5592 completed offscreen FPS; p95 20.1323 ms; private 449777664 bytes
2026-10-09T21:34:08.0213914Z Complex UI dirty round 4: 49.4964 completed offscreen FPS; p95 24.3198 ms; private 506667008 bytes
2026-10-09T21:34:08.0214905Z Complex UI dirty round 5: 50.1542 completed offscreen FPS; p95 22.9969 ms; private 512131072 bytes
2026-10-09T21:35:48.6748937Z Performance comparison: unpaired
2026-10-09T21:35:48.6780985Z Performance receipt: D:\a\DxUi\DxUi\.build\reports\Performance-x64-ASan Debug-62e33959bf904d04a7766673e31d467f.json
2026-10-09T21:35:49.1197813Z PASS AddressSanitizer detection probe (isolated expected failure)
2026-10-09T21:35:49.1286517Z Running Foundation (x64 ASan Debug)
2026-10-09T21:35:49.9952171Z PASS Foundation (0 capability skips recorded)
2026-10-09T21:35:49.9965653Z Running Embedded (x64 ASan Debug)
2026-10-09T21:36:20.1131299Z PASS Embedded (0 capability skips recorded)
2026-10-09T21:36:20.1172041Z Running Grid (x64 ASan Debug)
2026-10-09T21:36:36.3645219Z PASS Grid (0 capability skips recorded)
2026-10-09T21:36:36.3667147Z Running Theme (x64 ASan Debug)
2026-10-09T21:36:36.5095796Z PASS Theme (0 capability skips recorded)
2026-10-09T21:36:36.5124263Z Running Control (x64 ASan Debug)
2026-10-09T21:36:37.4987453Z PASS Control (0 capability skips recorded)
2026-10-09T21:36:37.5006748Z Running MenuExitLifetime (x64 ASan Debug)
2026-10-09T21:36:38.2053339Z PASS MenuExitLifetime (0 capability skips recorded)
2026-10-09T21:36:38.2065888Z Running NewControls (x64 ASan Debug)
2026-10-09T21:36:38.9692321Z PASS NewControls (0 capability skips recorded)
2026-10-09T21:36:38.9722759Z Running EditorControls (x64 ASan Debug)
2026-10-09T21:36:43.8643687Z PASS EditorControls (0 capability skips recorded)
2026-10-09T21:36:43.8666653Z Running TextField (x64 ASan Debug)
2026-10-09T21:36:47.8326254Z PASS TextField (0 capability skips recorded)
2026-10-09T21:36:47.8348641Z Running MultilineText (x64 ASan Debug)
2026-10-09T21:36:49.3273912Z PASS MultilineText (0 capability skips recorded)
2026-10-09T21:36:49.3296316Z Running ReadOnly (x64 ASan Debug)
2026-10-09T21:36:50.4031571Z PASS ReadOnly (0 capability skips recorded)
2026-10-09T21:36:50.4047926Z Running ComboBox (x64 ASan Debug)
2026-10-09T21:36:52.1833120Z PASS ComboBox (0 capability skips recorded)
2026-10-09T21:36:52.1849795Z Running Tree (x64 ASan Debug)
2026-10-09T21:36:53.3232727Z PASS Tree (0 capability skips recorded)
2026-10-09T21:36:53.3255585Z Running Tooltip (x64 ASan Debug)
2026-10-09T21:36:54.4751101Z PASS Tooltip (0 capability skips recorded)
2026-10-09T21:36:54.4770724Z Running Rendering (x64 ASan Debug)
2026-10-09T21:37:38.4151113Z PASS Rendering (0 capability skips recorded)
2026-10-09T21:37:38.4182383Z Running Animation (x64 ASan Debug)
2026-10-09T21:37:40.3275161Z PASS Animation (0 capability skips recorded)
2026-10-09T21:37:40.3295479Z Running Accessibility (x64 ASan Debug)
2026-10-09T21:39:24.5176235Z PASS Accessibility (0 capability skips recorded)
2026-10-09T21:39:24.5237073Z Running WindowHost (x64 ASan Debug)
2026-10-09T21:39:29.0499142Z PASS WindowHost (0 capability skips recorded)
2026-10-09T21:39:29.0548338Z Running InteractiveLease (x64 ASan Debug)
2026-10-09T21:39:29.2045427Z PASS InteractiveLease (0 capability skips recorded)
2026-10-09T21:39:29.2059894Z Running Menu (x64 ASan Debug)
2026-10-09T21:40:31.5542921Z PASS Menu (0 capability skips recorded)
2026-10-09T21:40:31.5579340Z Running NativeTextInput (x64 ASan Debug)
2026-10-09T21:40:48.7819099Z FAIL NativeTextInput exited with code 1
2026-10-09T21:40:48.7823746Z     [TRACE] attached host dtor: hwnd reset
2026-10-09T21:40:48.7825780Z     [TRACE] attached host dtor: begin
2026-10-09T21:40:48.7826498Z     [TRACE] attached host dtor: host detached
2026-10-09T21:40:48.7827211Z     [TRACE] attached host dtor: hwnd reset
2026-10-09T21:40:48.7828380Z   [DONE] TestNativeTextInputBackendEditMessagesRejectIneligibleReplaceBeforeReadingPointer (0.146 s)
2026-10-09T21:40:48.7829802Z   [START] TestNativeTextInputPublicSetTextClearsComposition
2026-10-09T21:40:48.7830497Z     [TRACE] attached host dtor: begin
2026-10-09T21:40:48.7831026Z     [TRACE] attached host dtor: host detached
2026-10-09T21:40:48.7831544Z     [TRACE] attached host dtor: hwnd reset
2026-10-09T21:40:48.7832091Z   [DONE] TestNativeTextInputPublicSetTextClearsComposition (0.076 s)
2026-10-09T21:40:48.7832677Z   [START] TestNativeTextInputBackendEditMessagesFallBackWithoutTextInput
2026-10-09T21:40:48.7833334Z FAILED: native edit-message shim dispatches default handling without a focused native text input
2026-10-09T21:40:48.8394353Z [31;1mException: [0mD:\a\DxUi\DxUi\test.ps1:218[0m
2026-10-09T21:40:48.8395340Z [31;1m[0m[36;1mLine |[0m
2026-10-09T21:40:48.8397239Z [31;1m[0m[36;1m[36;1m 218 | [0m … es.Count) { [36;1mthrow "DxUi failed suites: $($failures -join '; '). See .[0m …[0m
2026-10-09T21:40:48.8398446Z [31;1m[0m[36;1m[36;1m[0m[36;1m[0m[36;1m     | [31;1m               ~~~~~~~~~~~~~~~~~~~~~~~~~~~~~~~~~~~~~~~~~~~~~~~~~~~~~~~~~[0m
2026-10-09T21:40:48.8399705Z [31;1m[0m[36;1m[36;1m[0m[36;1m[0m[36;1m[31;1m[31;1m[36;1m     | [31;1mDxUi failed suites: NativeTextInput exited with code 1. See .build/logs and .build/reports.[0m
2026-10-09T21:40:48.8749025Z ##[error]Process completed with exit code 1.
2026-10-09T21:40:48.9034188Z ##[group]Run actions/upload-artifact@ea165f8d65b6e75b540449e92b4886f43607fa02
2026-10-09T21:40:48.9034807Z with:
2026-10-09T21:40:48.9035085Z   name: native-x64-ASan Debug
2026-10-09T21:40:48.9035708Z   path: .build/logs/*.log
.build/reports/*.json
.build/test-artifacts/**
.build/gallery/**

2026-10-09T21:40:48.9036232Z   retention-days: 14
2026-10-09T21:40:48.9036520Z   if-no-files-found: warn
2026-10-09T21:40:48.9036801Z   compression-level: 6
2026-10-09T21:40:48.9037072Z   overwrite: false
2026-10-09T21:40:48.9037342Z   include-hidden-files: false
2026-10-09T21:40:48.9037641Z ##[endgroup]
2026-10-09T21:40:49.1015080Z (node:6352) [DEP0040] DeprecationWarning: The `punycode` module is deprecated. Please use a userland alternative instead.
2026-10-09T21:40:49.1016253Z (Use `node --trace-deprecation ...` to show where the warning was created)
2026-10-09T21:40:49.1324630Z Multiple search paths detected. Calculating the least common ancestor of all paths
2026-10-09T21:40:49.1328822Z The least common ancestor is D:\a\DxUi\DxUi\.build. This will be the root directory of the artifact
2026-10-09T21:40:49.1329748Z With the provided path, there will be 82 files uploaded
2026-10-09T21:40:49.1335394Z Artifact name is valid!
2026-10-09T21:40:49.1337078Z Root directory input is valid!
2026-10-09T21:40:49.4958237Z Beginning upload of artifact content to blob storage
2026-10-09T21:40:49.6244891Z (node:6352) [DEP0169] DeprecationWarning: `url.parse()` behavior is not standardized and prone to errors that have security implications. Use the WHATWG URL API instead. CVEs are not issued for `url.parse()` vulnerabilities.
2026-10-09T21:40:50.0100186Z Uploaded bytes 199845
2026-10-09T21:40:50.0697175Z Finished uploading artifact content to blob storage!
2026-10-09T21:40:50.0698466Z SHA256 digest of uploaded artifact zip is 5731476b1ec35e2494c4d17b3cb2f261146af4a9c9051c25c5080a62d15f03ac
2026-10-09T21:40:50.0700479Z Finalizing artifact upload
2026-10-09T21:40:50.3410196Z Artifact native-x64-ASan Debug.zip successfully finalized. Artifact ID 11646667224
2026-10-09T21:40:50.3411609Z Artifact native-x64-ASan Debug has been successfully uploaded! Final size is 199845 bytes. Artifact ID is 11646667224
2026-10-09T21:40:50.3422042Z Artifact download URL: https://github.com/RedSalamanders/DxUi/actions/runs/37993602279/artifacts/11646667224
2026-10-09T21:40:50.3955242Z Post job cleanup.
2026-10-09T21:40:50.5690867Z [command]"C:\Program Files\Git\bin\git.exe" version
2026-10-09T21:40:50.5996604Z git version 2.55.0.windows.5
2026-10-09T21:40:50.6065843Z Temporarily overriding HOME='D:\a\_temp\8e8863a1-d8cf-4f54-85b4-11b132f1d7a3' before making global git config changes
2026-10-09T21:40:50.6067205Z Adding repository directory to the temporary git global config as a safe directory
2026-10-09T21:40:50.6078240Z [command]"C:\Program Files\Git\bin\git.exe" config --global --add safe.directory D:\a\DxUi\DxUi
2026-10-09T21:40:50.6420789Z [command]"C:\Program Files\Git\bin\git.exe" config --local --name-only --get-regexp core\.sshCommand
2026-10-09T21:40:50.6724605Z [command]"C:\Program Files\Git\bin\git.exe" submodule foreach --recursive "sh -c \"git config --local --name-only --get-regexp 'core\.sshCommand' && git config --local --unset-all 'core.sshCommand' || :\""
2026-10-09T21:40:51.1818853Z [command]"C:\Program Files\Git\bin\git.exe" config --local --name-only --get-regexp http\.https\:\/\/github\.com\/\.extraheader
2026-10-09T21:40:51.2073259Z http.https://github.com/.extraheader
2026-10-09T21:40:51.2113799Z [command]"C:\Program Files\Git\bin\git.exe" config --local --unset-all http.https://github.com/.extraheader
2026-10-09T21:40:51.2407811Z [command]"C:\Program Files\Git\bin\git.exe" submodule foreach --recursive "sh -c \"git config --local --name-only --get-regexp 'http\.https\:\/\/github\.com\/\.extraheader' && git config --local --unset-all 'http.https://github.com/.extraheader' || :\""
2026-10-09T21:40:51.8022021Z [command]"C:\Program Files\Git\bin\git.exe" config --local --name-only --get-regexp ^includeIf\.gitdir:
2026-10-09T21:40:51.8321672Z [command]"C:\Program Files\Git\bin\git.exe" submodule foreach --recursive "git config --local --show-origin --name-only --get-regexp remote.origin.url"
2026-10-09T21:40:52.3749929Z Cleaning up orphan processes
2026-10-09T21:40:52.4388495Z Terminate orphan process: pid (6796) (MSBuild)
2026-10-09T21:40:52.4443790Z Terminate orphan process: pid (4484) (MSBuild)
2026-10-09T21:40:52.4492770Z Terminate orphan process: pid (5508) (MSBuild)
2026-10-09T21:40:52.4699119Z Terminate orphan process: pid (5088) (vctip)
2026-10-09T21:40:52.4811957Z Terminate orphan process: pid (4260) (mspdbsrv)
2026-10-09T21:40:52.5076906Z ##[warning]Node.js 20 is deprecated. The following actions target Node.js 20 but are being forced to run on Node.js 24: actions/checkout@11d5960a326750d5838078e36cf38b85af677262, actions/upload-artifact@ea165f8d65b6e75b540449e92b4886f43607fa02. For more information see: https://github.blog/changelog/2025-09-19-deprecation-of-node-20-on-github-actions-runners/
