2026-10-09T21:28:09.8066221Z Current runner version: '2.337.0'
2026-10-09T21:28:09.8093921Z ##[group]Runner Image Provisioner
2026-10-09T21:28:09.8094693Z Hosted Compute Agent
2026-10-09T21:28:09.8095141Z Version: 20261002.596
2026-10-09T21:28:09.8095689Z Commit: c3d12f3313a95f25162a1503be624f3b0617f8c0
2026-10-09T21:28:09.8096263Z Build Date: 2026-10-02T22:28:27Z
2026-10-09T21:28:09.8096829Z Worker ID: {b210c37e-b7f5-4df6-9e49-ed6d6b550ba6}
2026-10-09T21:28:09.8097444Z Region: eastus2
2026-10-09T21:28:09.8097861Z Cloud: Azure
2026-10-09T21:28:09.8098269Z ##[endgroup]
2026-10-09T21:28:09.8099703Z ##[group]Operating System
2026-10-09T21:28:09.8100217Z Microsoft Windows 11
2026-10-09T21:28:09.8100872Z 10.0.26200
2026-10-09T21:28:09.8101300Z Enterprise
2026-10-09T21:28:09.8101721Z ##[endgroup]
2026-10-09T21:28:09.8102138Z ##[group]Runner Image
2026-10-09T21:28:09.8102604Z Image: windows-11-vs2026-arm64
2026-10-09T21:28:09.8103088Z Version: 20261004.176.1
2026-10-09T21:28:09.8104601Z Included Software: https://github.com/actions/runner-images/blob/win11-vs2026-arm64/20261004.176/images/windows/Windows11-VS2026-Arm64-Readme.md
2026-10-09T21:28:09.8106148Z Image Release: https://github.com/actions/runner-images/releases/tag/win11-vs2026-arm64%2F20261004.176
2026-10-09T21:28:09.8107024Z ##[endgroup]
2026-10-09T21:28:09.8108021Z ##[group]GITHUB_TOKEN Permissions
2026-10-09T21:28:09.8110186Z Contents: read
2026-10-09T21:28:09.8110690Z Metadata: read
2026-10-09T21:28:09.8111139Z ##[endgroup]
2026-10-09T21:28:09.8113419Z Secret source: Actions
2026-10-09T21:28:09.8114238Z Cache mode: write
2026-10-09T21:28:09.8115058Z Prepare workflow directory
2026-10-09T21:28:09.8470336Z Prepare all required actions
2026-10-09T21:28:09.8519286Z Getting action download info
2026-10-09T21:28:10.0069538Z Download action repository 'actions/checkout@11d5960a326750d5838078e36cf38b85af677262' (SHA:11d5960a326750d5838078e36cf38b85af677262)
2026-10-09T21:28:10.4035910Z Download action repository 'actions/upload-artifact@ea165f8d65b6e75b540449e92b4886f43607fa02' (SHA:ea165f8d65b6e75b540449e92b4886f43607fa02)
2026-10-09T21:28:11.4215112Z Complete job name: native (ARM64, windows-11-vs2026-arm, Debug)
2026-10-09T21:28:11.5954833Z ##[group]Run actions/checkout@11d5960a326750d5838078e36cf38b85af677262
2026-10-09T21:28:11.5956739Z with:
2026-10-09T21:28:11.5957320Z   repository: RedSalamanders/DxUi
2026-10-09T21:28:11.5963760Z   token: ***
2026-10-09T21:28:11.5964322Z   ssh-strict: true
2026-10-09T21:28:11.5965104Z   ssh-user: git
2026-10-09T21:28:11.5965896Z   persist-credentials: true
2026-10-09T21:28:11.5966514Z   clean: true
2026-10-09T21:28:11.5967061Z   sparse-checkout-cone-mode: true
2026-10-09T21:28:11.5967711Z   fetch-depth: 1
2026-10-09T21:28:11.5968237Z   fetch-tags: false
2026-10-09T21:28:11.5968780Z   show-progress: true
2026-10-09T21:28:11.5969322Z   lfs: false
2026-10-09T21:28:11.5969830Z   submodules: false
2026-10-09T21:28:11.5970601Z   set-safe-directory: true
2026-10-09T21:28:11.5971242Z   allow-unsafe-pr-checkout: false
2026-10-09T21:28:11.5972445Z ##[endgroup]
2026-10-09T21:28:11.8692189Z Syncing repository: RedSalamanders/DxUi
2026-10-09T21:28:11.8694007Z ##[group]Getting Git version info
2026-10-09T21:28:11.8694516Z Working directory is 'C:\a\DxUi\DxUi'
2026-10-09T21:28:11.9642744Z [command]"C:\Program Files\Git\bin\git.exe" version
2026-10-09T21:28:12.4033681Z git version 2.56.0.windows.1
2026-10-09T21:28:12.4085668Z ##[endgroup]
2026-10-09T21:28:12.4128509Z Temporarily overriding HOME='C:\a\_temp\386adbfa-0269-4353-954a-fc4f77358210' before making global git config changes
2026-10-09T21:28:12.4129504Z Adding repository directory to the temporary git global config as a safe directory
2026-10-09T21:28:12.4153911Z [command]"C:\Program Files\Git\bin\git.exe" config --global --add safe.directory C:\a\DxUi\DxUi
2026-10-09T21:28:12.4906761Z Deleting the contents of 'C:\a\DxUi\DxUi'
2026-10-09T21:28:12.4915136Z ##[group]Initializing the repository
2026-10-09T21:28:12.4923903Z [command]"C:\Program Files\Git\bin\git.exe" init C:\a\DxUi\DxUi
2026-10-09T21:28:12.6136800Z Initialized empty Git repository in C:/a/DxUi/DxUi/.git/
2026-10-09T21:28:12.6186398Z [command]"C:\Program Files\Git\bin\git.exe" remote add origin https://github.com/RedSalamanders/DxUi
2026-10-09T21:28:12.6915995Z ##[endgroup]
2026-10-09T21:28:12.6916470Z ##[group]Disabling automatic garbage collection
2026-10-09T21:28:12.6926236Z [command]"C:\Program Files\Git\bin\git.exe" config --local gc.auto 0
2026-10-09T21:28:12.7421035Z ##[endgroup]
2026-10-09T21:28:12.7421464Z ##[group]Setting up auth
2026-10-09T21:28:12.7433447Z [command]"C:\Program Files\Git\bin\git.exe" config --local --name-only --get-regexp core\.sshCommand
2026-10-09T21:28:12.7916962Z [command]"C:\Program Files\Git\bin\git.exe" submodule foreach --recursive "sh -c \"git config --local --name-only --get-regexp 'core\.sshCommand' && git config --local --unset-all 'core.sshCommand' || :\""
2026-10-09T21:28:15.2233362Z [command]"C:\Program Files\Git\bin\git.exe" config --local --name-only --get-regexp http\.https\:\/\/github\.com\/\.extraheader
2026-10-09T21:28:15.2723837Z [command]"C:\Program Files\Git\bin\git.exe" submodule foreach --recursive "sh -c \"git config --local --name-only --get-regexp 'http\.https\:\/\/github\.com\/\.extraheader' && git config --local --unset-all 'http.https://github.com/.extraheader' || :\""
2026-10-09T21:28:16.3655218Z [command]"C:\Program Files\Git\bin\git.exe" config --local --name-only --get-regexp ^includeIf\.gitdir:
2026-10-09T21:28:16.4159900Z [command]"C:\Program Files\Git\bin\git.exe" submodule foreach --recursive "git config --local --show-origin --name-only --get-regexp remote.origin.url"
2026-10-09T21:28:17.5029979Z [command]"C:\Program Files\Git\bin\git.exe" config --local http.https://github.com/.extraheader "AUTHORIZATION: basic ***"
2026-10-09T21:28:17.5539892Z ##[endgroup]
2026-10-09T21:28:17.5540288Z ##[group]Fetching the repository
2026-10-09T21:28:17.5552041Z [command]"C:\Program Files\Git\bin\git.exe" -c protocol.version=2 fetch --no-tags --prune --no-recurse-submodules --depth=1 origin +d768aeebecd996d509109cdddadddc07b37ef9b9:refs/remotes/pull/70/merge
2026-10-09T21:28:19.5866854Z From https://github.com/RedSalamanders/DxUi
2026-10-09T21:28:19.5867658Z  * [new ref]         d768aeebecd996d509109cdddadddc07b37ef9b9 -> pull/70/merge
2026-10-09T21:28:19.5915239Z ##[endgroup]
2026-10-09T21:28:19.5916141Z ##[group]Determining the checkout info
2026-10-09T21:28:19.5917454Z ##[endgroup]
2026-10-09T21:28:19.5927054Z [command]"C:\Program Files\Git\bin\git.exe" sparse-checkout disable
2026-10-09T21:28:19.6622670Z [command]"C:\Program Files\Git\bin\git.exe" config --local --unset-all extensions.worktreeConfig
2026-10-09T21:28:19.7102097Z ##[group]Checking out the ref
2026-10-09T21:28:19.7110617Z [command]"C:\Program Files\Git\bin\git.exe" checkout --progress --force refs/remotes/pull/70/merge
2026-10-09T21:28:20.8444711Z Updating files:  27% (1180/4309)
2026-10-09T21:28:20.8735952Z Updating files:  28% (1207/4309)
2026-10-09T21:28:20.9026037Z Updating files:  29% (1250/4309)
2026-10-09T21:28:20.9309203Z Updating files:  30% (1293/4309)
2026-10-09T21:28:20.9930663Z Updating files:  31% (1336/4309)
2026-10-09T21:28:21.0330181Z Updating files:  32% (1379/4309)
2026-10-09T21:28:21.0748693Z Updating files:  33% (1422/4309)
2026-10-09T21:28:21.1140384Z Updating files:  34% (1466/4309)
2026-10-09T21:28:21.7706896Z Updating files:  35% (1509/4309)
2026-10-09T21:28:21.8112507Z Updating files:  36% (1552/4309)
2026-10-09T21:28:21.8427260Z Updating files:  37% (1595/4309)
2026-10-09T21:28:21.8522485Z Updating files:  37% (1626/4309)
2026-10-09T21:28:21.8912864Z Updating files:  38% (1638/4309)
2026-10-09T21:28:21.9306795Z Updating files:  39% (1681/4309)
2026-10-09T21:28:21.9670570Z Updating files:  40% (1724/4309)
2026-10-09T21:28:22.0035541Z Updating files:  41% (1767/4309)
2026-10-09T21:28:22.0408535Z Updating files:  42% (1810/4309)
2026-10-09T21:28:22.0791275Z Updating files:  43% (1853/4309)
2026-10-09T21:28:22.1209749Z Updating files:  44% (1896/4309)
2026-10-09T21:28:22.1583565Z Updating files:  45% (1940/4309)
2026-10-09T21:28:22.1985777Z Updating files:  46% (1983/4309)
2026-10-09T21:28:22.2392738Z Updating files:  47% (2026/4309)
2026-10-09T21:28:22.2871584Z Updating files:  48% (2069/4309)
2026-10-09T21:28:22.3322502Z Updating files:  49% (2112/4309)
2026-10-09T21:28:22.3736608Z Updating files:  50% (2155/4309)
2026-10-09T21:28:22.4184292Z Updating files:  51% (2198/4309)
2026-10-09T21:28:22.4638235Z Updating files:  52% (2241/4309)
2026-10-09T21:28:22.8253845Z Updating files:  53% (2284/4309)
2026-10-09T21:28:22.8596469Z Updating files:  54% (2327/4309)
2026-10-09T21:28:22.8626606Z Updating files:  54% (2365/4309)
2026-10-09T21:28:22.9165187Z Updating files:  55% (2370/4309)
2026-10-09T21:28:22.9662940Z Updating files:  56% (2414/4309)
2026-10-09T21:28:23.0211492Z Updating files:  57% (2457/4309)
2026-10-09T21:28:23.0953099Z Updating files:  58% (2500/4309)
2026-10-09T21:28:23.2208865Z Updating files:  59% (2543/4309)
2026-10-09T21:28:23.3360344Z Updating files:  60% (2586/4309)
2026-10-09T21:28:23.4571023Z Updating files:  61% (2629/4309)
2026-10-09T21:28:23.5361780Z Updating files:  62% (2672/4309)
2026-10-09T21:28:23.5729925Z Updating files:  63% (2715/4309)
2026-10-09T21:28:23.6093597Z Updating files:  64% (2758/4309)
2026-10-09T21:28:23.6541514Z Updating files:  65% (2801/4309)
2026-10-09T21:28:23.6862281Z Updating files:  66% (2844/4309)
2026-10-09T21:28:23.7190185Z Updating files:  67% (2888/4309)
2026-10-09T21:28:23.7584652Z Updating files:  68% (2931/4309)
2026-10-09T21:28:23.7912080Z Updating files:  69% (2974/4309)
2026-10-09T21:28:23.8188009Z Updating files:  70% (3017/4309)
2026-10-09T21:28:23.9193906Z Updating files:  71% (3060/4309)
2026-10-09T21:28:23.9269177Z Updating files:  71% (3086/4309)
2026-10-09T21:28:23.9680742Z Updating files:  72% (3103/4309)
2026-10-09T21:28:24.0293646Z Updating files:  73% (3146/4309)
2026-10-09T21:28:24.0684417Z Updating files:  74% (3189/4309)
2026-10-09T21:28:24.1085359Z Updating files:  75% (3232/4309)
2026-10-09T21:28:24.1440964Z Updating files:  76% (3275/4309)
2026-10-09T21:28:24.1793086Z Updating files:  77% (3318/4309)
2026-10-09T21:28:24.2327039Z Updating files:  78% (3362/4309)
2026-10-09T21:28:24.2746185Z Updating files:  79% (3405/4309)
2026-10-09T21:28:24.3188406Z Updating files:  80% (3448/4309)
2026-10-09T21:28:24.3698294Z Updating files:  81% (3491/4309)
2026-10-09T21:28:24.4240115Z Updating files:  82% (3534/4309)
2026-10-09T21:28:24.4706735Z Updating files:  83% (3577/4309)
2026-10-09T21:28:24.5391801Z Updating files:  84% (3620/4309)
2026-10-09T21:28:24.6274762Z Updating files:  85% (3663/4309)
2026-10-09T21:28:24.7199655Z Updating files:  86% (3706/4309)
2026-10-09T21:28:24.8584426Z Updating files:  87% (3749/4309)
2026-10-09T21:28:24.8594370Z Updating files:  87% (3790/4309)
2026-10-09T21:28:24.9332328Z Updating files:  88% (3792/4309)
2026-10-09T21:28:25.0744013Z Updating files:  89% (3836/4309)
2026-10-09T21:28:25.1585735Z Updating files:  90% (3879/4309)
2026-10-09T21:28:25.2912073Z Updating files:  91% (3922/4309)
2026-10-09T21:28:25.4568199Z Updating files:  92% (3965/4309)
2026-10-09T21:28:25.5270654Z Updating files:  93% (4008/4309)
2026-10-09T21:28:25.5758917Z Updating files:  94% (4051/4309)
2026-10-09T21:28:25.6194288Z Updating files:  95% (4094/4309)
2026-10-09T21:28:25.6575079Z Updating files:  96% (4137/4309)
2026-10-09T21:28:25.6915268Z Updating files:  97% (4180/4309)
2026-10-09T21:28:25.7365079Z Updating files:  98% (4223/4309)
2026-10-09T21:28:25.7778758Z Updating files:  99% (4266/4309)
2026-10-09T21:28:25.7779014Z Updating files: 100% (4309/4309)
2026-10-09T21:28:25.7779240Z Updating files: 100% (4309/4309), done.
2026-10-09T21:28:25.7931819Z Note: switching to 'refs/remotes/pull/70/merge'.
2026-10-09T21:28:25.7932049Z 
2026-10-09T21:28:25.7932243Z You are in 'detached HEAD' state. You can look around, make experimental
2026-10-09T21:28:25.7932681Z changes and commit them, and you can discard any commits you make in this
2026-10-09T21:28:25.7933514Z state without impacting any branches by switching back to a branch.
2026-10-09T21:28:25.7933777Z 
2026-10-09T21:28:25.7933944Z If you want to create a new branch to retain commits you create, you may
2026-10-09T21:28:25.7934342Z do so (now or later) by using -c with the switch command. Example:
2026-10-09T21:28:25.7934585Z 
2026-10-09T21:28:25.7934696Z   git switch -c <new-branch-name>
2026-10-09T21:28:25.7934850Z 
2026-10-09T21:28:25.7934929Z Or undo this operation with:
2026-10-09T21:28:25.7935072Z 
2026-10-09T21:28:25.7935137Z   git switch -
2026-10-09T21:28:25.7935240Z 
2026-10-09T21:28:25.7935430Z Turn off this advice by setting config variable advice.detachedHead to false
2026-10-09T21:28:25.7935705Z 
2026-10-09T21:28:25.7956941Z HEAD is now at d768aee Merge ffc64c8947301dfaf2b1e295968a1cc6253bd413 into bea676a1f8418141f61cab9326b9b910e89a14b4
2026-10-09T21:28:25.8135965Z ##[endgroup]
2026-10-09T21:28:25.8708067Z [command]"C:\Program Files\Git\bin\git.exe" log -1 --format=%H
2026-10-09T21:28:25.9139466Z d768aeebecd996d509109cdddadddc07b37ef9b9
2026-10-09T21:28:25.9626018Z ##[group]Run ./vcpkg-install.ps1 -Platform ARM64
2026-10-09T21:28:25.9626535Z [36;1m./vcpkg-install.ps1 -Platform ARM64[0m
2026-10-09T21:28:25.9693687Z shell: C:\Program Files\PowerShell\7\pwsh.EXE -command ". '{0}'"
2026-10-09T21:28:25.9694023Z ##[endgroup]
2026-10-09T21:28:27.3388958Z Visual Studio: C:\Program Files\Microsoft Visual Studio\18\Enterprise
2026-10-09T21:28:27.3409697Z MSVC toolset:  14.51.36231, the default MSBuild compiles with; vcpkg is pinned to 14.51
2026-10-09T21:28:27.3496584Z Cloning pinned vcpkg tooling into C:\a\DxUi\DxUi\.build\vcpkg-tool
2026-10-09T21:28:27.3960577Z Cloning into 'C:\a\DxUi\DxUi\.build\vcpkg-tool'...
2026-10-09T21:28:37.4829650Z Updating files:   0% (1/14336)
2026-10-09T21:28:37.7252823Z Updating files:   1% (144/14336)
2026-10-09T21:28:37.8729205Z Updating files:   2% (287/14336)
2026-10-09T21:28:39.3591056Z Updating files:   3% (431/14336)
2026-10-09T21:28:39.5542680Z Updating files:   3% (488/14336)
2026-10-09T21:28:39.7225053Z Updating files:   4% (574/14336)
2026-10-09T21:28:39.8503454Z Updating files:   5% (717/14336)
2026-10-09T21:28:39.9704531Z Updating files:   6% (861/14336)
2026-10-09T21:28:40.1269432Z Updating files:   7% (1004/14336)
2026-10-09T21:28:40.1344364Z Updating files:   7% (1138/14336)
2026-10-09T21:28:40.4088316Z Updating files:   8% (1147/14336)
2026-10-09T21:28:40.5314883Z Updating files:   9% (1291/14336)
2026-10-09T21:28:40.6985694Z Updating files:  10% (1434/14336)
2026-10-09T21:28:40.8617809Z Updating files:  11% (1577/14336)
2026-10-09T21:28:41.0658633Z Updating files:  12% (1721/14336)
2026-10-09T21:28:41.1634426Z Updating files:  13% (1864/14336)
2026-10-09T21:28:41.3241575Z Updating files:  13% (1886/14336)
2026-10-09T21:28:41.4698237Z Updating files:  14% (2008/14336)
2026-10-09T21:28:41.6698673Z Updating files:  15% (2151/14336)
2026-10-09T21:28:41.7801448Z Updating files:  16% (2294/14336)
2026-10-09T21:28:41.8974239Z Updating files:  17% (2438/14336)
2026-10-09T21:28:41.9968334Z Updating files:  18% (2581/14336)
2026-10-09T21:28:42.1189697Z Updating files:  19% (2724/14336)
2026-10-09T21:28:42.1449566Z Updating files:  20% (2868/14336)
2026-10-09T21:28:42.2540259Z Updating files:  20% (2889/14336)
2026-10-09T21:28:42.3600876Z Updating files:  21% (3011/14336)
2026-10-09T21:28:42.4717977Z Updating files:  22% (3154/14336)
2026-10-09T21:28:42.5760855Z Updating files:  23% (3298/14336)
2026-10-09T21:28:42.7143059Z Updating files:  24% (3441/14336)
2026-10-09T21:28:42.8148468Z Updating files:  25% (3584/14336)
2026-10-09T21:28:42.9107529Z Updating files:  26% (3728/14336)
2026-10-09T21:28:43.1215139Z Updating files:  27% (3871/14336)
2026-10-09T21:28:43.1544082Z Updating files:  28% (4015/14336)
2026-10-09T21:28:43.2390793Z Updating files:  28% (4062/14336)
2026-10-09T21:28:43.3594003Z Updating files:  29% (4158/14336)
2026-10-09T21:28:43.4747611Z Updating files:  30% (4301/14336)
2026-10-09T21:28:43.5864947Z Updating files:  31% (4445/14336)
2026-10-09T21:28:43.7044580Z Updating files:  32% (4588/14336)
2026-10-09T21:28:43.8278487Z Updating files:  33% (4731/14336)
2026-10-09T21:28:44.4382740Z Updating files:  34% (4875/14336)
2026-10-09T21:28:44.6367731Z Updating files:  34% (5007/14336)
2026-10-09T21:28:44.7393805Z Updating files:  35% (5018/14336)
2026-10-09T21:28:44.8551843Z Updating files:  36% (5161/14336)
2026-10-09T21:28:44.9616645Z Updating files:  37% (5305/14336)
2026-10-09T21:28:45.0787756Z Updating files:  38% (5448/14336)
2026-10-09T21:28:45.1751613Z Updating files:  39% (5592/14336)
2026-10-09T21:28:45.1816968Z Updating files:  40% (5735/14336)
2026-10-09T21:28:46.2728569Z Updating files:  40% (5744/14336)
2026-10-09T21:28:46.3505035Z Updating files:  40% (5780/14336)
2026-10-09T21:28:46.4659681Z Updating files:  41% (5878/14336)
2026-10-09T21:28:46.5659080Z Updating files:  42% (6022/14336)
2026-10-09T21:28:46.6562138Z Updating files:  43% (6165/14336)
2026-10-09T21:28:46.7743601Z Updating files:  44% (6308/14336)
2026-10-09T21:28:46.8875463Z Updating files:  45% (6452/14336)
2026-10-09T21:28:47.0059508Z Updating files:  46% (6595/14336)
2026-10-09T21:28:47.1672622Z Updating files:  47% (6738/14336)
2026-10-09T21:28:47.2125397Z Updating files:  48% (6882/14336)
2026-10-09T21:28:47.2701859Z Updating files:  48% (6940/14336)
2026-10-09T21:28:47.3712355Z Updating files:  49% (7025/14336)
2026-10-09T21:28:47.4851506Z Updating files:  50% (7168/14336)
2026-10-09T21:28:47.5942913Z Updating files:  51% (7312/14336)
2026-10-09T21:28:47.6969160Z Updating files:  52% (7455/14336)
2026-10-09T21:28:47.8124766Z Updating files:  53% (7599/14336)
2026-10-09T21:28:47.9371853Z Updating files:  54% (7742/14336)
2026-10-09T21:28:48.0389921Z Updating files:  55% (7885/14336)
2026-10-09T21:28:48.1422869Z Updating files:  56% (8029/14336)
2026-10-09T21:28:48.2233347Z Updating files:  57% (8172/14336)
2026-10-09T21:28:48.2484998Z Updating files:  57% (8282/14336)
2026-10-09T21:28:48.3540887Z Updating files:  58% (8315/14336)
2026-10-09T21:28:48.4904357Z Updating files:  59% (8459/14336)
2026-10-09T21:28:48.5982079Z Updating files:  60% (8602/14336)
2026-10-09T21:28:48.7015084Z Updating files:  61% (8745/14336)
2026-10-09T21:28:48.8067456Z Updating files:  62% (8889/14336)
2026-10-09T21:28:48.9175166Z Updating files:  63% (9032/14336)
2026-10-09T21:28:49.0183747Z Updating files:  64% (9176/14336)
2026-10-09T21:28:49.1301786Z Updating files:  65% (9319/14336)
2026-10-09T21:28:49.2353967Z Updating files:  66% (9462/14336)
2026-10-09T21:28:49.2464786Z Updating files:  66% (9589/14336)
2026-10-09T21:28:49.3457351Z Updating files:  67% (9606/14336)
2026-10-09T21:28:49.4402356Z Updating files:  68% (9749/14336)
2026-10-09T21:28:49.9879964Z Updating files:  69% (9892/14336)
2026-10-09T21:28:50.0927268Z Updating files:  70% (10036/14336)
2026-10-09T21:28:50.2076147Z Updating files:  71% (10179/14336)
2026-10-09T21:28:50.2489222Z Updating files:  72% (10322/14336)
2026-10-09T21:28:50.2972334Z Updating files:  72% (10381/14336)
2026-10-09T21:28:50.3962618Z Updating files:  73% (10466/14336)
2026-10-09T21:28:50.4951560Z Updating files:  74% (10609/14336)
2026-10-09T21:28:50.5796411Z Updating files:  75% (10752/14336)
2026-10-09T21:28:51.3900161Z Updating files:  76% (10896/14336)
2026-10-09T21:28:51.5260349Z Updating files:  76% (10967/14336)
2026-10-09T21:28:51.6183288Z Updating files:  77% (11039/14336)
2026-10-09T21:28:51.7111941Z Updating files:  78% (11183/14336)
2026-10-09T21:28:51.7887684Z Updating files:  79% (11326/14336)
2026-10-09T21:28:51.8633913Z Updating files:  80% (11469/14336)
2026-10-09T21:28:51.9425371Z Updating files:  81% (11613/14336)
2026-10-09T21:28:52.0179541Z Updating files:  82% (11756/14336)
2026-10-09T21:28:52.1071942Z Updating files:  83% (11899/14336)
2026-10-09T21:28:52.1954230Z Updating files:  84% (12043/14336)
2026-10-09T21:28:52.2760651Z Updating files:  85% (12186/14336)
2026-10-09T21:28:52.2778196Z Updating files:  85% (12324/14336)
2026-10-09T21:28:52.3742028Z Updating files:  86% (12329/14336)
2026-10-09T21:28:52.4613734Z Updating files:  87% (12473/14336)
2026-10-09T21:28:52.6351529Z Updating files:  88% (12616/14336)
2026-10-09T21:28:52.6992222Z Updating files:  89% (12760/14336)
2026-10-09T21:28:52.7825931Z Updating files:  90% (12903/14336)
2026-10-09T21:28:53.0068575Z Updating files:  91% (13046/14336)
2026-10-09T21:28:53.1060603Z Updating files:  92% (13190/14336)
2026-10-09T21:28:53.2039366Z Updating files:  93% (13333/14336)
2026-10-09T21:28:53.2870919Z Updating files:  94% (13476/14336)
2026-10-09T21:28:53.2955515Z Updating files:  94% (13606/14336)
2026-10-09T21:28:53.3875878Z Updating files:  95% (13620/14336)
2026-10-09T21:28:53.4522431Z Updating files:  96% (13763/14336)
2026-10-09T21:28:53.5335143Z Updating files:  97% (13906/14336)
2026-10-09T21:28:53.6203550Z Updating files:  98% (14050/14336)
2026-10-09T21:28:53.7028263Z Updating files:  99% (14193/14336)
2026-10-09T21:28:53.7028708Z Updating files: 100% (14336/14336)
2026-10-09T21:28:53.7029993Z Updating files: 100% (14336/14336), done.
2026-10-09T21:28:54.2905491Z Selecting pinned vcpkg commit 9e593bb18ea69cc5095e012465dcd675a822ed0d
2026-10-09T21:28:54.9106209Z From https://github.com/microsoft/vcpkg
2026-10-09T21:28:54.9106612Z  * branch                9e593bb18ea69cc5095e012465dcd675a822ed0d -> FETCH_HEAD
2026-10-09T21:28:58.9707449Z HEAD is now at 9e593bb18 Release vcpkg-tool 2026-07-27. (#53109)
2026-10-09T21:28:58.9835639Z Bootstrapping vcpkg...
2026-10-09T21:29:08.6630839Z Downloading https://github.com/microsoft/vcpkg-tool/releases/download/2026-07-27/vcpkg-arm64.exe -> C:\a\DxUi\DxUi\.build\vcpkg-tool\vcpkg.exe... done.
2026-10-09T21:29:08.7872863Z Validating signature... done.
2026-10-09T21:29:08.8068133Z 
2026-10-09T21:29:09.0319857Z vcpkg package management program version 2026-07-27-98d7cb0cf1f4686a3e43aa5672b6230c1d56bce8
2026-10-09T21:29:09.0320231Z 
2026-10-09T21:29:09.0320847Z See LICENSE.txt for license information.
2026-10-09T21:29:09.2064218Z Overlay triplet C:\a\DxUi\DxUi\.build\vcpkg-triplets\ARM64\arm64-windows.cmake written
2026-10-09T21:29:09.2067900Z Installing DxUi dependencies (arm64-windows)
2026-10-09T21:29:11.0676947Z Detecting compiler hash for triplet arm64-windows...
2026-10-09T21:29:24.2614911Z Compiler found: C:/Program Files/Microsoft Visual Studio/18/Enterprise/VC/Tools/MSVC/14.51.36231/bin/Hostarm64/arm64/cl.exe
2026-10-09T21:29:24.2773081Z The following packages will be built and installed:
2026-10-09T21:29:24.2773563Z   * vcpkg-cmake:arm64-windows@2024-04-23
2026-10-09T21:29:24.2773891Z   * vcpkg-cmake-config:arm64-windows@2026-07-21
2026-10-09T21:29:24.2774267Z     wil:arm64-windows@1.0.260126.7
2026-10-09T21:29:24.2774645Z Additional packages (*) will be modified to complete this operation.
2026-10-09T21:29:27.5542968Z Restored 0 package(s) from C:\Users\runneradmin\AppData\Local\vcpkg\archives in 93.9 us. Use --debug to see more details.
2026-10-09T21:29:27.5543751Z Installing 1/3 vcpkg-cmake-config:arm64-windows@2026-07-21...
2026-10-09T21:29:27.5544339Z vcpkg-cmake-config:arm64-windows@2026-07-21 package ABI: 844567b267d5c0d795a98d58a547bb70a54a3f55905e2edf5bee48ed99bb44d6
2026-10-09T21:29:27.5551535Z Building vcpkg-cmake-config:arm64-windows@2026-07-21...
2026-10-09T21:29:27.5552126Z C:\a\DxUi\DxUi\.build\vcpkg-triplets\ARM64\arm64-windows.cmake: info: loaded overlay triplet from here
2026-10-09T21:29:27.6022794Z -- Installing: C:/a/DxUi/DxUi/.build/vcpkg_packages/ARM64/vcpkg-cmake-config_arm64-windows/share/vcpkg-cmake-config/vcpkg_cmake_config_fixup.cmake
2026-10-09T21:29:27.6033594Z -- Installing: C:/a/DxUi/DxUi/.build/vcpkg_packages/ARM64/vcpkg-cmake-config_arm64-windows/share/vcpkg-cmake-config/vcpkg-port-config.cmake
2026-10-09T21:29:27.6042274Z -- Installing: C:/a/DxUi/DxUi/.build/vcpkg_packages/ARM64/vcpkg-cmake-config_arm64-windows/share/vcpkg-cmake-config/copyright
2026-10-09T21:29:27.6127335Z -- Skipping post-build validation due to VCPKG_POLICY_EMPTY_PACKAGE
2026-10-09T21:29:27.6519983Z Starting submission of vcpkg-cmake-config:arm64-windows@2026-07-21 to 1 binary cache(s) in the background
2026-10-09T21:29:27.6522423Z Elapsed time to handle vcpkg-cmake-config:arm64-windows: 97.8 ms
2026-10-09T21:29:27.6522828Z Installing 2/3 vcpkg-cmake:arm64-windows@2024-04-23...
2026-10-09T21:29:27.6523364Z vcpkg-cmake:arm64-windows@2024-04-23 package ABI: 5e67bb62fd6c667f323f08cb7e8dd9abbcbdf7bb06be9ca4312a9e441a968a80
2026-10-09T21:29:27.6525609Z Building vcpkg-cmake:arm64-windows@2024-04-23...
2026-10-09T21:29:27.6526116Z C:\a\DxUi\DxUi\.build\vcpkg-triplets\ARM64\arm64-windows.cmake: info: loaded overlay triplet from here
2026-10-09T21:29:27.6979417Z -- Installing: C:/a/DxUi/DxUi/.build/vcpkg_packages/ARM64/vcpkg-cmake_arm64-windows/share/vcpkg-cmake/vcpkg_cmake_configure.cmake
2026-10-09T21:29:27.6988972Z -- Installing: C:/a/DxUi/DxUi/.build/vcpkg_packages/ARM64/vcpkg-cmake_arm64-windows/share/vcpkg-cmake/vcpkg_cmake_build.cmake
2026-10-09T21:29:27.6998426Z -- Installing: C:/a/DxUi/DxUi/.build/vcpkg_packages/ARM64/vcpkg-cmake_arm64-windows/share/vcpkg-cmake/vcpkg_cmake_install.cmake
2026-10-09T21:29:27.7029059Z -- Installing: C:/a/DxUi/DxUi/.build/vcpkg_packages/ARM64/vcpkg-cmake_arm64-windows/share/vcpkg-cmake/vcpkg-port-config.cmake
2026-10-09T21:29:27.7039673Z -- Installing: C:/a/DxUi/DxUi/.build/vcpkg_packages/ARM64/vcpkg-cmake_arm64-windows/share/vcpkg-cmake/copyright
2026-10-09T21:29:27.7109214Z -- Performing post-build validation
2026-10-09T21:29:27.7632097Z Starting submission of vcpkg-cmake:arm64-windows@2024-04-23 to 1 binary cache(s) in the background
2026-10-09T21:29:27.7632680Z Elapsed time to handle vcpkg-cmake:arm64-windows: 111 ms
2026-10-09T21:29:27.7633233Z Installing 3/3 wil:arm64-windows@1.0.260126.7...
2026-10-09T21:29:27.7633961Z wil:arm64-windows@1.0.260126.7 package ABI: 4b7284a4e73cfee854e425674b4827a7534c5ce3d1421812183abfe7ba96f711
2026-10-09T21:29:27.7634555Z Building wil:arm64-windows@1.0.260126.7...
2026-10-09T21:29:27.7635130Z C:\a\DxUi\DxUi\.build\vcpkg-triplets\ARM64\arm64-windows.cmake: info: loaded overlay triplet from here
2026-10-09T21:29:27.8327764Z Downloading https://github.com/Microsoft/wil/archive/v1.0.260126.7.tar.gz -> Microsoft-wil-v1.0.260126.7.tar.gz
2026-10-09T21:29:28.1421035Z Successfully downloaded Microsoft-wil-v1.0.260126.7.tar.gz
2026-10-09T21:29:28.8775423Z -- Extracting source C:/a/DxUi/DxUi/.build/vcpkg_downloads/Microsoft-wil-v1.0.260126.7.tar.gz
2026-10-09T21:29:29.3250288Z -- Applying patch cpp14.patch
2026-10-09T21:29:29.3868834Z -- Using source at C:/a/DxUi/DxUi/.build/vcpkg_buildtrees/ARM64/wil/src/0.260126.7-f396d2605e.clean
2026-10-09T21:29:29.4363924Z -- Configuring arm64-windows
2026-10-09T21:29:32.9671517Z -- Building arm64-windows-rel
2026-10-09T21:29:33.1429420Z -- Up-to-date: C:/a/DxUi/DxUi/.build/vcpkg_packages/ARM64/wil_arm64-windows/share/wil/natvis
2026-10-09T21:29:33.1432824Z -- Installing: C:/a/DxUi/DxUi/.build/vcpkg_packages/ARM64/wil_arm64-windows/share/wil/natvis/wil.natstepfilter
2026-10-09T21:29:33.1454294Z -- Installing: C:/a/DxUi/DxUi/.build/vcpkg_packages/ARM64/wil_arm64-windows/share/wil/natvis/wil.natvis
2026-10-09T21:29:33.1454906Z -- Installing: C:/a/DxUi/DxUi/.build/vcpkg_packages/ARM64/wil_arm64-windows/share/wil/copyright
2026-10-09T21:29:33.1554573Z -- Performing post-build validation
2026-10-09T21:29:33.2346973Z Starting submission of wil:arm64-windows@1.0.260126.7 to 1 binary cache(s) in the background
2026-10-09T21:29:33.2347443Z Elapsed time to handle wil:arm64-windows: 5.5 s
2026-10-09T21:29:33.2386378Z Installed contents are licensed to you by owners. Microsoft is not responsible for, nor does it grant any licenses to, third-party packages.
2026-10-09T21:29:33.2387087Z Packages installed in this vcpkg installation declare the following licenses:
2026-10-09T21:29:33.2387439Z MIT
2026-10-09T21:29:33.2388226Z wil provides CMake targets:
2026-10-09T21:29:33.2388368Z 
2026-10-09T21:29:33.2388501Z   # this is heuristically generated, and may not be correct
2026-10-09T21:29:33.2389261Z   find_package(wil CONFIG REQUIRED)
2026-10-09T21:29:33.2394779Z   target_link_libraries(main PRIVATE WIL::WIL)
2026-10-09T21:29:33.2394993Z 
2026-10-09T21:29:33.2395262Z Completed submission of vcpkg-cmake-config:arm64-windows@2026-07-21 to 1 binary cache(s) in 1.6 s
2026-10-09T21:29:33.2395845Z Completed submission of vcpkg-cmake:arm64-windows@2024-04-23 to 1 binary cache(s) in 273 ms
2026-10-09T21:29:33.2396280Z Waiting for 1 remaining binary cache submissions...
2026-10-09T21:29:33.5551812Z Completed submission of wil:arm64-windows@1.0.260126.7 to 1 binary cache(s) in 320 ms (1/1)
2026-10-09T21:29:33.5552332Z All requested installations completed successfully in: 5.7 s
2026-10-09T21:29:33.5593436Z vcpkg dependencies are ready.
2026-10-09T21:29:33.6139521Z ##[group]Run ./test.ps1 -Full -SkipTooling -Configuration "Debug" -Platform ARM64
2026-10-09T21:29:33.6140175Z [36;1m./test.ps1 -Full -SkipTooling -Configuration "Debug" -Platform ARM64[0m
2026-10-09T21:29:33.6191662Z shell: C:\Program Files\PowerShell\7\pwsh.EXE -command ". '{0}'"
2026-10-09T21:29:33.6191990Z ##[endgroup]
2026-10-09T21:29:34.1661415Z ╭────────────────────────────────────────────────────────────────────────╮
2026-10-09T21:29:34.1764288Z │                                                                        │
2026-10-09T21:29:34.1769909Z │                      ██████╗ ██╗  ██╗██╗   ██╗██╗                      │
2026-10-09T21:29:34.1774787Z │                      ██╔══██╗╚██╗██╔╝██║   ██║██║                      │
2026-10-09T21:29:34.1779720Z │                      ██║  ██║ ╚███╔╝ ██║   ██║██║                      │
2026-10-09T21:29:34.1784425Z │                      ██║  ██║ ██╔██╗ ██║   ██║██║                      │
2026-10-09T21:29:34.1789480Z │                      ██████╔╝██╔╝ ██╗╚██████╔╝██║                      │
2026-10-09T21:29:34.1794469Z │                      ╚═════╝ ╚═╝  ╚═╝ ╚═════╝ ╚═╝                      │
2026-10-09T21:29:34.1798990Z │                                                                        │
2026-10-09T21:29:34.1804707Z │      ✦  PIXELS PRIMED  •  CONTROLS READY  •  COMPILE MODE: GO!  ✦      │
2026-10-09T21:29:34.1836131Z │                   ⚡  DEBUG  /  ARM64  /  BUILD  ⚡                    │
2026-10-09T21:29:34.1840773Z │                                                                        │
2026-10-09T21:29:34.1844983Z ╰────────────────────────────────────────────────────────────────────────╯
2026-10-09T21:29:34.1848714Z 
2026-10-09T21:29:34.1858568Z Locating Visual Studio and MSBuild...
2026-10-09T21:29:34.5007311Z Build configuration:
2026-10-09T21:29:34.5011552Z   Configuration: Debug
2026-10-09T21:29:34.5016495Z   Platform:      ARM64
2026-10-09T21:29:34.5021137Z   Target:        Build
2026-10-09T21:29:34.5025489Z   Toolchain:     C:\Program Files\Microsoft Visual Studio\18\Enterprise
2026-10-09T21:29:34.5030312Z   Output:        C:\a\DxUi\DxUi\.build\
2026-10-09T21:29:34.5034177Z 
2026-10-09T21:29:34.5038621Z Compiling DxUi...
2026-10-09T21:29:43.4006384Z 
2026-10-09T21:29:50.8380585Z   compilation header save succeeded; see C:\a\DxUi\DxUi\.build\Intermediate\ARM64\Debug\DxUi\DxUiCompositeVS.h
2026-10-09T21:29:50.8388611Z   compilation object save succeeded; see C:\a\DxUi\DxUi\.build\Intermediate\ARM64\Debug\DxUi\DxUiCompositeVS.cso
2026-10-09T21:29:51.1980469Z   compilation header save succeeded; see C:\a\DxUi\DxUi\.build\Intermediate\ARM64\Debug\DxUi\DxUiCompositePS.h
2026-10-09T21:29:51.1987611Z   compilation object save succeeded; see C:\a\DxUi\DxUi\.build\Intermediate\ARM64\Debug\DxUi\DxUiCompositePS.cso
2026-10-09T21:29:52.2236530Z   ControlCatalog.cpp
2026-10-09T21:30:12.9137353Z   NativeMenuInterop.cpp
2026-10-09T21:30:26.6543776Z   Embedded.cpp
2026-10-09T21:30:39.8261440Z   FrameRuntime.cpp
2026-10-09T21:30:41.5226160Z   DxUi.Accessibility.cpp
2026-10-09T21:31:01.9320284Z   DxUi.ComboBox.cpp
2026-10-09T21:31:16.9787464Z   DxUi.Controls.cpp
2026-10-09T21:31:36.3090776Z   DxUi.EditorControls.cpp
2026-10-09T21:31:51.0569293Z   DxUi.cpp
2026-10-09T21:32:05.6019758Z   DxUi.Grid.cpp
2026-10-09T21:32:25.5595992Z   DxUi.Menu.cpp
2026-10-09T21:32:46.0219515Z   DxUi.NativeTextInput.cpp
2026-10-09T21:32:59.8940614Z   DxUi.PointerInput.cpp
2026-10-09T21:33:01.5902989Z   DxUi.Scrollbar.cpp
2026-10-09T21:33:14.0730812Z   DxUi.SingleLineTextEditing.cpp
2026-10-09T21:33:27.0952626Z   DxUi.TextInput.cpp
2026-10-09T21:33:41.3390725Z   DxUi.TextStoreACP.cpp
2026-10-09T21:33:55.2021925Z   TextInputServices.cpp
2026-10-09T21:34:09.3828505Z   TextClipboard.cpp
2026-10-09T21:34:21.6806369Z   DxUi.Theme.cpp
2026-10-09T21:34:34.9443462Z   Generating Code...
2026-10-09T21:34:47.1059953Z   Compiling...
2026-10-09T21:34:47.1065560Z   DxUi.Tree.cpp
2026-10-09T21:35:02.0844878Z   DxUi.Typeahead.cpp
2026-10-09T21:35:14.7187953Z   DxUi.WindowHost.cpp
2026-10-09T21:35:35.5539964Z   Generating Code...
2026-10-09T21:35:39.0338379Z   DxUi.vcxproj -> C:\a\DxUi\DxUi\.build\ARM64\Debug\DxUi.lib
2026-10-09T21:35:40.1346738Z   Main.cpp
2026-10-09T21:35:40.3685498Z   Foundation.Tests.Foundation.cpp
2026-10-09T21:35:40.7611179Z   Embedded.Tests.Embedded.cpp
2026-10-09T21:35:41.1569584Z   InteractiveLease.Tests.Runner.cpp
2026-10-09T21:35:41.5409934Z   DxUi.Tests.Accessibility.cpp
2026-10-09T21:35:42.5844114Z   Foundation.Tests.PublicHelpers.cpp
2026-10-09T21:35:54.2510014Z   Generating Code...
2026-10-09T21:35:58.2197409Z   DxUi.FoundationTests.vcxproj -> C:\a\DxUi\DxUi\.build\ARM64\Debug\DxUi.FoundationTests.exe
2026-10-09T21:35:58.2929447Z   DxUi.EmbeddedControls.vcxproj -> C:\a\DxUi\DxUi\.build\ARM64\Debug\DxUi.EmbeddedControls.exe
2026-10-09T21:35:59.3414250Z   DxUi.InteractiveLease.vcxproj -> C:\a\DxUi\DxUi\.build\ARM64\Debug\DxUi.InteractiveLease.exe
2026-10-09T21:36:03.6275286Z   DxUi.EmbeddedTests.vcxproj -> C:\a\DxUi\DxUi\.build\ARM64\Debug\DxUi.EmbeddedTests.exe
2026-10-09T21:36:07.1825408Z   DxUi.Tests.Animation.cpp
2026-10-09T21:36:18.8180217Z   DxUi.Tests.ComboBox.cpp
2026-10-09T21:36:30.7938656Z   DxUi.Tests.Controls.cpp
2026-10-09T21:36:44.5831007Z   DxUi.Tests.Runner.cpp
2026-10-09T21:36:56.1020990Z   DxUi.Tests.EditorControls.cpp
2026-10-09T21:37:08.9165612Z   DxUi.Tests.Gallery.cpp
2026-10-09T21:37:22.0307498Z   DxUi.Tests.Grid.cpp
2026-10-09T21:37:36.9838066Z   DxUi.Tests.InteractiveLease.cpp
2026-10-09T21:37:49.7113198Z   DxUi.Tests.Menu.cpp
2026-10-09T21:38:08.5718775Z   DxUi.Tests.MultilineText.cpp
2026-10-09T21:38:20.2946161Z   DxUi.Tests.NativeTextInput.cpp
2026-10-09T21:38:34.6972896Z   DxUi.Tests.NewControls.cpp
2026-10-09T21:38:48.0197123Z   DxUi.Tests.ReadOnly.cpp
2026-10-09T21:38:59.4293514Z   DxUi.Tests.Rendering.cpp
2026-10-09T21:39:13.7115243Z   DxUi.Tests.TextField.cpp
2026-10-09T21:39:25.9118130Z   DxUi.Tests.Theme.cpp
2026-10-09T21:39:37.1753790Z   DxUi.Tests.Tooltip.cpp
2026-10-09T21:39:48.5879424Z   DxUi.Tests.Tree.cpp
2026-10-09T21:40:00.9115280Z   DxUi.Tests.WindowHost.cpp
2026-10-09T21:40:17.2593826Z   Generating Code...
2026-10-09T21:40:44.9991855Z   DxUi.ControlTests.vcxproj -> C:\a\DxUi\DxUi\.build\ARM64\Debug\DxUi.ControlTests.exe
2026-10-09T21:40:45.3201361Z 
2026-10-09T21:40:45.3206142Z ========================================
2026-10-09T21:40:45.3237422Z DxUi build passed in 11:10
2026-10-09T21:40:45.3240901Z Output: C:\a\DxUi\DxUi\.build\
2026-10-09T21:40:45.3244716Z Log: C:\a\DxUi\DxUi\.build\logs\build-ARM64-Debug-464edd3e629d4e2cb703f065074a425e.log
2026-10-09T21:40:45.3248138Z ========================================
2026-10-09T21:40:53.8813346Z ok   the filter runs only the named tests, in suite order
2026-10-09T21:40:53.8816704Z ok   an unknown name fails the run instead of passing with nothing run
2026-10-09T21:40:53.8820556Z ok   one unknown name fails a run that also names a known test
2026-10-09T21:40:53.8823876Z ok   names are exact and case-sensitive
2026-10-09T21:40:53.8833658Z ok   an empty or malformed list is rejected
2026-10-09T21:40:53.8837186Z ok   a fixture suite without named tests rejects the filter before it runs
2026-10-09T21:40:53.8839155Z ok   no runner calls a test directly, so the filter can select every test
2026-10-09T21:40:53.8839566Z ok   without the filter a suite runs every test its runner registers
2026-10-09T21:40:53.8857732Z Test filter: 8 of 8 passed
2026-10-09T21:41:12.9318046Z ok   a test that never returns ends the run at its deadline, named
2026-10-09T21:41:12.9321474Z ok   a fixture suite without named tests is bounded as a whole
2026-10-09T21:41:12.9325156Z ok   a fixture that reports progress outlives its deadline as a whole
2026-10-09T21:41:12.9328522Z ok   without a deadline the same test never returns
2026-10-09T21:41:12.9331743Z ok   an armed watchdog waits instead of polling
2026-10-09T21:41:12.9335030Z ok   the deadline defaults to 300 seconds and --test-timeout sets it
2026-10-09T21:41:12.9339792Z ok   a test that finishes in time is not ended and reports its duration
2026-10-09T21:41:12.9342040Z ok   a malformed --test-timeout is rejected before any test runs
2026-10-09T21:41:12.9345280Z ok   the self-test is a switch of its own
2026-10-09T21:41:12.9348724Z ok   a failed runtime check ends the run with its report instead of waiting on a dialog
2026-10-09T21:41:12.9352126Z ok   test.ps1 surfaces the timeout: the exit code and the TIMEOUT line among the printed lines
2026-10-09T21:41:12.9356282Z ok   every driver thread of the Menu suite starts with the guard that closes its menu when it fails
2026-10-09T21:41:12.9359436Z Test watchdog: 12 of 12 passed
2026-10-09T21:41:18.9836500Z ok   the self-test passes: children, the session's lease, the confirmation and the warning
2026-10-09T21:41:18.9840269Z ok   --check reads the session, writes the result the PowerShell side reads, and shows and takes nothing
2026-10-09T21:41:18.9844353Z ok   a malformed command line is a usage error before anything is shown
2026-10-09T21:41:18.9847783Z ok   the confirmation defaults to Cancel, and cancels itself when nobody answers
2026-10-09T21:41:18.9850934Z ok   the lease ends only the processes it started
2026-10-09T21:41:18.9854253Z Interactive lease: 5 of 5 passed
2026-10-09T21:41:22.2844415Z Complex UI clean round 1: 192.298 completed offscreen FPS; p95 5.5401 ms; private 28880896 bytes
2026-10-09T21:41:22.2845024Z Complex UI clean round 2: 191.237 completed offscreen FPS; p95 5.53 ms; private 28880896 bytes
2026-10-09T21:41:22.2845570Z Complex UI clean round 3: 198.014 completed offscreen FPS; p95 5.4296 ms; private 28880896 bytes
2026-10-09T21:41:22.2846123Z Complex UI clean round 4: 232.851 completed offscreen FPS; p95 4.6381 ms; private 27336704 bytes
2026-10-09T21:41:22.2846666Z Complex UI clean round 5: 231.81 completed offscreen FPS; p95 4.8574 ms; private 27344896 bytes
2026-10-09T21:41:22.2847237Z Complex UI dirty round 1: 102.811 completed offscreen FPS; p95 9.9008 ms; private 28262400 bytes
2026-10-09T21:41:22.2847785Z Complex UI dirty round 2: 102.122 completed offscreen FPS; p95 10.0788 ms; private 27926528 bytes
2026-10-09T21:41:22.2848331Z Complex UI dirty round 3: 103.267 completed offscreen FPS; p95 9.7908 ms; private 28602368 bytes
2026-10-09T21:41:22.2848882Z Complex UI dirty round 4: 103.95 completed offscreen FPS; p95 9.7425 ms; private 28676096 bytes
2026-10-09T21:41:22.2849425Z Complex UI dirty round 5: 95.5556 completed offscreen FPS; p95 11.5488 ms; private 28299264 bytes
2026-10-09T21:45:08.5001704Z Performance comparison: unpaired
2026-10-09T21:45:08.5033844Z Performance receipt: C:\a\DxUi\DxUi\.build\reports\Performance-ARM64-Debug-e3b85871b8f742c4833c9eeb1e49426d.json
2026-10-09T21:45:08.5159396Z Running Foundation (ARM64 Debug)
2026-10-09T21:45:08.6396110Z PASS Foundation (0 capability skips recorded)
2026-10-09T21:45:08.6417611Z Running Embedded (ARM64 Debug)
2026-10-09T21:45:39.0355708Z PASS Embedded (0 capability skips recorded)
2026-10-09T21:45:39.0403757Z Running Grid (ARM64 Debug)
2026-10-09T21:45:46.3275782Z PASS Grid (0 capability skips recorded)
2026-10-09T21:45:46.3305577Z Running Theme (ARM64 Debug)
2026-10-09T21:45:46.4444773Z PASS Theme (0 capability skips recorded)
2026-10-09T21:45:46.4470833Z Running Control (ARM64 Debug)
2026-10-09T21:45:46.7757428Z PASS Control (0 capability skips recorded)
2026-10-09T21:45:46.7784471Z Running MenuExitLifetime (ARM64 Debug)
2026-10-09T21:45:46.9313050Z PASS MenuExitLifetime (0 capability skips recorded)
2026-10-09T21:45:46.9339132Z Running NewControls (ARM64 Debug)
2026-10-09T21:45:47.1178958Z PASS NewControls (0 capability skips recorded)
2026-10-09T21:45:47.1206784Z Running EditorControls (ARM64 Debug)
2026-10-09T21:45:51.1712076Z PASS EditorControls (0 capability skips recorded)
2026-10-09T21:45:51.1752406Z Running TextField (ARM64 Debug)
2026-10-09T21:46:03.4640495Z PASS TextField (0 capability skips recorded)
2026-10-09T21:46:03.4682294Z Running MultilineText (ARM64 Debug)
2026-10-09T21:46:04.0122668Z PASS MultilineText (0 capability skips recorded)
2026-10-09T21:46:04.0149488Z Running ReadOnly (ARM64 Debug)
2026-10-09T21:46:04.4161739Z PASS ReadOnly (0 capability skips recorded)
2026-10-09T21:46:04.4182352Z Running ComboBox (ARM64 Debug)
2026-10-09T21:46:05.0371002Z PASS ComboBox (0 capability skips recorded)
2026-10-09T21:46:05.0401941Z Running Tree (ARM64 Debug)
2026-10-09T21:46:05.4122171Z PASS Tree (0 capability skips recorded)
2026-10-09T21:46:05.4163207Z Running Tooltip (ARM64 Debug)
2026-10-09T21:46:05.9964067Z PASS Tooltip (0 capability skips recorded)
2026-10-09T21:46:05.9983398Z Running Rendering (ARM64 Debug)
2026-10-09T21:46:34.6887125Z PASS Rendering (0 capability skips recorded)
2026-10-09T21:46:34.6921000Z Running Animation (ARM64 Debug)
2026-10-09T21:46:35.8143074Z PASS Animation (0 capability skips recorded)
2026-10-09T21:46:35.8163798Z Running Accessibility (ARM64 Debug)
2026-10-09T21:48:26.9728537Z PASS Accessibility (0 capability skips recorded)
2026-10-09T21:48:26.9780783Z Running WindowHost (ARM64 Debug)
2026-10-09T21:48:30.1796977Z PASS WindowHost (0 capability skips recorded)
2026-10-09T21:48:30.1844271Z Running InteractiveLease (ARM64 Debug)
2026-10-09T21:48:30.2872556Z PASS InteractiveLease (0 capability skips recorded)
2026-10-09T21:48:30.2891252Z Running Menu (ARM64 Debug)
2026-10-09T21:48:31.2535350Z FAIL Menu exited with code 1
2026-10-09T21:48:31.2540332Z [WATCHDOG] each test may run 300 s; a test that outlives it ends the run with exit code 124
2026-10-09T21:48:31.2542663Z [START] Menu
2026-10-09T21:48:31.2543051Z   [START] TestContextMenuPopupScrollsOversizedContent
2026-10-09T21:48:31.2543943Z FAILED: oversized context menu exposes scrollbar state after its initial frame renders
2026-10-09T21:48:31.2575302Z Running NativeTextInput (ARM64 Debug)
2026-10-09T21:48:31.7306570Z FAIL NativeTextInput exited with code 1
2026-10-09T21:48:31.7308107Z     [TRACE] attached host dtor: hwnd reset
2026-10-09T21:48:31.7309190Z   [DONE] TestApplicationTextServiceRetirementReadReentrancyPreservesSameClientSuccessor (0.004 s)
2026-10-09T21:48:31.7309845Z   [START] TestApplicationTextServiceDetachRejectsReentrantReattach
2026-10-09T21:48:31.7310633Z     [TRACE] attached host dtor: begin
2026-10-09T21:48:31.7311014Z     [TRACE] attached host dtor: host detached
2026-10-09T21:48:31.7311585Z     [TRACE] attached host dtor: hwnd reset
2026-10-09T21:48:31.7312387Z   [DONE] TestApplicationTextServiceDetachRejectsReentrantReattach (0.004 s)
2026-10-09T21:48:31.7312986Z   [START] TestApplicationTextServiceRetirementPreservesForeignFocusAndReentrantWinner
2026-10-09T21:48:31.7313442Z     [TRACE] attached host dtor: begin
2026-10-09T21:48:31.7313747Z     [TRACE] attached host dtor: host detached
2026-10-09T21:48:31.7314260Z     [TRACE] attached host dtor: hwnd reset
2026-10-09T21:48:31.7314925Z FAILED: the application TSF focus fixture activates when no foreground thief is observed
2026-10-09T21:48:31.8179707Z [31;1mException: [0mC:\a\DxUi\DxUi\test.ps1:218[0m
2026-10-09T21:48:31.8180153Z [31;1m[0m[36;1mLine |[0m
2026-10-09T21:48:31.8181141Z [31;1m[0m[36;1m[36;1m 218 | [0m … es.Count) { [36;1mthrow "DxUi failed suites: $($failures -join '; '). See .[0m …[0m
2026-10-09T21:48:31.8182553Z [31;1m[0m[36;1m[36;1m[0m[36;1m[0m[36;1m     | [31;1m               ~~~~~~~~~~~~~~~~~~~~~~~~~~~~~~~~~~~~~~~~~~~~~~~~~~~~~~~~~[0m
2026-10-09T21:48:31.8183550Z [31;1m[0m[36;1m[36;1m[0m[36;1m[0m[36;1m[31;1m[31;1m[36;1m     | [31;1mDxUi failed suites: Menu exited with code 1; NativeTextInput exited with code 1. See .build/logs and[0m
2026-10-09T21:48:31.8184508Z [31;1m[0m[36;1m[36;1m[0m[36;1m[0m[36;1m[31;1m[31;1m[36;1m[31;1m[36;1m     | [31;1m.build/reports.[0m
2026-10-09T21:48:31.8613060Z ##[error]Process completed with exit code 1.
2026-10-09T21:48:31.8955027Z ##[group]Run actions/upload-artifact@ea165f8d65b6e75b540449e92b4886f43607fa02
2026-10-09T21:48:31.8955539Z with:
2026-10-09T21:48:31.8955714Z   name: native-ARM64-Debug
2026-10-09T21:48:31.8956301Z   path: .build/logs/*.log
.build/reports/*.json
.build/test-artifacts/**
.build/gallery/**

2026-10-09T21:48:31.8956701Z   retention-days: 14
2026-10-09T21:48:31.8956948Z   if-no-files-found: warn
2026-10-09T21:48:31.8957148Z   compression-level: 6
2026-10-09T21:48:31.8957330Z   overwrite: false
2026-10-09T21:48:31.8957515Z   include-hidden-files: false
2026-10-09T21:48:31.8957727Z ##[endgroup]
2026-10-09T21:48:32.1692433Z (node:4828) [DEP0040] DeprecationWarning: The `punycode` module is deprecated. Please use a userland alternative instead.
2026-10-09T21:48:32.1693082Z (Use `node --trace-deprecation ...` to show where the warning was created)
2026-10-09T21:48:32.2123308Z Multiple search paths detected. Calculating the least common ancestor of all paths
2026-10-09T21:48:32.2127165Z The least common ancestor is C:\a\DxUi\DxUi\.build. This will be the root directory of the artifact
2026-10-09T21:48:32.2128093Z With the provided path, there will be 80 files uploaded
2026-10-09T21:48:32.2133231Z Artifact name is valid!
2026-10-09T21:48:32.2136358Z Root directory input is valid!
2026-10-09T21:48:32.4185096Z Beginning upload of artifact content to blob storage
2026-10-09T21:48:32.5291208Z (node:4828) [DEP0169] DeprecationWarning: `url.parse()` behavior is not standardized and prone to errors that have security implications. Use the WHATWG URL API instead. CVEs are not issued for `url.parse()` vulnerabilities.
2026-10-09T21:48:32.5549692Z Uploaded bytes 188499
2026-10-09T21:48:32.5716937Z Finished uploading artifact content to blob storage!
2026-10-09T21:48:32.5720411Z SHA256 digest of uploaded artifact zip is c92c3719f91213435e1299260c344dd070344a31433ac6acafc10f9633626e1a
2026-10-09T21:48:32.5722313Z Finalizing artifact upload
2026-10-09T21:48:32.7845474Z Artifact native-ARM64-Debug.zip successfully finalized. Artifact ID 11646573387
2026-10-09T21:48:32.7846549Z Artifact native-ARM64-Debug has been successfully uploaded! Final size is 188499 bytes. Artifact ID is 11646573387
2026-10-09T21:48:32.7862796Z Artifact download URL: https://github.com/RedSalamanders/DxUi/actions/runs/37993602279/artifacts/11646573387
2026-10-09T21:48:32.8386576Z Post job cleanup.
2026-10-09T21:48:33.1325350Z [command]"C:\Program Files\Git\bin\git.exe" version
2026-10-09T21:48:33.1837327Z git version 2.56.0.windows.1
2026-10-09T21:48:33.1924011Z Temporarily overriding HOME='C:\a\_temp\5b757efd-30be-474a-b5b5-e12c4a1a8cd4' before making global git config changes
2026-10-09T21:48:33.1924782Z Adding repository directory to the temporary git global config as a safe directory
2026-10-09T21:48:33.1934056Z [command]"C:\Program Files\Git\bin\git.exe" config --global --add safe.directory C:\a\DxUi\DxUi
2026-10-09T21:48:33.2479343Z [command]"C:\Program Files\Git\bin\git.exe" config --local --name-only --get-regexp core\.sshCommand
2026-10-09T21:48:33.3004032Z [command]"C:\Program Files\Git\bin\git.exe" submodule foreach --recursive "sh -c \"git config --local --name-only --get-regexp 'core\.sshCommand' && git config --local --unset-all 'core.sshCommand' || :\""
2026-10-09T21:48:34.5361473Z [command]"C:\Program Files\Git\bin\git.exe" config --local --name-only --get-regexp http\.https\:\/\/github\.com\/\.extraheader
2026-10-09T21:48:34.5871173Z http.https://github.com/.extraheader
2026-10-09T21:48:34.5933081Z [command]"C:\Program Files\Git\bin\git.exe" config --local --unset-all http.https://github.com/.extraheader
2026-10-09T21:48:34.6503966Z [command]"C:\Program Files\Git\bin\git.exe" submodule foreach --recursive "sh -c \"git config --local --name-only --get-regexp 'http\.https\:\/\/github\.com\/\.extraheader' && git config --local --unset-all 'http.https://github.com/.extraheader' || :\""
2026-10-09T21:48:35.8971988Z [command]"C:\Program Files\Git\bin\git.exe" config --local --name-only --get-regexp ^includeIf\.gitdir:
2026-10-09T21:48:35.9508119Z [command]"C:\Program Files\Git\bin\git.exe" submodule foreach --recursive "git config --local --show-origin --name-only --get-regexp remote.origin.url"
2026-10-09T21:48:37.1793844Z Cleaning up orphan processes
2026-10-09T21:48:37.1900355Z Terminate orphan process: pid (5612) (MSBuild)
2026-10-09T21:48:37.1949617Z Terminate orphan process: pid (8208) (MSBuild)
2026-10-09T21:48:37.2049200Z Terminate orphan process: pid (11076) (MSBuild)
2026-10-09T21:48:37.2250506Z Terminate orphan process: pid (6728) (conhost)
2026-10-09T21:48:37.2572186Z Terminate orphan process: pid (4072) (vctip)
2026-10-09T21:48:37.2695539Z Terminate orphan process: pid (6484) (mspdbsrv)
2026-10-09T21:48:37.2790823Z ##[warning]Node.js 20 is deprecated. The following actions target Node.js 20 but are being forced to run on Node.js 24: actions/checkout@11d5960a326750d5838078e36cf38b85af677262, actions/upload-artifact@ea165f8d65b6e75b540449e92b4886f43607fa02. For more information see: https://github.blog/changelog/2025-09-19-deprecation-of-node-20-on-github-actions-runners/
