Native test naming: 56 files checked.
Test plan: Affected (x64 Release); scopes: Accessibility
  (explicit): explicit scope => Accessibility
╭────────────────────────────────────────────────────────────────────────╮
│                                                                        │
│                      ██████╗ ██╗  ██╗██╗   ██╗██╗                      │
│                      ██╔══██╗╚██╗██╔╝██║   ██║██║                      │
│                      ██║  ██║ ╚███╔╝ ██║   ██║██║                      │
│                      ██║  ██║ ██╔██╗ ██║   ██║██║                      │
│                      ██████╔╝██╔╝ ██╗╚██████╔╝██║                      │
│                      ╚═════╝ ╚═╝  ╚═╝ ╚═════╝ ╚═╝                      │
│                                                                        │
│      ✦  PIXELS PRIMED  •  CONTROLS READY  •  COMPILE MODE: GO!  ✦      │
│                   ⚡  RELEASE  /  X64  /  BUILD  ⚡                    │
│                                                                        │
╰────────────────────────────────────────────────────────────────────────╯

Locating Visual Studio and MSBuild...
Build configuration:
  Configuration: Release
  Platform:      x64
  Target:        Build
  Toolchain:     C:\Program Files\Microsoft Visual Studio\18\Insiders
  Output:        Z:\src\DxUi\.build\

Compiling DxUi...

  DxUi.vcxproj -> Z:\src\DxUi\.build\x64\Release\DxUi.lib
  DxUi.EmbeddedControls.vcxproj -> Z:\src\DxUi\.build\x64\Release\DxUi.EmbeddedControls.exe
  DxUi.EmbeddedTests.vcxproj -> Z:\src\DxUi\.build\x64\Release\DxUi.EmbeddedTests.exe
  DxUi.InteractiveLease.vcxproj -> Z:\src\DxUi\.build\x64\Release\DxUi.InteractiveLease.exe
  DxUi.FoundationTests.vcxproj -> Z:\src\DxUi\.build\x64\Release\DxUi.FoundationTests.exe
  DxUi.ControlTests.vcxproj -> Z:\src\DxUi\.build\x64\Release\DxUi.ControlTests.exe

========================================
DxUi build passed in 00:00
Output: Z:\src\DxUi\.build\
Log: Z:\src\DxUi\.build\logs\build-x64-Release-d0c5a24c78c44794803b8adca61d3ade.log
========================================
ok   the filter runs only the named tests, in suite order
ok   an unknown name fails the run instead of passing with nothing run
ok   one unknown name fails a run that also names a known test
ok   names are exact and case-sensitive
ok   an empty or malformed list is rejected
ok   a fixture suite without named tests rejects the filter before it runs
ok   no runner calls a test directly, so the filter can select every test
ok   without the filter a suite runs every test its runner registers
Test filter: 8 of 8 passed
ok   a test that never returns ends the run at its deadline, named
ok   a fixture suite without named tests is bounded as a whole
ok   a fixture that reports progress outlives its deadline as a whole
ok   without a deadline the same test never returns
ok   an armed watchdog waits instead of polling
ok   the deadline defaults to 300 seconds and --test-timeout sets it
ok   a test that finishes in time is not ended and reports its duration
ok   a malformed --test-timeout is rejected before any test runs
ok   the self-test is a switch of its own
ok   a failed runtime check ends the run with its report instead of waiting on a dialog
ok   test.ps1 surfaces the timeout: the exit code and the TIMEOUT line among the printed lines
ok   every driver thread of the Menu suite starts with the guard that closes its menu when it fails
Test watchdog: 12 of 12 passed
Complex UI clean round 1: 2644.33 completed offscreen FPS; p95 0.5027 ms; private 27070464 bytes
Complex UI clean round 2: 2522.99 completed offscreen FPS; p95 0.4219 ms; private 26996736 bytes
Complex UI clean round 3: 2638.99 completed offscreen FPS; p95 0.4499 ms; private 27750400 bytes
Complex UI clean round 4: 2764.02 completed offscreen FPS; p95 0.4037 ms; private 27963392 bytes
Complex UI clean round 5: 2753.63 completed offscreen FPS; p95 0.3937 ms; private 27975680 bytes
Complex UI dirty round 1: 653.885 completed offscreen FPS; p95 1.6499 ms; private 28168192 bytes
Complex UI dirty round 2: 663.834 completed offscreen FPS; p95 1.6924 ms; private 28364800 bytes
Complex UI dirty round 3: 650.931 completed offscreen FPS; p95 1.7139 ms; private 28405760 bytes
Complex UI dirty round 4: 542.108 completed offscreen FPS; p95 2.5945 ms; private 28852224 bytes
Complex UI dirty round 5: 664.738 completed offscreen FPS; p95 1.6869 ms; private 29548544 bytes
Performance comparison: unpaired
Performance receipt: Z:\src\DxUi\.build\reports\Performance-x64-Release-5d7c5c4259da4711b089050e7111b36b.json
Running Accessibility (x64 Release)
PASS Accessibility (0 capability skips recorded)
All 1 requested suites passed.
SELECTED_PASSED; repository NOT_EVALUATED
