Native test naming: 56 files checked.
Test plan: Affected (x64 Debug); scopes: Accessibility
  (explicit): explicit scope => Accessibility
╭────────────────────────────────────────────────────────────────────────╮
│                                                                        │
│                      ██████╗ ██╗  ██╗██╗   ██╗██╗                      │
│                      ██╔══██╗╚██╗██╔╝██║   ██║██║                      │
│                      ██║  ██║ ╚███╔╝ ██║   ██║██║                      │
│                      ██║  ██║ ██╔██╗ ██║   ██║██║                      │
│                      ██████╔╝██╔╝ ██╗╚██████╔╝██║                      │
│                      ╚═════╝ ╚═╝  ╚═╝ ╚═════╝ ╚═╝                      │
│                                                                        │
│      ✦  PIXELS PRIMED  •  CONTROLS READY  •  COMPILE MODE: GO!  ✦      │
│                    ⚡  DEBUG  /  X64  /  BUILD  ⚡                     │
│                                                                        │
╰────────────────────────────────────────────────────────────────────────╯

Locating Visual Studio and MSBuild...
Build configuration:
  Configuration: Debug
  Platform:      x64
  Target:        Build
  Toolchain:     C:\Program Files\Microsoft Visual Studio\18\Insiders
  Output:        Z:\src\DxUi\.build\

Compiling DxUi...

  DxUi.vcxproj -> Z:\src\DxUi\.build\x64\Debug\DxUi.lib
  DxUi.EmbeddedTests.vcxproj -> Z:\src\DxUi\.build\x64\Debug\DxUi.EmbeddedTests.exe
  DxUi.EmbeddedControls.vcxproj -> Z:\src\DxUi\.build\x64\Debug\DxUi.EmbeddedControls.exe
  DxUi.InteractiveLease.vcxproj -> Z:\src\DxUi\.build\x64\Debug\DxUi.InteractiveLease.exe
  DxUi.ControlTests.vcxproj -> Z:\src\DxUi\.build\x64\Debug\DxUi.ControlTests.exe
  DxUi.FoundationTests.vcxproj -> Z:\src\DxUi\.build\x64\Debug\DxUi.FoundationTests.exe

========================================
DxUi build passed in 00:00
Output: Z:\src\DxUi\.build\
Log: Z:\src\DxUi\.build\logs\build-x64-Debug-d111877a39814830bd1589dc726f5c87.log
========================================
ok   the filter runs only the named tests, in suite order
ok   an unknown name fails the run instead of passing with nothing run
ok   one unknown name fails a run that also names a known test
ok   names are exact and case-sensitive
ok   an empty or malformed list is rejected
ok   a fixture suite without named tests rejects the filter before it runs
ok   no runner calls a test directly, so the filter can select every test
ok   without the filter a suite runs every test its runner registers
Test filter: 8 of 8 passed
ok   a test that never returns ends the run at its deadline, named
ok   a fixture suite without named tests is bounded as a whole
ok   a fixture that reports progress outlives its deadline as a whole
ok   without a deadline the same test never returns
ok   an armed watchdog waits instead of polling
ok   the deadline defaults to 300 seconds and --test-timeout sets it
ok   a test that finishes in time is not ended and reports its duration
ok   a malformed --test-timeout is rejected before any test runs
ok   the self-test is a switch of its own
ok   a failed runtime check ends the run with its report instead of waiting on a dialog
ok   test.ps1 surfaces the timeout: the exit code and the TIMEOUT line among the printed lines
ok   every driver thread of the Menu suite starts with the guard that closes its menu when it fails
Test watchdog: 12 of 12 passed
Complex UI clean round 1: 2698.93 completed offscreen FPS; p95 0.4503 ms; private 29585408 bytes
Complex UI clean round 2: 1313.72 completed offscreen FPS; p95 3.4213 ms; private 29253632 bytes
Complex UI clean round 3: 1551.94 completed offscreen FPS; p95 2.2233 ms; private 29249536 bytes
Complex UI clean round 4: 2764 completed offscreen FPS; p95 0.378 ms; private 29540352 bytes
Complex UI clean round 5: 2812.39 completed offscreen FPS; p95 0.3857 ms; private 30003200 bytes
Complex UI dirty round 1: 500.362 completed offscreen FPS; p95 2.1502 ms; private 32354304 bytes
Complex UI dirty round 2: 499.418 completed offscreen FPS; p95 2.1811 ms; private 32759808 bytes
Complex UI dirty round 3: 508.394 completed offscreen FPS; p95 2.1561 ms; private 32755712 bytes
Complex UI dirty round 4: 524.476 completed offscreen FPS; p95 2.0661 ms; private 32751616 bytes
Complex UI dirty round 5: 500.073 completed offscreen FPS; p95 2.2098 ms; private 32698368 bytes
Performance comparison: unpaired
Performance receipt: Z:\src\DxUi\.build\reports\Performance-x64-Debug-29433c3a8c164824b65d52e934022c2c.json
Running Accessibility (x64 Debug)
PASS Accessibility (0 capability skips recorded)
All 1 requested suites passed.
SELECTED_PASSED; repository NOT_EVALUATED
