Native test naming: 56 files checked.
Test plan: Affected (x64 ASan Debug); scopes: Accessibility
  (explicit): explicit scope => Accessibility
╭────────────────────────────────────────────────────────────────────────╮
│                                                                        │
│                      ██████╗ ██╗  ██╗██╗   ██╗██╗                      │
│                      ██╔══██╗╚██╗██╔╝██║   ██║██║                      │
│                      ██║  ██║ ╚███╔╝ ██║   ██║██║                      │
│                      ██║  ██║ ██╔██╗ ██║   ██║██║                      │
│                      ██████╔╝██╔╝ ██╗╚██████╔╝██║                      │
│                      ╚═════╝ ╚═╝  ╚═╝ ╚═════╝ ╚═╝                      │
│                                                                        │
│      ✦  PIXELS PRIMED  •  CONTROLS READY  •  COMPILE MODE: GO!  ✦      │
│                  ⚡  ASAN DEBUG  /  X64  /  BUILD  ⚡                  │
│                                                                        │
╰────────────────────────────────────────────────────────────────────────╯

Locating Visual Studio and MSBuild...
Build configuration:
  Configuration: ASan Debug
  Platform:      x64
  Target:        Build
  Toolchain:     C:\Program Files\Microsoft Visual Studio\18\Insiders
  Output:        Z:\src\DxUi\.build\

Compiling DxUi...

  DxUi.vcxproj -> Z:\src\DxUi\.build\x64\ASan Debug\DxUi.lib
  DxUi.EmbeddedControls.vcxproj -> Z:\src\DxUi\.build\x64\ASan Debug\DxUi.EmbeddedControls.exe
  DxUi.FoundationTests.vcxproj -> Z:\src\DxUi\.build\x64\ASan Debug\DxUi.FoundationTests.exe
  DxUi.EmbeddedTests.vcxproj -> Z:\src\DxUi\.build\x64\ASan Debug\DxUi.EmbeddedTests.exe
  DxUi.InteractiveLease.vcxproj -> Z:\src\DxUi\.build\x64\ASan Debug\DxUi.InteractiveLease.exe
  DxUi.ControlTests.vcxproj -> Z:\src\DxUi\.build\x64\ASan Debug\DxUi.ControlTests.exe

========================================
DxUi build passed in 00:00
Output: Z:\src\DxUi\.build\
Log: Z:\src\DxUi\.build\logs\build-x64-ASan Debug-ce5122a56e7f455cb902bb9e959bf7fb.log
========================================
ok   the filter runs only the named tests, in suite order
ok   an unknown name fails the run instead of passing with nothing run
ok   one unknown name fails a run that also names a known test
ok   names are exact and case-sensitive
ok   an empty or malformed list is rejected
ok   a fixture suite without named tests rejects the filter before it runs
ok   no runner calls a test directly, so the filter can select every test
ok   without the filter a suite runs every test its runner registers
Test filter: 8 of 8 passed
ok   a test that never returns ends the run at its deadline, named
ok   a fixture suite without named tests is bounded as a whole
ok   a fixture that reports progress outlives its deadline as a whole
ok   without a deadline the same test never returns
ok   an armed watchdog waits instead of polling
ok   the deadline defaults to 300 seconds and --test-timeout sets it
ok   a test that finishes in time is not ended and reports its duration
ok   a malformed --test-timeout is rejected before any test runs
ok   the self-test is a switch of its own
ok   a failed runtime check ends the run with its report instead of waiting on a dialog
ok   test.ps1 surfaces the timeout: the exit code and the TIMEOUT line among the printed lines
ok   every driver thread of the Menu suite starts with the guard that closes its menu when it fails
Test watchdog: 12 of 12 passed
Complex UI clean round 1: 2383.58 completed offscreen FPS; p95 0.5136 ms; private 189591552 bytes
Complex UI clean round 2: 2440.51 completed offscreen FPS; p95 0.5297 ms; private 194121728 bytes
Complex UI clean round 3: 2379.05 completed offscreen FPS; p95 0.5171 ms; private 196657152 bytes
Complex UI clean round 4: 2516.42 completed offscreen FPS; p95 0.4307 ms; private 199499776 bytes
Complex UI clean round 5: 2309.48 completed offscreen FPS; p95 0.475 ms; private 202334208 bytes
Complex UI dirty round 1: 125.833 completed offscreen FPS; p95 11.0586 ms; private 299008000 bytes
Complex UI dirty round 2: 132.267 completed offscreen FPS; p95 7.9397 ms; private 394121216 bytes
Complex UI dirty round 3: 125.258 completed offscreen FPS; p95 8.0195 ms; private 489889792 bytes
Complex UI dirty round 4: 125.914 completed offscreen FPS; p95 8.9443 ms; private 525615104 bytes
Complex UI dirty round 5: 123.548 completed offscreen FPS; p95 10.542 ms; private 536674304 bytes
Performance comparison: unpaired
Performance receipt: Z:\src\DxUi\.build\reports\Performance-x64-ASan Debug-6b4151d1f2994ffe9f65f1ae3fc10e12.json
PASS AddressSanitizer detection probe (isolated expected failure)
Running Accessibility (x64 ASan Debug)
PASS Accessibility (0 capability skips recorded)
All 1 requested suites passed.
SELECTED_PASSED; repository NOT_EVALUATED
