Native test naming: 56 files checked.
Test plan: Affected (x64 Debug); scopes: Foundation, Embedded, Grid, Theme, Control, MenuExitLifetime, NewControls, EditorControls, TextField, MultilineText, ReadOnly, ComboBox, Tree, Tooltip, Rendering, Animation, Accessibility, WindowHost, InteractiveLease
  (explicit): explicit scope => Foundation
  (explicit): explicit scope => Embedded
  (explicit): explicit scope => Grid
  (explicit): explicit scope => Theme
  (explicit): explicit scope => Control
  (explicit): explicit scope => MenuExitLifetime
  (explicit): explicit scope => NewControls
  (explicit): explicit scope => EditorControls
  (explicit): explicit scope => TextField
  (explicit): explicit scope => MultilineText
  (explicit): explicit scope => ReadOnly
  (explicit): explicit scope => ComboBox
  (explicit): explicit scope => Tree
  (explicit): explicit scope => Tooltip
  (explicit): explicit scope => Rendering
  (explicit): explicit scope => Animation
  (explicit): explicit scope => Accessibility
  (explicit): explicit scope => WindowHost
  (explicit): explicit scope => InteractiveLease
REUSED Accessibility (identical successful local evidence)
ok   the filter runs only the named tests, in suite order
ok   an unknown name fails the run instead of passing with nothing run
ok   one unknown name fails a run that also names a known test
ok   names are exact and case-sensitive
ok   an empty or malformed list is rejected
ok   a fixture suite without named tests rejects the filter before it runs
ok   no runner calls a test directly, so the filter can select every test
ok   without the filter a suite runs every test its runner registers
Test filter: 8 of 8 passed
ok   a test that never returns ends the run at its deadline, named
ok   a fixture suite without named tests is bounded as a whole
ok   a fixture that reports progress outlives its deadline as a whole
ok   without a deadline the same test never returns
ok   an armed watchdog waits instead of polling
ok   the deadline defaults to 300 seconds and --test-timeout sets it
ok   a test that finishes in time is not ended and reports its duration
ok   a malformed --test-timeout is rejected before any test runs
ok   the self-test is a switch of its own
ok   a failed runtime check ends the run with its report instead of waiting on a dialog
ok   test.ps1 surfaces the timeout: the exit code and the TIMEOUT line among the printed lines
ok   every driver thread of the Menu suite starts with the guard that closes its menu when it fails
Test watchdog: 12 of 12 passed
ok   the self-test passes: children, the session's lease, the confirmation and the warning
ok   --check reads the session, writes the result the PowerShell side reads, and shows and takes nothing
ok   a malformed command line is a usage error before anything is shown
ok   the confirmation defaults to Cancel, and cancels itself when nobody answers
ok   the lease ends only the processes it started
Interactive lease: 5 of 5 passed
Complex UI clean round 1: 141.022 completed offscreen FPS; p95 15.0215 ms; private 26648576 bytes
Complex UI clean round 2: 43.6148 completed offscreen FPS; p95 45.3328 ms; private 26550272 bytes
Complex UI clean round 3: 71.3752 completed offscreen FPS; p95 31.6572 ms; private 26660864 bytes
Complex UI clean round 4: 114.423 completed offscreen FPS; p95 19.5599 ms; private 26599424 bytes
Complex UI clean round 5: 139.942 completed offscreen FPS; p95 18.4664 ms; private 26566656 bytes
Complex UI dirty round 1: 116.752 completed offscreen FPS; p95 15.1396 ms; private 27353088 bytes
Complex UI dirty round 2: 196.676 completed offscreen FPS; p95 7.648 ms; private 27451392 bytes
Complex UI dirty round 3: 275.62 completed offscreen FPS; p95 4.7942 ms; private 24702976 bytes
Complex UI dirty round 4: 268.219 completed offscreen FPS; p95 5.2214 ms; private 26046464 bytes
Complex UI dirty round 5: 258.296 completed offscreen FPS; p95 8.6346 ms; private 26120192 bytes
Performance comparison: unpaired
Performance receipt: Z:\src\DxUi\.build\reports\Performance-x64-Debug-5253838f73c6427dbbe97741bab2a5f4.json
Running Foundation (x64 Debug)
PASS Foundation (0 capability skips recorded)
Running Embedded (x64 Debug)
PASS Embedded (0 capability skips recorded)
Running Grid (x64 Debug)
PASS Grid (0 capability skips recorded)
Running Theme (x64 Debug)
PASS Theme (0 capability skips recorded)
Running Control (x64 Debug)
PASS Control (0 capability skips recorded)
Running MenuExitLifetime (x64 Debug)
PASS MenuExitLifetime (0 capability skips recorded)
Running NewControls (x64 Debug)
PASS NewControls (12 capability skips recorded)
  skipped TestWindowHostTabRaisesAutomationFocusChanges: DxUi window-host UIA focus changes require an interactive desktop
  skipped TestWindowHostTreeArrowAnnouncesTheFocusedItem: DxUi tree item UIA focus changes require an interactive desktop
  skipped TestWindowHostSingleTreeArrowAnnouncesTheFocusedItem: DxUi single-control tree item UIA focus changes require an interactive desktop
  skipped TestWindowHostSingleGridArrowAnnouncesTheFocusedRow: DxUi single-control grid row UIA focus changes require an interactive desktop
  skipped TestWindowHostElementSetFocusAnnouncesOnlyThatElement: DxUi element SetFocus announcements require an interactive desktop
  skipped TestWindowHostClickThatActivatesAWindowUiAutomationHasAskedBeforeAnnouncesTheClickedControlOnce: DxUi click activation announcements require an interactive desktop
  skipped TestWindowHostClickThatActivatesAWindowUiAutomationHasNotSeenLeavesTheClickedControlToItsFirstGetFocus: DxUi click activation announcements require an interactive desktop
  skipped TestWindowHostReactivatingAWindowUiAutomationHasSeenAnnouncesItsFocusedControlOnce: DxUi reactivation announcements require an interactive desktop
  skipped TestWindowHostThatLostTheForegroundAnnouncesNoFocusChange: DxUi foreground focus announcements require an interactive desktop
  skipped TestMenuChoosesTheCursorWhenItOpensAndCloses: the menu open-and-close cursor test moves the physical pointer and is limited to the interactive Menu lane
  skipped TestPlainMenuFractionalDpiRoundingDoesNotCreateScrollbar: plain-menu half-pixel layout case requires a 125% or 175% monitor
  skipped TestModalMenuDispatchesUnrelatedTimerWithSubmenuId: the modal timer-dispatch regression opens a capturing menu and is limited to the interactive Menu lane
Running EditorControls (x64 Debug)
PASS EditorControls (0 capability skips recorded)
Running TextField (x64 Debug)
PASS TextField (0 capability skips recorded)
Running MultilineText (x64 Debug)
PASS MultilineText (0 capability skips recorded)
Running ReadOnly (x64 Debug)
PASS ReadOnly (0 capability skips recorded)
Running ComboBox (x64 Debug)
PASS ComboBox (0 capability skips recorded)
Running Tree (x64 Debug)
PASS Tree (0 capability skips recorded)
Running Tooltip (x64 Debug)
PASS Tooltip (0 capability skips recorded)
Running Rendering (x64 Debug)
PASS Rendering (0 capability skips recorded)
Running Animation (x64 Debug)
PASS Animation (0 capability skips recorded)
Running WindowHost (x64 Debug)
PASS WindowHost (0 capability skips recorded)
Running InteractiveLease (x64 Debug)
PASS InteractiveLease (0 capability skips recorded)
All 18 requested suites passed.
PASSED_WITH_CAPABILITY_SKIPS NewControls (not reusable)
SELECTED_PASSED_WITH_CAPABILITY_SKIPS; repository NOT_EVALUATED
