Native test naming: 56 files checked.
Test plan: Affected (x64 ASan Debug); scopes: Foundation, Embedded, Grid, Theme, Control, MenuExitLifetime, NewControls, EditorControls, TextField, MultilineText, ReadOnly, ComboBox, Tree, Tooltip, Rendering, Animation, Accessibility, WindowHost, InteractiveLease
  (explicit): explicit scope => Foundation
  (explicit): explicit scope => Embedded
  (explicit): explicit scope => Grid
  (explicit): explicit scope => Theme
  (explicit): explicit scope => Control
  (explicit): explicit scope => MenuExitLifetime
  (explicit): explicit scope => NewControls
  (explicit): explicit scope => EditorControls
  (explicit): explicit scope => TextField
  (explicit): explicit scope => MultilineText
  (explicit): explicit scope => ReadOnly
  (explicit): explicit scope => ComboBox
  (explicit): explicit scope => Tree
  (explicit): explicit scope => Tooltip
  (explicit): explicit scope => Rendering
  (explicit): explicit scope => Animation
  (explicit): explicit scope => Accessibility
  (explicit): explicit scope => WindowHost
  (explicit): explicit scope => InteractiveLease
REUSED Accessibility (identical successful local evidence)
ok   the filter runs only the named tests, in suite order
ok   an unknown name fails the run instead of passing with nothing run
ok   one unknown name fails a run that also names a known test
ok   names are exact and case-sensitive
ok   an empty or malformed list is rejected
ok   a fixture suite without named tests rejects the filter before it runs
ok   no runner calls a test directly, so the filter can select every test
ok   without the filter a suite runs every test its runner registers
Test filter: 8 of 8 passed
ok   a test that never returns ends the run at its deadline, named
ok   a fixture suite without named tests is bounded as a whole
ok   a fixture that reports progress outlives its deadline as a whole
ok   without a deadline the same test never returns
ok   an armed watchdog waits instead of polling
ok   the deadline defaults to 300 seconds and --test-timeout sets it
ok   a test that finishes in time is not ended and reports its duration
ok   a malformed --test-timeout is rejected before any test runs
ok   the self-test is a switch of its own
ok   a failed runtime check ends the run with its report instead of waiting on a dialog
ok   test.ps1 surfaces the timeout: the exit code and the TIMEOUT line among the printed lines
ok   every driver thread of the Menu suite starts with the guard that closes its menu when it fails
Test watchdog: 12 of 12 passed
ok   the self-test passes: children, the session's lease, the confirmation and the warning
ok   --check reads the session, writes the result the PowerShell side reads, and shows and takes nothing
ok   a malformed command line is a usage error before anything is shown
ok   the confirmation defaults to Cancel, and cancels itself when nobody answers
ok   the lease ends only the processes it started
Interactive lease: 5 of 5 passed
Complex UI clean round 1: 142.531 completed offscreen FPS; p95 12.3946 ms; private 186998784 bytes
Complex UI clean round 2: 69.7589 completed offscreen FPS; p95 37.9873 ms; private 190599168 bytes
Complex UI clean round 3: 205.771 completed offscreen FPS; p95 9.9405 ms; private 194109440 bytes
Complex UI clean round 4: 82.9047 completed offscreen FPS; p95 34.8637 ms; private 196952064 bytes
Complex UI clean round 5: 97.7355 completed offscreen FPS; p95 25.5776 ms; private 199790592 bytes
Complex UI dirty round 1: 38.3995 completed offscreen FPS; p95 40.9098 ms; private 297070592 bytes
Complex UI dirty round 2: 34.1701 completed offscreen FPS; p95 46.8709 ms; private 388771840 bytes
Complex UI dirty round 3: 29.6167 completed offscreen FPS; p95 77.3388 ms; private 484610048 bytes
Complex UI dirty round 4: 34.575 completed offscreen FPS; p95 46.8877 ms; private 519602176 bytes
Complex UI dirty round 5: 37.885 completed offscreen FPS; p95 37.0655 ms; private 530370560 bytes
Performance comparison: unpaired
Performance receipt: Z:\src\DxUi\.build\reports\Performance-x64-ASan Debug-e49d4630c4ba41bcb124c7a0c45872c7.json
PASS AddressSanitizer detection probe (isolated expected failure)
Running Foundation (x64 ASan Debug)
PASS Foundation (0 capability skips recorded)
Running Embedded (x64 ASan Debug)
PASS Embedded (0 capability skips recorded)
Running Grid (x64 ASan Debug)
PASS Grid (0 capability skips recorded)
Running Theme (x64 ASan Debug)
PASS Theme (0 capability skips recorded)
Running Control (x64 ASan Debug)
PASS Control (0 capability skips recorded)
Running MenuExitLifetime (x64 ASan Debug)
PASS MenuExitLifetime (0 capability skips recorded)
Running NewControls (x64 ASan Debug)
PASS NewControls (12 capability skips recorded)
  skipped TestWindowHostTabRaisesAutomationFocusChanges: DxUi window-host UIA focus changes require an interactive desktop
  skipped TestWindowHostTreeArrowAnnouncesTheFocusedItem: DxUi tree item UIA focus changes require an interactive desktop
  skipped TestWindowHostSingleTreeArrowAnnouncesTheFocusedItem: DxUi single-control tree item UIA focus changes require an interactive desktop
  skipped TestWindowHostSingleGridArrowAnnouncesTheFocusedRow: DxUi single-control grid row UIA focus changes require an interactive desktop
  skipped TestWindowHostElementSetFocusAnnouncesOnlyThatElement: DxUi element SetFocus announcements require an interactive desktop
  skipped TestWindowHostClickThatActivatesAWindowUiAutomationHasAskedBeforeAnnouncesTheClickedControlOnce: DxUi click activation announcements require an interactive desktop
  skipped TestWindowHostClickThatActivatesAWindowUiAutomationHasNotSeenLeavesTheClickedControlToItsFirstGetFocus: DxUi click activation announcements require an interactive desktop
  skipped TestWindowHostReactivatingAWindowUiAutomationHasSeenAnnouncesItsFocusedControlOnce: DxUi reactivation announcements require an interactive desktop
  skipped TestWindowHostThatLostTheForegroundAnnouncesNoFocusChange: DxUi foreground focus announcements require an interactive desktop
  skipped TestMenuChoosesTheCursorWhenItOpensAndCloses: the menu open-and-close cursor test moves the physical pointer and is limited to the interactive Menu lane
  skipped TestPlainMenuFractionalDpiRoundingDoesNotCreateScrollbar: plain-menu half-pixel layout case requires a 125% or 175% monitor
  skipped TestModalMenuDispatchesUnrelatedTimerWithSubmenuId: the modal timer-dispatch regression opens a capturing menu and is limited to the interactive Menu lane
Running EditorControls (x64 ASan Debug)
PASS EditorControls (0 capability skips recorded)
Running TextField (x64 ASan Debug)
PASS TextField (0 capability skips recorded)
Running MultilineText (x64 ASan Debug)
PASS MultilineText (0 capability skips recorded)
Running ReadOnly (x64 ASan Debug)
PASS ReadOnly (0 capability skips recorded)
Running ComboBox (x64 ASan Debug)
PASS ComboBox (0 capability skips recorded)
Running Tree (x64 ASan Debug)
PASS Tree (0 capability skips recorded)
Running Tooltip (x64 ASan Debug)
PASS Tooltip (0 capability skips recorded)
Running Rendering (x64 ASan Debug)
PASS Rendering (0 capability skips recorded)
Running Animation (x64 ASan Debug)
PASS Animation (0 capability skips recorded)
Running WindowHost (x64 ASan Debug)
PASS WindowHost (0 capability skips recorded)
Running InteractiveLease (x64 ASan Debug)
PASS InteractiveLease (0 capability skips recorded)
All 18 requested suites passed.
PASSED_WITH_CAPABILITY_SKIPS NewControls (not reusable)
SELECTED_PASSED_WITH_CAPABILITY_SKIPS; repository NOT_EVALUATED
