[WATCHDOG] each test may run 300 s; a test that outlives it ends the run with exit code 124
[START] Control
  [START] TestControlAccessibleInvokeCallbackCanDestroyItsOwner
=================================================================
==104452==ERROR: AddressSanitizer: heap-use-after-free on address 0x12253d9a08a0 at pc 0x7ff6d14958bb bp 0x000e6d7bc4a0 sp 0x000e6d7bc4a8
READ of size 8 at 0x12253d9a08a0 thread T0
    #0 0x7ff6d14958ba in std::_Ptr_base<std::basic_string<wchar_t,std::char_traits<wchar_t>,std::allocator<wchar_t> > >::get C:\Program Files\Microsoft Visual Studio\18\Insiders\VC\Tools\MSVC\14.51.36231\include\memory:1332
    #1 0x7ff6d148718e in std::shared_ptr<std::basic_string<wchar_t,std::char_traits<wchar_t>,std::allocator<wchar_t> > >::operator*<std::basic_string<wchar_t,std::char_traits<wchar_t>,std::allocator<wchar_t> >,0> C:\Program Files\Microsoft Visual Studio\18\Insiders\VC\Tools\MSVC\14.51.36231\include\memory:1791
    #2 0x7ff6d14b7467 in ``anonymous namespace'::TestControlAccessibleInvokeCallbackCanDestroyItsOwner'::`2'::<lambda_1>::operator() Z:\src\DxUi\Tests\Controls\DxUi.Tests.Controls.cpp:1083
    #3 0x7ff6d1508729 in std::invoke<``anonymous namespace'::TestControlAccessibleInvokeCallbackCanDestroyItsOwner'::`2'::<lambda_1> &,DxUi::ControlHost &> C:\Program Files\Microsoft Visual Studio\18\Insiders\VC\Tools\MSVC\14.51.36231\include\type_traits:1811
    #4 0x7ff6d14d8f50 in std::_Func_impl_no_alloc<``anonymous namespace'::TestControlAccessibleInvokeCallbackCanDestroyItsOwner'::`2'::<lambda_1>,void,DxUi::ControlHost &>::_Do_call C:\Program Files\Microsoft Visual Studio\18\Insiders\VC\Tools\MSVC\14.51.36231\include\functional:1005
    #5 0x7ff6d1f32774 in std::_Func_class<void,DxUi::ControlHost &>::operator() C:\Program Files\Microsoft Visual Studio\18\Insiders\VC\Tools\MSVC\14.51.36231\include\functional:1057
    #6 0x7ff6d1f22a69 in DxUi::Control::InvokeAccessible Z:\src\DxUi\src\Controls\DxUi.cpp:855
    #7 0x7ff6d14b7204 in `anonymous namespace'::TestControlAccessibleInvokeCallbackCanDestroyItsOwner Z:\src\DxUi\Tests\Controls\DxUi.Tests.Controls.cpp:1086
    #8 0x7ff6d139b507 in RunDxUiTest Z:\src\DxUi\Tests\Controls\Controls.Tests.DxUiTestHelpers.h:136
    #9 0x7ff6d14cf0c5 in RunControlTests Z:\src\DxUi\Tests\Controls\DxUi.Tests.Controls.cpp:1836
    #10 0x7ff6d1526425 in `wmain'::`2'::<lambda_9>::operator()<void (__cdecl&)(void)> Z:\src\DxUi\Tests\Controls\DxUi.Tests.Runner.cpp:439
    #11 0x7ff6d1521544 in wmain Z:\src\DxUi\Tests\Controls\DxUi.Tests.Runner.cpp:519
    #12 0x7ff6d23b7738 in invoke_main D:\a\_work\1\s\src\vctools\crt\vcstartup\src\startup\exe_common.inl:90
    #13 0x7ff6d23b7651 in __scrt_common_main_seh D:\a\_work\1\s\src\vctools\crt\vcstartup\src\startup\exe_common.inl:288
    #14 0x7ff6d23b750d in __scrt_common_main D:\a\_work\1\s\src\vctools\crt\vcstartup\src\startup\exe_common.inl:330
    #15 0x7ff6d23b77ad in wmainCRTStartup D:\a\_work\1\s\src\vctools\crt\vcstartup\src\startup\exe_wmain.cpp:16
    #16 0x7ff8eaa8cd86 in BaseThreadInitThunk+0x16 (C:\WINDOWS\System32\KERNEL32.DLL+0x18002cd86)
    #17 0x7ff8ec22caeb in RtlUserThreadStart+0x2b (C:\WINDOWS\SYSTEM32\ntdll.dll+0x1800acaeb)

0x12253d9a08a0 is located 288 bytes inside of 680-byte region [0x12253d9a0780,0x12253d9a0a28)
freed by thread T0 here:
    #0 0x7ff6d23b5453 in operator delete D:\a\_work\1\s\src\vctools\asan\llvm\compiler-rt\lib\asan\asan_win_delete_scalar_size_thunk.cpp:41
    #1 0x7ff6d200e010 in DxUi::Button::`scalar deleting destructor'+0x30 (Z:\src\DxUi\.build\x64\ASan Debug\DxUi.ControlTests.exe+0x140f3e010)
    #2 0x7ff6d137a0e3 in std::default_delete<DxUi::Control>::operator() C:\Program Files\Microsoft Visual Studio\18\Insiders\VC\Tools\MSVC\14.51.36231\include\memory:3338
    #3 0x7ff6d134dd90 in std::unique_ptr<DxUi::Control,std::default_delete<DxUi::Control> >::~unique_ptr<DxUi::Control,std::default_delete<DxUi::Control> > C:\Program Files\Microsoft Visual Studio\18\Insiders\VC\Tools\MSVC\14.51.36231\include\memory:3456
    #4 0x7ff6d137b716 in std::unique_ptr<DxUi::Control,std::default_delete<DxUi::Control> >::`scalar deleting destructor'+0x16 (Z:\src\DxUi\.build\x64\ASan Debug\DxUi.ControlTests.exe+0x1402ab716)
    #5 0x7ff6d12eed41 in std::destroy_at<std::unique_ptr<DxUi::Control,std::default_delete<DxUi::Control> > > C:\Program Files\Microsoft Visual Studio\18\Insiders\VC\Tools\MSVC\14.51.36231\include\xmemory:337
    #6 0x7ff6d12ee953 in std::_Default_allocator_traits<std::allocator<std::unique_ptr<DxUi::Control,std::default_delete<DxUi::Control> > > >::destroy<std::unique_ptr<DxUi::Control,std::default_delete<DxUi::Control> > > C:\Program Files\Microsoft Visual Studio\18\Insiders\VC\Tools\MSVC\14.51.36231\include\xmemory:739
    #7 0x7ff6d125d542 in std::_Destroy_range<std::allocator<std::unique_ptr<DxUi::Control,std::default_delete<DxUi::Control> > > > C:\Program Files\Microsoft Visual Studio\18\Insiders\VC\Tools\MSVC\14.51.36231\include\xmemory:1107
    #8 0x7ff6d13d9d99 in std::vector<std::unique_ptr<DxUi::Control,std::default_delete<DxUi::Control> >,std::allocator<std::unique_ptr<DxUi::Control,std::default_delete<DxUi::Control> > > >::_Tidy C:\Program Files\Microsoft Visual Studio\18\Insiders\VC\Tools\MSVC\14.51.36231\include\vector:2099
    #9 0x7ff6d1351d96 in std::vector<std::unique_ptr<DxUi::Control,std::default_delete<DxUi::Control> >,std::allocator<std::unique_ptr<DxUi::Control,std::default_delete<DxUi::Control> > > >::~vector<std::unique_ptr<DxUi::Control,std::default_delete<DxUi::Control> >,std::allocator<std::unique_ptr<DxUi::Control,std::default_delete<DxUi::Control> > > > C:\Program Files\Microsoft Visual Studio\18\Insiders\VC\Tools\MSVC\14.51.36231\include\vector:832
    #10 0x7ff6d135310b in DxUi::Panel::~Panel+0x1b (Z:\src\DxUi\.build\x64\ASan Debug\DxUi.ControlTests.exe+0x14028310b)
    #11 0x7ff6d137bd56 in DxUi::Panel::`scalar deleting destructor'+0x16 (Z:\src\DxUi\.build\x64\ASan Debug\DxUi.ControlTests.exe+0x1402abd56)
    #12 0x7ff6d137a0e3 in std::default_delete<DxUi::Control>::operator() C:\Program Files\Microsoft Visual Studio\18\Insiders\VC\Tools\MSVC\14.51.36231\include\memory:3338
    #13 0x7ff6d134dd90 in std::unique_ptr<DxUi::Control,std::default_delete<DxUi::Control> >::~unique_ptr<DxUi::Control,std::default_delete<DxUi::Control> > C:\Program Files\Microsoft Visual Studio\18\Insiders\VC\Tools\MSVC\14.51.36231\include\memory:3456
    #14 0x7ff6d210c220 in DxUi::ControlHost::SetRoot Z:\src\DxUi\src\Controls\DxUi.WindowHost.cpp:1395
    #15 0x7ff6d14b7440 in ``anonymous namespace'::TestControlAccessibleInvokeCallbackCanDestroyItsOwner'::`2'::<lambda_1>::operator() Z:\src\DxUi\Tests\Controls\DxUi.Tests.Controls.cpp:1082
    #16 0x7ff6d1508729 in std::invoke<``anonymous namespace'::TestControlAccessibleInvokeCallbackCanDestroyItsOwner'::`2'::<lambda_1> &,DxUi::ControlHost &> C:\Program Files\Microsoft Visual Studio\18\Insiders\VC\Tools\MSVC\14.51.36231\include\type_traits:1811
    #17 0x7ff6d14d8f50 in std::_Func_impl_no_alloc<``anonymous namespace'::TestControlAccessibleInvokeCallbackCanDestroyItsOwner'::`2'::<lambda_1>,void,DxUi::ControlHost &>::_Do_call C:\Program Files\Microsoft Visual Studio\18\Insiders\VC\Tools\MSVC\14.51.36231\include\functional:1005
    #18 0x7ff6d1f32774 in std::_Func_class<void,DxUi::ControlHost &>::operator() C:\Program Files\Microsoft Visual Studio\18\Insiders\VC\Tools\MSVC\14.51.36231\include\functional:1057
    #19 0x7ff6d1f22a69 in DxUi::Control::InvokeAccessible Z:\src\DxUi\src\Controls\DxUi.cpp:855
    #20 0x7ff6d14b7204 in `anonymous namespace'::TestControlAccessibleInvokeCallbackCanDestroyItsOwner Z:\src\DxUi\Tests\Controls\DxUi.Tests.Controls.cpp:1086
    #21 0x7ff6d139b507 in RunDxUiTest Z:\src\DxUi\Tests\Controls\Controls.Tests.DxUiTestHelpers.h:136
    #22 0x7ff6d14cf0c5 in RunControlTests Z:\src\DxUi\Tests\Controls\DxUi.Tests.Controls.cpp:1836
    #23 0x7ff6d1526425 in `wmain'::`2'::<lambda_9>::operator()<void (__cdecl&)(void)> Z:\src\DxUi\Tests\Controls\DxUi.Tests.Runner.cpp:439
    #24 0x7ff6d1521544 in wmain Z:\src\DxUi\Tests\Controls\DxUi.Tests.Runner.cpp:519
    #25 0x7ff6d23b7738 in invoke_main D:\a\_work\1\s\src\vctools\crt\vcstartup\src\startup\exe_common.inl:90
    #26 0x7ff6d23b7651 in __scrt_common_main_seh D:\a\_work\1\s\src\vctools\crt\vcstartup\src\startup\exe_common.inl:288
    #27 0x7ff6d23b750d in __scrt_common_main D:\a\_work\1\s\src\vctools\crt\vcstartup\src\startup\exe_common.inl:330
    #28 0x7ff6d23b77ad in wmainCRTStartup D:\a\_work\1\s\src\vctools\crt\vcstartup\src\startup\exe_wmain.cpp:16

previously allocated by thread T0 here:
    #0 0x7ff6d23b5335 in operator new D:\a\_work\1\s\src\vctools\asan\llvm\compiler-rt\lib\asan\asan_win_new_scalar_thunk.cpp:40
    #1 0x7ff6d12ff563 in std::make_unique<DxUi::Button,wchar_t const (&)[7],0> C:\Program Files\Microsoft Visual Studio\18\Insiders\VC\Tools\MSVC\14.51.36231\include\memory:3666
    #2 0x7ff6d122a991 in DxUi::Panel::AddChild<DxUi::Button,wchar_t const (&)[7]> Z:\src\DxUi\include\DxUi\DxUi.h:1662
    #3 0x7ff6d14b708f in `anonymous namespace'::TestControlAccessibleInvokeCallbackCanDestroyItsOwner Z:\src\DxUi\Tests\Controls\DxUi.Tests.Controls.cpp:1076
    #4 0x7ff6d139b507 in RunDxUiTest Z:\src\DxUi\Tests\Controls\Controls.Tests.DxUiTestHelpers.h:136
    #5 0x7ff6d14cf0c5 in RunControlTests Z:\src\DxUi\Tests\Controls\DxUi.Tests.Controls.cpp:1836
    #6 0x7ff6d1526425 in `wmain'::`2'::<lambda_9>::operator()<void (__cdecl&)(void)> Z:\src\DxUi\Tests\Controls\DxUi.Tests.Runner.cpp:439
    #7 0x7ff6d1521544 in wmain Z:\src\DxUi\Tests\Controls\DxUi.Tests.Runner.cpp:519
    #8 0x7ff6d23b7738 in invoke_main D:\a\_work\1\s\src\vctools\crt\vcstartup\src\startup\exe_common.inl:90
    #9 0x7ff6d23b7651 in __scrt_common_main_seh D:\a\_work\1\s\src\vctools\crt\vcstartup\src\startup\exe_common.inl:288
    #10 0x7ff6d23b750d in __scrt_common_main D:\a\_work\1\s\src\vctools\crt\vcstartup\src\startup\exe_common.inl:330
    #11 0x7ff6d23b77ad in wmainCRTStartup D:\a\_work\1\s\src\vctools\crt\vcstartup\src\startup\exe_wmain.cpp:16
    #12 0x7ff8eaa8cd86 in BaseThreadInitThunk+0x16 (C:\WINDOWS\System32\KERNEL32.DLL+0x18002cd86)
    #13 0x7ff8ec22caeb in RtlUserThreadStart+0x2b (C:\WINDOWS\SYSTEM32\ntdll.dll+0x1800acaeb)

SUMMARY: AddressSanitizer: heap-use-after-free C:\Program Files\Microsoft Visual Studio\18\Insiders\VC\Tools\MSVC\14.51.36231\include\memory:1332 in std::_Ptr_base<std::basic_string<wchar_t,std::char_traits<wchar_t>,std::allocator<wchar_t> > >::get
Shadow bytes around the buggy address:
  0x12253d9a0600: 00 00 00 00 00 00 00 00 00 00 00 00 00 00 00 00
  0x12253d9a0680: 00 00 00 00 00 00 00 00 fa fa fa fa fa fa fa fa
  0x12253d9a0700: fa fa fa fa fa fa fa fa fa fa fa fa fa fa fa fa
  0x12253d9a0780: fd fd fd fd fd fd fd fd fd fd fd fd fd fd fd fd
  0x12253d9a0800: fd fd fd fd fd fd fd fd fd fd fd fd fd fd fd fd
=>0x12253d9a0880: fd fd fd fd[fd]fd fd fd fd fd fd fd fd fd fd fd
  0x12253d9a0900: fd fd fd fd fd fd fd fd fd fd fd fd fd fd fd fd
  0x12253d9a0980: fd fd fd fd fd fd fd fd fd fd fd fd fd fd fd fd
  0x12253d9a0a00: fd fd fd fd fd fa fa fa fa fa fa fa fa fa fa fa
  0x12253d9a0a80: fa fa fa fa fa fa fa fa fa fa fa fa fa fa fa fa
  0x12253d9a0b00: 00 00 00 00 00 00 00 00 00 00 00 00 00 00 00 00
Shadow byte legend (one shadow byte represents 8 application bytes):
  Addressable:           00
  Partially addressable: 01 02 03 04 05 06 07 
  Heap left redzone:       fa
  Freed heap region:       fd
  Stack left redzone:      f1
  Stack mid redzone:       f2
  Stack right redzone:     f3
  Stack after return:      f5
  Stack use after scope:   f8
  Global redzone:          f9
  Global init order:       f6
  Poisoned by user:        f7
  Container overflow:      fc
  Array cookie:            ac
  Intra object redzone:    bb
  ASan internal:           fe
  Left alloca redzone:     ca
  Right alloca redzone:    cb
==104452==ABORTING
