[WATCHDOG] each test may run 300 s; a test that outlives it ends the run with exit code 124
[START] Control
  [START] TestScrollPanelScrollbarDragCallbackCanDestroyItsOwner
=================================================================
==123648==ERROR: AddressSanitizer: heap-use-after-free on address 0x11ee9c6a1178 at pc 0x7ff6d14958bb bp 0x0074fd1ec440 sp 0x0074fd1ec448
READ of size 8 at 0x11ee9c6a1178 thread T0
    #0 0x7ff6d14958ba in std::_Ptr_base<std::basic_string<wchar_t,std::char_traits<wchar_t>,std::allocator<wchar_t> > >::get C:\Program Files\Microsoft Visual Studio\18\Insiders\VC\Tools\MSVC\14.51.36231\include\memory:1332
    #1 0x7ff6d148718e in std::shared_ptr<std::basic_string<wchar_t,std::char_traits<wchar_t>,std::allocator<wchar_t> > >::operator*<std::basic_string<wchar_t,std::char_traits<wchar_t>,std::allocator<wchar_t> >,0> C:\Program Files\Microsoft Visual Studio\18\Insiders\VC\Tools\MSVC\14.51.36231\include\memory:1791
    #2 0x7ff6d14a05a8 in ``anonymous namespace'::TestScrollPanelScrollbarDragCallbackCanDestroyItsOwner'::`2'::<lambda_1>::operator() Z:\src\DxUi\Tests\Controls\DxUi.Tests.Controls.cpp:354
    #3 0x7ff6d1508a64 in std::invoke<``anonymous namespace'::TestScrollPanelScrollbarDragCallbackCanDestroyItsOwner'::`2'::<lambda_1> &,float> C:\Program Files\Microsoft Visual Studio\18\Insiders\VC\Tools\MSVC\14.51.36231\include\type_traits:1811
    #4 0x7ff6d14d7110 in std::_Func_impl_no_alloc<``anonymous namespace'::TestScrollPanelScrollbarDragCallbackCanDestroyItsOwner'::`2'::<lambda_1>,void,float>::_Do_call C:\Program Files\Microsoft Visual Studio\18\Insiders\VC\Tools\MSVC\14.51.36231\include\functional:1005
    #5 0x7ff6d200d205 in std::_Func_class<void,float>::operator() C:\Program Files\Microsoft Visual Studio\18\Insiders\VC\Tools\MSVC\14.51.36231\include\functional:1057
    #6 0x7ff6d1fb40dc in DxUi::ScrollPanel::NotifyScrollChanged Z:\src\DxUi\src\Controls\DxUi.Controls.cpp:9082
    #7 0x7ff6d1faf53d in DxUi::ScrollPanel::OnMouseMove Z:\src\DxUi\src\Controls\DxUi.Controls.cpp:9418
    #8 0x7ff6d14a0348 in `anonymous namespace'::TestScrollPanelScrollbarDragCallbackCanDestroyItsOwner Z:\src\DxUi\Tests\Controls\DxUi.Tests.Controls.cpp:358
    #9 0x7ff6d139b507 in RunDxUiTest Z:\src\DxUi\Tests\Controls\Controls.Tests.DxUiTestHelpers.h:136
    #10 0x7ff6d14cef6f in RunControlTests Z:\src\DxUi\Tests\Controls\DxUi.Tests.Controls.cpp:1818
    #11 0x7ff6d1526425 in `wmain'::`2'::<lambda_9>::operator()<void (__cdecl&)(void)> Z:\src\DxUi\Tests\Controls\DxUi.Tests.Runner.cpp:439
    #12 0x7ff6d1521544 in wmain Z:\src\DxUi\Tests\Controls\DxUi.Tests.Runner.cpp:519
    #13 0x7ff6d23b7738 in invoke_main D:\a\_work\1\s\src\vctools\crt\vcstartup\src\startup\exe_common.inl:90
    #14 0x7ff6d23b7651 in __scrt_common_main_seh D:\a\_work\1\s\src\vctools\crt\vcstartup\src\startup\exe_common.inl:288
    #15 0x7ff6d23b750d in __scrt_common_main D:\a\_work\1\s\src\vctools\crt\vcstartup\src\startup\exe_common.inl:330
    #16 0x7ff6d23b77ad in wmainCRTStartup D:\a\_work\1\s\src\vctools\crt\vcstartup\src\startup\exe_wmain.cpp:16
    #17 0x7ff8eaa8cd86 in BaseThreadInitThunk+0x16 (C:\WINDOWS\System32\KERNEL32.DLL+0x18002cd86)
    #18 0x7ff8ec22caeb in RtlUserThreadStart+0x2b (C:\WINDOWS\SYSTEM32\ntdll.dll+0x1800acaeb)

0x11ee9c6a1178 is located 504 bytes inside of 544-byte region [0x11ee9c6a0f80,0x11ee9c6a11a0)
freed by thread T0 here:
    #0 0x7ff6d23b5453 in operator delete D:\a\_work\1\s\src\vctools\asan\llvm\compiler-rt\lib\asan\asan_win_delete_scalar_size_thunk.cpp:41
    #1 0x7ff6d137bf70 in DxUi::ScrollPanel::`scalar deleting destructor'+0x30 (Z:\src\DxUi\.build\x64\ASan Debug\DxUi.ControlTests.exe+0x1402abf70)
    #2 0x7ff6d137a0e3 in std::default_delete<DxUi::Control>::operator() C:\Program Files\Microsoft Visual Studio\18\Insiders\VC\Tools\MSVC\14.51.36231\include\memory:3338
    #3 0x7ff6d134dd90 in std::unique_ptr<DxUi::Control,std::default_delete<DxUi::Control> >::~unique_ptr<DxUi::Control,std::default_delete<DxUi::Control> > C:\Program Files\Microsoft Visual Studio\18\Insiders\VC\Tools\MSVC\14.51.36231\include\memory:3456
    #4 0x7ff6d137b716 in std::unique_ptr<DxUi::Control,std::default_delete<DxUi::Control> >::`scalar deleting destructor'+0x16 (Z:\src\DxUi\.build\x64\ASan Debug\DxUi.ControlTests.exe+0x1402ab716)
    #5 0x7ff6d12eed41 in std::destroy_at<std::unique_ptr<DxUi::Control,std::default_delete<DxUi::Control> > > C:\Program Files\Microsoft Visual Studio\18\Insiders\VC\Tools\MSVC\14.51.36231\include\xmemory:337
    #6 0x7ff6d12ee953 in std::_Default_allocator_traits<std::allocator<std::unique_ptr<DxUi::Control,std::default_delete<DxUi::Control> > > >::destroy<std::unique_ptr<DxUi::Control,std::default_delete<DxUi::Control> > > C:\Program Files\Microsoft Visual Studio\18\Insiders\VC\Tools\MSVC\14.51.36231\include\xmemory:739
    #7 0x7ff6d125d542 in std::_Destroy_range<std::allocator<std::unique_ptr<DxUi::Control,std::default_delete<DxUi::Control> > > > C:\Program Files\Microsoft Visual Studio\18\Insiders\VC\Tools\MSVC\14.51.36231\include\xmemory:1107
    #8 0x7ff6d13d9d99 in std::vector<std::unique_ptr<DxUi::Control,std::default_delete<DxUi::Control> >,std::allocator<std::unique_ptr<DxUi::Control,std::default_delete<DxUi::Control> > > >::_Tidy C:\Program Files\Microsoft Visual Studio\18\Insiders\VC\Tools\MSVC\14.51.36231\include\vector:2099
    #9 0x7ff6d1351d96 in std::vector<std::unique_ptr<DxUi::Control,std::default_delete<DxUi::Control> >,std::allocator<std::unique_ptr<DxUi::Control,std::default_delete<DxUi::Control> > > >::~vector<std::unique_ptr<DxUi::Control,std::default_delete<DxUi::Control> >,std::allocator<std::unique_ptr<DxUi::Control,std::default_delete<DxUi::Control> > > > C:\Program Files\Microsoft Visual Studio\18\Insiders\VC\Tools\MSVC\14.51.36231\include\vector:832
    #10 0x7ff6d135310b in DxUi::Panel::~Panel+0x1b (Z:\src\DxUi\.build\x64\ASan Debug\DxUi.ControlTests.exe+0x14028310b)
    #11 0x7ff6d137bd56 in DxUi::Panel::`scalar deleting destructor'+0x16 (Z:\src\DxUi\.build\x64\ASan Debug\DxUi.ControlTests.exe+0x1402abd56)
    #12 0x7ff6d137a0e3 in std::default_delete<DxUi::Control>::operator() C:\Program Files\Microsoft Visual Studio\18\Insiders\VC\Tools\MSVC\14.51.36231\include\memory:3338
    #13 0x7ff6d134dd90 in std::unique_ptr<DxUi::Control,std::default_delete<DxUi::Control> >::~unique_ptr<DxUi::Control,std::default_delete<DxUi::Control> > C:\Program Files\Microsoft Visual Studio\18\Insiders\VC\Tools\MSVC\14.51.36231\include\memory:3456
    #14 0x7ff6d210c220 in DxUi::ControlHost::SetRoot Z:\src\DxUi\src\Controls\DxUi.WindowHost.cpp:1395
    #15 0x7ff6d14a0581 in ``anonymous namespace'::TestScrollPanelScrollbarDragCallbackCanDestroyItsOwner'::`2'::<lambda_1>::operator() Z:\src\DxUi\Tests\Controls\DxUi.Tests.Controls.cpp:353
    #16 0x7ff6d1508a64 in std::invoke<``anonymous namespace'::TestScrollPanelScrollbarDragCallbackCanDestroyItsOwner'::`2'::<lambda_1> &,float> C:\Program Files\Microsoft Visual Studio\18\Insiders\VC\Tools\MSVC\14.51.36231\include\type_traits:1811
    #17 0x7ff6d14d7110 in std::_Func_impl_no_alloc<``anonymous namespace'::TestScrollPanelScrollbarDragCallbackCanDestroyItsOwner'::`2'::<lambda_1>,void,float>::_Do_call C:\Program Files\Microsoft Visual Studio\18\Insiders\VC\Tools\MSVC\14.51.36231\include\functional:1005
    #18 0x7ff6d200d205 in std::_Func_class<void,float>::operator() C:\Program Files\Microsoft Visual Studio\18\Insiders\VC\Tools\MSVC\14.51.36231\include\functional:1057
    #19 0x7ff6d1fb40dc in DxUi::ScrollPanel::NotifyScrollChanged Z:\src\DxUi\src\Controls\DxUi.Controls.cpp:9082
    #20 0x7ff6d1faf53d in DxUi::ScrollPanel::OnMouseMove Z:\src\DxUi\src\Controls\DxUi.Controls.cpp:9418
    #21 0x7ff6d14a0348 in `anonymous namespace'::TestScrollPanelScrollbarDragCallbackCanDestroyItsOwner Z:\src\DxUi\Tests\Controls\DxUi.Tests.Controls.cpp:358
    #22 0x7ff6d139b507 in RunDxUiTest Z:\src\DxUi\Tests\Controls\Controls.Tests.DxUiTestHelpers.h:136
    #23 0x7ff6d14cef6f in RunControlTests Z:\src\DxUi\Tests\Controls\DxUi.Tests.Controls.cpp:1818
    #24 0x7ff6d1526425 in `wmain'::`2'::<lambda_9>::operator()<void (__cdecl&)(void)> Z:\src\DxUi\Tests\Controls\DxUi.Tests.Runner.cpp:439
    #25 0x7ff6d1521544 in wmain Z:\src\DxUi\Tests\Controls\DxUi.Tests.Runner.cpp:519
    #26 0x7ff6d23b7738 in invoke_main D:\a\_work\1\s\src\vctools\crt\vcstartup\src\startup\exe_common.inl:90
    #27 0x7ff6d23b7651 in __scrt_common_main_seh D:\a\_work\1\s\src\vctools\crt\vcstartup\src\startup\exe_common.inl:288
    #28 0x7ff6d23b750d in __scrt_common_main D:\a\_work\1\s\src\vctools\crt\vcstartup\src\startup\exe_common.inl:330

previously allocated by thread T0 here:
    #0 0x7ff6d23b5335 in operator new D:\a\_work\1\s\src\vctools\asan\llvm\compiler-rt\lib\asan\asan_win_new_scalar_thunk.cpp:40
    #1 0x7ff6d1303097 in std::make_unique<DxUi::ScrollPanel,0> C:\Program Files\Microsoft Visual Studio\18\Insiders\VC\Tools\MSVC\14.51.36231\include\memory:3666
    #2 0x7ff6d12369b4 in DxUi::Panel::AddChild<DxUi::ScrollPanel> Z:\src\DxUi\include\DxUi\DxUi.h:1662
    #3 0x7ff6d149fc47 in `anonymous namespace'::TestScrollPanelScrollbarDragCallbackCanDestroyItsOwner Z:\src\DxUi\Tests\Controls\DxUi.Tests.Controls.cpp:339
    #4 0x7ff6d139b507 in RunDxUiTest Z:\src\DxUi\Tests\Controls\Controls.Tests.DxUiTestHelpers.h:136
    #5 0x7ff6d14cef6f in RunControlTests Z:\src\DxUi\Tests\Controls\DxUi.Tests.Controls.cpp:1818
    #6 0x7ff6d1526425 in `wmain'::`2'::<lambda_9>::operator()<void (__cdecl&)(void)> Z:\src\DxUi\Tests\Controls\DxUi.Tests.Runner.cpp:439
    #7 0x7ff6d1521544 in wmain Z:\src\DxUi\Tests\Controls\DxUi.Tests.Runner.cpp:519
    #8 0x7ff6d23b7738 in invoke_main D:\a\_work\1\s\src\vctools\crt\vcstartup\src\startup\exe_common.inl:90
    #9 0x7ff6d23b7651 in __scrt_common_main_seh D:\a\_work\1\s\src\vctools\crt\vcstartup\src\startup\exe_common.inl:288
    #10 0x7ff6d23b750d in __scrt_common_main D:\a\_work\1\s\src\vctools\crt\vcstartup\src\startup\exe_common.inl:330
    #11 0x7ff6d23b77ad in wmainCRTStartup D:\a\_work\1\s\src\vctools\crt\vcstartup\src\startup\exe_wmain.cpp:16
    #12 0x7ff8eaa8cd86 in BaseThreadInitThunk+0x16 (C:\WINDOWS\System32\KERNEL32.DLL+0x18002cd86)
    #13 0x7ff8ec22caeb in RtlUserThreadStart+0x2b (C:\WINDOWS\SYSTEM32\ntdll.dll+0x1800acaeb)

SUMMARY: AddressSanitizer: heap-use-after-free C:\Program Files\Microsoft Visual Studio\18\Insiders\VC\Tools\MSVC\14.51.36231\include\memory:1332 in std::_Ptr_base<std::basic_string<wchar_t,std::char_traits<wchar_t>,std::allocator<wchar_t> > >::get
Shadow bytes around the buggy address:
  0x11ee9c6a0e80: 00 fa fa fa fa fa fa fa fa fa fa fa fa fa fa fa
  0x11ee9c6a0f00: fa fa fa fa fa fa fa fa fa fa fa fa fa fa fa fa
  0x11ee9c6a0f80: fd fd fd fd fd fd fd fd fd fd fd fd fd fd fd fd
  0x11ee9c6a1000: fd fd fd fd fd fd fd fd fd fd fd fd fd fd fd fd
  0x11ee9c6a1080: fd fd fd fd fd fd fd fd fd fd fd fd fd fd fd fd
=>0x11ee9c6a1100: fd fd fd fd fd fd fd fd fd fd fd fd fd fd fd[fd]
  0x11ee9c6a1180: fd fd fd fd fa fa fa fa fa fa fa fa fa fa fa fa
  0x11ee9c6a1200: fa fa fa fa fa fa fa fa fa fa fa fa fa fa fa fa
  0x11ee9c6a1280: 00 00 00 00 00 00 00 00 00 00 00 00 00 00 00 00
  0x11ee9c6a1300: 00 00 00 00 00 00 00 00 00 00 00 00 00 00 00 00
  0x11ee9c6a1380: 00 00 00 00 00 00 00 00 00 00 00 00 00 00 00 00
Shadow byte legend (one shadow byte represents 8 application bytes):
  Addressable:           00
  Partially addressable: 01 02 03 04 05 06 07 
  Heap left redzone:       fa
  Freed heap region:       fd
  Stack left redzone:      f1
  Stack mid redzone:       f2
  Stack right redzone:     f3
  Stack after return:      f5
  Stack use after scope:   f8
  Global redzone:          f9
  Global init order:       f6
  Poisoned by user:        f7
  Container overflow:      fc
  Array cookie:            ac
  Intra object redzone:    bb
  ASan internal:           fe
  Left alloca redzone:     ca
  Right alloca redzone:    cb
==123648==ABORTING
