[WATCHDOG] each test may run 300 s; a test that outlives it ends the run with exit code 124
[START] NewControls
  [START] TestTagPickerSelectCallbackCanRetireRootAndReadSelectionAndCapture
=================================================================
==75304==ERROR: AddressSanitizer: heap-use-after-free on address 0x124a66da12a8 at pc 0x7ff6d1aac416 bp 0x0054463ebdb0 sp 0x0054463ebdb8
READ of size 8 at 0x124a66da12a8 thread T0
    #0 0x7ff6d1aac415 in ``anonymous namespace'::TestTagPickerSelectCallbackCanRetireRootAndReadSelectionAndCapture'::`2'::<lambda_1>::operator() Z:\src\DxUi\Tests\Controls\DxUi.Tests.NewControls.cpp:2375
    #1 0x7ff6d1acb79e in std::invoke<``anonymous namespace'::TestTagPickerSelectCallbackCanRetireRootAndReadSelectionAndCapture'::`2'::<lambda_1> &,std::span<std::basic_string<wchar_t,std::char_traits<wchar_t>,std::allocator<wchar_t> > const ,-1> > C:\Program Files\Microsoft Visual Studio\18\Insiders\VC\Tools\MSVC\14.51.36231\include\type_traits:1811
    #2 0x7ff6d1ab86a0 in std::_Func_impl_no_alloc<``anonymous namespace'::TestTagPickerSelectCallbackCanRetireRootAndReadSelectionAndCapture'::`2'::<lambda_1>,void,std::span<std::basic_string<wchar_t,std::char_traits<wchar_t>,std::allocator<wchar_t> > const ,-1> >::_Do_call C:\Program Files\Microsoft Visual Studio\18\Insiders\VC\Tools\MSVC\14.51.36231\include\functional:1005
    #3 0x7ff6d200d644 in std::_Func_class<void,std::span<std::basic_string<wchar_t,std::char_traits<wchar_t>,std::allocator<wchar_t> > const ,-1> >::operator() C:\Program Files\Microsoft Visual Studio\18\Insiders\VC\Tools\MSVC\14.51.36231\include\functional:1057
    #4 0x7ff6d1fa401e in DxUi::TagPicker::NotifySelectionChanged Z:\src\DxUi\src\Controls\DxUi.Controls.cpp:6058
    #5 0x7ff6d1f9d936 in DxUi::TagPicker::SelectOption Z:\src\DxUi\src\Controls\DxUi.Controls.cpp:5721
    #6 0x7ff6d1aabac8 in `anonymous namespace'::TestTagPickerSelectCallbackCanRetireRootAndReadSelectionAndCapture Z:\src\DxUi\Tests\Controls\DxUi.Tests.NewControls.cpp:2380
    #7 0x7ff6d139b507 in RunDxUiTest Z:\src\DxUi\Tests\Controls\Controls.Tests.DxUiTestHelpers.h:136
    #8 0x7ff6d1ab44bb in RunNewControlTests Z:\src\DxUi\Tests\Controls\DxUi.Tests.NewControls.cpp:2660
    #9 0x7ff6d1526425 in `wmain'::`2'::<lambda_9>::operator()<void (__cdecl&)(void)> Z:\src\DxUi\Tests\Controls\DxUi.Tests.Runner.cpp:439
    #10 0x7ff6d15215c0 in wmain Z:\src\DxUi\Tests\Controls\DxUi.Tests.Runner.cpp:529
    #11 0x7ff6d23b7738 in invoke_main D:\a\_work\1\s\src\vctools\crt\vcstartup\src\startup\exe_common.inl:90
    #12 0x7ff6d23b7651 in __scrt_common_main_seh D:\a\_work\1\s\src\vctools\crt\vcstartup\src\startup\exe_common.inl:288
    #13 0x7ff6d23b750d in __scrt_common_main D:\a\_work\1\s\src\vctools\crt\vcstartup\src\startup\exe_common.inl:330
    #14 0x7ff6d23b77ad in wmainCRTStartup D:\a\_work\1\s\src\vctools\crt\vcstartup\src\startup\exe_wmain.cpp:16
    #15 0x7ff8eaa8cd86 in BaseThreadInitThunk+0x16 (C:\WINDOWS\System32\KERNEL32.DLL+0x18002cd86)
    #16 0x7ff8ec22caeb in RtlUserThreadStart+0x2b (C:\WINDOWS\SYSTEM32\ntdll.dll+0x1800acaeb)

0x124a66da12a8 is located 40 bytes inside of 64-byte region [0x124a66da1280,0x124a66da12c0)
freed by thread T0 here:
    #0 0x7ff6d23b5453 in operator delete D:\a\_work\1\s\src\vctools\asan\llvm\compiler-rt\lib\asan\asan_win_delete_scalar_size_thunk.cpp:41
    #1 0x7ff6d125cadd in std::_Deallocate<8> C:\Program Files\Microsoft Visual Studio\18\Insiders\VC\Tools\MSVC\14.51.36231\include\xmemory:289
    #2 0x7ff6d1ab875d in std::_Func_impl_no_alloc<``anonymous namespace'::TestTagPickerSelectCallbackCanRetireRootAndReadSelectionAndCapture'::`2'::<lambda_1>,void,std::span<std::basic_string<wchar_t,std::char_traits<wchar_t>,std::allocator<wchar_t> > const ,-1> >::_Delete_this C:\Program Files\Microsoft Visual Studio\18\Insiders\VC\Tools\MSVC\14.51.36231\include\functional:1029
    #3 0x7ff6d1516240 in std::_Func_class<void,std::span<std::basic_string<wchar_t,std::char_traits<wchar_t>,std::allocator<wchar_t> > const ,-1> >::_Tidy C:\Program Files\Microsoft Visual Studio\18\Insiders\VC\Tools\MSVC\14.51.36231\include\functional:1138
    #4 0x7ff6d150eafe in std::_Func_class<void,std::span<std::basic_string<wchar_t,std::char_traits<wchar_t>,std::allocator<wchar_t> > const ,-1> >::~_Func_class<void,std::span<std::basic_string<wchar_t,std::char_traits<wchar_t>,std::allocator<wchar_t> > const ,-1> > C:\Program Files\Microsoft Visual Studio\18\Insiders\VC\Tools\MSVC\14.51.36231\include\functional:1061
    #5 0x7ff6d150efc2 in std::function<void __cdecl(std::span<std::basic_string<wchar_t,std::char_traits<wchar_t>,std::allocator<wchar_t> > const ,-1>)>::~function<void __cdecl(std::span<std::basic_string<wchar_t,std::char_traits<wchar_t>,std::allocator<wchar_t> > const ,-1>)>+0x12 (Z:\src\DxUi\.build\x64\ASan Debug\DxUi.ControlTests.exe+0x14043efc2)
    #6 0x7ff6d151039b in DxUi::TagPicker::~TagPicker+0x1b (Z:\src\DxUi\.build\x64\ASan Debug\DxUi.ControlTests.exe+0x14044039b)
    #7 0x7ff6d200e076 in DxUi::TagPicker::`scalar deleting destructor'+0x16 (Z:\src\DxUi\.build\x64\ASan Debug\DxUi.ControlTests.exe+0x140f3e076)
    #8 0x7ff6d137a0e3 in std::default_delete<DxUi::Control>::operator() C:\Program Files\Microsoft Visual Studio\18\Insiders\VC\Tools\MSVC\14.51.36231\include\memory:3338
    #9 0x7ff6d134dd90 in std::unique_ptr<DxUi::Control,std::default_delete<DxUi::Control> >::~unique_ptr<DxUi::Control,std::default_delete<DxUi::Control> > C:\Program Files\Microsoft Visual Studio\18\Insiders\VC\Tools\MSVC\14.51.36231\include\memory:3456
    #10 0x7ff6d137b716 in std::unique_ptr<DxUi::Control,std::default_delete<DxUi::Control> >::`scalar deleting destructor'+0x16 (Z:\src\DxUi\.build\x64\ASan Debug\DxUi.ControlTests.exe+0x1402ab716)
    #11 0x7ff6d12eed41 in std::destroy_at<std::unique_ptr<DxUi::Control,std::default_delete<DxUi::Control> > > C:\Program Files\Microsoft Visual Studio\18\Insiders\VC\Tools\MSVC\14.51.36231\include\xmemory:337
    #12 0x7ff6d12ee953 in std::_Default_allocator_traits<std::allocator<std::unique_ptr<DxUi::Control,std::default_delete<DxUi::Control> > > >::destroy<std::unique_ptr<DxUi::Control,std::default_delete<DxUi::Control> > > C:\Program Files\Microsoft Visual Studio\18\Insiders\VC\Tools\MSVC\14.51.36231\include\xmemory:739
    #13 0x7ff6d125d542 in std::_Destroy_range<std::allocator<std::unique_ptr<DxUi::Control,std::default_delete<DxUi::Control> > > > C:\Program Files\Microsoft Visual Studio\18\Insiders\VC\Tools\MSVC\14.51.36231\include\xmemory:1107
    #14 0x7ff6d13d9d99 in std::vector<std::unique_ptr<DxUi::Control,std::default_delete<DxUi::Control> >,std::allocator<std::unique_ptr<DxUi::Control,std::default_delete<DxUi::Control> > > >::_Tidy C:\Program Files\Microsoft Visual Studio\18\Insiders\VC\Tools\MSVC\14.51.36231\include\vector:2099
    #15 0x7ff6d1351d96 in std::vector<std::unique_ptr<DxUi::Control,std::default_delete<DxUi::Control> >,std::allocator<std::unique_ptr<DxUi::Control,std::default_delete<DxUi::Control> > > >::~vector<std::unique_ptr<DxUi::Control,std::default_delete<DxUi::Control> >,std::allocator<std::unique_ptr<DxUi::Control,std::default_delete<DxUi::Control> > > > C:\Program Files\Microsoft Visual Studio\18\Insiders\VC\Tools\MSVC\14.51.36231\include\vector:832
    #16 0x7ff6d135310b in DxUi::Panel::~Panel+0x1b (Z:\src\DxUi\.build\x64\ASan Debug\DxUi.ControlTests.exe+0x14028310b)
    #17 0x7ff6d137bd56 in DxUi::Panel::`scalar deleting destructor'+0x16 (Z:\src\DxUi\.build\x64\ASan Debug\DxUi.ControlTests.exe+0x1402abd56)
    #18 0x7ff6d137a0e3 in std::default_delete<DxUi::Control>::operator() C:\Program Files\Microsoft Visual Studio\18\Insiders\VC\Tools\MSVC\14.51.36231\include\memory:3338
    #19 0x7ff6d134dd90 in std::unique_ptr<DxUi::Control,std::default_delete<DxUi::Control> >::~unique_ptr<DxUi::Control,std::default_delete<DxUi::Control> > C:\Program Files\Microsoft Visual Studio\18\Insiders\VC\Tools\MSVC\14.51.36231\include\memory:3456
    #20 0x7ff6d210c220 in DxUi::ControlHost::SetRoot Z:\src\DxUi\src\Controls\DxUi.WindowHost.cpp:1395
    #21 0x7ff6d1aac370 in ``anonymous namespace'::TestTagPickerSelectCallbackCanRetireRootAndReadSelectionAndCapture'::`2'::<lambda_1>::operator() Z:\src\DxUi\Tests\Controls\DxUi.Tests.NewControls.cpp:2374
    #22 0x7ff6d1acb79e in std::invoke<``anonymous namespace'::TestTagPickerSelectCallbackCanRetireRootAndReadSelectionAndCapture'::`2'::<lambda_1> &,std::span<std::basic_string<wchar_t,std::char_traits<wchar_t>,std::allocator<wchar_t> > const ,-1> > C:\Program Files\Microsoft Visual Studio\18\Insiders\VC\Tools\MSVC\14.51.36231\include\type_traits:1811
    #23 0x7ff6d1ab86a0 in std::_Func_impl_no_alloc<``anonymous namespace'::TestTagPickerSelectCallbackCanRetireRootAndReadSelectionAndCapture'::`2'::<lambda_1>,void,std::span<std::basic_string<wchar_t,std::char_traits<wchar_t>,std::allocator<wchar_t> > const ,-1> >::_Do_call C:\Program Files\Microsoft Visual Studio\18\Insiders\VC\Tools\MSVC\14.51.36231\include\functional:1005
    #24 0x7ff6d200d644 in std::_Func_class<void,std::span<std::basic_string<wchar_t,std::char_traits<wchar_t>,std::allocator<wchar_t> > const ,-1> >::operator() C:\Program Files\Microsoft Visual Studio\18\Insiders\VC\Tools\MSVC\14.51.36231\include\functional:1057
    #25 0x7ff6d1fa401e in DxUi::TagPicker::NotifySelectionChanged Z:\src\DxUi\src\Controls\DxUi.Controls.cpp:6058
    #26 0x7ff6d1f9d936 in DxUi::TagPicker::SelectOption Z:\src\DxUi\src\Controls\DxUi.Controls.cpp:5721
    #27 0x7ff6d1aabac8 in `anonymous namespace'::TestTagPickerSelectCallbackCanRetireRootAndReadSelectionAndCapture Z:\src\DxUi\Tests\Controls\DxUi.Tests.NewControls.cpp:2380
    #28 0x7ff6d139b507 in RunDxUiTest Z:\src\DxUi\Tests\Controls\Controls.Tests.DxUiTestHelpers.h:136

previously allocated by thread T0 here:
    #0 0x7ff6d23b5335 in operator new D:\a\_work\1\s\src\vctools\asan\llvm\compiler-rt\lib\asan\asan_win_new_scalar_thunk.cpp:40
    #1 0x7ff6d13a468e in std::_Default_allocate_traits::_Allocate C:\Program Files\Microsoft Visual Studio\18\Insiders\VC\Tools\MSVC\14.51.36231\include\xmemory:136
    #2 0x7ff6d124b09a in std::_Allocate<16,std::_Default_allocate_traits> C:\Program Files\Microsoft Visual Studio\18\Insiders\VC\Tools\MSVC\14.51.36231\include\xmemory:256
    #3 0x7ff6d1ac7d83 in std::_Global_new<std::_Func_impl_no_alloc<``anonymous namespace'::TestTagPickerSelectCallbackCanRetireRootAndReadSelectionAndCapture'::`2'::<lambda_1>,void,std::span<std::basic_string<wchar_t,std::char_traits<wchar_t>,std::allocator<wchar_t> > const ,-1> >,``anonymous namespace'::TestTagPickerSelectCallbackCanRetireRootAndReadSelectionAndCapture'::`2'::<lambda_1> > C:\Program Files\Microsoft Visual Studio\18\Insiders\VC\Tools\MSVC\14.51.36231\include\functional:966
    #4 0x7ff6d1ac8fb7 in std::_Func_class<void,std::span<std::basic_string<wchar_t,std::char_traits<wchar_t>,std::allocator<wchar_t> > const ,-1> >::_Reset<``anonymous namespace'::TestTagPickerSelectCallbackCanRetireRootAndReadSelectionAndCapture'::`2'::<lambda_1> > C:\Program Files\Microsoft Visual Studio\18\Insiders\VC\Tools\MSVC\14.51.36231\include\functional:1106
    #5 0x7ff6d1abfbc3 in std::function<void __cdecl(std::span<std::basic_string<wchar_t,std::char_traits<wchar_t>,std::allocator<wchar_t> > const ,-1>)>::function<void __cdecl(std::span<std::basic_string<wchar_t,std::char_traits<wchar_t>,std::allocator<wchar_t> > const ,-1>)><``anonymous namespace'::TestTagPickerSelectCallbackCanRetireRootAndReadSelectionAndCapture'::`2'::<lambda_1>,0> C:\Program Files\Microsoft Visual Studio\18\Insiders\VC\Tools\MSVC\14.51.36231\include\functional:1238
    #6 0x7ff6d1aab9ec in `anonymous namespace'::TestTagPickerSelectCallbackCanRetireRootAndReadSelectionAndCapture Z:\src\DxUi\Tests\Controls\DxUi.Tests.NewControls.cpp:2371
    #7 0x7ff6d139b507 in RunDxUiTest Z:\src\DxUi\Tests\Controls\Controls.Tests.DxUiTestHelpers.h:136
    #8 0x7ff6d1ab44bb in RunNewControlTests Z:\src\DxUi\Tests\Controls\DxUi.Tests.NewControls.cpp:2660
    #9 0x7ff6d1526425 in `wmain'::`2'::<lambda_9>::operator()<void (__cdecl&)(void)> Z:\src\DxUi\Tests\Controls\DxUi.Tests.Runner.cpp:439
    #10 0x7ff6d15215c0 in wmain Z:\src\DxUi\Tests\Controls\DxUi.Tests.Runner.cpp:529
    #11 0x7ff6d23b7738 in invoke_main D:\a\_work\1\s\src\vctools\crt\vcstartup\src\startup\exe_common.inl:90
    #12 0x7ff6d23b7651 in __scrt_common_main_seh D:\a\_work\1\s\src\vctools\crt\vcstartup\src\startup\exe_common.inl:288
    #13 0x7ff6d23b750d in __scrt_common_main D:\a\_work\1\s\src\vctools\crt\vcstartup\src\startup\exe_common.inl:330
    #14 0x7ff6d23b77ad in wmainCRTStartup D:\a\_work\1\s\src\vctools\crt\vcstartup\src\startup\exe_wmain.cpp:16
    #15 0x7ff8eaa8cd86 in BaseThreadInitThunk+0x16 (C:\WINDOWS\System32\KERNEL32.DLL+0x18002cd86)
    #16 0x7ff8ec22caeb in RtlUserThreadStart+0x2b (C:\WINDOWS\SYSTEM32\ntdll.dll+0x1800acaeb)

SUMMARY: AddressSanitizer: heap-use-after-free Z:\src\DxUi\Tests\Controls\DxUi.Tests.NewControls.cpp:2375 in ``anonymous namespace'::TestTagPickerSelectCallbackCanRetireRootAndReadSelectionAndCapture'::`2'::<lambda_1>::operator()
Shadow bytes around the buggy address:
  0x124a66da1000: 00 00 04 fa fa fa fa fa 00 00 00 00 00 00 00 00
  0x124a66da1080: fa fa fa fa fd fd fd fd fd fd fd fa fa fa fa fa
  0x124a66da1100: 00 00 00 00 00 00 00 00 fa fa fa fa 00 00 00 00
  0x124a66da1180: 00 00 00 fa fa fa fa fa 00 00 00 00 00 00 00 fa
  0x124a66da1200: fa fa fa fa fd fd fd fd fd fd fd fa fa fa fa fa
=>0x124a66da1280: fd fd fd fd fd[fd]fd fd fa fa fa fa fd fd fd fd
  0x124a66da1300: fd fd fd fd fa fa fa fa fd fd fd fd fd fd fd fd
  0x124a66da1380: fa fa fa fa fd fd fd fd fd fd fd fd fa fa fa fa
  0x124a66da1400: fd fd fd fd fd fd fd fd fa fa fa fa fd fd fd fd
  0x124a66da1480: fd fd fd fd fa fa fa fa fd fd fd fd fd fd fd fd
  0x124a66da1500: fa fa fa fa fd fd fd fd fd fd fd fd fa fa fa fa
Shadow byte legend (one shadow byte represents 8 application bytes):
  Addressable:           00
  Partially addressable: 01 02 03 04 05 06 07 
  Heap left redzone:       fa
  Freed heap region:       fd
  Stack left redzone:      f1
  Stack mid redzone:       f2
  Stack right redzone:     f3
  Stack after return:      f5
  Stack use after scope:   f8
  Global redzone:          f9
  Global init order:       f6
  Poisoned by user:        f7
  Container overflow:      fc
  Array cookie:            ac
  Intra object redzone:    bb
  ASan internal:           fe
  Left alloca redzone:     ca
  Right alloca redzone:    cb
==75304==ABORTING
