[WATCHDOG] each test may run 300 s; a test that outlives it ends the run with exit code 124
[START] NewControls
  [START] TestTagPickerSelectionCallbackCanReplaceItself
=================================================================
==90072==ERROR: AddressSanitizer: stack-buffer-overflow on address 0x007b0acfd7c0 at pc 0x7ff6d13bb43f bp 0x007b0acfc000 sp 0x007b0acfc008
READ of size 8 at 0x007b0acfd7c0 thread T0
    #0 0x7ff6d13bb43e in std::_String_val<std::_Simple_types<wchar_t> >::_Large_mode_engaged C:\Program Files\Microsoft Visual Studio\18\Insiders\VC\Tools\MSVC\14.51.36231\include\xstring:453
    #1 0x7ff6d13be998 in std::_String_val<std::_Simple_types<wchar_t> >::_Myptr C:\Program Files\Microsoft Visual Studio\18\Insiders\VC\Tools\MSVC\14.51.36231\include\xstring:445
    #2 0x7ff6d13579f7 in std::basic_string<wchar_t,std::char_traits<wchar_t>,std::allocator<wchar_t> >::operator= C:\Program Files\Microsoft Visual Studio\18\Insiders\VC\Tools\MSVC\14.51.36231\include\xstring:1484
    #3 0x7ff6d1ab0d8e in ``anonymous namespace'::TestTagPickerSelectionCallbackCanReplaceItself'::`2'::<lambda_1>::operator() Z:\src\DxUi\Tests\Controls\DxUi.Tests.NewControls.cpp:2439
    #4 0x7ff6d1acb7ee in std::invoke<``anonymous namespace'::TestTagPickerSelectionCallbackCanReplaceItself'::`2'::<lambda_1> &,std::span<std::basic_string<wchar_t,std::char_traits<wchar_t>,std::allocator<wchar_t> > const ,-1> > C:\Program Files\Microsoft Visual Studio\18\Insiders\VC\Tools\MSVC\14.51.36231\include\type_traits:1811
    #5 0x7ff6d1ab8c60 in std::_Func_impl_no_alloc<``anonymous namespace'::TestTagPickerSelectionCallbackCanReplaceItself'::`2'::<lambda_1>,void,std::span<std::basic_string<wchar_t,std::char_traits<wchar_t>,std::allocator<wchar_t> > const ,-1> >::_Do_call C:\Program Files\Microsoft Visual Studio\18\Insiders\VC\Tools\MSVC\14.51.36231\include\functional:1005
    #6 0x7ff6d200d644 in std::_Func_class<void,std::span<std::basic_string<wchar_t,std::char_traits<wchar_t>,std::allocator<wchar_t> > const ,-1> >::operator() C:\Program Files\Microsoft Visual Studio\18\Insiders\VC\Tools\MSVC\14.51.36231\include\functional:1057
    #7 0x7ff6d1fa401e in DxUi::TagPicker::NotifySelectionChanged Z:\src\DxUi\src\Controls\DxUi.Controls.cpp:6058
    #8 0x7ff6d1f9d936 in DxUi::TagPicker::SelectOption Z:\src\DxUi\src\Controls\DxUi.Controls.cpp:5721
    #9 0x7ff6d1ab048f in `anonymous namespace'::TestTagPickerSelectionCallbackCanReplaceItself Z:\src\DxUi\Tests\Controls\DxUi.Tests.NewControls.cpp:2442
    #10 0x7ff6d139b507 in RunDxUiTest Z:\src\DxUi\Tests\Controls\Controls.Tests.DxUiTestHelpers.h:136
    #11 0x7ff6d1ab44e1 in RunNewControlTests Z:\src\DxUi\Tests\Controls\DxUi.Tests.NewControls.cpp:2662
    #12 0x7ff6d1526425 in `wmain'::`2'::<lambda_9>::operator()<void (__cdecl&)(void)> Z:\src\DxUi\Tests\Controls\DxUi.Tests.Runner.cpp:439
    #13 0x7ff6d15215c0 in wmain Z:\src\DxUi\Tests\Controls\DxUi.Tests.Runner.cpp:529
    #14 0x7ff6d23b7738 in invoke_main D:\a\_work\1\s\src\vctools\crt\vcstartup\src\startup\exe_common.inl:90
    #15 0x7ff6d23b7651 in __scrt_common_main_seh D:\a\_work\1\s\src\vctools\crt\vcstartup\src\startup\exe_common.inl:288
    #16 0x7ff6d23b750d in __scrt_common_main D:\a\_work\1\s\src\vctools\crt\vcstartup\src\startup\exe_common.inl:330
    #17 0x7ff6d23b77ad in wmainCRTStartup D:\a\_work\1\s\src\vctools\crt\vcstartup\src\startup\exe_wmain.cpp:16
    #18 0x7ff8eaa8cd86 in BaseThreadInitThunk+0x16 (C:\WINDOWS\System32\KERNEL32.DLL+0x18002cd86)
    #19 0x7ff8ec22caeb in RtlUserThreadStart+0x2b (C:\WINDOWS\SYSTEM32\ntdll.dll+0x1800acaeb)

Address 0x007b0acfd7c0 is located in stack of thread T0 at offset 4032 in frame
    #0 0x7ff6d1aaf8bf in `anonymous namespace'::TestTagPickerSelectionCallbackCanReplaceItself Z:\src\DxUi\Tests\Controls\DxUi.Tests.NewControls.cpp:2422

  This frame has 17 object(s):
    [32, 3296) 'host'
    [48, 128) 'compiler temporary'
    [64, 104) 'compiler temporary'
    [80, 120) 'captureAfterReplacement'
    [96, 160) 'compiler temporary'
    [112, 160) 'compiler temporary'
    [128, 136) 'root'
    [144, 152) 'picker'
    [160, 192) 'compiler temporary'
    [176, 177) 'compiler temporary'
    [192, 208) 'compiler temporary'
    [208, 216) 'compiler temporary'
    [224, 240) 'callbackText'
    [240, 248) 'originalCount'
    [256, 264) 'replacementCount'
    [272, 288) 'compiler temporary'
    [288, 304) 'compiler temporary' <== Memory access at offset 4032 overflows this variable
HINT: this may be a false positive if your program uses some custom stack unwind mechanism, swapcontext or vfork
      (longjmp, SEH and C++ exceptions *are* supported)
SUMMARY: AddressSanitizer: stack-buffer-overflow C:\Program Files\Microsoft Visual Studio\18\Insiders\VC\Tools\MSVC\14.51.36231\include\xstring:453 in std::_String_val<std::_Simple_types<wchar_t> >::_Large_mode_engaged
Shadow bytes around the buggy address:
  0x007b0acfd500: f8 f8 f8 f8 f8 f8 f8 f8 f8 f8 f2 f2 f2 f2 f8 f8
  0x007b0acfd580: f8 f8 f8 f2 f2 f2 f2 00 00 00 00 00 f2 f2 f2 f2
  0x007b0acfd600: f8 f8 f8 f8 f8 f8 f8 f8 f2 f2 f2 f2 f8 f8 f8 f8
  0x007b0acfd680: f8 f8 f2 f2 f2 f2 00 f2 00 f2 f8 f8 f8 f8 f2 f2
  0x007b0acfd700: f2 f2 f8 f2 f8 f8 f2 f2 f2 f2 f8 f2 00 00 f2 f2
=>0x007b0acfd780: f2 f2 00 f2 00 f2 00 00[f2]f2 f2 f2 f8 f8 f3 f3
  0x007b0acfd800: f3 f3 00 00 00 00 00 00 00 00 00 00 00 00 00 00
  0x007b0acfd880: 00 00 00 00 00 00 00 00 00 00 00 00 00 00 00 00
  0x007b0acfd900: 00 00 00 00 00 00 00 00 00 00 00 00 00 00 00 00
  0x007b0acfd980: 00 00 00 00 00 00 00 00 00 00 00 00 00 00 00 00
  0x007b0acfda00: 00 00 00 00 00 00 00 00 00 00 00 00 00 00 00 00
Shadow byte legend (one shadow byte represents 8 application bytes):
  Addressable:           00
  Partially addressable: 01 02 03 04 05 06 07 
  Heap left redzone:       fa
  Freed heap region:       fd
  Stack left redzone:      f1
  Stack mid redzone:       f2
  Stack right redzone:     f3
  Stack after return:      f5
  Stack use after scope:   f8
  Global redzone:          f9
  Global init order:       f6
  Poisoned by user:        f7
  Container overflow:      fc
  Array cookie:            ac
  Intra object redzone:    bb
  ASan internal:           fe
  Left alloca redzone:     ca
  Right alloca redzone:    cb
==90072==ABORTING
