[WATCHDOG] each test may run 300 s; a test that outlives it ends the run with exit code 124
[START] NewControls
  [START] TestMenuBarHoverCallbackCanReplaceItself
=================================================================
==118644==ERROR: AddressSanitizer: stack-buffer-overflow on address 0x0025ea19da08 at pc 0x7ff6d13579dd bp 0x0025ea19c470 sp 0x0025ea19c478
READ of size 8 at 0x0025ea19da08 thread T0
    #0 0x7ff6d13579dc in std::basic_string<wchar_t,std::char_traits<wchar_t>,std::allocator<wchar_t> >::operator= C:\Program Files\Microsoft Visual Studio\18\Insiders\VC\Tools\MSVC\14.51.36231\include\xstring:1484
    #1 0x7ff6d1a93f3e in ``anonymous namespace'::TestMenuBarHoverCallbackCanReplaceItself'::`2'::<lambda_1>::operator() Z:\src\DxUi\Tests\Controls\DxUi.Tests.NewControls.cpp:1588
    #2 0x7ff6d1acac0e in std::invoke<``anonymous namespace'::TestMenuBarHoverCallbackCanReplaceItself'::`2'::<lambda_1> &,std::optional<unsigned __int64> > C:\Program Files\Microsoft Visual Studio\18\Insiders\VC\Tools\MSVC\14.51.36231\include\type_traits:1811
    #3 0x7ff6d1ab6cb0 in std::_Func_impl_no_alloc<``anonymous namespace'::TestMenuBarHoverCallbackCanReplaceItself'::`2'::<lambda_1>,void,std::optional<unsigned __int64> >::_Do_call C:\Program Files\Microsoft Visual Studio\18\Insiders\VC\Tools\MSVC\14.51.36231\include\functional:1005
    #4 0x7ff6d200d534 in std::_Func_class<void,std::optional<unsigned __int64> >::operator() C:\Program Files\Microsoft Visual Studio\18\Insiders\VC\Tools\MSVC\14.51.36231\include\functional:1057
    #5 0x7ff6d1f7f1d1 in DxUi::MenuBar::OnMouseMove Z:\src\DxUi\src\Controls\DxUi.Controls.cpp:6423
    #6 0x7ff6d1a93720 in `anonymous namespace'::TestMenuBarHoverCallbackCanReplaceItself Z:\src\DxUi\Tests\Controls\DxUi.Tests.NewControls.cpp:1591
    #7 0x7ff6d139b507 in RunDxUiTest Z:\src\DxUi\Tests\Controls\Controls.Tests.DxUiTestHelpers.h:136
    #8 0x7ff6d1ab42db in RunNewControlTests Z:\src\DxUi\Tests\Controls\DxUi.Tests.NewControls.cpp:2628
    #9 0x7ff6d1526425 in `wmain'::`2'::<lambda_9>::operator()<void (__cdecl&)(void)> Z:\src\DxUi\Tests\Controls\DxUi.Tests.Runner.cpp:439
    #10 0x7ff6d15215c0 in wmain Z:\src\DxUi\Tests\Controls\DxUi.Tests.Runner.cpp:529
    #11 0x7ff6d23b7738 in invoke_main D:\a\_work\1\s\src\vctools\crt\vcstartup\src\startup\exe_common.inl:90
    #12 0x7ff6d23b7651 in __scrt_common_main_seh D:\a\_work\1\s\src\vctools\crt\vcstartup\src\startup\exe_common.inl:288
    #13 0x7ff6d23b750d in __scrt_common_main D:\a\_work\1\s\src\vctools\crt\vcstartup\src\startup\exe_common.inl:330
    #14 0x7ff6d23b77ad in wmainCRTStartup D:\a\_work\1\s\src\vctools\crt\vcstartup\src\startup\exe_wmain.cpp:16
    #15 0x7ff8eaa8cd86 in BaseThreadInitThunk+0x16 (C:\WINDOWS\System32\KERNEL32.DLL+0x18002cd86)
    #16 0x7ff8ec22caeb in RtlUserThreadStart+0x2b (C:\WINDOWS\SYSTEM32\ntdll.dll+0x1800acaeb)

Address 0x0025ea19da08 is located in stack of thread T0 at offset 3976 in frame
    #0 0x7ff6d1a928ef in `anonymous namespace'::TestMenuBarHoverCallbackCanReplaceItself Z:\src\DxUi\Tests\Controls\DxUi.Tests.NewControls.cpp:1570

  This frame has 15 object(s):
    [32, 3296) 'host'
    [48, 104) 'compiler temporary'
    [64, 104) 'captureAfterReplacement'
    [80, 144) 'compiler temporary'
    [96, 144) 'compiler temporary'
    [112, 120) 'root'
    [128, 136) 'menuBar'
    [144, 160) 'compiler temporary'
    [160, 192) 'compiler temporary'
    [176, 177) 'compiler temporary'
    [192, 208) 'compiler temporary'
    [208, 216) 'compiler temporary'
    [224, 240) 'callbackText'
    [240, 248) 'originalCount'
    [256, 264) 'replacementCount' <== Memory access at offset 3976 overflows this variable
HINT: this may be a false positive if your program uses some custom stack unwind mechanism, swapcontext or vfork
      (longjmp, SEH and C++ exceptions *are* supported)
SUMMARY: AddressSanitizer: stack-buffer-overflow C:\Program Files\Microsoft Visual Studio\18\Insiders\VC\Tools\MSVC\14.51.36231\include\xstring:1484 in std::basic_string<wchar_t,std::char_traits<wchar_t>,std::allocator<wchar_t> >::operator=
Shadow bytes around the buggy address:
  0x0025ea19d780: f8 f8 f8 f8 f8 f8 f8 f2 f2 f2 f2 00 00 00 00 00
  0x0025ea19d800: f2 f2 f2 f2 f8 f8 f8 f8 f8 f8 f8 f8 f2 f2 f2 f2
  0x0025ea19d880: f8 f8 f8 f8 f8 f8 f2 f2 f2 f2 00 f2 00 f2 f8 f8
  0x0025ea19d900: f2 f2 f2 f2 f8 f8 f8 f8 f2 f2 f2 f2 f8 f2 f8 f8
  0x0025ea19d980: f2 f2 f2 f2 f8 f2 00 00 f2 f2 f2 f2 00 f2 00 f3
=>0x0025ea19da00: f3[f3]f3 00 00 00 00 00 00 00 00 00 00 00 00 00
  0x0025ea19da80: 00 00 00 00 00 00 00 00 00 00 00 00 00 00 00 00
  0x0025ea19db00: 00 00 00 00 00 00 00 00 00 00 00 00 00 00 00 00
  0x0025ea19db80: 00 00 00 00 00 00 00 00 00 00 00 00 00 00 00 00
  0x0025ea19dc00: 00 00 00 00 00 00 00 00 00 00 00 00 00 00 00 00
  0x0025ea19dc80: f1 f1 f1 f1 00 00 00 00 00 f2 f2 f2 f2 f8 f8 f8
Shadow byte legend (one shadow byte represents 8 application bytes):
  Addressable:           00
  Partially addressable: 01 02 03 04 05 06 07 
  Heap left redzone:       fa
  Freed heap region:       fd
  Stack left redzone:      f1
  Stack mid redzone:       f2
  Stack right redzone:     f3
  Stack after return:      f5
  Stack use after scope:   f8
  Global redzone:          f9
  Global init order:       f6
  Poisoned by user:        f7
  Container overflow:      fc
  Array cookie:            ac
  Intra object redzone:    bb
  ASan internal:           fe
  Left alloca redzone:     ca
  Right alloca redzone:    cb
==118644==ABORTING
