[WATCHDOG] each test may run 300 s; a test that outlives it ends the run with exit code 124
[START] WindowHost
  [START] TestWindowHostEscapeCallbackCanReplaceItself
=================================================================
==55468==ERROR: AddressSanitizer: stack-buffer-overflow on address 0x0007e52fd9c0 at pc 0x7ff6d13579dd bp 0x0007e52fab60 sp 0x0007e52fab68
READ of size 8 at 0x0007e52fd9c0 thread T0
    #0 0x7ff6d13579dc in std::basic_string<wchar_t,std::char_traits<wchar_t>,std::allocator<wchar_t> >::operator= C:\Program Files\Microsoft Visual Studio\18\Insiders\VC\Tools\MSVC\14.51.36231\include\xstring:1484
    #1 0x7ff6d1c8fe6a in ``anonymous namespace'::TestWindowHostEscapeCallbackCanReplaceItself'::`2'::<lambda_1>::operator() Z:\src\DxUi\Tests\Controls\DxUi.Tests.WindowHost.cpp:1499
    #2 0x7ff6d1d034be in std::invoke<``anonymous namespace'::TestWindowHostEscapeCallbackCanReplaceItself'::`2'::<lambda_1> &> C:\Program Files\Microsoft Visual Studio\18\Insiders\VC\Tools\MSVC\14.51.36231\include\type_traits:1801
    #3 0x7ff6d1cd9786 in std::_Func_impl_no_alloc<``anonymous namespace'::TestWindowHostEscapeCallbackCanReplaceItself'::`2'::<lambda_1>,bool>::_Do_call C:\Program Files\Microsoft Visual Studio\18\Insiders\VC\Tools\MSVC\14.51.36231\include\functional:1007
    #4 0x7ff6d20a7162 in std::_Func_class<bool>::operator() C:\Program Files\Microsoft Visual Studio\18\Insiders\VC\Tools\MSVC\14.51.36231\include\functional:1057
    #5 0x7ff6d211a360 in DxUi::ControlHost::HandleMessage Z:\src\DxUi\src\Controls\DxUi.WindowHost.cpp:2964
    #6 0x7ff6d1c8f603 in `anonymous namespace'::TestWindowHostEscapeCallbackCanReplaceItself Z:\src\DxUi\Tests\Controls\DxUi.Tests.WindowHost.cpp:1504
    #7 0x7ff6d139b507 in RunDxUiTest Z:\src\DxUi\Tests\Controls\Controls.Tests.DxUiTestHelpers.h:136
    #8 0x7ff6d1cd1666 in RunWindowHostTests Z:\src\DxUi\Tests\Controls\DxUi.Tests.WindowHost.cpp:4318
    #9 0x7ff6d1526425 in `wmain'::`2'::<lambda_9>::operator()<void (__cdecl&)(void)> Z:\src\DxUi\Tests\Controls\DxUi.Tests.Runner.cpp:439
    #10 0x7ff6d15216f6 in wmain Z:\src\DxUi\Tests\Controls\DxUi.Tests.Runner.cpp:554
    #11 0x7ff6d23b7738 in invoke_main D:\a\_work\1\s\src\vctools\crt\vcstartup\src\startup\exe_common.inl:90
    #12 0x7ff6d23b7651 in __scrt_common_main_seh D:\a\_work\1\s\src\vctools\crt\vcstartup\src\startup\exe_common.inl:288
    #13 0x7ff6d23b750d in __scrt_common_main D:\a\_work\1\s\src\vctools\crt\vcstartup\src\startup\exe_common.inl:330
    #14 0x7ff6d23b77ad in wmainCRTStartup D:\a\_work\1\s\src\vctools\crt\vcstartup\src\startup\exe_wmain.cpp:16
    #15 0x7ff8eaa8cd86 in BaseThreadInitThunk+0x16 (C:\WINDOWS\System32\KERNEL32.DLL+0x18002cd86)
    #16 0x7ff8ec22caeb in RtlUserThreadStart+0x2b (C:\WINDOWS\SYSTEM32\ntdll.dll+0x1800acaeb)

Address 0x0007e52fd9c0 is located in stack of thread T0 at offset 3664 in frame
    #0 0x7ff6d1c8f05f in `anonymous namespace'::TestWindowHostEscapeCallbackCanReplaceItself Z:\src\DxUi\Tests\Controls\DxUi.Tests.WindowHost.cpp:1483

  This frame has 8 object(s):
    [32, 3296) 'host'
    [48, 88) 'captureAfterReplacement'
    [64, 128) 'compiler temporary'
    [80, 128) 'compiler temporary'
    [96, 112) 'callbackText'
    [112, 120) 'originalCount'
    [128, 136) 'replacementCount'
    [144, 145) 'handled' <== Memory access at offset 3664 overflows this variable
HINT: this may be a false positive if your program uses some custom stack unwind mechanism, swapcontext or vfork
      (longjmp, SEH and C++ exceptions *are* supported)
SUMMARY: AddressSanitizer: stack-buffer-overflow C:\Program Files\Microsoft Visual Studio\18\Insiders\VC\Tools\MSVC\14.51.36231\include\xstring:1484 in std::basic_string<wchar_t,std::char_traits<wchar_t>,std::allocator<wchar_t> >::operator=
Shadow bytes around the buggy address:
  0x0007e52fd700: 00 00 00 00 00 00 00 00 00 00 00 00 00 00 00 00
  0x0007e52fd780: 00 00 00 00 00 00 00 00 00 00 00 00 00 00 00 00
  0x0007e52fd800: 00 00 00 00 00 00 00 00 00 00 f2 f2 f2 f2 00 00
  0x0007e52fd880: 00 00 00 f2 f2 f2 f2 f8 f8 f8 f8 f8 f8 f8 f8 f2
  0x0007e52fd900: f2 f2 f2 f8 f8 f8 f8 f8 f8 f2 f2 f2 f2 00 00 f2
=>0x0007e52fd980: f2 f2 f2 00 f2 00 f2 01[f3]f3 f3 f3 00 00 00 00
  0x0007e52fda00: 00 00 00 00 00 00 00 00 00 00 00 00 00 00 00 00
  0x0007e52fda80: 00 00 00 00 00 00 00 00 00 00 00 00 00 00 00 00
  0x0007e52fdb00: 00 00 f1 f1 f1 f1 00 00 00 00 00 f2 f2 f2 f2 f8
  0x0007e52fdb80: f8 f8 f8 f2 f2 f2 f2 00 f2 01 f2 00 f2 00 f2 00
  0x0007e52fdc00: f2 00 f3 f3 f3 f3 00 00 00 00 00 00 00 00 00 00
Shadow byte legend (one shadow byte represents 8 application bytes):
  Addressable:           00
  Partially addressable: 01 02 03 04 05 06 07 
  Heap left redzone:       fa
  Freed heap region:       fd
  Stack left redzone:      f1
  Stack mid redzone:       f2
  Stack right redzone:     f3
  Stack after return:      f5
  Stack use after scope:   f8
  Global redzone:          f9
  Global init order:       f6
  Poisoned by user:        f7
  Container overflow:      fc
  Array cookie:            ac
  Intra object redzone:    bb
  ASan internal:           fe
  Left alloca redzone:     ca
  Right alloca redzone:    cb
==55468==ABORTING
