[WATCHDOG] each test may run 300 s; a test that outlives it ends the run with exit code 124
[START] TextField
  [START] TestTextFieldTextChangeSnapshotCleanupRetiresRootBeforeCallerContinues
=================================================================
==124360==ERROR: AddressSanitizer: heap-use-after-free on address 0x11d5eaaa0c68 at pc 0x7ff6d7b31a11 bp 0x0065b4efc7e0 sp 0x0065b4efc7e8
WRITE of size 8 at 0x11d5eaaa0c68 thread T0
    #0 0x7ff6d7b31a10 in DxUi::TextField::ResetCaretBlink Z:\src\DxUi\src\Controls\DxUi.TextInput.cpp:3474
    #1 0x7ff6d7b2349d in DxUi::TextField::OnChar Z:\src\DxUi\src\Controls\DxUi.TextInput.cpp:2620
    #2 0x7ff6d767ce29 in `anonymous namespace'::TestTextFieldTextChangeSnapshotCleanupRetiresRootBeforeCallerContinues Z:\src\DxUi\Tests\Controls\DxUi.Tests.TextField.cpp:2201
    #3 0x7ff6d6e3b917 in RunDxUiTest Z:\src\DxUi\Tests\Controls\Controls.Tests.DxUiTestHelpers.h:136
    #4 0x7ff6d767f0b0 in RunTextFieldTests Z:\src\DxUi\Tests\Controls\DxUi.Tests.TextField.cpp:2266
    #5 0x7ff6d6fe0b65 in `wmain'::`2'::<lambda_9>::operator()<void (__cdecl&)(void)> Z:\src\DxUi\Tests\Controls\DxUi.Tests.Runner.cpp:439
    #6 0x7ff6d6fdbd7c in wmain Z:\src\DxUi\Tests\Controls\DxUi.Tests.Runner.cpp:539
    #7 0x7ff6d7eaf828 in invoke_main D:\a\_work\1\s\src\vctools\crt\vcstartup\src\startup\exe_common.inl:90
    #8 0x7ff6d7eaf741 in __scrt_common_main_seh D:\a\_work\1\s\src\vctools\crt\vcstartup\src\startup\exe_common.inl:288
    #9 0x7ff6d7eaf5fd in __scrt_common_main D:\a\_work\1\s\src\vctools\crt\vcstartup\src\startup\exe_common.inl:330
    #10 0x7ff6d7eaf89d in wmainCRTStartup D:\a\_work\1\s\src\vctools\crt\vcstartup\src\startup\exe_wmain.cpp:16
    #11 0x7ff8eaa8cd86 in BaseThreadInitThunk+0x16 (C:\WINDOWS\System32\KERNEL32.DLL+0x18002cd86)
    #12 0x7ff8ec22caeb in RtlUserThreadStart+0x2b (C:\WINDOWS\SYSTEM32\ntdll.dll+0x1800acaeb)

0x11d5eaaa0c68 is located 488 bytes inside of 944-byte region [0x11d5eaaa0a80,0x11d5eaaa0e30)
freed by thread T0 here:
    #0 0x7ff6d7ead543 in operator delete D:\a\_work\1\s\src\vctools\asan\llvm\compiler-rt\lib\asan\asan_win_delete_scalar_size_thunk.cpp:41
    #1 0x7ff6d7b58a10 in DxUi::TextField::`scalar deleting destructor'+0x30 (Z:\src\DxUi\.build\x64\ASan Debug\DxUi.ControlTests.exe+0x140fe8a10)
    #2 0x7ff6d6e1a4f3 in std::default_delete<DxUi::Control>::operator() C:\Program Files\Microsoft Visual Studio\18\Insiders\VC\Tools\MSVC\14.51.36231\include\memory:3338
    #3 0x7ff6d6dee1a0 in std::unique_ptr<DxUi::Control,std::default_delete<DxUi::Control> >::~unique_ptr<DxUi::Control,std::default_delete<DxUi::Control> > C:\Program Files\Microsoft Visual Studio\18\Insiders\VC\Tools\MSVC\14.51.36231\include\memory:3456
    #4 0x7ff6d6e1bb26 in std::unique_ptr<DxUi::Control,std::default_delete<DxUi::Control> >::`scalar deleting destructor'+0x16 (Z:\src\DxUi\.build\x64\ASan Debug\DxUi.ControlTests.exe+0x1402abb26)
    #5 0x7ff6d6d8ecf1 in std::destroy_at<std::unique_ptr<DxUi::Control,std::default_delete<DxUi::Control> > > C:\Program Files\Microsoft Visual Studio\18\Insiders\VC\Tools\MSVC\14.51.36231\include\xmemory:337
    #6 0x7ff6d6d8e903 in std::_Default_allocator_traits<std::allocator<std::unique_ptr<DxUi::Control,std::default_delete<DxUi::Control> > > >::destroy<std::unique_ptr<DxUi::Control,std::default_delete<DxUi::Control> > > C:\Program Files\Microsoft Visual Studio\18\Insiders\VC\Tools\MSVC\14.51.36231\include\xmemory:739
    #7 0x7ff6d6cfd4f2 in std::_Destroy_range<std::allocator<std::unique_ptr<DxUi::Control,std::default_delete<DxUi::Control> > > > C:\Program Files\Microsoft Visual Studio\18\Insiders\VC\Tools\MSVC\14.51.36231\include\xmemory:1107
    #8 0x7ff6d6e79929 in std::vector<std::unique_ptr<DxUi::Control,std::default_delete<DxUi::Control> >,std::allocator<std::unique_ptr<DxUi::Control,std::default_delete<DxUi::Control> > > >::_Tidy C:\Program Files\Microsoft Visual Studio\18\Insiders\VC\Tools\MSVC\14.51.36231\include\vector:2099
    #9 0x7ff6d6df21a6 in std::vector<std::unique_ptr<DxUi::Control,std::default_delete<DxUi::Control> >,std::allocator<std::unique_ptr<DxUi::Control,std::default_delete<DxUi::Control> > > >::~vector<std::unique_ptr<DxUi::Control,std::default_delete<DxUi::Control> >,std::allocator<std::unique_ptr<DxUi::Control,std::default_delete<DxUi::Control> > > > C:\Program Files\Microsoft Visual Studio\18\Insiders\VC\Tools\MSVC\14.51.36231\include\vector:832
    #10 0x7ff6d6df351b in DxUi::Panel::~Panel+0x1b (Z:\src\DxUi\.build\x64\ASan Debug\DxUi.ControlTests.exe+0x14028351b)
    #11 0x7ff6d6e1c166 in DxUi::Panel::`scalar deleting destructor'+0x16 (Z:\src\DxUi\.build\x64\ASan Debug\DxUi.ControlTests.exe+0x1402ac166)
    #12 0x7ff6d6e1a4f3 in std::default_delete<DxUi::Control>::operator() C:\Program Files\Microsoft Visual Studio\18\Insiders\VC\Tools\MSVC\14.51.36231\include\memory:3338
    #13 0x7ff6d6dee1a0 in std::unique_ptr<DxUi::Control,std::default_delete<DxUi::Control> >::~unique_ptr<DxUi::Control,std::default_delete<DxUi::Control> > C:\Program Files\Microsoft Visual Studio\18\Insiders\VC\Tools\MSVC\14.51.36231\include\memory:3456
    #14 0x7ff6d7c012f0 in DxUi::ControlHost::SetRoot Z:\src\DxUi\src\Controls\DxUi.WindowHost.cpp:1395
    #15 0x7ff6d764346a in ``anonymous namespace'::MakeRetainedCallbackCleanupThatClearsRoot'::`2'::<lambda_1>::operator() Z:\src\DxUi\Tests\Controls\DxUi.Tests.TextField.cpp:32
    #16 0x7ff6d76815e5 in std::_Ref_count_resource<int *,``anonymous namespace'::MakeRetainedCallbackCleanupThatClearsRoot'::`2'::<lambda_1> >::_Destroy C:\Program Files\Microsoft Visual Studio\18\Insiders\VC\Tools\MSVC\14.51.36231\include\memory:1242
    #17 0x7ff6d6e545c0 in std::_Ref_count_base::_Decref C:\Program Files\Microsoft Visual Studio\18\Insiders\VC\Tools\MSVC\14.51.36231\include\memory:1183
    #18 0x7ff6d6e544d7 in std::_Ptr_base<int>::_Decref C:\Program Files\Microsoft Visual Studio\18\Insiders\VC\Tools\MSVC\14.51.36231\include\memory:1408
    #19 0x7ff6d6ded85e in std::shared_ptr<int>::~shared_ptr<int> C:\Program Files\Microsoft Visual Studio\18\Insiders\VC\Tools\MSVC\14.51.36231\include\memory:1713
    #20 0x7ff6d767d485 in ``anonymous namespace'::TestTextFieldTextChangeSnapshotCleanupRetiresRootBeforeCallerContinues'::`2'::<lambda_1>::~<lambda_1>+0x15 (Z:\src\DxUi\.build\x64\ASan Debug\DxUi.ControlTests.exe+0x140b0d485)
    #21 0x7ff6d7683d49 in std::_Func_impl_no_alloc<``anonymous namespace'::TestTextFieldTextChangeSnapshotCleanupRetiresRootBeforeCallerContinues'::`2'::<lambda_1>,void,std::basic_string_view<wchar_t,std::char_traits<wchar_t> > >::~_Func_impl_no_alloc<``anonymous namespace'::TestTextFieldTextChangeSnapshotCleanupRetiresRootBeforeCallerContinues'::`2'::<lambda_1>,void,std::basic_string_view<wchar_t,std::char_traits<wchar_t> > >+0x19 (Z:\src\DxUi\.build\x64\ASan Debug\DxUi.ControlTests.exe+0x140b13d49)
    #22 0x7ff6d7683d76 in std::_Func_impl_no_alloc<``anonymous namespace'::TestTextFieldTextChangeSnapshotCleanupRetiresRootBeforeCallerContinues'::`2'::<lambda_1>,void,std::basic_string_view<wchar_t,std::char_traits<wchar_t> > >::`scalar deleting destructor'+0x16 (Z:\src\DxUi\.build\x64\ASan Debug\DxUi.ControlTests.exe+0x140b13d76)
    #23 0x7ff6d7683d04 in std::_Func_impl_no_alloc<``anonymous namespace'::TestTextFieldTextChangeSnapshotCleanupRetiresRootBeforeCallerContinues'::`2'::<lambda_1>,void,std::basic_string_view<wchar_t,std::char_traits<wchar_t> > >::_Delete_this C:\Program Files\Microsoft Visual Studio\18\Insiders\VC\Tools\MSVC\14.51.36231\include\functional:1027
    #24 0x7ff6d6e729e0 in std::_Func_class<void,std::basic_string_view<wchar_t,std::char_traits<wchar_t> > >::_Tidy C:\Program Files\Microsoft Visual Studio\18\Insiders\VC\Tools\MSVC\14.51.36231\include\functional:1138
    #25 0x7ff6d6de483e in std::_Func_class<void,std::basic_string_view<wchar_t,std::char_traits<wchar_t> > >::~_Func_class<void,std::basic_string_view<wchar_t,std::char_traits<wchar_t> > > C:\Program Files\Microsoft Visual Studio\18\Insiders\VC\Tools\MSVC\14.51.36231\include\functional:1061
    #26 0x7ff6d7b56382 in std::function<void __cdecl(std::basic_string_view<wchar_t,std::char_traits<wchar_t> >)>::~function<void __cdecl(std::basic_string_view<wchar_t,std::char_traits<wchar_t> >)>+0x12 (Z:\src\DxUi\.build\x64\ASan Debug\DxUi.ControlTests.exe+0x140fe6382)
    #27 0x7ff6d7b58936 in std::function<void __cdecl(std::basic_string_view<wchar_t,std::char_traits<wchar_t> >)>::`scalar deleting destructor'+0x16 (Z:\src\DxUi\.build\x64\ASan Debug\DxUi.ControlTests.exe+0x140fe8936)
    #28 0x7ff6d7b4a491 in std::_Destroy_in_place<std::function<void __cdecl(std::basic_string_view<wchar_t,std::char_traits<wchar_t> >)> > C:\Program Files\Microsoft Visual Studio\18\Insiders\VC\Tools\MSVC\14.51.36231\include\xmemory:324

previously allocated by thread T0 here:
    #0 0x7ff6d7ead425 in operator new D:\a\_work\1\s\src\vctools\asan\llvm\compiler-rt\lib\asan\asan_win_new_scalar_thunk.cpp:40
    #1 0x7ff6d7691f13 in std::make_unique<DxUi::TextField,wchar_t const (&)[9],0> C:\Program Files\Microsoft Visual Studio\18\Insiders\VC\Tools\MSVC\14.51.36231\include\memory:3666
    #2 0x7ff6d768a441 in DxUi::Panel::AddChild<DxUi::TextField,wchar_t const (&)[9]> Z:\src\DxUi\include\DxUi\DxUi.h:1662
    #3 0x7ff6d767c973 in `anonymous namespace'::TestTextFieldTextChangeSnapshotCleanupRetiresRootBeforeCallerContinues Z:\src\DxUi\Tests\Controls\DxUi.Tests.TextField.cpp:2191
    #4 0x7ff6d6e3b917 in RunDxUiTest Z:\src\DxUi\Tests\Controls\Controls.Tests.DxUiTestHelpers.h:136
    #5 0x7ff6d767f0b0 in RunTextFieldTests Z:\src\DxUi\Tests\Controls\DxUi.Tests.TextField.cpp:2266
    #6 0x7ff6d6fe0b65 in `wmain'::`2'::<lambda_9>::operator()<void (__cdecl&)(void)> Z:\src\DxUi\Tests\Controls\DxUi.Tests.Runner.cpp:439
    #7 0x7ff6d6fdbd7c in wmain Z:\src\DxUi\Tests\Controls\DxUi.Tests.Runner.cpp:539
    #8 0x7ff6d7eaf828 in invoke_main D:\a\_work\1\s\src\vctools\crt\vcstartup\src\startup\exe_common.inl:90
    #9 0x7ff6d7eaf741 in __scrt_common_main_seh D:\a\_work\1\s\src\vctools\crt\vcstartup\src\startup\exe_common.inl:288
    #10 0x7ff6d7eaf5fd in __scrt_common_main D:\a\_work\1\s\src\vctools\crt\vcstartup\src\startup\exe_common.inl:330
    #11 0x7ff6d7eaf89d in wmainCRTStartup D:\a\_work\1\s\src\vctools\crt\vcstartup\src\startup\exe_wmain.cpp:16
    #12 0x7ff8eaa8cd86 in BaseThreadInitThunk+0x16 (C:\WINDOWS\System32\KERNEL32.DLL+0x18002cd86)
    #13 0x7ff8ec22caeb in RtlUserThreadStart+0x2b (C:\WINDOWS\SYSTEM32\ntdll.dll+0x1800acaeb)

SUMMARY: AddressSanitizer: heap-use-after-free Z:\src\DxUi\src\Controls\DxUi.TextInput.cpp:3474 in DxUi::TextField::ResetCaretBlink
Shadow bytes around the buggy address:
  0x11d5eaaa0980: 00 00 00 00 00 00 00 00 00 00 00 00 00 00 fa fa
  0x11d5eaaa0a00: fa fa fa fa fa fa fa fa fa fa fa fa fa fa fa fa
  0x11d5eaaa0a80: fd fd fd fd fd fd fd fd fd fd fd fd fd fd fd fd
  0x11d5eaaa0b00: fd fd fd fd fd fd fd fd fd fd fd fd fd fd fd fd
  0x11d5eaaa0b80: fd fd fd fd fd fd fd fd fd fd fd fd fd fd fd fd
=>0x11d5eaaa0c00: fd fd fd fd fd fd fd fd fd fd fd fd fd[fd]fd fd
  0x11d5eaaa0c80: fd fd fd fd fd fd fd fd fd fd fd fd fd fd fd fd
  0x11d5eaaa0d00: fd fd fd fd fd fd fd fd fd fd fd fd fd fd fd fd
  0x11d5eaaa0d80: fd fd fd fd fd fd fd fd fd fd fd fd fd fd fd fd
  0x11d5eaaa0e00: fd fd fd fd fd fd fa fa fa fa fa fa fa fa fa fa
  0x11d5eaaa0e80: fa fa fa fa fa fa fa fa fa fa fa fa fa fa fa fa
Shadow byte legend (one shadow byte represents 8 application bytes):
  Addressable:           00
  Partially addressable: 01 02 03 04 05 06 07 
  Heap left redzone:       fa
  Freed heap region:       fd
  Stack left redzone:      f1
  Stack mid redzone:       f2
  Stack right redzone:     f3
  Stack after return:      f5
  Stack use after scope:   f8
  Global redzone:          f9
  Global init order:       f6
  Poisoned by user:        f7
  Container overflow:      fc
  Array cookie:            ac
  Intra object redzone:    bb
  ASan internal:           fe
  Left alloca redzone:     ca
  Right alloca redzone:    cb
==124360==ABORTING
