[WATCHDOG] each test may run 300 s; a test that outlives it ends the run with exit code 124
[START] ComboBox
  [START] TestComboBoxTextChangeSnapshotCleanupRetiresRootBeforeCallerContinues
=================================================================
==108784==ERROR: AddressSanitizer: heap-use-after-free on address 0x11ce0b2a0d68 at pc 0x7ff755a07331 bp 0x003de08fc2d0 sp 0x003de08fc2d8
WRITE of size 8 at 0x11ce0b2a0d68 thread T0
    #0 0x7ff755a07330 in DxUi::ComboBox::ResetEditableCaretBlink Z:\src\DxUi\src\Controls\DxUi.ComboBox.cpp:2329
    #1 0x7ff7559fee40 in DxUi::ComboBox::OnChar Z:\src\DxUi\src\Controls\DxUi.ComboBox.cpp:1795
    #2 0x7ff754da38a0 in `anonymous namespace'::TestComboBoxTextChangeSnapshotCleanupRetiresRootBeforeCallerContinues Z:\src\DxUi\Tests\Controls\DxUi.Tests.ComboBox.cpp:1385
    #3 0x7ff754cbb917 in RunDxUiTest Z:\src\DxUi\Tests\Controls\Controls.Tests.DxUiTestHelpers.h:136
    #4 0x7ff754da3fb4 in RunComboBoxTests Z:\src\DxUi\Tests\Controls\DxUi.Tests.ComboBox.cpp:1401
    #5 0x7ff754e60b65 in `wmain'::`2'::<lambda_9>::operator()<void (__cdecl&)(void)> Z:\src\DxUi\Tests\Controls\DxUi.Tests.Runner.cpp:439
    #6 0x7ff754e5bdf8 in wmain Z:\src\DxUi\Tests\Controls\DxUi.Tests.Runner.cpp:549
    #7 0x7ff755d3b758 in invoke_main D:\a\_work\1\s\src\vctools\crt\vcstartup\src\startup\exe_common.inl:90
    #8 0x7ff755d3b671 in __scrt_common_main_seh D:\a\_work\1\s\src\vctools\crt\vcstartup\src\startup\exe_common.inl:288
    #9 0x7ff755d3b52d in __scrt_common_main D:\a\_work\1\s\src\vctools\crt\vcstartup\src\startup\exe_common.inl:330
    #10 0x7ff755d3b7cd in wmainCRTStartup D:\a\_work\1\s\src\vctools\crt\vcstartup\src\startup\exe_wmain.cpp:16
    #11 0x7ff8eaa8cd86 in BaseThreadInitThunk+0x16 (C:\WINDOWS\System32\KERNEL32.DLL+0x18002cd86)
    #12 0x7ff8ec22caeb in RtlUserThreadStart+0x2b (C:\WINDOWS\SYSTEM32\ntdll.dll+0x1800acaeb)

0x11ce0b2a0d68 is located 744 bytes inside of 984-byte region [0x11ce0b2a0a80,0x11ce0b2a0e58)
freed by thread T0 here:
    #0 0x7ff755d39473 in operator delete D:\a\_work\1\s\src\vctools\asan\llvm\compiler-rt\lib\asan\asan_win_delete_scalar_size_thunk.cpp:41
    #1 0x7ff755a24840 in DxUi::ComboBox::`scalar deleting destructor'+0x30 (Z:\src\DxUi\.build\x64\ASan Debug\DxUi.ControlTests.exe+0x141034840)
    #2 0x7ff754c9a4f3 in std::default_delete<DxUi::Control>::operator() C:\Program Files\Microsoft Visual Studio\18\Insiders\VC\Tools\MSVC\14.51.36231\include\memory:3338
    #3 0x7ff754c6e1a0 in std::unique_ptr<DxUi::Control,std::default_delete<DxUi::Control> >::~unique_ptr<DxUi::Control,std::default_delete<DxUi::Control> > C:\Program Files\Microsoft Visual Studio\18\Insiders\VC\Tools\MSVC\14.51.36231\include\memory:3456
    #4 0x7ff754c9bb26 in std::unique_ptr<DxUi::Control,std::default_delete<DxUi::Control> >::`scalar deleting destructor'+0x16 (Z:\src\DxUi\.build\x64\ASan Debug\DxUi.ControlTests.exe+0x1402abb26)
    #5 0x7ff754c0ecf1 in std::destroy_at<std::unique_ptr<DxUi::Control,std::default_delete<DxUi::Control> > > C:\Program Files\Microsoft Visual Studio\18\Insiders\VC\Tools\MSVC\14.51.36231\include\xmemory:337
    #6 0x7ff754c0e903 in std::_Default_allocator_traits<std::allocator<std::unique_ptr<DxUi::Control,std::default_delete<DxUi::Control> > > >::destroy<std::unique_ptr<DxUi::Control,std::default_delete<DxUi::Control> > > C:\Program Files\Microsoft Visual Studio\18\Insiders\VC\Tools\MSVC\14.51.36231\include\xmemory:739
    #7 0x7ff754b7d4f2 in std::_Destroy_range<std::allocator<std::unique_ptr<DxUi::Control,std::default_delete<DxUi::Control> > > > C:\Program Files\Microsoft Visual Studio\18\Insiders\VC\Tools\MSVC\14.51.36231\include\xmemory:1107
    #8 0x7ff754cf9929 in std::vector<std::unique_ptr<DxUi::Control,std::default_delete<DxUi::Control> >,std::allocator<std::unique_ptr<DxUi::Control,std::default_delete<DxUi::Control> > > >::_Tidy C:\Program Files\Microsoft Visual Studio\18\Insiders\VC\Tools\MSVC\14.51.36231\include\vector:2099
    #9 0x7ff754c721a6 in std::vector<std::unique_ptr<DxUi::Control,std::default_delete<DxUi::Control> >,std::allocator<std::unique_ptr<DxUi::Control,std::default_delete<DxUi::Control> > > >::~vector<std::unique_ptr<DxUi::Control,std::default_delete<DxUi::Control> >,std::allocator<std::unique_ptr<DxUi::Control,std::default_delete<DxUi::Control> > > > C:\Program Files\Microsoft Visual Studio\18\Insiders\VC\Tools\MSVC\14.51.36231\include\vector:832
    #10 0x7ff754c7351b in DxUi::Panel::~Panel+0x1b (Z:\src\DxUi\.build\x64\ASan Debug\DxUi.ControlTests.exe+0x14028351b)
    #11 0x7ff754c9c166 in DxUi::Panel::`scalar deleting destructor'+0x16 (Z:\src\DxUi\.build\x64\ASan Debug\DxUi.ControlTests.exe+0x1402ac166)
    #12 0x7ff754c9a4f3 in std::default_delete<DxUi::Control>::operator() C:\Program Files\Microsoft Visual Studio\18\Insiders\VC\Tools\MSVC\14.51.36231\include\memory:3338
    #13 0x7ff754c6e1a0 in std::unique_ptr<DxUi::Control,std::default_delete<DxUi::Control> >::~unique_ptr<DxUi::Control,std::default_delete<DxUi::Control> > C:\Program Files\Microsoft Visual Studio\18\Insiders\VC\Tools\MSVC\14.51.36231\include\memory:3456
    #14 0x7ff755a8d220 in DxUi::ControlHost::SetRoot Z:\src\DxUi\src\Controls\DxUi.WindowHost.cpp:1395
    #15 0x7ff754d7c76a in ``anonymous namespace'::MakeRetainedCallbackCleanupThatClearsRoot'::`2'::<lambda_1>::operator() Z:\src\DxUi\Tests\Controls\DxUi.Tests.ComboBox.cpp:17
    #16 0x7ff754da68f5 in std::_Ref_count_resource<int *,``anonymous namespace'::MakeRetainedCallbackCleanupThatClearsRoot'::`2'::<lambda_1> >::_Destroy C:\Program Files\Microsoft Visual Studio\18\Insiders\VC\Tools\MSVC\14.51.36231\include\memory:1242
    #17 0x7ff754cd45c0 in std::_Ref_count_base::_Decref C:\Program Files\Microsoft Visual Studio\18\Insiders\VC\Tools\MSVC\14.51.36231\include\memory:1183
    #18 0x7ff754cd44d7 in std::_Ptr_base<int>::_Decref C:\Program Files\Microsoft Visual Studio\18\Insiders\VC\Tools\MSVC\14.51.36231\include\memory:1408
    #19 0x7ff754c6d85e in std::shared_ptr<int>::~shared_ptr<int> C:\Program Files\Microsoft Visual Studio\18\Insiders\VC\Tools\MSVC\14.51.36231\include\memory:1713
    #20 0x7ff754da3f05 in ``anonymous namespace'::TestComboBoxTextChangeSnapshotCleanupRetiresRootBeforeCallerContinues'::`2'::<lambda_1>::~<lambda_1>+0x15 (Z:\src\DxUi\.build\x64\ASan Debug\DxUi.ControlTests.exe+0x1403b3f05)
    #21 0x7ff754da8189 in std::_Func_impl_no_alloc<``anonymous namespace'::TestComboBoxTextChangeSnapshotCleanupRetiresRootBeforeCallerContinues'::`2'::<lambda_1>,void,std::basic_string_view<wchar_t,std::char_traits<wchar_t> > >::~_Func_impl_no_alloc<``anonymous namespace'::TestComboBoxTextChangeSnapshotCleanupRetiresRootBeforeCallerContinues'::`2'::<lambda_1>,void,std::basic_string_view<wchar_t,std::char_traits<wchar_t> > >+0x19 (Z:\src\DxUi\.build\x64\ASan Debug\DxUi.ControlTests.exe+0x1403b8189)
    #22 0x7ff754da81b6 in std::_Func_impl_no_alloc<``anonymous namespace'::TestComboBoxTextChangeSnapshotCleanupRetiresRootBeforeCallerContinues'::`2'::<lambda_1>,void,std::basic_string_view<wchar_t,std::char_traits<wchar_t> > >::`scalar deleting destructor'+0x16 (Z:\src\DxUi\.build\x64\ASan Debug\DxUi.ControlTests.exe+0x1403b81b6)
    #23 0x7ff754da8144 in std::_Func_impl_no_alloc<``anonymous namespace'::TestComboBoxTextChangeSnapshotCleanupRetiresRootBeforeCallerContinues'::`2'::<lambda_1>,void,std::basic_string_view<wchar_t,std::char_traits<wchar_t> > >::_Delete_this C:\Program Files\Microsoft Visual Studio\18\Insiders\VC\Tools\MSVC\14.51.36231\include\functional:1027
    #24 0x7ff754cf29e0 in std::_Func_class<void,std::basic_string_view<wchar_t,std::char_traits<wchar_t> > >::_Tidy C:\Program Files\Microsoft Visual Studio\18\Insiders\VC\Tools\MSVC\14.51.36231\include\functional:1138
    #25 0x7ff754c6483e in std::_Func_class<void,std::basic_string_view<wchar_t,std::char_traits<wchar_t> > >::~_Func_class<void,std::basic_string_view<wchar_t,std::char_traits<wchar_t> > > C:\Program Files\Microsoft Visual Studio\18\Insiders\VC\Tools\MSVC\14.51.36231\include\functional:1061
    #26 0x7ff7559e22b2 in std::function<void __cdecl(std::basic_string_view<wchar_t,std::char_traits<wchar_t> >)>::~function<void __cdecl(std::basic_string_view<wchar_t,std::char_traits<wchar_t> >)>+0x12 (Z:\src\DxUi\.build\x64\ASan Debug\DxUi.ControlTests.exe+0x140ff22b2)
    #27 0x7ff7559e4866 in std::function<void __cdecl(std::basic_string_view<wchar_t,std::char_traits<wchar_t> >)>::`scalar deleting destructor'+0x16 (Z:\src\DxUi\.build\x64\ASan Debug\DxUi.ControlTests.exe+0x140ff4866)
    #28 0x7ff7559d63c1 in std::_Destroy_in_place<std::function<void __cdecl(std::basic_string_view<wchar_t,std::char_traits<wchar_t> >)> > C:\Program Files\Microsoft Visual Studio\18\Insiders\VC\Tools\MSVC\14.51.36231\include\xmemory:324

previously allocated by thread T0 here:
    #0 0x7ff755d39355 in operator new D:\a\_work\1\s\src\vctools\asan\llvm\compiler-rt\lib\asan\asan_win_new_scalar_thunk.cpp:40
    #1 0x7ff754c21987 in std::make_unique<DxUi::ComboBox,0> C:\Program Files\Microsoft Visual Studio\18\Insiders\VC\Tools\MSVC\14.51.36231\include\memory:3666
    #2 0x7ff754b51054 in DxUi::Panel::AddChild<DxUi::ComboBox> Z:\src\DxUi\include\DxUi\DxUi.h:1662
    #3 0x7ff754da337f in `anonymous namespace'::TestComboBoxTextChangeSnapshotCleanupRetiresRootBeforeCallerContinues Z:\src\DxUi\Tests\Controls\DxUi.Tests.ComboBox.cpp:1374
    #4 0x7ff754cbb917 in RunDxUiTest Z:\src\DxUi\Tests\Controls\Controls.Tests.DxUiTestHelpers.h:136
    #5 0x7ff754da3fb4 in RunComboBoxTests Z:\src\DxUi\Tests\Controls\DxUi.Tests.ComboBox.cpp:1401
    #6 0x7ff754e60b65 in `wmain'::`2'::<lambda_9>::operator()<void (__cdecl&)(void)> Z:\src\DxUi\Tests\Controls\DxUi.Tests.Runner.cpp:439
    #7 0x7ff754e5bdf8 in wmain Z:\src\DxUi\Tests\Controls\DxUi.Tests.Runner.cpp:549
    #8 0x7ff755d3b758 in invoke_main D:\a\_work\1\s\src\vctools\crt\vcstartup\src\startup\exe_common.inl:90
    #9 0x7ff755d3b671 in __scrt_common_main_seh D:\a\_work\1\s\src\vctools\crt\vcstartup\src\startup\exe_common.inl:288
    #10 0x7ff755d3b52d in __scrt_common_main D:\a\_work\1\s\src\vctools\crt\vcstartup\src\startup\exe_common.inl:330
    #11 0x7ff755d3b7cd in wmainCRTStartup D:\a\_work\1\s\src\vctools\crt\vcstartup\src\startup\exe_wmain.cpp:16
    #12 0x7ff8eaa8cd86 in BaseThreadInitThunk+0x16 (C:\WINDOWS\System32\KERNEL32.DLL+0x18002cd86)
    #13 0x7ff8ec22caeb in RtlUserThreadStart+0x2b (C:\WINDOWS\SYSTEM32\ntdll.dll+0x1800acaeb)

SUMMARY: AddressSanitizer: heap-use-after-free Z:\src\DxUi\src\Controls\DxUi.ComboBox.cpp:2329 in DxUi::ComboBox::ResetEditableCaretBlink
Shadow bytes around the buggy address:
  0x11ce0b2a0a80: fd fd fd fd fd fd fd fd fd fd fd fd fd fd fd fd
  0x11ce0b2a0b00: fd fd fd fd fd fd fd fd fd fd fd fd fd fd fd fd
  0x11ce0b2a0b80: fd fd fd fd fd fd fd fd fd fd fd fd fd fd fd fd
  0x11ce0b2a0c00: fd fd fd fd fd fd fd fd fd fd fd fd fd fd fd fd
  0x11ce0b2a0c80: fd fd fd fd fd fd fd fd fd fd fd fd fd fd fd fd
=>0x11ce0b2a0d00: fd fd fd fd fd fd fd fd fd fd fd fd fd[fd]fd fd
  0x11ce0b2a0d80: fd fd fd fd fd fd fd fd fd fd fd fd fd fd fd fd
  0x11ce0b2a0e00: fd fd fd fd fd fd fd fd fd fd fd fa fa fa fa fa
  0x11ce0b2a0e80: fa fa fa fa fa fa fa fa fa fa fa fa fa fa fa fa
  0x11ce0b2a0f00: fa fa fa fa fa fa fa fa fa fa fa fa fa fa fa fa
  0x11ce0b2a0f80: fd fd fd fd fd fd fd fd fd fd fd fd fd fd fd fd
Shadow byte legend (one shadow byte represents 8 application bytes):
  Addressable:           00
  Partially addressable: 01 02 03 04 05 06 07 
  Heap left redzone:       fa
  Freed heap region:       fd
  Stack left redzone:      f1
  Stack mid redzone:       f2
  Stack right redzone:     f3
  Stack after return:      f5
  Stack use after scope:   f8
  Global redzone:          f9
  Global init order:       f6
  Poisoned by user:        f7
  Container overflow:      fc
  Array cookie:            ac
  Intra object redzone:    bb
  ASan internal:           fe
  Left alloca redzone:     ca
  Right alloca redzone:    cb
==108784==ABORTING
