[WATCHDOG] each test may run 300 s; a test that outlives it ends the run with exit code 124
[START] WindowHost
  [START] TestWindowHostTabBoundarySnapshotCleanupRetiresTheValidatedTarget
=================================================================
==2860==ERROR: AddressSanitizer: heap-use-after-free on address 0x120e114a06b0 at pc 0x7ff754be8cab bp 0x00de71b3a780 sp 0x00de71b3a788
READ of size 8 at 0x120e114a06b0 thread T0
    #0 0x7ff754be8caa in std::_Ptr_base<int>::_Weakly_construct_from<int> C:\Program Files\Microsoft Visual Studio\18\Insiders\VC\Tools\MSVC\14.51.36231\include\memory:1419
    #1 0x7ff754b1acb2 in std::weak_ptr<int>::weak_ptr<int><int,0> C:\Program Files\Microsoft Visual Studio\18\Insiders\VC\Tools\MSVC\14.51.36231\include\memory:3190
    #2 0x7ff754cad4e1 in DxUi::Control::GetLifetimeToken Z:\src\DxUi\include\DxUi\DxUi.h:1599
    #3 0x7ff755a8f636 in DxUi::ControlHost::SetFocusControl Z:\src\DxUi\src\Controls\DxUi.WindowHost.cpp:1632
    #4 0x7ff755aae458 in DxUi::ControlHost::HandleTabNavigation Z:\src\DxUi\src\Controls\DxUi.WindowHost.cpp:1849
    #5 0x7ff755a9afb4 in DxUi::ControlHost::HandleMessage Z:\src\DxUi\src\Controls\DxUi.WindowHost.cpp:2918
    #6 0x7ff7555e5f7e in `anonymous namespace'::TestWindowHostTabBoundarySnapshotCleanupRetiresTheValidatedTarget Z:\src\DxUi\Tests\Controls\DxUi.Tests.WindowHost.cpp:1216
    #7 0x7ff754cbb917 in RunDxUiTest Z:\src\DxUi\Tests\Controls\Controls.Tests.DxUiTestHelpers.h:136
    #8 0x7ff755635064 in RunWindowHostTests Z:\src\DxUi\Tests\Controls\DxUi.Tests.WindowHost.cpp:4414
    #9 0x7ff754e60b65 in `wmain'::`2'::<lambda_9>::operator()<void (__cdecl&)(void)> Z:\src\DxUi\Tests\Controls\DxUi.Tests.Runner.cpp:439
    #10 0x7ff754e5be36 in wmain Z:\src\DxUi\Tests\Controls\DxUi.Tests.Runner.cpp:554
    #11 0x7ff755d3b758 in invoke_main D:\a\_work\1\s\src\vctools\crt\vcstartup\src\startup\exe_common.inl:90
    #12 0x7ff755d3b671 in __scrt_common_main_seh D:\a\_work\1\s\src\vctools\crt\vcstartup\src\startup\exe_common.inl:288
    #13 0x7ff755d3b52d in __scrt_common_main D:\a\_work\1\s\src\vctools\crt\vcstartup\src\startup\exe_common.inl:330
    #14 0x7ff755d3b7cd in wmainCRTStartup D:\a\_work\1\s\src\vctools\crt\vcstartup\src\startup\exe_wmain.cpp:16
    #15 0x7ff8eaa8cd86 in BaseThreadInitThunk+0x16 (C:\WINDOWS\System32\KERNEL32.DLL+0x18002cd86)
    #16 0x7ff8ec22caeb in RtlUserThreadStart+0x2b (C:\WINDOWS\SYSTEM32\ntdll.dll+0x1800acaeb)

0x120e114a06b0 is located 304 bytes inside of 488-byte region [0x120e114a0580,0x120e114a0768)
freed by thread T0 here:
    #0 0x7ff755d39473 in operator delete D:\a\_work\1\s\src\vctools\asan\llvm\compiler-rt\lib\asan\asan_win_delete_scalar_size_thunk.cpp:41
    #1 0x7ff755984ca0 in DxUi::Button::`scalar deleting destructor'+0x30 (Z:\src\DxUi\.build\x64\ASan Debug\DxUi.ControlTests.exe+0x140f94ca0)
    #2 0x7ff754c9a4f3 in std::default_delete<DxUi::Control>::operator() C:\Program Files\Microsoft Visual Studio\18\Insiders\VC\Tools\MSVC\14.51.36231\include\memory:3338
    #3 0x7ff754c6e1a0 in std::unique_ptr<DxUi::Control,std::default_delete<DxUi::Control> >::~unique_ptr<DxUi::Control,std::default_delete<DxUi::Control> > C:\Program Files\Microsoft Visual Studio\18\Insiders\VC\Tools\MSVC\14.51.36231\include\memory:3456
    #4 0x7ff754c9bb26 in std::unique_ptr<DxUi::Control,std::default_delete<DxUi::Control> >::`scalar deleting destructor'+0x16 (Z:\src\DxUi\.build\x64\ASan Debug\DxUi.ControlTests.exe+0x1402abb26)
    #5 0x7ff754c0ecf1 in std::destroy_at<std::unique_ptr<DxUi::Control,std::default_delete<DxUi::Control> > > C:\Program Files\Microsoft Visual Studio\18\Insiders\VC\Tools\MSVC\14.51.36231\include\xmemory:337
    #6 0x7ff754c0e903 in std::_Default_allocator_traits<std::allocator<std::unique_ptr<DxUi::Control,std::default_delete<DxUi::Control> > > >::destroy<std::unique_ptr<DxUi::Control,std::default_delete<DxUi::Control> > > C:\Program Files\Microsoft Visual Studio\18\Insiders\VC\Tools\MSVC\14.51.36231\include\xmemory:739
    #7 0x7ff754b7d4f2 in std::_Destroy_range<std::allocator<std::unique_ptr<DxUi::Control,std::default_delete<DxUi::Control> > > > C:\Program Files\Microsoft Visual Studio\18\Insiders\VC\Tools\MSVC\14.51.36231\include\xmemory:1107
    #8 0x7ff754cf9929 in std::vector<std::unique_ptr<DxUi::Control,std::default_delete<DxUi::Control> >,std::allocator<std::unique_ptr<DxUi::Control,std::default_delete<DxUi::Control> > > >::_Tidy C:\Program Files\Microsoft Visual Studio\18\Insiders\VC\Tools\MSVC\14.51.36231\include\vector:2099
    #9 0x7ff754c721a6 in std::vector<std::unique_ptr<DxUi::Control,std::default_delete<DxUi::Control> >,std::allocator<std::unique_ptr<DxUi::Control,std::default_delete<DxUi::Control> > > >::~vector<std::unique_ptr<DxUi::Control,std::default_delete<DxUi::Control> >,std::allocator<std::unique_ptr<DxUi::Control,std::default_delete<DxUi::Control> > > > C:\Program Files\Microsoft Visual Studio\18\Insiders\VC\Tools\MSVC\14.51.36231\include\vector:832
    #10 0x7ff754c7351b in DxUi::Panel::~Panel+0x1b (Z:\src\DxUi\.build\x64\ASan Debug\DxUi.ControlTests.exe+0x14028351b)
    #11 0x7ff754c9c166 in DxUi::Panel::`scalar deleting destructor'+0x16 (Z:\src\DxUi\.build\x64\ASan Debug\DxUi.ControlTests.exe+0x1402ac166)
    #12 0x7ff754c9a4f3 in std::default_delete<DxUi::Control>::operator() C:\Program Files\Microsoft Visual Studio\18\Insiders\VC\Tools\MSVC\14.51.36231\include\memory:3338
    #13 0x7ff754c6e1a0 in std::unique_ptr<DxUi::Control,std::default_delete<DxUi::Control> >::~unique_ptr<DxUi::Control,std::default_delete<DxUi::Control> > C:\Program Files\Microsoft Visual Studio\18\Insiders\VC\Tools\MSVC\14.51.36231\include\memory:3456
    #14 0x7ff755a8d220 in DxUi::ControlHost::SetRoot Z:\src\DxUi\src\Controls\DxUi.WindowHost.cpp:1395
    #15 0x7ff7555e62ea in ``anonymous namespace'::TestWindowHostTabBoundarySnapshotCleanupRetiresTheValidatedTarget'::`2'::<lambda_1>::operator() Z:\src\DxUi\Tests\Controls\DxUi.Tests.WindowHost.cpp:1204
    #16 0x7ff75563c6c5 in std::_Ref_count_resource<int *,``anonymous namespace'::TestWindowHostTabBoundarySnapshotCleanupRetiresTheValidatedTarget'::`2'::<lambda_1> >::_Destroy C:\Program Files\Microsoft Visual Studio\18\Insiders\VC\Tools\MSVC\14.51.36231\include\memory:1242
    #17 0x7ff754cd45c0 in std::_Ref_count_base::_Decref C:\Program Files\Microsoft Visual Studio\18\Insiders\VC\Tools\MSVC\14.51.36231\include\memory:1183
    #18 0x7ff754cd44d7 in std::_Ptr_base<int>::_Decref C:\Program Files\Microsoft Visual Studio\18\Insiders\VC\Tools\MSVC\14.51.36231\include\memory:1408
    #19 0x7ff754c6d85e in std::shared_ptr<int>::~shared_ptr<int> C:\Program Files\Microsoft Visual Studio\18\Insiders\VC\Tools\MSVC\14.51.36231\include\memory:1713
    #20 0x7ff7555e6c89 in ``anonymous namespace'::TestWindowHostTabBoundarySnapshotCleanupRetiresTheValidatedTarget'::`2'::<lambda_2>::~<lambda_2>+0x19 (Z:\src\DxUi\.build\x64\ASan Debug\DxUi.ControlTests.exe+0x140bf6c89)
    #21 0x7ff75563caa9 in std::_Func_impl_no_alloc<``anonymous namespace'::TestWindowHostTabBoundarySnapshotCleanupRetiresTheValidatedTarget'::`2'::<lambda_2>,bool,bool>::~_Func_impl_no_alloc<``anonymous namespace'::TestWindowHostTabBoundarySnapshotCleanupRetiresTheValidatedTarget'::`2'::<lambda_2>,bool,bool>+0x19 (Z:\src\DxUi\.build\x64\ASan Debug\DxUi.ControlTests.exe+0x140c4caa9)
    #22 0x7ff75563cad6 in std::_Func_impl_no_alloc<``anonymous namespace'::TestWindowHostTabBoundarySnapshotCleanupRetiresTheValidatedTarget'::`2'::<lambda_2>,bool,bool>::`scalar deleting destructor'+0x16 (Z:\src\DxUi\.build\x64\ASan Debug\DxUi.ControlTests.exe+0x140c4cad6)
    #23 0x7ff75563ca64 in std::_Func_impl_no_alloc<``anonymous namespace'::TestWindowHostTabBoundarySnapshotCleanupRetiresTheValidatedTarget'::`2'::<lambda_2>,bool,bool>::_Delete_this C:\Program Files\Microsoft Visual Studio\18\Insiders\VC\Tools\MSVC\14.51.36231\include\functional:1027
    #24 0x7ff755673940 in std::_Func_class<bool,bool>::_Tidy C:\Program Files\Microsoft Visual Studio\18\Insiders\VC\Tools\MSVC\14.51.36231\include\functional:1138
    #25 0x7ff75566dd3e in std::_Func_class<bool,bool>::~_Func_class<bool,bool> C:\Program Files\Microsoft Visual Studio\18\Insiders\VC\Tools\MSVC\14.51.36231\include\functional:1061
    #26 0x7ff755b0b252 in std::function<bool __cdecl(bool)>::~function<bool __cdecl(bool)>+0x12 (Z:\src\DxUi\.build\x64\ASan Debug\DxUi.ControlTests.exe+0x14111b252)
    #27 0x7ff755b11016 in std::function<bool __cdecl(bool)>::`scalar deleting destructor'+0x16 (Z:\src\DxUi\.build\x64\ASan Debug\DxUi.ControlTests.exe+0x141121016)
    #28 0x7ff755ada1e1 in std::_Destroy_in_place<std::function<bool __cdecl(bool)> > C:\Program Files\Microsoft Visual Studio\18\Insiders\VC\Tools\MSVC\14.51.36231\include\xmemory:324

previously allocated by thread T0 here:
    #0 0x7ff755d39355 in operator new D:\a\_work\1\s\src\vctools\asan\llvm\compiler-rt\lib\asan\asan_win_new_scalar_thunk.cpp:40
    #1 0x7ff75566af93 in std::make_unique<DxUi::Button,wchar_t const (&)[18],0> C:\Program Files\Microsoft Visual Studio\18\Insiders\VC\Tools\MSVC\14.51.36231\include\memory:3666
    #2 0x7ff755651cc1 in DxUi::Panel::AddChild<DxUi::Button,wchar_t const (&)[18]> Z:\src\DxUi\include\DxUi\DxUi.h:1662
    #3 0x7ff7555e5b4b in `anonymous namespace'::TestWindowHostTabBoundarySnapshotCleanupRetiresTheValidatedTarget Z:\src\DxUi\Tests\Controls\DxUi.Tests.WindowHost.cpp:1195
    #4 0x7ff754cbb917 in RunDxUiTest Z:\src\DxUi\Tests\Controls\Controls.Tests.DxUiTestHelpers.h:136
    #5 0x7ff755635064 in RunWindowHostTests Z:\src\DxUi\Tests\Controls\DxUi.Tests.WindowHost.cpp:4414
    #6 0x7ff754e60b65 in `wmain'::`2'::<lambda_9>::operator()<void (__cdecl&)(void)> Z:\src\DxUi\Tests\Controls\DxUi.Tests.Runner.cpp:439
    #7 0x7ff754e5be36 in wmain Z:\src\DxUi\Tests\Controls\DxUi.Tests.Runner.cpp:554
    #8 0x7ff755d3b758 in invoke_main D:\a\_work\1\s\src\vctools\crt\vcstartup\src\startup\exe_common.inl:90
    #9 0x7ff755d3b671 in __scrt_common_main_seh D:\a\_work\1\s\src\vctools\crt\vcstartup\src\startup\exe_common.inl:288
    #10 0x7ff755d3b52d in __scrt_common_main D:\a\_work\1\s\src\vctools\crt\vcstartup\src\startup\exe_common.inl:330
    #11 0x7ff755d3b7cd in wmainCRTStartup D:\a\_work\1\s\src\vctools\crt\vcstartup\src\startup\exe_wmain.cpp:16
    #12 0x7ff8eaa8cd86 in BaseThreadInitThunk+0x16 (C:\WINDOWS\System32\KERNEL32.DLL+0x18002cd86)
    #13 0x7ff8ec22caeb in RtlUserThreadStart+0x2b (C:\WINDOWS\SYSTEM32\ntdll.dll+0x1800acaeb)

SUMMARY: AddressSanitizer: heap-use-after-free C:\Program Files\Microsoft Visual Studio\18\Insiders\VC\Tools\MSVC\14.51.36231\include\memory:1419 in std::_Ptr_base<int>::_Weakly_construct_from<int>
Shadow bytes around the buggy address:
  0x120e114a0400: 00 00 00 00 00 00 00 00 00 00 00 00 00 00 00 00
  0x120e114a0480: 00 00 00 00 00 00 00 00 00 00 00 00 00 00 00 00
  0x120e114a0500: fa fa fa fa fa fa fa fa fa fa fa fa fa fa fa fa
  0x120e114a0580: fd fd fd fd fd fd fd fd fd fd fd fd fd fd fd fd
  0x120e114a0600: fd fd fd fd fd fd fd fd fd fd fd fd fd fd fd fd
=>0x120e114a0680: fd fd fd fd fd fd[fd]fd fd fd fd fd fd fd fd fd
  0x120e114a0700: fd fd fd fd fd fd fd fd fd fd fd fd fd fa fa fa
  0x120e114a0780: fa fa fa fa fa fa fa fa fa fa fa fa fa fa fa fa
  0x120e114a0800: fd fd fd fd fd fd fd fd fd fd fd fd fd fd fd fd
  0x120e114a0880: fd fd fd fd fd fd fd fd fd fd fd fd fd fd fd fd
  0x120e114a0900: fd fd fd fd fd fd fd fd fd fd fd fd fd fd fd fd
Shadow byte legend (one shadow byte represents 8 application bytes):
  Addressable:           00
  Partially addressable: 01 02 03 04 05 06 07 
  Heap left redzone:       fa
  Freed heap region:       fd
  Stack left redzone:      f1
  Stack mid redzone:       f2
  Stack right redzone:     f3
  Stack after return:      f5
  Stack use after scope:   f8
  Global redzone:          f9
  Global init order:       f6
  Poisoned by user:        f7
  Container overflow:      fc
  Array cookie:            ac
  Intra object redzone:    bb
  ASan internal:           fe
  Left alloca redzone:     ca
  Right alloca redzone:    cb
==2860==ABORTING
