[WATCHDOG] each test may run 300 s; a test that outlives it ends the run with exit code 124
[START] Control
  [START] TestScrollPanelOverlayDismissalCanRetireItsOwner
=================================================================
==93012==ERROR: AddressSanitizer: heap-use-after-free on address 0x1203287a0f80 at pc 0x7ff6ba5f1500 bp 0x0075014fa9c0 sp 0x0075014fa9c8
READ of size 8 at 0x1203287a0f80 thread T0
    #0 0x7ff6ba5f14ff in DxUi::ScrollPanel::DismissOverlayOnPointerDown Z:\src\DxUi\src\Controls\DxUi.Controls.cpp:9284
    #1 0x7ff6ba75b785 in DxUi::ControlHost::HandleMessage Z:\src\DxUi\src\Controls\DxUi.WindowHost.cpp:2687
    #2 0x7ff6b9b6500e in `anonymous namespace'::RequireOverlayDismissalSurvivesOwnerRetirement<DxUi::ScrollPanel> Z:\src\DxUi\Tests\Controls\DxUi.Tests.Controls.cpp:43
    #3 0x7ff6b9b031f4 in `anonymous namespace'::TestScrollPanelOverlayDismissalCanRetireItsOwner Z:\src\DxUi\Tests\Controls\DxUi.Tests.Controls.cpp:54
    #4 0x7ff6b9a0b507 in RunDxUiTest Z:\src\DxUi\Tests\Controls\Controls.Tests.DxUiTestHelpers.h:136
    #5 0x7ff6b9b35418 in RunControlTests Z:\src\DxUi\Tests\Controls\DxUi.Tests.Controls.cpp:1658
    #6 0x7ff6b9b8a765 in `wmain'::`2'::<lambda_9>::operator()<void (__cdecl&)(void)> Z:\src\DxUi\Tests\Controls\DxUi.Tests.Runner.cpp:439
    #7 0x7ff6b9b85884 in wmain Z:\src\DxUi\Tests\Controls\DxUi.Tests.Runner.cpp:519
    #8 0x7ff6ba9fc248 in invoke_main D:\a\_work\1\s\src\vctools\crt\vcstartup\src\startup\exe_common.inl:90
    #9 0x7ff6ba9fc161 in __scrt_common_main_seh D:\a\_work\1\s\src\vctools\crt\vcstartup\src\startup\exe_common.inl:288
    #10 0x7ff6ba9fc01d in __scrt_common_main D:\a\_work\1\s\src\vctools\crt\vcstartup\src\startup\exe_common.inl:330
    #11 0x7ff6ba9fc2bd in wmainCRTStartup D:\a\_work\1\s\src\vctools\crt\vcstartup\src\startup\exe_wmain.cpp:16
    #12 0x7ff8eaa8cd86 in BaseThreadInitThunk+0x16 (C:\WINDOWS\System32\KERNEL32.DLL+0x18002cd86)
    #13 0x7ff8ec22caeb in RtlUserThreadStart+0x2b (C:\WINDOWS\SYSTEM32\ntdll.dll+0x1800acaeb)

0x1203287a0f80 is located 0 bytes inside of 544-byte region [0x1203287a0f80,0x1203287a11a0)
freed by thread T0 here:
    #0 0x7ff6ba9f9f63 in operator delete D:\a\_work\1\s\src\vctools\asan\llvm\compiler-rt\lib\asan\asan_win_delete_scalar_size_thunk.cpp:41
    #1 0x7ff6b99ebf70 in DxUi::ScrollPanel::`scalar deleting destructor'+0x30 (Z:\src\DxUi\.build\x64\ASan Debug\DxUi.ControlTests.exe+0x1402abf70)
    #2 0x7ff6b99ea0e3 in std::default_delete<DxUi::Control>::operator() C:\Program Files\Microsoft Visual Studio\18\Insiders\VC\Tools\MSVC\14.51.36231\include\memory:3338
    #3 0x7ff6b99bdd90 in std::unique_ptr<DxUi::Control,std::default_delete<DxUi::Control> >::~unique_ptr<DxUi::Control,std::default_delete<DxUi::Control> > C:\Program Files\Microsoft Visual Studio\18\Insiders\VC\Tools\MSVC\14.51.36231\include\memory:3456
    #4 0x7ff6ba750ae0 in DxUi::ControlHost::SetRoot Z:\src\DxUi\src\Controls\DxUi.WindowHost.cpp:1395
    #5 0x7ff6b9b35f6d in ``anonymous namespace'::RequireOverlayDismissalSurvivesOwnerRetirement<DxUi::ScrollPanel>'::`2'::RetiringOverlay::DismissOverlayOnPointerDown Z:\src\DxUi\Tests\Controls\DxUi.Tests.Controls.cpp:28
    #6 0x7ff6ba5f16a8 in DxUi::ScrollPanel::DismissOverlayOnPointerDown Z:\src\DxUi\src\Controls\DxUi.Controls.cpp:9285
    #7 0x7ff6ba75b785 in DxUi::ControlHost::HandleMessage Z:\src\DxUi\src\Controls\DxUi.WindowHost.cpp:2687
    #8 0x7ff6b9b6500e in `anonymous namespace'::RequireOverlayDismissalSurvivesOwnerRetirement<DxUi::ScrollPanel> Z:\src\DxUi\Tests\Controls\DxUi.Tests.Controls.cpp:43
    #9 0x7ff6b9b031f4 in `anonymous namespace'::TestScrollPanelOverlayDismissalCanRetireItsOwner Z:\src\DxUi\Tests\Controls\DxUi.Tests.Controls.cpp:54
    #10 0x7ff6b9a0b507 in RunDxUiTest Z:\src\DxUi\Tests\Controls\Controls.Tests.DxUiTestHelpers.h:136
    #11 0x7ff6b9b35418 in RunControlTests Z:\src\DxUi\Tests\Controls\DxUi.Tests.Controls.cpp:1658
    #12 0x7ff6b9b8a765 in `wmain'::`2'::<lambda_9>::operator()<void (__cdecl&)(void)> Z:\src\DxUi\Tests\Controls\DxUi.Tests.Runner.cpp:439
    #13 0x7ff6b9b85884 in wmain Z:\src\DxUi\Tests\Controls\DxUi.Tests.Runner.cpp:519
    #14 0x7ff6ba9fc248 in invoke_main D:\a\_work\1\s\src\vctools\crt\vcstartup\src\startup\exe_common.inl:90
    #15 0x7ff6ba9fc161 in __scrt_common_main_seh D:\a\_work\1\s\src\vctools\crt\vcstartup\src\startup\exe_common.inl:288
    #16 0x7ff6ba9fc01d in __scrt_common_main D:\a\_work\1\s\src\vctools\crt\vcstartup\src\startup\exe_common.inl:330
    #17 0x7ff6ba9fc2bd in wmainCRTStartup D:\a\_work\1\s\src\vctools\crt\vcstartup\src\startup\exe_wmain.cpp:16
    #18 0x7ff8eaa8cd86 in BaseThreadInitThunk+0x16 (C:\WINDOWS\System32\KERNEL32.DLL+0x18002cd86)
    #19 0x7ff8ec22caeb in RtlUserThreadStart+0x2b (C:\WINDOWS\SYSTEM32\ntdll.dll+0x1800acaeb)

previously allocated by thread T0 here:
    #0 0x7ff6ba9f9e45 in operator new D:\a\_work\1\s\src\vctools\asan\llvm\compiler-rt\lib\asan\asan_win_new_scalar_thunk.cpp:40
    #1 0x7ff6b9973097 in std::make_unique<DxUi::ScrollPanel,0> C:\Program Files\Microsoft Visual Studio\18\Insiders\VC\Tools\MSVC\14.51.36231\include\memory:3666
    #2 0x7ff6b9b64dd1 in `anonymous namespace'::RequireOverlayDismissalSurvivesOwnerRetirement<DxUi::ScrollPanel> Z:\src\DxUi\Tests\Controls\DxUi.Tests.Controls.cpp:37
    #3 0x7ff6b9b031f4 in `anonymous namespace'::TestScrollPanelOverlayDismissalCanRetireItsOwner Z:\src\DxUi\Tests\Controls\DxUi.Tests.Controls.cpp:54
    #4 0x7ff6b9a0b507 in RunDxUiTest Z:\src\DxUi\Tests\Controls\Controls.Tests.DxUiTestHelpers.h:136
    #5 0x7ff6b9b35418 in RunControlTests Z:\src\DxUi\Tests\Controls\DxUi.Tests.Controls.cpp:1658
    #6 0x7ff6b9b8a765 in `wmain'::`2'::<lambda_9>::operator()<void (__cdecl&)(void)> Z:\src\DxUi\Tests\Controls\DxUi.Tests.Runner.cpp:439
    #7 0x7ff6b9b85884 in wmain Z:\src\DxUi\Tests\Controls\DxUi.Tests.Runner.cpp:519
    #8 0x7ff6ba9fc248 in invoke_main D:\a\_work\1\s\src\vctools\crt\vcstartup\src\startup\exe_common.inl:90
    #9 0x7ff6ba9fc161 in __scrt_common_main_seh D:\a\_work\1\s\src\vctools\crt\vcstartup\src\startup\exe_common.inl:288
    #10 0x7ff6ba9fc01d in __scrt_common_main D:\a\_work\1\s\src\vctools\crt\vcstartup\src\startup\exe_common.inl:330
    #11 0x7ff6ba9fc2bd in wmainCRTStartup D:\a\_work\1\s\src\vctools\crt\vcstartup\src\startup\exe_wmain.cpp:16
    #12 0x7ff8eaa8cd86 in BaseThreadInitThunk+0x16 (C:\WINDOWS\System32\KERNEL32.DLL+0x18002cd86)
    #13 0x7ff8ec22caeb in RtlUserThreadStart+0x2b (C:\WINDOWS\SYSTEM32\ntdll.dll+0x1800acaeb)

SUMMARY: AddressSanitizer: heap-use-after-free Z:\src\DxUi\src\Controls\DxUi.Controls.cpp:9284 in DxUi::ScrollPanel::DismissOverlayOnPointerDown
Shadow bytes around the buggy address:
  0x1203287a0d00: 00 00 00 00 00 00 00 00 00 00 00 00 00 00 00 00
  0x1203287a0d80: 00 00 00 00 00 00 00 00 00 00 00 00 00 00 00 00
  0x1203287a0e00: 00 00 00 00 00 00 00 00 00 00 00 00 00 00 00 00
  0x1203287a0e80: 00 fa fa fa fa fa fa fa fa fa fa fa fa fa fa fa
  0x1203287a0f00: fa fa fa fa fa fa fa fa fa fa fa fa fa fa fa fa
=>0x1203287a0f80:[fd]fd fd fd fd fd fd fd fd fd fd fd fd fd fd fd
  0x1203287a1000: fd fd fd fd fd fd fd fd fd fd fd fd fd fd fd fd
  0x1203287a1080: fd fd fd fd fd fd fd fd fd fd fd fd fd fd fd fd
  0x1203287a1100: fd fd fd fd fd fd fd fd fd fd fd fd fd fd fd fd
  0x1203287a1180: fd fd fd fd fa fa fa fa fa fa fa fa fa fa fa fa
  0x1203287a1200: fa fa fa fa fa fa fa fa fa fa fa fa fa fa fa fa
Shadow byte legend (one shadow byte represents 8 application bytes):
  Addressable:           00
  Partially addressable: 01 02 03 04 05 06 07 
  Heap left redzone:       fa
  Freed heap region:       fd
  Stack left redzone:      f1
  Stack mid redzone:       f2
  Stack right redzone:     f3
  Stack after return:      f5
  Stack use after scope:   f8
  Global redzone:          f9
  Global init order:       f6
  Poisoned by user:        f7
  Container overflow:      fc
  Array cookie:            ac
  Intra object redzone:    bb
  ASan internal:           fe
  Left alloca redzone:     ca
  Right alloca redzone:    cb
==93012==ABORTING
