[WATCHDOG] each test may run 30 s; a test that outlives it ends the run with exit code 124
[START] Tree
  [START] TestTreePointerRechecksTheModelAfterFocusCallbacks
=================================================================
==86320==ERROR: AddressSanitizer: access-violation on unknown address 0x000000000000 (pc 0x7ff6a820af36 bp 0x000000000000 sp 0x00e27613c660 T0)
==86320==The signal is caused by a READ memory access.
==86320==Hint: address points to the zero page.
    #0 0x7ff6a820af35 in DxUi::Tree::OnMouseDown Z:\src\DxUi\src\Controls\DxUi.Tree.cpp:1128
    #1 0x7ff6a7f8bfd4 in `anonymous namespace'::TestTreePointerRechecksTheModelAfterFocusCallbacks Z:\src\DxUi\Tests\Controls\DxUi.Tests.Tree.cpp:1905
    #2 0x7ff6a7756b07 in RunDxUiTest Z:\src\DxUi\Tests\Controls\Controls.Tests.DxUiTestHelpers.h:136
    #3 0x7ff6a7fa92e2 in RunTreeTests Z:\src\DxUi\Tests\Controls\DxUi.Tests.Tree.cpp:2501
    #4 0x7ff6a78b6155 in `wmain'::`2'::<lambda_9>::operator()<void (__cdecl&)(void)> Z:\src\DxUi\Tests\Controls\DxUi.Tests.Runner.cpp:439
    #5 0x7ff6a78b1464 in wmain Z:\src\DxUi\Tests\Controls\DxUi.Tests.Runner.cpp:559
    #6 0x7ff6a86bfbc8 in invoke_main D:\a\_work\1\s\src\vctools\crt\vcstartup\src\startup\exe_common.inl:90
    #7 0x7ff6a86bfae1 in __scrt_common_main_seh D:\a\_work\1\s\src\vctools\crt\vcstartup\src\startup\exe_common.inl:288
    #8 0x7ff6a86bf99d in __scrt_common_main D:\a\_work\1\s\src\vctools\crt\vcstartup\src\startup\exe_common.inl:330
    #9 0x7ff6a86bfc3d in wmainCRTStartup D:\a\_work\1\s\src\vctools\crt\vcstartup\src\startup\exe_wmain.cpp:16
    #10 0x7ff8eaa8cd86 in BaseThreadInitThunk+0x16 (C:\WINDOWS\System32\KERNEL32.DLL+0x18002cd86)
    #11 0x7ff8ec22caeb in RtlUserThreadStart+0x2b (C:\WINDOWS\SYSTEM32\ntdll.dll+0x1800acaeb)

==86320==Register values:
rax = 0  rbx = 0  rcx = 0  rdx = 0  
rdi = 0  rsi = 0  rbp = 0  rsp = e27613c660  
r8  = 0  r9  = 0  r10 = 0  r11 = e27613c2d0  
r12 = 0  r13 = 0  r14 = 0  r15 = 0  
AddressSanitizer can not provide additional info.
SUMMARY: AddressSanitizer: access-violation Z:\src\DxUi\src\Controls\DxUi.Tree.cpp:1128 in DxUi::Tree::OnMouseDown
==86320==ABORTING
