[WATCHDOG] each test may run 30 s; a test that outlives it ends the run with exit code 124
[START] WindowHost
  [START] TestWindowHostPromotesAChildBeforeDestroyingItsOldParent
=================================================================
==107740==ERROR: AddressSanitizer: heap-use-after-free on address 0x12616dba0271 at pc 0x7ff6a824afec bp 0x00bc2cefcac0 sp 0x00bc2cefcac8
READ of size 1 at 0x12616dba0271 thread T0
    #0 0x7ff6a824afeb in std::optional<enum DxUi::FlowDirection>::has_value C:\Program Files\Microsoft Visual Studio\18\Insiders\VC\Tools\MSVC\14.51.36231\include\optional:448
    #1 0x7ff6a8238cb2 in DxUi::Control::GetFlowDirection Z:\src\DxUi\src\Controls\DxUi.cpp:642
    #2 0x7ff6a8238dd1 in DxUi::Control::GetFlowDirection Z:\src\DxUi\src\Controls\DxUi.cpp:647
    #3 0x7ff6a823b42a in DxUi::Control::Reparent Z:\src\DxUi\src\Controls\DxUi.cpp:919
    #4 0x7ff6a8414b43 in DxUi::ControlHost::SetRoot Z:\src\DxUi\src\Controls\DxUi.WindowHost.cpp:1372
    #5 0x7ff6a7fdb5f8 in `anonymous namespace'::TestWindowHostPromotesAChildBeforeDestroyingItsOldParent Z:\src\DxUi\Tests\Controls\DxUi.Tests.WindowHost.cpp:2042
    #6 0x7ff6a7756b07 in RunDxUiTest Z:\src\DxUi\Tests\Controls\Controls.Tests.DxUiTestHelpers.h:136
    #7 0x7ff6a80030d2 in RunWindowHostTests Z:\src\DxUi\Tests\Controls\DxUi.Tests.WindowHost.cpp:3770
    #8 0x7ff6a78b6155 in `wmain'::`2'::<lambda_9>::operator()<void (__cdecl&)(void)> Z:\src\DxUi\Tests\Controls\DxUi.Tests.Runner.cpp:439
    #9 0x7ff6a78b1426 in wmain Z:\src\DxUi\Tests\Controls\DxUi.Tests.Runner.cpp:554
    #10 0x7ff6a86bfbc8 in invoke_main D:\a\_work\1\s\src\vctools\crt\vcstartup\src\startup\exe_common.inl:90
    #11 0x7ff6a86bfae1 in __scrt_common_main_seh D:\a\_work\1\s\src\vctools\crt\vcstartup\src\startup\exe_common.inl:288
    #12 0x7ff6a86bf99d in __scrt_common_main D:\a\_work\1\s\src\vctools\crt\vcstartup\src\startup\exe_common.inl:330
    #13 0x7ff6a86bfc3d in wmainCRTStartup D:\a\_work\1\s\src\vctools\crt\vcstartup\src\startup\exe_wmain.cpp:16
    #14 0x7ff8eaa8cd86 in BaseThreadInitThunk+0x16 (C:\WINDOWS\System32\KERNEL32.DLL+0x18002cd86)
    #15 0x7ff8ec22caeb in RtlUserThreadStart+0x2b (C:\WINDOWS\SYSTEM32\ntdll.dll+0x1800acaeb)

0x12616dba0271 is located 49 bytes inside of 440-byte region [0x12616dba0240,0x12616dba03f8)
freed by thread T0 here:
    #0 0x7ff6a86bd8e3 in operator delete D:\a\_work\1\s\src\vctools\asan\llvm\compiler-rt\lib\asan\asan_win_delete_scalar_size_thunk.cpp:41
    #1 0x7ff6a7737770 in DxUi::Panel::`scalar deleting destructor'+0x30 (Z:\src\DxUi\.build\x64\ASan Debug\DxUi.ControlTests.exe+0x140287770)
    #2 0x7ff6a7735b43 in std::default_delete<DxUi::Control>::operator() C:\Program Files\Microsoft Visual Studio\18\Insiders\VC\Tools\MSVC\14.51.36231\include\memory:3338
    #3 0x7ff6a77bdd89 in std::unique_ptr<DxUi::Control,std::default_delete<DxUi::Control> >::reset C:\Program Files\Microsoft Visual Studio\18\Insiders\VC\Tools\MSVC\14.51.36231\include\memory:3507
    #4 0x7ff6a82e3d50 in std::unique_ptr<DxUi::Control,std::default_delete<DxUi::Control> >::operator=<std::default_delete<DxUi::Control>,0> C:\Program Files\Microsoft Visual Studio\18\Insiders\VC\Tools\MSVC\14.51.36231\include\memory:3443
    #5 0x7ff6a84149be in DxUi::ControlHost::SetRoot Z:\src\DxUi\src\Controls\DxUi.WindowHost.cpp:1367
    #6 0x7ff6a7fdb5f8 in `anonymous namespace'::TestWindowHostPromotesAChildBeforeDestroyingItsOldParent Z:\src\DxUi\Tests\Controls\DxUi.Tests.WindowHost.cpp:2042
    #7 0x7ff6a7756b07 in RunDxUiTest Z:\src\DxUi\Tests\Controls\Controls.Tests.DxUiTestHelpers.h:136
    #8 0x7ff6a80030d2 in RunWindowHostTests Z:\src\DxUi\Tests\Controls\DxUi.Tests.WindowHost.cpp:3770
    #9 0x7ff6a78b6155 in `wmain'::`2'::<lambda_9>::operator()<void (__cdecl&)(void)> Z:\src\DxUi\Tests\Controls\DxUi.Tests.Runner.cpp:439
    #10 0x7ff6a78b1426 in wmain Z:\src\DxUi\Tests\Controls\DxUi.Tests.Runner.cpp:554
    #11 0x7ff6a86bfbc8 in invoke_main D:\a\_work\1\s\src\vctools\crt\vcstartup\src\startup\exe_common.inl:90
    #12 0x7ff6a86bfae1 in __scrt_common_main_seh D:\a\_work\1\s\src\vctools\crt\vcstartup\src\startup\exe_common.inl:288
    #13 0x7ff6a86bf99d in __scrt_common_main D:\a\_work\1\s\src\vctools\crt\vcstartup\src\startup\exe_common.inl:330
    #14 0x7ff6a86bfc3d in wmainCRTStartup D:\a\_work\1\s\src\vctools\crt\vcstartup\src\startup\exe_wmain.cpp:16
    #15 0x7ff8eaa8cd86 in BaseThreadInitThunk+0x16 (C:\WINDOWS\System32\KERNEL32.DLL+0x18002cd86)
    #16 0x7ff8ec22caeb in RtlUserThreadStart+0x2b (C:\WINDOWS\SYSTEM32\ntdll.dll+0x1800acaeb)

previously allocated by thread T0 here:
    #0 0x7ff6a86bd7c5 in operator new D:\a\_work\1\s\src\vctools\asan\llvm\compiler-rt\lib\asan\asan_win_new_scalar_thunk.cpp:40
    #1 0x7ff6a76bf8d7 in std::make_unique<DxUi::Panel,0> C:\Program Files\Microsoft Visual Studio\18\Insiders\VC\Tools\MSVC\14.51.36231\include\memory:3666
    #2 0x7ff6a7fdb3e8 in `anonymous namespace'::TestWindowHostPromotesAChildBeforeDestroyingItsOldParent Z:\src\DxUi\Tests\Controls\DxUi.Tests.WindowHost.cpp:2034
    #3 0x7ff6a7756b07 in RunDxUiTest Z:\src\DxUi\Tests\Controls\Controls.Tests.DxUiTestHelpers.h:136
    #4 0x7ff6a80030d2 in RunWindowHostTests Z:\src\DxUi\Tests\Controls\DxUi.Tests.WindowHost.cpp:3770
    #5 0x7ff6a78b6155 in `wmain'::`2'::<lambda_9>::operator()<void (__cdecl&)(void)> Z:\src\DxUi\Tests\Controls\DxUi.Tests.Runner.cpp:439
    #6 0x7ff6a78b1426 in wmain Z:\src\DxUi\Tests\Controls\DxUi.Tests.Runner.cpp:554
    #7 0x7ff6a86bfbc8 in invoke_main D:\a\_work\1\s\src\vctools\crt\vcstartup\src\startup\exe_common.inl:90
    #8 0x7ff6a86bfae1 in __scrt_common_main_seh D:\a\_work\1\s\src\vctools\crt\vcstartup\src\startup\exe_common.inl:288
    #9 0x7ff6a86bf99d in __scrt_common_main D:\a\_work\1\s\src\vctools\crt\vcstartup\src\startup\exe_common.inl:330
    #10 0x7ff6a86bfc3d in wmainCRTStartup D:\a\_work\1\s\src\vctools\crt\vcstartup\src\startup\exe_wmain.cpp:16
    #11 0x7ff8eaa8cd86 in BaseThreadInitThunk+0x16 (C:\WINDOWS\System32\KERNEL32.DLL+0x18002cd86)
    #12 0x7ff8ec22caeb in RtlUserThreadStart+0x2b (C:\WINDOWS\SYSTEM32\ntdll.dll+0x1800acaeb)

SUMMARY: AddressSanitizer: heap-use-after-free C:\Program Files\Microsoft Visual Studio\18\Insiders\VC\Tools\MSVC\14.51.36231\include\optional:448 in std::optional<enum DxUi::FlowDirection>::has_value
Shadow bytes around the buggy address:
  0x12616db9ff80: 00 00 00 00 00 00 00 00 00 00 00 00 00 00 00 00
  0x12616dba0000: fa fa fa fa fa fa fa fa 00 00 00 00 00 00 00 00
  0x12616dba0080: 00 00 00 00 00 00 00 00 00 00 00 00 00 00 00 00
  0x12616dba0100: 00 00 00 00 00 00 00 00 00 00 00 00 00 00 00 00
  0x12616dba0180: 00 00 00 00 00 00 00 00 06 fa fa fa fa fa fa fa
=>0x12616dba0200: fa fa fa fa fa fa fa fa fd fd fd fd fd fd[fd]fd
  0x12616dba0280: fd fd fd fd fd fd fd fd fd fd fd fd fd fd fd fd
  0x12616dba0300: fd fd fd fd fd fd fd fd fd fd fd fd fd fd fd fd
  0x12616dba0380: fd fd fd fd fd fd fd fd fd fd fd fd fd fd fd fa
  0x12616dba0400: fa fa fa fa fa fa fa fa 00 00 00 00 00 00 00 00
  0x12616dba0480: 00 00 00 00 00 00 00 00 00 00 00 00 00 00 00 00
Shadow byte legend (one shadow byte represents 8 application bytes):
  Addressable:           00
  Partially addressable: 01 02 03 04 05 06 07 
  Heap left redzone:       fa
  Freed heap region:       fd
  Stack left redzone:      f1
  Stack mid redzone:       f2
  Stack right redzone:     f3
  Stack after return:      f5
  Stack use after scope:   f8
  Global redzone:          f9
  Global init order:       f6
  Poisoned by user:        f7
  Container overflow:      fc
  Array cookie:            ac
  Intra object redzone:    bb
  ASan internal:           fe
  Left alloca redzone:     ca
  Right alloca redzone:    cb
==107740==ABORTING
