[WATCHDOG] each test may run 300 s; a test that outlives it ends the run with exit code 124
[START] Tooltip
  [START] TestTooltipLayerTrackingUpdateReusesVisibleTooltip
  [DONE] TestTooltipLayerTrackingUpdateReusesVisibleTooltip (0.819 s)
  [START] TestTooltipLayerPrefersBelowRightWhenSpaceAllows
  [DONE] TestTooltipLayerPrefersBelowRightWhenSpaceAllows (0.001 s)
  [START] TestTooltipLayerFlipsAboveNearBottomEdge
  [DONE] TestTooltipLayerFlipsAboveNearBottomEdge (0.003 s)
  [START] TestTooltipLayerFlipsLeftNearRightEdge
  [DONE] TestTooltipLayerFlipsLeftNearRightEdge (0.002 s)
  [START] TestTooltipLayerWrapsLongTextAndStaysClamped
  [DONE] TestTooltipLayerWrapsLongTextAndStaysClamped (0.001 s)
  [START] TestTooltipLayerHideDelayExpiresAfterTimerTicks
    [TRACE] attached host dtor: begin
    [TRACE] attached host dtor: host detached
    [TRACE] attached host dtor: hwnd reset
  [DONE] TestTooltipLayerHideDelayExpiresAfterTimerTicks (0.202 s)
  [START] TestTooltipDeadlinesUseCurrentDispatcherClockAfterIdleHostTick
  [DONE] TestTooltipDeadlinesUseCurrentDispatcherClockAfterIdleHostTick (0.001 s)
  [START] TestTooltipLayerTrackingMoveCancelsPendingHideDelay
    [TRACE] attached host dtor: begin
    [TRACE] attached host dtor: host detached
    [TRACE] attached host dtor: hwnd reset
  [DONE] TestTooltipLayerTrackingMoveCancelsPendingHideDelay (0.396 s)
  [START] TestGridTooltipTracksPointerWithinSameCell
  [DONE] TestGridTooltipTracksPointerWithinSameCell (0.235 s)
  [START] TestInteractiveTooltipSurvivesEmptySupplementalTargetPass
    [TRACE] attached host dtor: begin
    [TRACE] attached host dtor: host detached
    [TRACE] attached host dtor: hwnd reset
  [DONE] TestInteractiveTooltipSurvivesEmptySupplementalTargetPass (0.048 s)
  [START] TestTreeTooltipTracksPointerWithinSameRow
  [DONE] TestTreeTooltipTracksPointerWithinSameRow (0.233 s)
  [START] TestTreeTooltipFallsBackToClippedItemText
  [DONE] TestTreeTooltipFallsBackToClippedItemText (0.001 s)
  [START] TestPassiveSupplementalTooltipUsesHostHitTestingDelayLifetimeAndClickThrough
    [TRACE] attached host dtor: begin
    [TRACE] attached host dtor: host detached
    [TRACE] attached host dtor: hwnd reset
  [DONE] TestPassiveSupplementalTooltipUsesHostHitTestingDelayLifetimeAndClickThrough (0.055 s)
[DONE] Tooltip (1.999 s)
All DxUi tests passed.
