[WATCHDOG] each test may run 300 s; a test that outlives it ends the run with exit code 124
[START] ReadOnly
  [START] TestReadOnlyMultilineTextFieldSuppressesMutationAndKeepsNavigation
  [DONE] TestReadOnlyMultilineTextFieldSuppressesMutationAndKeepsNavigation (0.257 s)
  [START] TestAttachedReadOnlyMultilineNativeHostSuppressesMutatingMessages
    [TRACE] attached host dtor: begin
    [TRACE] attached host dtor: host detached
    [TRACE] attached host dtor: hwnd reset
  [DONE] TestAttachedReadOnlyMultilineNativeHostSuppressesMutatingMessages (0.032 s)
  [START] TestReadOnlyMultilineNativeHostCopyShortcutsPreserveSelectionAndText
    [TRACE] attached host dtor: begin
    [TRACE] attached host dtor: host detached
    [TRACE] attached host dtor: hwnd reset
  [DONE] TestReadOnlyMultilineNativeHostCopyShortcutsPreserveSelectionAndText (0.122 s)
  [START] TestReadOnlyMultilineTextFieldCopyCutShortcutsWithoutSelectionLeaveClipboardAndTextUnchanged
    [TRACE] attached host dtor: begin
    [TRACE] attached host dtor: host detached
    [TRACE] attached host dtor: hwnd reset
  [DONE] TestReadOnlyMultilineTextFieldCopyCutShortcutsWithoutSelectionLeaveClipboardAndTextUnchanged (0.117 s)
  [START] TestAttachedReadOnlyMultilineNativeHostCopyShortcutsPreserveSelectionAndText
    [TRACE] attached host dtor: begin
    [TRACE] attached host dtor: host detached
    [TRACE] attached host dtor: hwnd reset
  [DONE] TestAttachedReadOnlyMultilineNativeHostCopyShortcutsPreserveSelectionAndText (0.132 s)
  [START] TestAttachedReadOnlyMultilineNativeHostUndoRedoLeaveTextAndSelectionUnchanged
    [TRACE] attached host dtor: begin
    [TRACE] attached host dtor: host detached
    [TRACE] attached host dtor: hwnd reset
  [DONE] TestAttachedReadOnlyMultilineNativeHostUndoRedoLeaveTextAndSelectionUnchanged (0.114 s)
  [START] TestAttachedReadOnlyMultilineNativeHostCopyWithoutSelectionLeavesClipboardUnchanged
    [TRACE] attached host dtor: begin
    [TRACE] attached host dtor: host detached
    [TRACE] attached host dtor: hwnd reset
  [DONE] TestAttachedReadOnlyMultilineNativeHostCopyWithoutSelectionLeavesClipboardUnchanged (0.112 s)
  [START] TestAttachedReadOnlyMultilineNativeHostCutAndClearWithoutSelectionLeaveClipboardAndTextUnchanged
    [TRACE] attached host dtor: begin
    [TRACE] attached host dtor: host detached
    [TRACE] attached host dtor: hwnd reset
  [DONE] TestAttachedReadOnlyMultilineNativeHostCutAndClearWithoutSelectionLeaveClipboardAndTextUnchanged (0.115 s)
  [START] TestReadOnlyMultilineTextFieldCtrlBackspaceDeleteWithoutSelectionLeaveTextUnchanged
  [DONE] TestReadOnlyMultilineTextFieldCtrlBackspaceDeleteWithoutSelectionLeaveTextUnchanged (0.000 s)
  [START] TestAttachedReadOnlyMultilineNativeHostCtrlBackspaceDeleteWithoutSelectionLeaveTextUnchanged
    [TRACE] attached host dtor: begin
    [TRACE] attached host dtor: host detached
    [TRACE] attached host dtor: hwnd reset
    [TRACE] attached host dtor: begin
    [TRACE] attached host dtor: host detached
    [TRACE] attached host dtor: hwnd reset
  [DONE] TestAttachedReadOnlyMultilineNativeHostCtrlBackspaceDeleteWithoutSelectionLeaveTextUnchanged (0.246 s)
  [START] TestReadOnlyMultilineTextFieldCtrlArrowMovesByWordBoundary
  [DONE] TestReadOnlyMultilineTextFieldCtrlArrowMovesByWordBoundary (0.092 s)
  [START] TestAttachedReadOnlyMultilineNativeHostCtrlArrowKeepsCaretAligned
    [TRACE] attached host dtor: begin
    [TRACE] attached host dtor: host detached
    [TRACE] attached host dtor: hwnd reset
  [DONE] TestAttachedReadOnlyMultilineNativeHostCtrlArrowKeepsCaretAligned (0.025 s)
  [START] TestReadOnlyWrappedMultilineTextFieldSuppressesMutationAndKeepsNavigation
  [DONE] TestReadOnlyWrappedMultilineTextFieldSuppressesMutationAndKeepsNavigation (0.093 s)
  [START] TestAttachedReadOnlyWrappedMultilineNativeHostSuppressesMutatingMessages
    [TRACE] attached host dtor: begin
    [TRACE] attached host dtor: host detached
    [TRACE] attached host dtor: hwnd reset
  [DONE] TestAttachedReadOnlyWrappedMultilineNativeHostSuppressesMutatingMessages (0.028 s)
  [START] TestReadOnlyWrappedMultilineNativeHostCopyShortcutsPreserveSelectionAndText
    [TRACE] attached host dtor: begin
    [TRACE] attached host dtor: host detached
    [TRACE] attached host dtor: hwnd reset
  [DONE] TestReadOnlyWrappedMultilineNativeHostCopyShortcutsPreserveSelectionAndText (0.116 s)
  [START] TestReadOnlyWrappedMultilineTextFieldCopyCutShortcutsWithoutSelectionLeaveClipboardAndTextUnchanged
    [TRACE] attached host dtor: begin
    [TRACE] attached host dtor: host detached
    [TRACE] attached host dtor: hwnd reset
  [DONE] TestReadOnlyWrappedMultilineTextFieldCopyCutShortcutsWithoutSelectionLeaveClipboardAndTextUnchanged (0.125 s)
  [START] TestAttachedReadOnlyWrappedMultilineNativeHostCopyShortcutsPreserveSelectionAndText
    [TRACE] attached host dtor: begin
    [TRACE] attached host dtor: host detached
    [TRACE] attached host dtor: hwnd reset
  [DONE] TestAttachedReadOnlyWrappedMultilineNativeHostCopyShortcutsPreserveSelectionAndText (0.123 s)
  [START] TestAttachedReadOnlyWrappedMultilineNativeHostUndoRedoLeaveTextAndSelectionUnchanged
    [TRACE] attached host dtor: begin
    [TRACE] attached host dtor: host detached
    [TRACE] attached host dtor: hwnd reset
  [DONE] TestAttachedReadOnlyWrappedMultilineNativeHostUndoRedoLeaveTextAndSelectionUnchanged (0.114 s)
  [START] TestAttachedReadOnlyWrappedMultilineNativeHostCopyWithoutSelectionLeavesClipboardUnchanged
    [TRACE] attached host dtor: begin
    [TRACE] attached host dtor: host detached
    [TRACE] attached host dtor: hwnd reset
  [DONE] TestAttachedReadOnlyWrappedMultilineNativeHostCopyWithoutSelectionLeavesClipboardUnchanged (0.116 s)
  [START] TestAttachedReadOnlyWrappedMultilineNativeHostCutAndClearWithoutSelectionLeaveClipboardAndTextUnchanged
    [TRACE] attached host dtor: begin
    [TRACE] attached host dtor: host detached
    [TRACE] attached host dtor: hwnd reset
  [DONE] TestAttachedReadOnlyWrappedMultilineNativeHostCutAndClearWithoutSelectionLeaveClipboardAndTextUnchanged (0.115 s)
  [START] TestReadOnlyWrappedMultilineTextFieldCtrlBackspaceDeleteWithoutSelectionLeaveTextUnchanged
  [DONE] TestReadOnlyWrappedMultilineTextFieldCtrlBackspaceDeleteWithoutSelectionLeaveTextUnchanged (0.000 s)
  [START] TestAttachedReadOnlyWrappedMultilineNativeHostCtrlBackspaceDeleteWithoutSelectionLeaveTextUnchanged
    [TRACE] attached host dtor: begin
    [TRACE] attached host dtor: host detached
    [TRACE] attached host dtor: hwnd reset
    [TRACE] attached host dtor: begin
    [TRACE] attached host dtor: host detached
    [TRACE] attached host dtor: hwnd reset
  [DONE] TestAttachedReadOnlyWrappedMultilineNativeHostCtrlBackspaceDeleteWithoutSelectionLeaveTextUnchanged (0.242 s)
  [START] TestReadOnlyWrappedMultilineTextFieldCtrlArrowMovesByWordBoundary
  [DONE] TestReadOnlyWrappedMultilineTextFieldCtrlArrowMovesByWordBoundary (0.091 s)
  [START] TestAttachedReadOnlyWrappedMultilineNativeHostCtrlArrowKeepsCaretAligned
    [TRACE] attached host dtor: begin
    [TRACE] attached host dtor: host detached
    [TRACE] attached host dtor: hwnd reset
  [DONE] TestAttachedReadOnlyWrappedMultilineNativeHostCtrlArrowKeepsCaretAligned (0.030 s)
[DONE] ReadOnly (2.559 s)
All DxUi tests passed.
