[WATCHDOG] each test may run 300 s; a test that outlives it ends the run with exit code 124
[START] ReadOnly
  [START] TestReadOnlyMultilineTextFieldSuppressesMutationAndKeepsNavigation
  [DONE] TestReadOnlyMultilineTextFieldSuppressesMutationAndKeepsNavigation (0.247 s)
  [START] TestAttachedReadOnlyMultilineNativeHostSuppressesMutatingMessages
    [TRACE] attached host dtor: begin
    [TRACE] attached host dtor: host detached
    [TRACE] attached host dtor: hwnd reset
  [DONE] TestAttachedReadOnlyMultilineNativeHostSuppressesMutatingMessages (0.034 s)
  [START] TestReadOnlyMultilineNativeHostCopyShortcutsPreserveSelectionAndText
    [TRACE] attached host dtor: begin
    [TRACE] attached host dtor: host detached
    [TRACE] attached host dtor: hwnd reset
  [DONE] TestReadOnlyMultilineNativeHostCopyShortcutsPreserveSelectionAndText (0.136 s)
  [START] TestReadOnlyMultilineTextFieldCopyCutShortcutsWithoutSelectionLeaveClipboardAndTextUnchanged
    [TRACE] attached host dtor: begin
    [TRACE] attached host dtor: host detached
    [TRACE] attached host dtor: hwnd reset
  [DONE] TestReadOnlyMultilineTextFieldCopyCutShortcutsWithoutSelectionLeaveClipboardAndTextUnchanged (0.122 s)
  [START] TestAttachedReadOnlyMultilineNativeHostCopyShortcutsPreserveSelectionAndText
    [TRACE] attached host dtor: begin
    [TRACE] attached host dtor: host detached
    [TRACE] attached host dtor: hwnd reset
  [DONE] TestAttachedReadOnlyMultilineNativeHostCopyShortcutsPreserveSelectionAndText (0.119 s)
  [START] TestAttachedReadOnlyMultilineNativeHostUndoRedoLeaveTextAndSelectionUnchanged
    [TRACE] attached host dtor: begin
    [TRACE] attached host dtor: host detached
    [TRACE] attached host dtor: hwnd reset
  [DONE] TestAttachedReadOnlyMultilineNativeHostUndoRedoLeaveTextAndSelectionUnchanged (0.121 s)
  [START] TestAttachedReadOnlyMultilineNativeHostCopyWithoutSelectionLeavesClipboardUnchanged
    [TRACE] attached host dtor: begin
    [TRACE] attached host dtor: host detached
    [TRACE] attached host dtor: hwnd reset
  [DONE] TestAttachedReadOnlyMultilineNativeHostCopyWithoutSelectionLeavesClipboardUnchanged (0.119 s)
  [START] TestAttachedReadOnlyMultilineNativeHostCutAndClearWithoutSelectionLeaveClipboardAndTextUnchanged
    [TRACE] attached host dtor: begin
    [TRACE] attached host dtor: host detached
    [TRACE] attached host dtor: hwnd reset
  [DONE] TestAttachedReadOnlyMultilineNativeHostCutAndClearWithoutSelectionLeaveClipboardAndTextUnchanged (0.132 s)
  [START] TestReadOnlyMultilineTextFieldCtrlBackspaceDeleteWithoutSelectionLeaveTextUnchanged
  [DONE] TestReadOnlyMultilineTextFieldCtrlBackspaceDeleteWithoutSelectionLeaveTextUnchanged (0.000 s)
  [START] TestAttachedReadOnlyMultilineNativeHostCtrlBackspaceDeleteWithoutSelectionLeaveTextUnchanged
    [TRACE] attached host dtor: begin
    [TRACE] attached host dtor: host detached
    [TRACE] attached host dtor: hwnd reset
    [TRACE] attached host dtor: begin
    [TRACE] attached host dtor: host detached
    [TRACE] attached host dtor: hwnd reset
  [DONE] TestAttachedReadOnlyMultilineNativeHostCtrlBackspaceDeleteWithoutSelectionLeaveTextUnchanged (0.240 s)
  [START] TestReadOnlyMultilineTextFieldCtrlArrowMovesByWordBoundary
  [DONE] TestReadOnlyMultilineTextFieldCtrlArrowMovesByWordBoundary (0.098 s)
  [START] TestAttachedReadOnlyMultilineNativeHostCtrlArrowKeepsCaretAligned
    [TRACE] attached host dtor: begin
    [TRACE] attached host dtor: host detached
    [TRACE] attached host dtor: hwnd reset
  [DONE] TestAttachedReadOnlyMultilineNativeHostCtrlArrowKeepsCaretAligned (0.024 s)
  [START] TestReadOnlyWrappedMultilineTextFieldSuppressesMutationAndKeepsNavigation
  [DONE] TestReadOnlyWrappedMultilineTextFieldSuppressesMutationAndKeepsNavigation (0.094 s)
  [START] TestAttachedReadOnlyWrappedMultilineNativeHostSuppressesMutatingMessages
    [TRACE] attached host dtor: begin
    [TRACE] attached host dtor: host detached
    [TRACE] attached host dtor: hwnd reset
  [DONE] TestAttachedReadOnlyWrappedMultilineNativeHostSuppressesMutatingMessages (0.023 s)
  [START] TestReadOnlyWrappedMultilineNativeHostCopyShortcutsPreserveSelectionAndText
    [TRACE] attached host dtor: begin
    [TRACE] attached host dtor: host detached
    [TRACE] attached host dtor: hwnd reset
  [DONE] TestReadOnlyWrappedMultilineNativeHostCopyShortcutsPreserveSelectionAndText (0.130 s)
  [START] TestReadOnlyWrappedMultilineTextFieldCopyCutShortcutsWithoutSelectionLeaveClipboardAndTextUnchanged
    [TRACE] attached host dtor: begin
    [TRACE] attached host dtor: host detached
    [TRACE] attached host dtor: hwnd reset
  [DONE] TestReadOnlyWrappedMultilineTextFieldCopyCutShortcutsWithoutSelectionLeaveClipboardAndTextUnchanged (0.127 s)
  [START] TestAttachedReadOnlyWrappedMultilineNativeHostCopyShortcutsPreserveSelectionAndText
    [TRACE] attached host dtor: begin
    [TRACE] attached host dtor: host detached
    [TRACE] attached host dtor: hwnd reset
  [DONE] TestAttachedReadOnlyWrappedMultilineNativeHostCopyShortcutsPreserveSelectionAndText (0.120 s)
  [START] TestAttachedReadOnlyWrappedMultilineNativeHostUndoRedoLeaveTextAndSelectionUnchanged
    [TRACE] attached host dtor: begin
    [TRACE] attached host dtor: host detached
    [TRACE] attached host dtor: hwnd reset
  [DONE] TestAttachedReadOnlyWrappedMultilineNativeHostUndoRedoLeaveTextAndSelectionUnchanged (0.122 s)
  [START] TestAttachedReadOnlyWrappedMultilineNativeHostCopyWithoutSelectionLeavesClipboardUnchanged
    [TRACE] attached host dtor: begin
    [TRACE] attached host dtor: host detached
    [TRACE] attached host dtor: hwnd reset
  [DONE] TestAttachedReadOnlyWrappedMultilineNativeHostCopyWithoutSelectionLeavesClipboardUnchanged (0.118 s)
  [START] TestAttachedReadOnlyWrappedMultilineNativeHostCutAndClearWithoutSelectionLeaveClipboardAndTextUnchanged
    [TRACE] attached host dtor: begin
    [TRACE] attached host dtor: host detached
    [TRACE] attached host dtor: hwnd reset
  [DONE] TestAttachedReadOnlyWrappedMultilineNativeHostCutAndClearWithoutSelectionLeaveClipboardAndTextUnchanged (0.131 s)
  [START] TestReadOnlyWrappedMultilineTextFieldCtrlBackspaceDeleteWithoutSelectionLeaveTextUnchanged
  [DONE] TestReadOnlyWrappedMultilineTextFieldCtrlBackspaceDeleteWithoutSelectionLeaveTextUnchanged (0.000 s)
  [START] TestAttachedReadOnlyWrappedMultilineNativeHostCtrlBackspaceDeleteWithoutSelectionLeaveTextUnchanged
    [TRACE] attached host dtor: begin
    [TRACE] attached host dtor: host detached
    [TRACE] attached host dtor: hwnd reset
    [TRACE] attached host dtor: begin
    [TRACE] attached host dtor: host detached
    [TRACE] attached host dtor: hwnd reset
  [DONE] TestAttachedReadOnlyWrappedMultilineNativeHostCtrlBackspaceDeleteWithoutSelectionLeaveTextUnchanged (0.243 s)
  [START] TestReadOnlyWrappedMultilineTextFieldCtrlArrowMovesByWordBoundary
  [DONE] TestReadOnlyWrappedMultilineTextFieldCtrlArrowMovesByWordBoundary (0.096 s)
  [START] TestAttachedReadOnlyWrappedMultilineNativeHostCtrlArrowKeepsCaretAligned
    [TRACE] attached host dtor: begin
    [TRACE] attached host dtor: host detached
    [TRACE] attached host dtor: hwnd reset
  [DONE] TestAttachedReadOnlyWrappedMultilineNativeHostCtrlArrowKeepsCaretAligned (0.025 s)
[DONE] ReadOnly (2.621 s)
All DxUi tests passed.
